2025-10-13T23:52:56.7827648Z Current runner version: '2.328.0'
2025-10-13T23:52:56.7861534Z ##[group]Runner Image Provisioner
2025-10-13T23:52:56.7862736Z Hosted Compute Agent
2025-10-13T23:52:56.7863670Z Version: 20250912.392
2025-10-13T23:52:56.7864536Z Commit: d921fda672a98b64f4f82364647e2f10b2267d0b
2025-10-13T23:52:56.7865711Z Build Date: 2025-09-12T15:23:14Z
2025-10-13T23:52:56.7866670Z ##[endgroup]
2025-10-13T23:52:56.7867507Z ##[group]Operating System
2025-10-13T23:52:56.7868379Z Ubuntu
2025-10-13T23:52:56.7869455Z 24.04.3
2025-10-13T23:52:56.7870269Z LTS
2025-10-13T23:52:56.7871042Z ##[endgroup]
2025-10-13T23:52:56.7871803Z ##[group]Runner Image
2025-10-13T23:52:56.7872753Z Image: ubuntu-24.04
2025-10-13T23:52:56.7873525Z Version: 20250929.60.1
2025-10-13T23:52:56.7875198Z Included Software: https://github.com/actions/runner-images/blob/ubuntu24/20250929.60/images/ubuntu/Ubuntu2404-Readme.md
2025-10-13T23:52:56.7877890Z Image Release: https://github.com/actions/runner-images/releases/tag/ubuntu24%2F20250929.60
2025-10-13T23:52:56.7879800Z ##[endgroup]
2025-10-13T23:52:56.7881370Z ##[group]GITHUB_TOKEN Permissions
2025-10-13T23:52:56.7883789Z Contents: read
2025-10-13T23:52:56.7884735Z Metadata: read
2025-10-13T23:52:56.7885544Z Packages: read
2025-10-13T23:52:56.7886418Z ##[endgroup]
2025-10-13T23:52:56.7892461Z Secret source: Actions
2025-10-13T23:52:56.7893506Z Prepare workflow directory
2025-10-13T23:52:56.8781398Z Prepare all required actions
2025-10-13T23:52:56.8891431Z Getting action download info
2025-10-13T23:52:57.2577902Z Download action repository 'actions/checkout@v4' (SHA:08eba0b27e820071cde6df949e0beb9ba4906955)
2025-10-13T23:52:57.5045916Z Download action repository 'actions/setup-java@v4' (SHA:c5195efecf7bdfc987ee8bae7a71cb8b11521c00)
2025-10-13T23:52:57.7887688Z Download action repository 'android-actions/setup-android@v3' (SHA:9fc6c4e9069bf8d3d10b2204b1fb8f6ef7065407)
2025-10-13T23:52:57.9346166Z Download action repository 'gradle/actions@v4' (SHA:748248ddd2a24f49513d8f472f81c3a07d4d50e1)
2025-10-13T23:52:58.7444282Z Download action repository 'actions/upload-artifact@v4' (SHA:ea165f8d65b6e75b540449e92b4886f43607fa02)
2025-10-13T23:52:59.0095384Z Complete job name: build
2025-10-13T23:52:59.0796305Z ##[group]Run actions/checkout@v4
2025-10-13T23:52:59.0797184Z with:
2025-10-13T23:52:59.0797543Z   fetch-depth: 0
2025-10-13T23:52:59.0797909Z   repository: sergiogordon/NexMDM
2025-10-13T23:52:59.0798586Z   token: ***
2025-10-13T23:52:59.0799155Z   ssh-strict: true
2025-10-13T23:52:59.0799551Z   ssh-user: git
2025-10-13T23:52:59.0799930Z   persist-credentials: true
2025-10-13T23:52:59.0800309Z   clean: true
2025-10-13T23:52:59.0800748Z   sparse-checkout-cone-mode: true
2025-10-13T23:52:59.0801212Z   fetch-tags: false
2025-10-13T23:52:59.0801525Z   show-progress: true
2025-10-13T23:52:59.0801926Z   lfs: false
2025-10-13T23:52:59.0802250Z   submodules: false
2025-10-13T23:52:59.0802580Z   set-safe-directory: true
2025-10-13T23:52:59.0803363Z ##[endgroup]
2025-10-13T23:52:59.2023902Z Syncing repository: sergiogordon/NexMDM
2025-10-13T23:52:59.2025630Z ##[group]Getting Git version info
2025-10-13T23:52:59.2026592Z Working directory is '/home/runner/work/NexMDM/NexMDM'
2025-10-13T23:52:59.2027782Z [command]/usr/bin/git version
2025-10-13T23:52:59.2075124Z git version 2.51.0
2025-10-13T23:52:59.2105024Z ##[endgroup]
2025-10-13T23:52:59.2121547Z Temporarily overriding HOME='/home/runner/work/_temp/b437495d-79fe-41c3-ba62-0725f3c37eb0' before making global git config changes
2025-10-13T23:52:59.2130555Z Adding repository directory to the temporary git global config as a safe directory
2025-10-13T23:52:59.2144212Z [command]/usr/bin/git config --global --add safe.directory /home/runner/work/NexMDM/NexMDM
2025-10-13T23:52:59.2185657Z Deleting the contents of '/home/runner/work/NexMDM/NexMDM'
2025-10-13T23:52:59.2191102Z ##[group]Initializing the repository
2025-10-13T23:52:59.2196499Z [command]/usr/bin/git init /home/runner/work/NexMDM/NexMDM
2025-10-13T23:52:59.2314066Z hint: Using 'master' as the name for the initial branch. This default branch name
2025-10-13T23:52:59.2318587Z hint: is subject to change. To configure the initial branch name to use in all
2025-10-13T23:52:59.2319929Z hint: of your new repositories, which will suppress this warning, call:
2025-10-13T23:52:59.2320893Z hint:
2025-10-13T23:52:59.2321648Z hint: 	git config --global init.defaultBranch <name>
2025-10-13T23:52:59.2322446Z hint:
2025-10-13T23:52:59.2434446Z hint: Names commonly chosen instead of 'master' are 'main', 'trunk' and
2025-10-13T23:52:59.2435459Z hint: 'development'. The just-created branch can be renamed via this command:
2025-10-13T23:52:59.2436194Z hint:
2025-10-13T23:52:59.2436681Z hint: 	git branch -m <name>
2025-10-13T23:52:59.2437215Z hint:
2025-10-13T23:52:59.2437949Z hint: Disable this message with "git config set advice.defaultBranchName false"
2025-10-13T23:52:59.2440045Z Initialized empty Git repository in /home/runner/work/NexMDM/NexMDM/.git/
2025-10-13T23:52:59.2464311Z [command]/usr/bin/git remote add origin https://github.com/sergiogordon/NexMDM
2025-10-13T23:52:59.2466091Z ##[endgroup]
2025-10-13T23:52:59.2466883Z ##[group]Disabling automatic garbage collection
2025-10-13T23:52:59.2467578Z [command]/usr/bin/git config --local gc.auto 0
2025-10-13T23:52:59.2469328Z ##[endgroup]
2025-10-13T23:52:59.2470119Z ##[group]Setting up auth
2025-10-13T23:52:59.2470897Z [command]/usr/bin/git config --local --name-only --get-regexp core\.sshCommand
2025-10-13T23:52:59.2486815Z [command]/usr/bin/git submodule foreach --recursive sh -c "git config --local --name-only --get-regexp 'core\.sshCommand' && git config --local --unset-all 'core.sshCommand' || :"
2025-10-13T23:52:59.2817675Z [command]/usr/bin/git config --local --name-only --get-regexp http\.https\:\/\/github\.com\/\.extraheader
2025-10-13T23:52:59.2853023Z [command]/usr/bin/git submodule foreach --recursive sh -c "git config --local --name-only --get-regexp 'http\.https\:\/\/github\.com\/\.extraheader' && git config --local --unset-all 'http.https://github.com/.extraheader' || :"
2025-10-13T23:52:59.3085777Z [command]/usr/bin/git config --local http.https://github.com/.extraheader AUTHORIZATION: basic ***
2025-10-13T23:52:59.3124516Z ##[endgroup]
2025-10-13T23:52:59.3127467Z ##[group]Fetching the repository
2025-10-13T23:52:59.3144877Z [command]/usr/bin/git -c protocol.version=2 fetch --prune --no-recurse-submodules origin +refs/heads/*:refs/remotes/origin/* +refs/tags/*:refs/tags/*
2025-10-13T23:53:02.7544167Z From https://github.com/sergiogordon/NexMDM
2025-10-13T23:53:02.7551185Z  * [new branch]      main       -> origin/main
2025-10-13T23:53:02.7585726Z [command]/usr/bin/git branch --list --remote origin/main
2025-10-13T23:53:02.7609853Z   origin/main
2025-10-13T23:53:02.7622325Z [command]/usr/bin/git rev-parse refs/remotes/origin/main
2025-10-13T23:53:02.7645516Z 52b60696befa1fc6564e042a76e295ad43f6d1cd
2025-10-13T23:53:02.7653868Z ##[endgroup]
2025-10-13T23:53:02.7654602Z ##[group]Determining the checkout info
2025-10-13T23:53:02.7655639Z ##[endgroup]
2025-10-13T23:53:02.7659957Z [command]/usr/bin/git sparse-checkout disable
2025-10-13T23:53:02.7701391Z [command]/usr/bin/git config --local --unset-all extensions.worktreeConfig
2025-10-13T23:53:02.7729563Z ##[group]Checking out the ref
2025-10-13T23:53:02.7733989Z [command]/usr/bin/git checkout --progress --force -B main refs/remotes/origin/main
2025-10-13T23:53:02.8171806Z Switched to a new branch 'main'
2025-10-13T23:53:02.8175317Z branch 'main' set up to track 'origin/main'.
2025-10-13T23:53:02.8187159Z ##[endgroup]
2025-10-13T23:53:02.8228613Z [command]/usr/bin/git log -1 --format=%H
2025-10-13T23:53:02.8253690Z 52b60696befa1fc6564e042a76e295ad43f6d1cd
2025-10-13T23:53:02.8498450Z ##[group]Run actions/setup-java@v4
2025-10-13T23:53:02.8499025Z with:
2025-10-13T23:53:02.8499235Z   distribution: temurin
2025-10-13T23:53:02.8499456Z   java-version: 17
2025-10-13T23:53:02.8499657Z   java-package: jdk
2025-10-13T23:53:02.8499861Z   check-latest: false
2025-10-13T23:53:02.8500063Z   server-id: github
2025-10-13T23:53:02.8500271Z   server-username: GITHUB_ACTOR
2025-10-13T23:53:02.8500715Z   server-password: GITHUB_TOKEN
2025-10-13T23:53:02.8500946Z   overwrite-settings: true
2025-10-13T23:53:02.8501167Z   job-status: success
2025-10-13T23:53:02.8501512Z   token: ***
2025-10-13T23:53:02.8501740Z ##[endgroup]
2025-10-13T23:53:03.1002164Z ##[group]Installed distributions
2025-10-13T23:53:03.1295014Z Resolved Java 17.0.16+8 from tool-cache
2025-10-13T23:53:03.1297746Z Setting Java 17.0.16+8 as the default
2025-10-13T23:53:03.1322799Z Creating toolchains.xml for JDK version 17 from temurin
2025-10-13T23:53:03.1458128Z Writing to /home/runner/.m2/toolchains.xml
2025-10-13T23:53:03.1464323Z 
2025-10-13T23:53:03.1469443Z Java configuration:
2025-10-13T23:53:03.1474686Z   Distribution: temurin
2025-10-13T23:53:03.1486873Z   Version: 17.0.16+8
2025-10-13T23:53:03.1487763Z   Path: /opt/hostedtoolcache/Java_Temurin-Hotspot_jdk/17.0.16-8/x64
2025-10-13T23:53:03.1488560Z 
2025-10-13T23:53:03.1489780Z ##[endgroup]
2025-10-13T23:53:03.1507945Z Creating settings.xml with server-id: github
2025-10-13T23:53:03.1530949Z Writing to /home/runner/.m2/settings.xml
2025-10-13T23:53:03.1650047Z ##[group]Run android-actions/setup-android@v3
2025-10-13T23:53:03.1650412Z with:
2025-10-13T23:53:03.1650622Z   cmdline-tools-version: 12266719
2025-10-13T23:53:03.1650901Z   accept-android-sdk-licenses: true
2025-10-13T23:53:03.1651203Z   log-accepted-android-sdk-licenses: true
2025-10-13T23:53:03.1651509Z   packages: tools platform-tools
2025-10-13T23:53:03.1651745Z env:
2025-10-13T23:53:03.1652037Z   JAVA_HOME: /opt/hostedtoolcache/Java_Temurin-Hotspot_jdk/17.0.16-8/x64
2025-10-13T23:53:03.1652533Z   JAVA_HOME_17_X64: /opt/hostedtoolcache/Java_Temurin-Hotspot_jdk/17.0.16-8/x64
2025-10-13T23:53:03.1652912Z ##[endgroup]
2025-10-13T23:53:03.3087799Z Found preinstalled sdkmanager in /usr/local/lib/android/sdk/cmdline-tools/latest with following source.properties:
2025-10-13T23:53:03.3103510Z Pkg.Revision=12.0
2025-10-13T23:53:03.3103983Z Pkg.Path=cmdline-tools;12.0
2025-10-13T23:53:03.3104484Z Pkg.Desc=Android SDK Command-line Tools
2025-10-13T23:53:03.3104919Z 
2025-10-13T23:53:03.3105189Z Wrong version in preinstalled sdkmanager
2025-10-13T23:53:03.3106254Z Downloading commandline tools from https://dl.google.com/android/repository/commandlinetools-linux-12266719_latest.zip
2025-10-13T23:53:04.6155317Z [command]/usr/bin/unzip -o -q /home/runner/work/_temp/6b75d940-49b5-4bb5-ab22-5d08db6c0063
2025-10-13T23:53:05.4603885Z Accepting Android SDK licenses
2025-10-13T23:53:05.4607509Z [command]/usr/local/lib/android/sdk/cmdline-tools/16.0/bin/sdkmanager --licenses
2025-10-13T23:53:13.4536783Z Loading local repository...                                                     
2025-10-13T23:53:13.4537595Z [=========                              ] 25% Loading local repository...       
2025-10-13T23:53:16.5220165Z [=========                              ] 25% Fetch remote repository...        
2025-10-13T23:53:17.2859614Z [==========                             ] 26% Fetch remote repository...        
2025-10-13T23:53:17.2864642Z [============                           ] 31% Fetch remote repository...        
2025-10-13T23:53:17.3542653Z [============                           ] 32% Fetch remote repository...        
2025-10-13T23:53:17.3570341Z [=============                          ] 33% Fetch remote repository...        
2025-10-13T23:53:17.4257054Z [=============                          ] 35% Fetch remote repository...        
2025-10-13T23:53:17.4261697Z [==============                         ] 36% Fetch remote repository...        
2025-10-13T23:53:17.4704784Z [==============                         ] 37% Fetch remote repository...        
2025-10-13T23:53:17.4709186Z [===============                        ] 38% Fetch remote repository...        
2025-10-13T23:53:17.5007598Z [===============                        ] 39% Fetch remote repository...        
2025-10-13T23:53:17.5014261Z [================                       ] 40% Fetch remote repository...        
2025-10-13T23:53:17.5182165Z [================                       ] 41% Fetch remote repository...        
2025-10-13T23:53:17.5187940Z [================                       ] 42% Fetch remote repository...        
2025-10-13T23:53:17.5380478Z [=================                      ] 44% Fetch remote repository...        
2025-10-13T23:53:17.5391048Z [=================                      ] 45% Fetch remote repository...        
2025-10-13T23:53:17.5548157Z [==================                     ] 46% Fetch remote repository...        
2025-10-13T23:53:17.5550300Z [==================                     ] 47% Fetch remote repository...        
2025-10-13T23:53:17.5737300Z [===================                    ] 48% Fetch remote repository...        
2025-10-13T23:53:17.5742075Z [===================                    ] 49% Fetch remote repository...        
2025-10-13T23:53:17.5916834Z [====================                   ] 50% Fetch remote repository...        
2025-10-13T23:53:17.5922538Z [====================                   ] 51% Fetch remote repository...        
2025-10-13T23:53:17.6120034Z [====================                   ] 53% Fetch remote repository...        
2025-10-13T23:53:17.6129949Z [=====================                  ] 54% Fetch remote repository...        
2025-10-13T23:53:17.6400546Z [=====================                  ] 55% Fetch remote repository...        
2025-10-13T23:53:17.6401416Z [======================                 ] 56% Fetch remote repository...        
2025-10-13T23:53:17.6997491Z [======================                 ] 57% Fetch remote repository...        
2025-10-13T23:53:17.7002810Z [=======================                ] 58% Fetch remote repository...        
2025-10-13T23:53:17.7216173Z [=======================                ] 59% Fetch remote repository...        
2025-10-13T23:53:17.7217688Z [========================               ] 60% Fetch remote repository...        
2025-10-13T23:53:17.7755521Z [========================               ] 61% Fetch remote repository...        
2025-10-13T23:53:17.7760238Z [=========================              ] 63% Fetch remote repository...        
2025-10-13T23:53:17.9283822Z [=========================              ] 64% Fetch remote repository...        
2025-10-13T23:53:17.9287649Z [=========================              ] 65% Fetch remote repository...        
2025-10-13T23:53:17.9543123Z [==========================             ] 66% Fetch remote repository...        
2025-10-13T23:53:17.9547429Z [==========================             ] 67% Fetch remote repository...        
2025-10-13T23:53:17.9770318Z [===========================            ] 68% Fetch remote repository...        
2025-10-13T23:53:17.9773540Z [===========================            ] 69% Fetch remote repository...        
2025-10-13T23:53:18.0110953Z [============================           ] 70% Fetch remote repository...        
2025-10-13T23:53:18.0139518Z [============================           ] 72% Fetch remote repository...        
2025-10-13T23:53:18.1177902Z [=============================          ] 73% Fetch remote repository...        
2025-10-13T23:53:18.1179600Z [=============================          ] 74% Fetch remote repository...        
2025-10-13T23:53:18.1370095Z [=============================          ] 75% Fetch remote repository...        
2025-10-13T23:53:18.1577420Z [=============================          ] 75% Computing updates...              
2025-10-13T23:53:18.1581678Z [=======================================] 100% Computing updates...             
2025-10-13T23:53:18.2159521Z 6 of 7 SDK package licenses not accepted.
2025-10-13T23:53:18.2160496Z Review licenses that have not been accepted (y/N)? 
2025-10-13T23:53:18.2161269Z 1/6: License android-googletv-license:
2025-10-13T23:53:18.2161977Z ---------------------------------------
2025-10-13T23:53:18.2163711Z Terms and Conditions
2025-10-13T23:53:18.2164150Z 
2025-10-13T23:53:18.2164716Z This is the Google TV Add-on for the Android Software Development Kit License Agreement.
2025-10-13T23:53:18.2165847Z 
2025-10-13T23:53:18.2169528Z 1. Introduction
2025-10-13T23:53:18.2171131Z 
2025-10-13T23:53:18.2173298Z 1.1 The Google TV Add-on for the Android Software Development Kit (referred to in this License Agreement as the "Google TV Add-on" and specifically including the Android system files, packaged APIs, and Google APIs add-ons) is licensed to you subject to the terms of this License Agreement. This License Agreement forms a legally binding contract between you and Google in relation to your use of the Google TV Add-on.
2025-10-13T23:53:18.2175629Z 
2025-10-13T23:53:18.2176416Z 1.2 "Google" means Google Inc., a Delaware corporation with principal place of business at 1600 Amphitheatre Parkway, Mountain View, CA 94043, United States.
2025-10-13T23:53:18.2177359Z 
2025-10-13T23:53:18.2177525Z 2. Accepting this License Agreement
2025-10-13T23:53:18.2177821Z 
2025-10-13T23:53:18.2178579Z 2.1 In order to use the Google TV Add-on, you must first agree to this License Agreement. You may not use the Google TV Add-on if you do not accept this License Agreement.
2025-10-13T23:53:18.2179739Z 
2025-10-13T23:53:18.2180193Z 2.2 You can accept this License Agreement by:
2025-10-13T23:53:18.2180558Z 
2025-10-13T23:53:18.2181029Z (A) clicking to accept or agree to this License Agreement, where this option is made available to you; or
2025-10-13T23:53:18.2181667Z 
2025-10-13T23:53:18.2182448Z (B) by actually using the Google TV Add-on. In this case, you agree that use of the Google TV Add-on constitutes acceptance of the License Agreement from that point onwards.
2025-10-13T23:53:18.2183400Z 
2025-10-13T23:53:18.2184784Z 2.3 You may not use the Google TV Add-on and may not accept the Licensing Agreement if you are a person barred from receiving the Google TV Add-on under the laws of the United States or other countries including the country in which you are resident or from which you use the Google TV Add-on.
2025-10-13T23:53:18.2186437Z 
2025-10-13T23:53:18.2188306Z 2.4 If you are agreeing to be bound by this License Agreement on behalf of your employer or other entity, you represent and warrant that you have full legal authority to bind your employer or such entity to this License Agreement. If you do not have the requisite authority, you may not accept the Licensing Agreement or use the Google TV Add-on on behalf of your employer or other entity.
2025-10-13T23:53:18.2190615Z 
2025-10-13T23:53:18.2190803Z 3. Google TV Add-on License from Google
2025-10-13T23:53:18.2191113Z 
2025-10-13T23:53:18.2192334Z 3.1 Subject to the terms of this License Agreement, Google grants you a limited, worldwide, royalty-free, non- assignable and non-exclusive license to use the Google TV Add-on solely to develop applications to run on the Google TV platform.
2025-10-13T23:53:18.2193689Z 
2025-10-13T23:53:18.2195775Z 3.2 You agree that Google or third parties own all legal right, title and interest in and to the Google TV Add-on, including any Intellectual Property Rights that subsist in the Google TV Add-on. "Intellectual Property Rights" means any and all rights under patent law, copyright law, trade secret law, trademark law, and any and all other proprietary rights. Google reserves all rights not expressly granted to you.
2025-10-13T23:53:18.2197996Z 
2025-10-13T23:53:18.2201382Z 3.3 Except to the extent required by applicable third party licenses, you may not copy (except for backup purposes), modify, adapt, redistribute, decompile, reverse engineer, disassemble, or create derivative works of the Google TV Add-on or any part of the Google TV Add-on. Except to the extent required by applicable third party licenses, you may not load any part of the Google TV Add-on onto a mobile handset, television, or any other hardware device except a personal computer, combine any part of the Google TV Add-on with other software, or distribute any software or device incorporating a part of the Google TV Add-on.
2025-10-13T23:53:18.2204724Z 
2025-10-13T23:53:18.2205864Z 3.4 Use, reproduction and distribution of components of the Google TV Add-on licensed under an open source software license are governed solely by the terms of that open source software license and not this License Agreement.
2025-10-13T23:53:18.2207378Z 
2025-10-13T23:53:18.2210022Z 3.5 You agree that the form and nature of the Google TV Add-on that Google provides may change without prior notice to you and that future versions of the Google TV Add-on may be incompatible with applications developed on previous versions of the Google TV Add-on. You agree that Google may stop (permanently or temporarily) providing the Google TV Add-on (or any features within the Google TV Add-on) to you or to users generally at Google's sole discretion, without prior notice to you.
2025-10-13T23:53:18.2212578Z 
2025-10-13T23:53:18.2214291Z 3.6 Nothing in this License Agreement gives you a right to use any of Google's or it’s licensors’ trade names, trademarks, service marks, logos, domain names, or other distinctive brand features.
2025-10-13T23:53:18.2215373Z 
2025-10-13T23:53:18.2216552Z 3.7 You agree that you will not remove, obscure, or alter any proprietary rights notices (including copyright and trademark notices) that may be affixed to or contained within the Google TV Add-on.
2025-10-13T23:53:18.2217717Z 
2025-10-13T23:53:18.2217888Z 4. Use of the Google TV Add-on by You
2025-10-13T23:53:18.2218188Z 
2025-10-13T23:53:18.2219783Z 4.1 Google agrees that it obtains no right, title or interest from you (or your licensors) under this License Agreement in or to any software applications that you develop using the Google TV Add-on, including any intellectual property rights that subsist in those applications.
2025-10-13T23:53:18.2221357Z 
2025-10-13T23:53:18.2223257Z 4.2 You agree to use the Google TV Add-on and write applications only for purposes that are permitted by (a) this License Agreement and (b) any applicable law, regulation or generally accepted practices or guidelines in the relevant jurisdictions (including any laws regarding the export of data or software to and from the United States or other relevant countries).
2025-10-13T23:53:18.2225295Z 
2025-10-13T23:53:18.2229627Z 4.3 You agree that if you use the Google TV Add-on to develop applications for general public users, you will protect the privacy and legal rights of those users. If the users provide you with user names, passwords, or other login information or personal information, your must make the users aware that the information will be available to your application, and you must provide legally adequate privacy notice and protection for those users. If your application stores personal or sensitive information provided by users, it must do so securely. If the user provides your application with Google Account information, your application may only use that information to access the user's Google Account when, and for the limited purposes for which, the user has given you explicit permission to do so.
2025-10-13T23:53:18.2233905Z 
2025-10-13T23:53:18.2236062Z 4.4 You agree that you will not engage in any activity with the Google TV Add-on, including the development or distribution of an application, that interferes with, disrupts, damages, or accesses in an unauthorized manner the servers, networks, or other properties or services of any third party including, but not limited to, Google, Multichannel Video Program Distributors or any mobile communications carrier.
2025-10-13T23:53:18.2238363Z 
2025-10-13T23:53:18.2240398Z 4.5 You agree that you are solely responsible for (and that Google has no responsibility to you or to any third party for) any data, content, or resources that you create, transmit or display through the Google TV platform and/or applications for the Google TV platform, and for the consequences of your actions (including any loss or damage which Google may suffer) by doing so.
2025-10-13T23:53:18.2242430Z 
2025-10-13T23:53:18.2244412Z 4.6 You agree that you are solely responsible for (and that Google has no responsibility to you or to any third party for) any breach of your obligations under this License Agreement, any applicable third party contract or Terms of Service, or any applicable law or regulation, and for the consequences (including any loss or damage which Google or any third party may suffer) of any such breach.
2025-10-13T23:53:18.2246804Z 
2025-10-13T23:53:18.2246977Z 5. Your Developer Credentials
2025-10-13T23:53:18.2247263Z 
2025-10-13T23:53:18.2248875Z 5.1 You agree that you are responsible for maintaining the confidentiality of any developer credentials that may be issued to you by Google or which you may choose yourself and that you will be solely responsible for all applications that are developed under your developer credentials.
2025-10-13T23:53:18.2250487Z 
2025-10-13T23:53:18.2250637Z 6. Privacy and Information
2025-10-13T23:53:18.2250885Z 
2025-10-13T23:53:18.2253649Z 6.1 In order to continually innovate and improve the Google TV Add-on, Google may collect certain usage statistics from the software including but not limited to a unique identifier, associated IP address, version number of the software, and information on which tools and/or services in the Google TV Add-on are being used and how they are being used. Before any of this information is collected, the Google TV Add-on will notify you and seek your consent. If you withhold consent, the information will not be collected.
2025-10-13T23:53:18.2256461Z 
2025-10-13T23:53:18.2257179Z 6.2 The data collected is examined in the aggregate to improve the Google TV Add-on and is maintained in accordance with Google's Privacy Policy.
2025-10-13T23:53:18.2258022Z 
2025-10-13T23:53:18.2258265Z 7. Third Party Applications for the Google TV Platform
2025-10-13T23:53:18.2258647Z 
2025-10-13T23:53:18.2282380Z 7.1 If you use the Google TV Add-on to run applications developed by a third party or that access data, content or resources provided by a third party, you agree that Google is not responsible for those applications, data, content, or resources. You understand that all data, content or resources which you may access through such third party applications are the sole responsibility of the person from which they originated and that Google is not liable for any loss or damage that you may experience as a result of the use or access of any of those third party applications, data, content, or resources.
2025-10-13T23:53:18.2285800Z 
2025-10-13T23:53:18.2288493Z 7.2 You should be aware the data, content, and resources presented to you through such a third party application may be protected by intellectual property rights which are owned by the providers (or by other persons or companies on their behalf). You may not modify, rent, lease, loan, sell, distribute or create derivative works based on these data, content, or resources (either in whole or in part) unless you have been specifically given permission to do so by the relevant owners.
2025-10-13T23:53:18.2291485Z 
2025-10-13T23:53:18.2293003Z 7.3 You acknowledge that your use of such third party applications, data, content, or resources may be subject to separate terms between you and the relevant third party. In that case, this License Agreement does not affect your legal relationship with these third parties.
2025-10-13T23:53:18.2294683Z 
2025-10-13T23:53:18.2297559Z 8. Using Google TV APIs
2025-10-13T23:53:18.2329172Z 
2025-10-13T23:53:18.2335452Z 8.1 If you use any Google TV API to retrieve data from Google, you acknowledge that the data (“Google TV API Content”) may be protected by intellectual property rights which are owned by Google or those parties that provide the data (or by other persons or companies on their behalf). Your use of any such API may be subject to additional Terms of Service. You may not modify, rent, lease, loan, sell, distribute or create derivative works based on this data (either in whole or in part) unless allowed by the relevant Terms of Service. Some portions of the Google TV API Content are licensed to Google by third parties, including but not limited to Tribune Media Services
2025-10-13T23:53:18.2339321Z 
2025-10-13T23:53:18.2340562Z 8.2 If you use any API to retrieve a user's data from Google, you acknowledge and agree that you shall retrieve data only with the user's explicit consent and only when, and for the limited purposes for which, the user has given you permission to do so.
2025-10-13T23:53:18.2342175Z 
2025-10-13T23:53:18.2342684Z 8.3 Except as explicitly permitted in Section 3 (Google TV Add-on License from Google), you must:
2025-10-13T23:53:18.2343301Z 
2025-10-13T23:53:18.2344199Z (a) not modify nor format the Google TV API Content except to the extent reasonably and technically necessary to optimize the display such Google TV API Content in your application;
2025-10-13T23:53:18.2345248Z 
2025-10-13T23:53:18.2346229Z (b) not edit the Google TV API Content in a manner that renders the Google TV API Content inaccurate of alters its inherent meaning (provided that displaying excerpts will not violate the foregoing); or
2025-10-13T23:53:18.2347371Z 
2025-10-13T23:53:18.2347830Z (c) not create any commercial audience measurement tool or service using the Google TV API Content
2025-10-13T23:53:18.2348443Z 
2025-10-13T23:53:18.2348607Z 9. Terminating this License Agreement
2025-10-13T23:53:18.2350912Z 
2025-10-13T23:53:18.2351449Z 9.1 This License Agreement will continue to apply until terminated by either you or Google as set out below.
2025-10-13T23:53:18.2352154Z 
2025-10-13T23:53:18.2352848Z 9.2 If you want to terminate this License Agreement, you may do so by ceasing your use of the Google TV Add-on and any relevant developer credentials.
2025-10-13T23:53:18.2353709Z 
2025-10-13T23:53:18.2354019Z 9.3 Google may at any time, terminate this License Agreement with you if:
2025-10-13T23:53:18.2354496Z 
2025-10-13T23:53:18.2354765Z (A) you have breached any provision of this License Agreement; or
2025-10-13T23:53:18.2355193Z 
2025-10-13T23:53:18.2355359Z (B) Google is required to do so by law; or
2025-10-13T23:53:18.2355672Z 
2025-10-13T23:53:18.2356657Z (C) the partner with whom Google offered certain parts of Google TV Add-on (such as APIs) to you has terminated its relationship with Google or ceased to offer certain parts of the Google TV Add-on to you; or
2025-10-13T23:53:18.2357808Z 
2025-10-13T23:53:18.2359620Z (D) Google decides to no longer providing the Google TV Add-on or certain parts of the Google TV Add-on to users in the country in which you are resident or from which you use the service, or the provision of the Google TV Add-on or certain Google TV Add-on services to you by Google is, in Google's sole discretion, no longer commercially viable.
2025-10-13T23:53:18.2361378Z 
2025-10-13T23:53:18.2363647Z 9.4 When this License Agreement comes to an end, all of the legal rights, obligations and liabilities that you and Google have benefited from, been subject to (or which have accrued over time whilst this License Agreement has been in force) or which are expressed to continue indefinitely, shall be unaffected by this cessation, and the provisions of paragraph 14.7 shall continue to apply to such rights, obligations and liabilities indefinitely.
2025-10-13T23:53:18.2366038Z 
2025-10-13T23:53:18.2366218Z 10. DISCLAIMER OF WARRANTIES
2025-10-13T23:53:18.2366477Z 
2025-10-13T23:53:18.2367414Z 10.1 YOU EXPRESSLY UNDERSTAND AND AGREE THAT YOUR USE OF THE GOOGLE TV ADD-ON IS AT YOUR SOLE RISK AND THAT THE GOOGLE TV ADD-ON IS PROVIDED "AS IS" AND "AS AVAILABLE" WITHOUT WARRANTY OF ANY KIND FROM GOOGLE.
2025-10-13T23:53:18.2368466Z 
2025-10-13T23:53:18.2390328Z 10.2 YOUR USE OF THE GOOGLE TV ADD-ON AND ANY MATERIAL DOWNLOADED OR OTHERWISE OBTAINED THROUGH THE USE OF THE GOOGLE TV ADD-ON IS AT YOUR OWN DISCRETION AND RISK AND YOU ARE SOLELY RESPONSIBLE FOR ANY DAMAGE TO YOUR COMPUTER SYSTEM OR OTHER DEVICE OR LOSS OF DATA THAT RESULTS FROM SUCH USE.
2025-10-13T23:53:18.2391919Z 
2025-10-13T23:53:18.2393290Z 10.3 GOOGLE FURTHER EXPRESSLY DISCLAIMS ALL WARRANTIES AND CONDITIONS OF ANY KIND, WHETHER EXPRESS OR IMPLIED, INCLUDING, BUT NOT LIMITED TO THE IMPLIED WARRANTIES AND CONDITIONS OF MERCHANTABILITY, FITNESS FOR A PARTICULAR PURPOSE AND NON-INFRINGEMENT.
2025-10-13T23:53:18.2394776Z 
2025-10-13T23:53:18.2395154Z 11. LIMITATION OF LIABILITY
2025-10-13T23:53:18.2395415Z 
2025-10-13T23:53:18.2397653Z 11.1 YOU EXPRESSLY UNDERSTAND AND AGREE THAT GOOGLE, ITS SUBSIDIARIES AND AFFILIATES, AND ITS LICENSORS SHALL NOT BE LIABLE TO YOU UNDER ANY THEORY OF LIABILITY FOR ANY DIRECT, INDIRECT, INCIDENTAL, SPECIAL CONSEQUENTIAL OR EXEMPLARY DAMAGES THAT MAY BE INCURRED BY YOU, INCLUDING ANY LOSS OF DATA, WHETHER OR NOT GOOGLE OR ITS REPRESENTATIVES HAVE BEEN ADVISED OF OR SHOULD HAVE BEEN AWARE OF THE POSSIBILITY OF ANY SUCH LOSSES ARISING.
2025-10-13T23:53:18.2400190Z 
2025-10-13T23:53:18.2400325Z 12. Indemnification
2025-10-13T23:53:18.2400540Z 
2025-10-13T23:53:18.2404565Z 12.1 To the maximum extent permitted by law, you agree to defend, indemnify and hold harmless Google, its affiliates and their respective directors, officers, employees and agents from and against any and all claims, actions, suits or proceedings, as well as any and all losses, liabilities, damages, costs and expenses (including reasonable attorneys fees) arising out of or accruing from (a) your use of the Google TV Add-on, (b) any application you develop on the Google TV Add-on that infringes any copyright, trademark, trade secret, trade dress, patent or other intellectual property right of any person or defames any person or violates their rights of publicity or privacy, and (c) any non-compliance by you with this License Agreement.
2025-10-13T23:53:18.2408486Z 
2025-10-13T23:53:18.2408649Z 13. Changes to the License Agreement
2025-10-13T23:53:18.2429653Z 
2025-10-13T23:53:18.2430187Z 13.1 Google may make changes to the License Agreement as it distributes new versions of the Google TV Add-on.
2025-10-13T23:53:18.2430887Z 
2025-10-13T23:53:18.2431029Z 14. General Legal Terms
2025-10-13T23:53:18.2431247Z 
2025-10-13T23:53:18.2432937Z 14.1 This License Agreement constitute the whole legal agreement between you and Google and govern your use of the Google TV Add-on (excluding any services which Google may provide to you under a separate written agreement), and completely replace any prior agreements between you and Google in relation to the Google TV Add-on.
2025-10-13T23:53:18.2434779Z 
2025-10-13T23:53:18.2436337Z 14.2 You agree that if Google does not exercise or enforce any legal right or remedy which is contained in this License Agreement (or which Google has the benefit of under any applicable law), this will not be taken to be a formal waiver of Google's rights and that those rights or remedies will still be available to Google.
2025-10-13T23:53:18.2438028Z 
2025-10-13T23:53:18.2439955Z 14.3 If any court of law, having the jurisdiction to decide on this matter, rules that any provision of this License Agreement is invalid, then that provision will be removed from this License Agreement without affecting the rest of this License Agreement. The remaining provisions of this License Agreement will continue to be valid and enforceable.
2025-10-13T23:53:18.2441843Z 
2025-10-13T23:53:18.2444983Z 14.4 You acknowledge and agree that Google’s API data licensors and each member of the group of companies of which Google is the parent shall be third party beneficiaries to this License Agreement and that such other companies shall be entitled to directly enforce, and rely upon, any provision of this License Agreement that confers a benefit on (or rights in favor of) them. Other than this, no other person or company shall be third party beneficiaries to this License Agreement.
2025-10-13T23:53:18.2447561Z 
2025-10-13T23:53:18.2505162Z 14.5 EXPORT RESTRICTIONS. THE GOOGLE TV ADD-ON IS SUBJECT TO UNITED STATES EXPORT LAWS AND REGULATIONS. YOU MUST COMPLY WITH ALL DOMESTIC AND INTERNATIONAL EXPORT LAWS AND REGULATIONS THAT APPLY TO THE GOOGLE TV ADD-ON. THESE LAWS INCLUDE RESTRICTIONS ON DESTINATIONS, END USERS AND END USE.
2025-10-13T23:53:18.2506827Z 
2025-10-13T23:53:18.2508678Z 14.6 The rights granted in this License Agreement may not be assigned or transferred by either you or Google without the prior written approval of the other party. Neither you nor Google shall be permitted to delegate their responsibilities or obligations under this License Agreement without the prior written approval of the other party.
2025-10-13T23:53:18.2511225Z 
2025-10-13T23:53:18.2514221Z 14.7 This License Agreement, and your relationship with Google under this License Agreement, shall be governed by the laws of the State of California without regard to its conflict of laws provisions. You and Google agree to submit to the exclusive jurisdiction of the courts located within the county of Santa Clara, California to resolve any legal matter arising from this License Agreement. Notwithstanding this, you agree that Google shall still be allowed to apply for injunctive remedies (or an equivalent type of urgent legal relief) in any jurisdiction.
2025-10-13T23:53:18.2517383Z 
2025-10-13T23:53:18.2517390Z 
2025-10-13T23:53:18.2517520Z August 15, 2011
2025-10-13T23:53:18.2517866Z ---------------------------------------
2025-10-13T23:53:18.2518294Z Accept? (y/N): 
2025-10-13T23:53:18.2518651Z 2/6: License android-googlexr-license:
2025-10-13T23:53:18.2519578Z ---------------------------------------
2025-10-13T23:53:18.2521165Z To get started with the Android XR Emulator System Image SDK, you must agree to the following terms and conditions. As described below, please note that this is a preview, emulated version of the Android XR OS, subject to change, that you use at your own risk.
2025-10-13T23:53:18.2522629Z 
2025-10-13T23:53:18.2522956Z This is the Android XR Emulator System Image SDK License Agreement
2025-10-13T23:53:18.2523422Z 
2025-10-13T23:53:18.2523578Z 1. Introduction
2025-10-13T23:53:18.2523795Z 
2025-10-13T23:53:18.2526161Z 1.1 The Android Android XR Emulator System Image SDK (referred to in the License Agreement as the "SDK" and specifically including the Android system files,, packaged APIs, library files (if and when they are made available), and Google applications and APIs add-ons) is licensed to you subject to the terms of the License Agreement. The License Agreement forms a legally binding contract between you and Google in relation to your use of the SDK.
2025-10-13T23:53:18.2528648Z 
2025-10-13T23:53:18.2532304Z 1.2 "Android" means the Android software stack for devices, as made available under the Android Open Source Project, which is located at the following URL: https://source.android.com/, as updated from time to time.
2025-10-13T23:53:18.2533576Z 
2025-10-13T23:53:18.2534669Z 1.3 "Google" means Google LLC, organized under the laws of the State of Delaware, USA, and operating under the laws of the USA with principal place of business at 1600 Amphitheatre Parkway, Mountain View, CA 94043, USA.
2025-10-13T23:53:18.2535874Z 
2025-10-13T23:53:18.2536035Z 2. Accepting this License Agreement
2025-10-13T23:53:18.2536338Z 
2025-10-13T23:53:18.2536952Z 2.1 In order to use the SDK, you must first agree to the License Agreement. You may not use the SDK if you do not accept the License Agreement.
2025-10-13T23:53:18.2537740Z 
2025-10-13T23:53:18.2538191Z 2.2 By clicking to accept and/or using this SDK, you hereby agree to the terms of the License Agreement.
2025-10-13T23:53:18.2539052Z 
2025-10-13T23:53:18.2540285Z 2.3 You may not use the SDK and may not accept the License Agreement if you are a person barred from receiving the SDK under the laws of the United States or other countries, including the country in which you are resident or from which you use the SDK.
2025-10-13T23:53:18.2541684Z 
2025-10-13T23:53:18.2543512Z 2.4 If you are agreeing to be bound by the License Agreement on behalf of your employer or other entity, you represent and warrant that you have full legal authority to bind your employer or such entity to the License Agreement. If you do not have the requisite authority, you may not accept the License Agreement or use the SDK on behalf of your employer or other entity.
2025-10-13T23:53:18.2545495Z 
2025-10-13T23:53:18.2545651Z 3. SDK License from Google
2025-10-13T23:53:18.2545918Z 
2025-10-13T23:53:18.2547127Z 3.1 Subject to the terms of the License Agreement, Google grants you a limited, worldwide, royalty-free, non-assignable, non-exclusive, and non-sublicensable license to use the SDK solely to develop applications for Android XR.
2025-10-13T23:53:18.2548687Z 
2025-10-13T23:53:18.2550470Z 3.2 You may not use this SDK to develop applications for other platforms or to develop another SDK. You are of course free to develop applications for other platforms provided that this SDK is not used for that purpose.
2025-10-13T23:53:18.2551985Z 
2025-10-13T23:53:18.2554155Z 3.3 You agree that Google or third parties own all legal right, title and interest in and to the SDK, including any Intellectual Property Rights that subsist in the SDK. "Intellectual Property Rights" means any and all rights under patent law, copyright law, trade secret law, trademark law, and any and all other proprietary rights. Google reserves all rights not expressly granted to you.
2025-10-13T23:53:18.2556847Z 
2025-10-13T23:53:18.2560328Z 3.4 You may not use the SDK for any purpose not expressly permitted by the License Agreement. Except to the extent required by applicable third party licenses, you may not (a) copy (except for backup purposes), modify, adapt, redistribute, decompile, reverse engineer, disassemble, or create derivative works of the SDK or any part of the SDK; or (b) load any part of the SDK onto a mobile handset or any other hardware device except a personal computer, combine any part of the SDK with other software, or distribute any software or device incorporating a part of the SDK.
2025-10-13T23:53:18.2563430Z 
2025-10-13T23:53:18.2565609Z 3.5 Use, reproduction and distribution of components of the SDK licensed under an open source software license are governed solely by the terms of that open source software license and not the License Agreement. You agree to remain a licensee in good standing in regard to such open source software licenses under all the rights granted and to refrain from any actions that may terminate, suspend, or breach such rights.
2025-10-13T23:53:18.2567925Z 
2025-10-13T23:53:18.2570763Z 3.6 You agree that the form and nature of the SDK that Google provides may change without prior notice to you and that future versions of the SDK may be incompatible with applications developed on previous versions of the SDK. You agree that Google may stop (permanently or temporarily) providing the SDK (or any features within the SDK) to you or to users generally at Google's sole discretion, without prior notice to you.
2025-10-13T23:53:18.2572987Z 
2025-10-13T23:53:18.2573612Z 3.7 Nothing in the License Agreement gives you a right to use any of Google's trade names, trademarks, service marks, logos, domain names, or other distinctive brand features.
2025-10-13T23:53:18.2574180Z 
2025-10-13T23:53:18.2574696Z 3.8 You agree that you will not remove, obscure, or alter any proprietary rights notices (including copyright and trademark notices) that may be affixed to or contained within the SDK.
2025-10-13T23:53:18.2575294Z 
2025-10-13T23:53:18.2575377Z 4. Use of the SDK by You
2025-10-13T23:53:18.2575519Z 
2025-10-13T23:53:18.2576257Z 4.1 Google agrees that it obtains no right, title or interest from you (or your licensors) under the License Agreement in or to any software applications that you develop using the SDK, including any intellectual property rights that subsist in those applications.
2025-10-13T23:53:18.2577058Z 
2025-10-13T23:53:18.2578059Z 4.2 You agree to use the SDK and write applications only for purposes that are permitted by (a) the License Agreement and (b) any applicable law, regulation or generally accepted practices or guidelines in the relevant jurisdictions (including any laws regarding the export of data or software to and from the United States or other relevant countries).
2025-10-13T23:53:18.2579336Z 
2025-10-13T23:53:18.2581551Z 4.3 You agree that if you use the SDK to develop applications for general public users, you will protect the privacy and legal rights of those users. If the users provide you with user names, passwords, or other login information or personal information, you must make the users aware that the information will be available to your application, and you must provide legally adequate privacy notice and protection for those users. If your application stores personal or sensitive information provided by users, it must do so securely. If the user provides your application with Google Account information, your application may only use that information to access the user's Google Account when, and for the limited purposes for which, the user has given you permission to do so.
2025-10-13T23:53:18.2583987Z 
2025-10-13T23:53:18.2584969Z 4.4 You agree that you will not engage in any activity with the SDK, including the development or distribution of an application, that interferes with, disrupts, damages, or accesses in an unauthorized manner the servers, networks, or other properties or services of any third party including, but not limited to, Google or any mobile communications carrier.
2025-10-13T23:53:18.2586031Z 
2025-10-13T23:53:18.2587076Z 4.5 You agree that you are solely responsible for (and that Google has no responsibility to you or to any third party for) any data, content, or resources that you create, transmit or display through Android and/or applications for Android, and for the consequences of your actions (including any loss or damage which Google may suffer) by doing so.
2025-10-13T23:53:18.2588105Z 
2025-10-13T23:53:18.2589423Z 4.6 You agree that you are solely responsible for (and that Google has no responsibility to you or to any third party for) any breach of your obligations under the License Agreement, any applicable third party contract or Terms of Service, or any applicable law or regulation, and for the consequences (including any loss or damage which Google or any third party may suffer) of any such breach.
2025-10-13T23:53:18.2590569Z 
2025-10-13T23:53:18.2591389Z 4.7 The SDK is in development, and your testing and feedback are an important part of the development process. By using the SDK, you acknowledge that implementation of some features are still under development and that you should not rely on the SDK having the full functionality of a stable release.
2025-10-13T23:53:18.2592283Z 
2025-10-13T23:53:18.2592383Z 5. Your Developer Credentials
2025-10-13T23:53:18.2592533Z 
2025-10-13T23:53:18.2593327Z 5.1 You agree that you are responsible for maintaining the confidentiality of any developer credentials that may be issued to you by Google or which you may choose yourself and that you will be solely responsible for all applications that are developed under your developer credentials.
2025-10-13T23:53:18.2594185Z 
2025-10-13T23:53:18.2594278Z 6. Privacy and Information
2025-10-13T23:53:18.2594418Z 
2025-10-13T23:53:18.2595750Z 6.1 In order to continually innovate and improve the SDK, Google may collect certain usage statistics from the software including but not limited to a unique identifier, associated IP address, version number of the software, and information on which tools and/or services in the SDK are being used and how they are being used. Before any of this information is collected, the SDK will notify you and seek your consent. If you withhold consent, the information will not be collected.
2025-10-13T23:53:18.2597149Z 
2025-10-13T23:53:18.2597719Z 6.2 The data collected is examined in the aggregate to improve the SDK and is maintained in accordance with Google's Privacy Policy, which is located at the following URL: https://policies.google.com/privacy
2025-10-13T23:53:18.2598368Z 
2025-10-13T23:53:18.2598623Z 6.3 Anonymized and aggregated sets of the data may be shared with Google partners to improve the SDK.
2025-10-13T23:53:18.2599413Z 
2025-10-13T23:53:18.2599508Z 7. Third Party Applications
2025-10-13T23:53:18.2599659Z 
2025-10-13T23:53:18.2601289Z 7.1 If you use the SDK to run applications developed by a third party or that access data, content or resources provided by a third party, you agree that Google is not responsible for those applications, data, content, or resources. You understand that all data, content or resources which you may access through such third party applications are the sole responsibility of the person from which they originated and that Google is not liable for any loss or damage that you may experience as a result of the use or access of any of those third party applications, data, content, or resources.
2025-10-13T23:53:18.2603125Z 
2025-10-13T23:53:18.2604471Z 7.2 You should be aware that the data, content, and resources presented to you through such a third party application may be protected by intellectual property rights which are owned by the providers (or by other persons or companies on their behalf). You may not modify, rent, lease, loan, sell, distribute or create derivative works based on these data, content, or resources (either in whole or in part) unless you have been specifically given permission to do so by the relevant owners.
2025-10-13T23:53:18.2605865Z 
2025-10-13T23:53:18.2606700Z 7.3 You acknowledge that your use of such third party applications, data, content, or resources may be subject to separate terms between you and the relevant third party. In that case, the License Agreement does not affect your legal relationship with these third parties.
2025-10-13T23:53:18.2607513Z 
2025-10-13T23:53:18.2607601Z 8. Using Android APIs
2025-10-13T23:53:18.2607726Z 
2025-10-13T23:53:18.2607806Z 8.1 Google Data APIs
2025-10-13T23:53:18.2607923Z 
2025-10-13T23:53:18.2609566Z 8.1.1 If you use any API to retrieve data from Google, you acknowledge that the data may be protected by intellectual property rights which are owned by Google or those parties that provide the data (or by other persons or companies on their behalf). Your use of any such API may be subject to additional Terms of Service. You may not modify, rent, lease, loan, sell, distribute or create derivative works based on this data (either in whole or in part) unless allowed by the relevant Terms of Service.
2025-10-13T23:53:18.2610979Z 
2025-10-13T23:53:18.2613387Z 8.1.2 If you use any API to retrieve a user's data from Google, you acknowledge and agree that you shall retrieve data only with the user's explicit consent and only when, and for the limited purposes for which, the user has given you permission to do so. If you use the Android Recognition Service API, documented at the following URL: https://developer.android.com/reference/android/speech/RecognitionService, as updated from time to time, you acknowledge that the use of the API is subject to the Data Processing Addendum for Products where Google is a Data Processor, which is located at the following URL: https://privacy.google.com/businesses/gdprprocessorterms/, as updated from time to time. By clicking to accept, you hereby agree to the terms of the Data Processing Addendum for Products where Google is a Data Processor.
2025-10-13T23:53:18.2615811Z 
2025-10-13T23:53:18.2615913Z 9. Terminating this License Agreement
2025-10-13T23:53:18.2616081Z 
2025-10-13T23:53:18.2616365Z 9.1 The License Agreement will continue to apply until terminated by either you or Google as set out below.
2025-10-13T23:53:18.2616727Z 
2025-10-13T23:53:18.2617063Z 9.2 If you want to terminate the License Agreement, you may do so by ceasing your use of the SDK and any relevant developer credentials.
2025-10-13T23:53:18.2617474Z 
2025-10-13T23:53:18.2619519Z 9.3 Google may at any time, terminate the License Agreement with you if: (A) you have breached any provision of the License Agreement; or (B) Google is required to do so by law; or (C) the partner with whom Google offered certain parts of SDK (such as APIs) to you has terminated its relationship with Google or ceased to offer certain parts of the SDK to you; or (D) Google decides to no longer provide the SDK or certain parts of the SDK to users in the country in which you are resident or from which you use the service, or the provision of the SDK or certain SDK services to you by Google is, in Google's sole discretion, no longer commercially viable.
2025-10-13T23:53:18.2621271Z 
2025-10-13T23:53:18.2622498Z 9.4 When the License Agreement comes to an end, all of the legal rights, obligations and liabilities that you and Google have benefited from, been subject to (or which have accrued over time whilst the License Agreement has been in force) or which are expressed to continue indefinitely, shall be unaffected by this cessation, and the provisions of paragraph 14.7 shall continue to apply to such rights, obligations and liabilities indefinitely.
2025-10-13T23:53:18.2623934Z 
2025-10-13T23:53:18.2624023Z 10. DISCLAIMER OF WARRANTIES
2025-10-13T23:53:18.2624173Z 
2025-10-13T23:53:18.2624614Z 10.1 YOU EXPRESSLY UNDERSTAND AND AGREE THAT YOUR USE OF THE SDK IS AT YOUR SOLE RISK AND THAT THE SDK IS PROVIDED "AS IS" AND "AS AVAILABLE" WITHOUT WARRANTY OF ANY KIND FROM GOOGLE.
2025-10-13T23:53:18.2625137Z 
2025-10-13T23:53:18.2625822Z 10.2 YOUR USE OF THE SDK AND ANY MATERIAL DOWNLOADED OR OTHERWISE OBTAINED THROUGH THE USE OF THE SDK IS AT YOUR OWN DISCRETION AND RISK AND YOU ARE SOLELY RESPONSIBLE FOR ANY DAMAGE TO YOUR COMPUTER SYSTEM OR OTHER DEVICE OR LOSS OF DATA THAT RESULTS FROM SUCH USE.
2025-10-13T23:53:18.2626597Z 
2025-10-13T23:53:18.2627417Z 10.3 GOOGLE FURTHER EXPRESSLY DISCLAIMS ALL WARRANTIES AND CONDITIONS OF ANY KIND, WHETHER EXPRESS OR IMPLIED, INCLUDING, BUT NOT LIMITED TO THE IMPLIED WARRANTIES AND CONDITIONS OF MERCHANTABILITY, FITNESS FOR A PARTICULAR PURPOSE AND NON-INFRINGEMENT.
2025-10-13T23:53:18.2628218Z 
2025-10-13T23:53:18.2628304Z 11. LIMITATION OF LIABILITY
2025-10-13T23:53:18.2628448Z 
2025-10-13T23:53:18.2629868Z 11.1 YOU EXPRESSLY UNDERSTAND AND AGREE THAT GOOGLE, ITS SUBSIDIARIES AND AFFILIATES, AND ITS LICENSORS SHALL NOT BE LIABLE TO YOU UNDER ANY THEORY OF LIABILITY FOR ANY DIRECT, INDIRECT, INCIDENTAL, SPECIAL, CONSEQUENTIAL OR EXEMPLARY DAMAGES THAT MAY BE INCURRED BY YOU, INCLUDING ANY LOSS OF DATA, WHETHER OR NOT GOOGLE OR ITS REPRESENTATIVES HAVE BEEN ADVISED OF OR SHOULD HAVE BEEN AWARE OF THE POSSIBILITY OF ANY SUCH LOSSES ARISING.
2025-10-13T23:53:18.2631150Z 
2025-10-13T23:53:18.2631233Z 12. Indemnification
2025-10-13T23:53:18.2631350Z 
2025-10-13T23:53:18.2633359Z 12.1 To the maximum extent permitted by law, you agree to defend, indemnify and hold harmless Google, its affiliates and their respective directors, officers, employees and agents from and against any and all claims, actions, suits or proceedings, as well as any and all losses, liabilities, damages, costs and expenses (including reasonable attorneys fees) arising out of or accruing from (a) your use of the SDK, (b) any application you develop on the SDK that infringes any copyright, trademark, trade secret, trade dress, patent or other intellectual property right of any person or defames any person or violates their rights of publicity or privacy, and (c) any non-compliance by you with the License Agreement.
2025-10-13T23:53:18.2635402Z 
2025-10-13T23:53:18.2635499Z 13. Changes to the License Agreement
2025-10-13T23:53:18.2635661Z 
2025-10-13T23:53:18.2636292Z 13.1 Google may make changes to the License Agreement as it distributes new versions of the SDK. When these changes are made, Google will make a new version of the License Agreement available on the website where the SDK is made available.
2025-10-13T23:53:18.2636997Z 
2025-10-13T23:53:18.2637082Z 14. General Legal Terms
2025-10-13T23:53:18.2637208Z 
2025-10-13T23:53:18.2638057Z 14.1 The License Agreement constitutes the whole legal agreement between you and Google and governs your use of the SDK (excluding any services which Google may provide to you under a separate written agreement), and completely replaces any prior agreements between you and Google in relation to the SDK.
2025-10-13T23:53:18.2639133Z 
2025-10-13T23:53:18.2639986Z 14.2 You agree that if Google does not exercise or enforce any legal right or remedy which is contained in the License Agreement (or which Google has the benefit of under any applicable law), this will not be taken to be a formal waiver of Google's rights and that those rights or remedies will still be available to Google.
2025-10-13T23:53:18.2640907Z 
2025-10-13T23:53:18.2641855Z 14.3 If any court of law, having the jurisdiction to decide on this matter, rules that any provision of the License Agreement is invalid, then that provision will be removed from the License Agreement without affecting the rest of the License Agreement. The remaining provisions of the License Agreement will continue to be valid and enforceable.
2025-10-13T23:53:18.2643015Z 
2025-10-13T23:53:18.2644231Z 14.4 You acknowledge and agree that each member of the group of companies of which Google is the parent shall be third party beneficiaries to the License Agreement and that such other companies shall be entitled to directly enforce, and rely upon, any provision of the License Agreement that confers a benefit on (or rights in favor of) them. Other than this, no other person or company shall be third party beneficiaries to the License Agreement.
2025-10-13T23:53:18.2645522Z 
2025-10-13T23:53:18.2646358Z 14.5 EXPORT RESTRICTIONS. THE SDK IS SUBJECT TO UNITED STATES EXPORT LAWS AND REGULATIONS. YOU MUST COMPLY WITH ALL DOMESTIC AND INTERNATIONAL EXPORT LAWS AND REGULATIONS THAT APPLY TO THE SDK. THESE LAWS INCLUDE RESTRICTIONS ON DESTINATIONS, END USERS AND END USE.
2025-10-13T23:53:18.2647173Z 
2025-10-13T23:53:18.2648132Z 14.6 The rights granted in the License Agreement may not be assigned or transferred by either you or Google without the prior written approval of the other party. Neither you nor Google shall be permitted to delegate their responsibilities or obligations under the License Agreement without the prior written approval of the other party.
2025-10-13T23:53:18.2649252Z 
2025-10-13T23:53:18.2650824Z 14.7 The License Agreement, and your relationship with Google under the License Agreement, shall be governed by the laws of the State of California without regard to its conflict of laws provisions. You and Google agree to submit to the exclusive jurisdiction of the courts located within the county of Santa Clara, California to resolve any legal matter arising from the License Agreement. Notwithstanding this, you agree that Google shall still be allowed to apply for injunctive remedies (or an equivalent type of urgent legal relief) in any jurisdiction.
2025-10-13T23:53:18.2652557Z ---------------------------------------
2025-10-13T23:53:18.2652804Z Accept? (y/N): 
2025-10-13T23:53:18.2653023Z 3/6: License android-sdk-arm-dbt-license:
2025-10-13T23:53:18.2653290Z ---------------------------------------
2025-10-13T23:53:18.2653523Z Terms and Conditions
2025-10-13T23:53:18.2653640Z 
2025-10-13T23:53:18.2653792Z This is the Android Software Development Kit License Agreement
2025-10-13T23:53:18.2654020Z 
2025-10-13T23:53:18.2654097Z 1. Introduction
2025-10-13T23:53:18.2654202Z 
2025-10-13T23:53:18.2655209Z 1.1 The Android Software Development Kit (referred to in the License Agreement as the "SDK" and specifically including the Android system files, packaged APIs, and Google APIs add-ons) is licensed to you subject to the terms of the License Agreement. The License Agreement forms a legally binding contract between you and Google in relation to your use of the SDK.
2025-10-13T23:53:18.2656279Z 
2025-10-13T23:53:18.2656869Z 1.2 "Android" means the Android software stack for devices, as made available under the Android Open Source Project, which is located at the following URL: http://source.android.com/, as updated from time to time.
2025-10-13T23:53:18.2657516Z 
2025-10-13T23:53:18.2658498Z 1.3 A "compatible implementation" means any Android device that (i) complies with the Android Compatibility Definition document, which can be found at the Android compatibility website (http://source.android.com/compatibility) and which may be updated from time to time; and (ii) successfully passes the Android Compatibility Test Suite (CTS).
2025-10-13T23:53:18.2659723Z 
2025-10-13T23:53:18.2660150Z 1.4 "Google" means Google Inc., a Delaware corporation with principal place of business at 1600 Amphitheatre Parkway, Mountain View, CA 94043, United States.
2025-10-13T23:53:18.2660652Z 
2025-10-13T23:53:18.2660657Z 
2025-10-13T23:53:18.2660745Z 2. Accepting the License Agreement
2025-10-13T23:53:18.2661042Z 
2025-10-13T23:53:18.2661393Z 2.1 In order to use the SDK, you must first agree to the License Agreement. You may not use the SDK if you do not accept the License Agreement.
2025-10-13T23:53:18.2661815Z 
2025-10-13T23:53:18.2662005Z 2.2 By clicking to accept, you hereby agree to the terms of the License Agreement.
2025-10-13T23:53:18.2662280Z 
2025-10-13T23:53:18.2662936Z 2.3 You may not use the SDK and may not accept the License Agreement if you are a person barred from receiving the SDK under the laws of the United States or other countries, including the country in which you are resident or from which you use the SDK.
2025-10-13T23:53:18.2663668Z 
2025-10-13T23:53:18.2664639Z 2.4 If you are agreeing to be bound by the License Agreement on behalf of your employer or other entity, you represent and warrant that you have full legal authority to bind your employer or such entity to the License Agreement. If you do not have the requisite authority, you may not accept the License Agreement or use the SDK on behalf of your employer or other entity.
2025-10-13T23:53:18.2665816Z 
2025-10-13T23:53:18.2665821Z 
2025-10-13T23:53:18.2665905Z 3. SDK License from Google
2025-10-13T23:53:18.2666047Z 
2025-10-13T23:53:18.2666759Z 3.1 Subject to the terms of the License Agreement, Google grants you a limited, worldwide, royalty-free, non-assignable, non-exclusive, and non-sublicensable license to use the SDK solely to develop applications for compatible implementations of Android.
2025-10-13T23:53:18.2667550Z 
2025-10-13T23:53:18.2668470Z 3.2 You may not use this SDK to develop applications for other platforms (including non-compatible implementations of Android) or to develop another SDK. You are of course free to develop applications for other platforms, including non-compatible implementations of Android, provided that this SDK is not used for that purpose.
2025-10-13T23:53:18.2669583Z 
2025-10-13T23:53:18.2670661Z 3.3 You agree that Google or third parties own all legal right, title and interest in and to the SDK, including any Intellectual Property Rights that subsist in the SDK. "Intellectual Property Rights" means any and all rights under patent law, copyright law, trade secret law, trademark law, and any and all other proprietary rights. Google reserves all rights not expressly granted to you.
2025-10-13T23:53:18.2671816Z 
2025-10-13T23:53:18.2673156Z 3.4 You may not use the SDK for any purpose not expressly permitted by the License Agreement. Except to the extent required by applicable third party licenses, you may not copy (except for backup purposes), modify, adapt, redistribute, decompile, reverse engineer, disassemble, or create derivative works of the SDK or any part of the SDK.
2025-10-13T23:53:18.2674182Z 
2025-10-13T23:53:18.2674758Z 3.5 Use, reproduction and distribution of components of the SDK licensed under an open source software license are governed solely by the terms of that open source software license and not the License Agreement.
2025-10-13T23:53:18.2675402Z 
2025-10-13T23:53:18.2676557Z 3.6 You agree that the form and nature of the SDK that Google provides may change without prior notice to you and that future versions of the SDK may be incompatible with applications developed on previous versions of the SDK. You agree that Google may stop (permanently or temporarily) providing the SDK (or any features within the SDK) to you or to users generally at Google's sole discretion, without prior notice to you.
2025-10-13T23:53:18.2677771Z 
2025-10-13T23:53:18.2678216Z 3.7 Nothing in the License Agreement gives you a right to use any of Google's trade names, trademarks, service marks, logos, domain names, or other distinctive brand features.
2025-10-13T23:53:18.2678936Z 
2025-10-13T23:53:18.2679444Z 3.8 You agree that you will not remove, obscure, or alter any proprietary rights notices (including copyright and trademark notices) that may be affixed to or contained within the SDK.
2025-10-13T23:53:18.2680026Z 
2025-10-13T23:53:18.2680030Z 
2025-10-13T23:53:18.2680111Z 4. Use of the SDK by You
2025-10-13T23:53:18.2680432Z 
2025-10-13T23:53:18.2681149Z 4.1 Google agrees that it obtains no right, title or interest from you (or your licensors) under the License Agreement in or to any software applications that you develop using the SDK, including any intellectual property rights that subsist in those applications.
2025-10-13T23:53:18.2681941Z 
2025-10-13T23:53:18.2682914Z 4.2 You agree to use the SDK and write applications only for purposes that are permitted by (a) the License Agreement and (b) any applicable law, regulation or generally accepted practices or guidelines in the relevant jurisdictions (including any laws regarding the export of data or software to and from the United States or other relevant countries).
2025-10-13T23:53:18.2684733Z 
2025-10-13T23:53:18.2690303Z 4.3 You agree that if you use the SDK to develop applications for general public users, you will protect the privacy and legal rights of those users. If the users provide you with user names, passwords, or other login information or personal information, you must make the users aware that the information will be available to your application, and you must provide legally adequate privacy notice and protection for those users. If your application stores personal or sensitive information provided by users, it must do so securely. If the user provides your application with Google Account information, your application may only use that information to access the user's Google Account when, and for the limited purposes for which, the user has given you permission to do so.
2025-10-13T23:53:18.2694483Z 
2025-10-13T23:53:18.2696305Z 4.4 You agree that you will not engage in any activity with the SDK, including the development or distribution of an application, that interferes with, disrupts, damages, or accesses in an unauthorized manner the servers, networks, or other properties or services of any third party including, but not limited to, Google or any mobile communications carrier.
2025-10-13T23:53:18.2698245Z 
2025-10-13T23:53:18.2700052Z 4.5 You agree that you are solely responsible for (and that Google has no responsibility to you or to any third party for) any data, content, or resources that you create, transmit or display through Android and/or applications for Android, and for the consequences of your actions (including any loss or damage which Google may suffer) by doing so.
2025-10-13T23:53:18.2701823Z 
2025-10-13T23:53:18.2703644Z 4.6 You agree that you are solely responsible for (and that Google has no responsibility to you or to any third party for) any breach of your obligations under the License Agreement, any applicable third party contract or Terms of Service, or any applicable law or regulation, and for the consequences (including any loss or damage which Google or any third party may suffer) of any such breach.
2025-10-13T23:53:18.2705735Z 
2025-10-13T23:53:18.2708270Z 4.7 This software enables the execution of intellectual property owned by Arm Limited. You agree that your use of the software, that allows execution of ARM Instruction Set Architecture (“ISA”) compliant executables for application development and debug only on x86 desktop, laptop, customer on-premise servers, and customer-procured cloud-based environments.
2025-10-13T23:53:18.2710494Z 
2025-10-13T23:53:18.2710656Z 5. Your Developer Credentials
2025-10-13T23:53:18.2710915Z 
2025-10-13T23:53:18.2712381Z 5.1 You agree that you are responsible for maintaining the confidentiality of any developer credentials that may be issued to you by Google or which you may choose yourself and that you will be solely responsible for all applications that are developed under your developer credentials.
2025-10-13T23:53:18.2713985Z 
2025-10-13T23:53:18.2714137Z 6. Privacy and Information
2025-10-13T23:53:18.2714376Z 
2025-10-13T23:53:18.2716866Z 6.1 In order to continually innovate and improve the SDK, Google may collect certain usage statistics from the software including but not limited to a unique identifier, associated IP address, version number of the software, and information on which tools and/or services in the SDK are being used and how they are being used. Before any of this information is collected, the SDK will notify you and seek your consent. If you withhold consent, the information will not be collected.
2025-10-13T23:53:18.2719834Z 
2025-10-13T23:53:18.2720798Z 6.2 The data collected is examined in the aggregate to improve the SDK and is maintained in accordance with Google's Privacy Policy.
2025-10-13T23:53:18.2721577Z 
2025-10-13T23:53:18.2721583Z 
2025-10-13T23:53:18.2721733Z 7. Third Party Applications
2025-10-13T23:53:18.2721988Z 
2025-10-13T23:53:18.2725154Z 7.1 If you use the SDK to run applications developed by a third party or that access data, content or resources provided by a third party, you agree that Google is not responsible for those applications, data, content, or resources. You understand that all data, content or resources which you may access through such third party applications are the sole responsibility of the person from which they originated and that Google is not liable for any loss or damage that you may experience as a result of the use or access of any of those third party applications, data, content, or resources.
2025-10-13T23:53:18.2728298Z 
2025-10-13T23:53:18.2730947Z 7.2 You should be aware the data, content, and resources presented to you through such a third party application may be protected by intellectual property rights which are owned by the providers (or by other persons or companies on their behalf). You may not modify, rent, lease, loan, sell, distribute or create derivative works based on these data, content, or resources (either in whole or in part) unless you have been specifically given permission to do so by the relevant owners.
2025-10-13T23:53:18.2733505Z 
2025-10-13T23:53:18.2734822Z 7.3 You acknowledge that your use of such third party applications, data, content, or resources may be subject to separate terms between you and the relevant third party. In that case, the License Agreement does not affect your legal relationship with these third parties.
2025-10-13T23:53:18.2736233Z 
2025-10-13T23:53:18.2736246Z 
2025-10-13T23:53:18.2736380Z 8. Using Android APIs
2025-10-13T23:53:18.2736585Z 
2025-10-13T23:53:18.2736718Z 8.1 Google Data APIs
2025-10-13T23:53:18.2736918Z 
2025-10-13T23:53:18.2739400Z 8.1.1 If you use any API to retrieve data from Google, you acknowledge that the data may be protected by intellectual property rights which are owned by Google or those parties that provide the data (or by other persons or companies on their behalf). Your use of any such API may be subject to additional Terms of Service. You may not modify, rent, lease, loan, sell, distribute or create derivative works based on this data (either in whole or in part) unless allowed by the relevant Terms of Service.
2025-10-13T23:53:18.2741857Z 
2025-10-13T23:53:18.2746146Z 8.1.2 If you use any API to retrieve a user's data from Google, you acknowledge and agree that you shall retrieve data only with the user's explicit consent and only when, and for the limited purposes for which, the user has given you permission to do so. If you use the Android Recognition Service API, documented at the following URL: https://developer.android.com/reference/android/speech/RecognitionService, as updated from time to time, you acknowledge that the use of the API is subject to the Data Processing Addendum for Products where Google is a Data Processor, which is located at the following URL: https://privacy.google.com/businesses/gdprprocessorterms/, as updated from time to time. By clicking to accept, you hereby agree to the terms of the Data Processing Addendum for Products where Google is a Data Processor.
2025-10-13T23:53:18.2750564Z 
2025-10-13T23:53:18.2750570Z 
2025-10-13T23:53:18.2750736Z 9. Terminating the License Agreement
2025-10-13T23:53:18.2751011Z 
2025-10-13T23:53:18.2751477Z 9.1 The License Agreement will continue to apply until terminated by either you or Google as set out below.
2025-10-13T23:53:18.2752117Z 
2025-10-13T23:53:18.2752888Z 9.2 If you want to terminate the License Agreement, you may do so by ceasing your use of the SDK and any relevant developer credentials.
2025-10-13T23:53:18.2753683Z 
2025-10-13T23:53:18.2756797Z 9.3 Google may at any time, terminate the License Agreement with you if: (A) you have breached any provision of the License Agreement; or (B) Google is required to do so by law; or (C) the partner with whom Google offered certain parts of SDK (such as APIs) to you has terminated its relationship with Google or ceased to offer certain parts of the SDK to you; or (D) Google decides to no longer provide the SDK or certain parts of the SDK to users in the country in which you are resident or from which you use the service, or the provision of the SDK or certain SDK services to you by Google is, in Google's sole discretion, no longer commercially viable.
2025-10-13T23:53:18.2760158Z 
2025-10-13T23:53:18.2762572Z 9.4 When the License Agreement comes to an end, all of the legal rights, obligations and liabilities that you and Google have benefited from, been subject to (or which have accrued over time whilst the License Agreement has been in force) or which are expressed to continue indefinitely, shall be unaffected by this cessation, and the provisions of paragraph 14.7 shall continue to apply to such rights, obligations and liabilities indefinitely.
2025-10-13T23:53:18.2765004Z 
2025-10-13T23:53:18.2765010Z 
2025-10-13T23:53:18.2765163Z 10. DISCLAIMER OF WARRANTIES
2025-10-13T23:53:18.2765413Z 
2025-10-13T23:53:18.2766243Z 10.1 YOU EXPRESSLY UNDERSTAND AND AGREE THAT YOUR USE OF THE SDK IS AT YOUR SOLE RISK AND THAT THE SDK IS PROVIDED "AS IS" AND "AS AVAILABLE" WITHOUT WARRANTY OF ANY KIND FROM GOOGLE.
2025-10-13T23:53:18.2767231Z 
2025-10-13T23:53:18.2768550Z 10.2 YOUR USE OF THE SDK AND ANY MATERIAL DOWNLOADED OR OTHERWISE OBTAINED THROUGH THE USE OF THE SDK IS AT YOUR OWN DISCRETION AND RISK AND YOU ARE SOLELY RESPONSIBLE FOR ANY DAMAGE TO YOUR COMPUTER SYSTEM OR OTHER DEVICE OR LOSS OF DATA THAT RESULTS FROM SUCH USE.
2025-10-13T23:53:18.2770234Z 
2025-10-13T23:53:18.2771578Z 10.3 GOOGLE FURTHER EXPRESSLY DISCLAIMS ALL WARRANTIES AND CONDITIONS OF ANY KIND, WHETHER EXPRESS OR IMPLIED, INCLUDING, BUT NOT LIMITED TO THE IMPLIED WARRANTIES AND CONDITIONS OF MERCHANTABILITY, FITNESS FOR A PARTICULAR PURPOSE AND NON-INFRINGEMENT.
2025-10-13T23:53:18.2773058Z 
2025-10-13T23:53:18.2773064Z 
2025-10-13T23:53:18.2773214Z 11. LIMITATION OF LIABILITY
2025-10-13T23:53:18.2773453Z 
2025-10-13T23:53:18.2775644Z 11.1 YOU EXPRESSLY UNDERSTAND AND AGREE THAT GOOGLE, ITS SUBSIDIARIES AND AFFILIATES, AND ITS LICENSORS SHALL NOT BE LIABLE TO YOU UNDER ANY THEORY OF LIABILITY FOR ANY DIRECT, INDIRECT, INCIDENTAL, SPECIAL, CONSEQUENTIAL OR EXEMPLARY DAMAGES THAT MAY BE INCURRED BY YOU, INCLUDING ANY LOSS OF DATA, WHETHER OR NOT GOOGLE OR ITS REPRESENTATIVES HAVE BEEN ADVISED OF OR SHOULD HAVE BEEN AWARE OF THE POSSIBILITY OF ANY SUCH LOSSES ARISING.
2025-10-13T23:53:18.2777981Z 
2025-10-13T23:53:18.2777987Z 
2025-10-13T23:53:18.2778117Z 12. Indemnification
2025-10-13T23:53:18.2778335Z 
2025-10-13T23:53:18.2782084Z 12.1 To the maximum extent permitted by law, you agree to defend, indemnify and hold harmless Google, its affiliates and their respective directors, officers, employees and agents from and against any and all claims, actions, suits or proceedings, as well as any and all losses, liabilities, damages, costs and expenses (including reasonable attorneys fees) arising out of or accruing from (a) your use of the SDK, (b) any application you develop on the SDK that infringes any copyright, trademark, trade secret, trade dress, patent or other intellectual property right of any person or defames any person or violates their rights of publicity or privacy, and (c) any non-compliance by you with the License Agreement.
2025-10-13T23:53:18.2785766Z 
2025-10-13T23:53:18.2785772Z 
2025-10-13T23:53:18.2785928Z 13. Changes to the License Agreement
2025-10-13T23:53:18.2786207Z 
2025-10-13T23:53:18.2787347Z 13.1 Google may make changes to the License Agreement as it distributes new versions of the SDK. When these changes are made, Google will make a new version of the License Agreement available on the website where the SDK is made available.
2025-10-13T23:53:18.2788970Z 
2025-10-13T23:53:18.2788977Z 
2025-10-13T23:53:18.2789122Z 14. General Legal Terms
2025-10-13T23:53:18.2789377Z 
2025-10-13T23:53:18.2790952Z 14.1 The License Agreement constitutes the whole legal agreement between you and Google and governs your use of the SDK (excluding any services which Google may provide to you under a separate written agreement), and completely replaces any prior agreements between you and Google in relation to the SDK.
2025-10-13T23:53:18.2792668Z 
2025-10-13T23:53:18.2794247Z 14.2 You agree that if Google does not exercise or enforce any legal right or remedy which is contained in the License Agreement (or which Google has the benefit of under any applicable law), this will not be taken to be a formal waiver of Google's rights and that those rights or remedies will still be available to Google.
2025-10-13T23:53:18.2795934Z 
2025-10-13T23:53:18.2797727Z 14.3 If any court of law, having the jurisdiction to decide on this matter, rules that any provision of the License Agreement is invalid, then that provision will be removed from the License Agreement without affecting the rest of the License Agreement. The remaining provisions of the License Agreement will continue to be valid and enforceable.
2025-10-13T23:53:18.2799592Z 
2025-10-13T23:53:18.2801588Z 14.4 You acknowledge and agree that each member of the group of companies of which Google is the parent shall be third party beneficiaries to the License Agreement and that such other companies shall be entitled to directly enforce, and rely upon, any provision of the License Agreement that confers a benefit on (or rights in favor of) them. Other than this, no other person or company shall be third party beneficiaries to the License Agreement.
2025-10-13T23:53:18.2805257Z 
2025-10-13T23:53:18.2807038Z 14.5 EXPORT RESTRICTIONS. THE SDK IS SUBJECT TO UNITED STATES EXPORT LAWS AND REGULATIONS. YOU MUST COMPLY WITH ALL DOMESTIC AND INTERNATIONAL EXPORT LAWS AND REGULATIONS THAT APPLY TO THE SDK. THESE LAWS INCLUDE RESTRICTIONS ON DESTINATIONS, END USERS AND END USE.
2025-10-13T23:53:18.2808439Z 
2025-10-13T23:53:18.2810324Z 14.6 The rights granted in the License Agreement may not be assigned or transferred by either you or Google without the prior written approval of the other party. Neither you nor Google shall be permitted to delegate their responsibilities or obligations under the License Agreement without the prior written approval of the other party.
2025-10-13T23:53:18.2812173Z 
2025-10-13T23:53:18.2819033Z 14.7 The License Agreement, and your relationship with Google under the License Agreement, shall be governed by the laws of the State of California without regard to its conflict of laws provisions. You and Google agree to submit to the exclusive jurisdiction of the courts located within the county of Santa Clara, California to resolve any legal matter arising from the License Agreement. Notwithstanding this, you agree that Google shall still be allowed to apply for injunctive remedies (or an equivalent type of urgent legal relief) in any jurisdiction.
2025-10-13T23:53:18.2822646Z 
2025-10-13T23:53:18.2822652Z 
2025-10-13T23:53:18.2822781Z January 16, 2019
2025-10-13T23:53:18.2823110Z ---------------------------------------
2025-10-13T23:53:18.2823523Z Accept? (y/N): 
2025-10-13T23:53:18.2823899Z 4/6: License android-sdk-preview-license:
2025-10-13T23:53:18.2824342Z ---------------------------------------
2025-10-13T23:53:18.2826334Z To get started with the Android SDK Preview, you must agree to the following terms and conditions. As described below, please note that this is a preview version of the Android SDK, subject to change, that you use at your own risk. The Android SDK Preview is not a stable release, and may contain errors and defects that can result in serious damage to your computer systems, devices and data.
2025-10-13T23:53:18.2829825Z 
2025-10-13T23:53:18.2830197Z This is the Android SDK Preview License Agreement (the "License Agreement").
2025-10-13T23:53:18.2830669Z 
2025-10-13T23:53:18.2830804Z 1. Introduction
2025-10-13T23:53:18.2830997Z 
2025-10-13T23:53:18.2833685Z 1.1 The Android SDK Preview (referred to in the License Agreement as the “Preview” and specifically including the Android system files, packaged APIs, and Preview library files, if and when they are made available) is licensed to you subject to the terms of the License Agreement. The License Agreement forms a legally binding contract between you and Google in relation to your use of the Preview.
2025-10-13T23:53:18.2835785Z 
2025-10-13T23:53:18.2836806Z 1.2 "Android" means the Android software stack for devices, as made available under the Android Open Source Project, which is located at the following URL: http://source.android.com/, as updated from time to time.
2025-10-13T23:53:18.2837973Z 
2025-10-13T23:53:18.2840238Z 1.3 "Google" means Google Inc., a Delaware corporation with principal place of business at 1600 Amphitheatre Parkway, Mountain View, CA 94043, United States.
2025-10-13T23:53:18.2841163Z 
2025-10-13T23:53:18.2841327Z 2. Accepting the License Agreement
2025-10-13T23:53:18.2841595Z 
2025-10-13T23:53:18.2842243Z 2.1 In order to use the Preview, you must first agree to the License Agreement. You may not use the Preview if you do not accept the License Agreement.
2025-10-13T23:53:18.2843056Z 
2025-10-13T23:53:18.2843518Z 2.2 By clicking to accept and/or using the Preview, you hereby agree to the terms of the License Agreement.
2025-10-13T23:53:18.2844114Z 
2025-10-13T23:53:18.2845457Z 2.3 You may not use the Preview and may not accept the License Agreement if you are a person barred from receiving the Preview under the laws of the United States or other countries including the country in which you are resident or from which you use the Preview.
2025-10-13T23:53:18.2846837Z 
2025-10-13T23:53:18.2849181Z 2.4 If you will use the Preview internally within your company or organization you agree to be bound by the License Agreement on behalf of your employer or other entity, and you represent and warrant that you have full legal authority to bind your employer or such entity to the License Agreement. If you do not have the requisite authority, you may not accept the License Agreement or use the Preview on behalf of your employer or other entity.
2025-10-13T23:53:18.2851522Z 
2025-10-13T23:53:18.2851693Z 3. Preview License from Google
2025-10-13T23:53:18.2851980Z 
2025-10-13T23:53:18.2853569Z 3.1 Subject to the terms of the License Agreement, Google grants you a royalty-free, non-assignable, non-exclusive, non-sublicensable, limited, revocable license to use the Preview, personally or internally within your company or organization, solely to develop applications to run on the Android platform.
2025-10-13T23:53:18.2855340Z 
2025-10-13T23:53:18.2857362Z 3.2 You agree that Google or third parties owns all legal right, title and interest in and to the Preview, including any Intellectual Property Rights that subsist in the Preview. "Intellectual Property Rights" means any and all rights under patent law, copyright law, trade secret law, trademark law, and any and all other proprietary rights. Google reserves all rights not expressly granted to you.
2025-10-13T23:53:18.2859554Z 
2025-10-13T23:53:18.2862668Z 3.3 You may not use the Preview for any purpose not expressly permitted by the License Agreement. Except to the extent required by applicable third party licenses, you may not: (a) copy (except for backup purposes), modify, adapt, redistribute, decompile, reverse engineer, disassemble, or create derivative works of the Preview or any part of the Preview; or (b) load any part of the Preview onto a mobile handset or any other hardware device except a personal computer, combine any part of the Preview with other software, or distribute any software or device incorporating a part of the Preview.
2025-10-13T23:53:18.2865750Z 
2025-10-13T23:53:18.2867014Z 3.4 You agree that you will not take any actions that may cause or result in the fragmentation of Android, including but not limited to distributing, participating in the creation of, or promoting in any way a software development kit derived from the Preview.
2025-10-13T23:53:18.2868664Z 
2025-10-13T23:53:18.2871085Z 3.5 Use, reproduction and distribution of components of the Preview licensed under an open source software license are governed solely by the terms of that open source software license and not the License Agreement. You agree to remain a licensee in good standing in regard to such open source software licenses under all the rights granted and to refrain from any actions that may terminate, suspend, or breach such rights.
2025-10-13T23:53:18.2873286Z 
2025-10-13T23:53:18.2875834Z 3.6 You agree that the form and nature of the Preview that Google provides may change without prior notice to you and that future versions of the Preview may be incompatible with applications developed on previous versions of the Preview. You agree that Google may stop (permanently or temporarily) providing the Preview (or any features within the Preview) to you or to users generally at Google's sole discretion, without prior notice to you.
2025-10-13T23:53:18.2878258Z 
2025-10-13T23:53:18.2879286Z 3.7 Nothing in the License Agreement gives you a right to use any of Google's trade names, trademarks, service marks, logos, domain names, or other distinctive brand features.
2025-10-13T23:53:18.2880268Z 
2025-10-13T23:53:18.2881183Z 3.8 You agree that you will not remove, obscure, or alter any proprietary rights notices (including copyright and trademark notices) that may be affixed to or contained within the Preview.
2025-10-13T23:53:18.2882258Z 
2025-10-13T23:53:18.2882415Z 4. Use of the Preview by You
2025-10-13T23:53:18.2882686Z 
2025-10-13T23:53:18.2884223Z 4.1 Google agrees that nothing in the License Agreement gives Google any right, title or interest from you (or your licensors) under the License Agreement in or to any software applications that you develop using the Preview, including any intellectual property rights that subsist in those applications.
2025-10-13T23:53:18.2885943Z 
2025-10-13T23:53:18.2887752Z 4.2 You agree to use the Preview and write applications only for purposes that are permitted by (a) the License Agreement, and (b) any applicable law, regulation or generally accepted practices or guidelines in the relevant jurisdictions (including any laws regarding the export of data or software to and from the United States or other relevant countries).
2025-10-13T23:53:18.2889896Z 
2025-10-13T23:53:18.2893775Z 4.3 You agree that if you use the Preview to develop applications, you will protect the privacy and legal rights of users. If users provide you with user names, passwords, or other login information or personal information, you must make the users aware that the information will be available to your application, and you must provide legally adequate privacy notice and protection for those users. If your application stores personal or sensitive information provided by users, it must do so securely. If users provide you with Google Account information, your application may only use that information to access the user's Google Account when, and for the limited purposes for which, each user has given you permission to do so.
2025-10-13T23:53:18.2897708Z 
2025-10-13T23:53:18.2899485Z 4.4 You agree that you will not engage in any activity with the Preview, including the development or distribution of an application, that interferes with, disrupts, damages, or accesses in an unauthorized manner the servers, networks, or other properties or services of Google or any third party.
2025-10-13T23:53:18.2901109Z 
2025-10-13T23:53:18.2902832Z 4.5 You agree that you are solely responsible for (and that Google has no responsibility to you or to any third party for) any data, content, or resources that you create, transmit or display through Android and/or applications for Android, and for the consequences of your actions (including any loss or damage which Google may suffer) by doing so.
2025-10-13T23:53:18.2905068Z 
2025-10-13T23:53:18.2907063Z 4.6 You agree that you are solely responsible for (and that Google has no responsibility to you or to any third party for) any breach of your obligations under the License Agreement, any applicable third party contract or Terms of Service, or any applicable law or regulation, and for the consequences (including any loss or damage which Google or any third party may suffer) of any such breach.
2025-10-13T23:53:18.2909377Z 
2025-10-13T23:53:18.2911930Z 4.7 The Preview is in development, and your testing and feedback are an important part of the development process. By using the Preview, you acknowledge that implementation of some features are still under development and that you should not rely on the Preview having the full functionality of a stable release. You agree not to publicly distribute or ship any application using this Preview as this Preview will no longer be supported after the official Android SDK is released.
2025-10-13T23:53:18.2914561Z 
2025-10-13T23:53:18.2914928Z 5. Your Developer Credentials
2025-10-13T23:53:18.2915227Z 
2025-10-13T23:53:18.2916683Z 5.1 You agree that you are responsible for maintaining the confidentiality of any developer credentials that may be issued to you by Google or which you may choose yourself and that you will be solely responsible for all applications that are developed under your developer credentials.
2025-10-13T23:53:18.2918252Z 
2025-10-13T23:53:18.2918421Z 6. Privacy and Information
2025-10-13T23:53:18.2918669Z 
2025-10-13T23:53:18.2921409Z 6.1 In order to continually innovate and improve the Preview, Google may collect certain usage statistics from the software including but not limited to a unique identifier, associated IP address, version number of the software, and information on which tools and/or services in the Preview are being used and how they are being used. Before any of this information is collected, the Preview will notify you and seek your consent. If you withhold consent, the information will not be collected.
2025-10-13T23:53:18.2924060Z 
2025-10-13T23:53:18.2925105Z 6.2 The data collected is examined in the aggregate to improve the Preview and is maintained in accordance with Google's Privacy Policy located at http://www.google.com/policies/privacy/.
2025-10-13T23:53:18.2926207Z 
2025-10-13T23:53:18.2926370Z 7. Third Party Applications
2025-10-13T23:53:18.2926634Z 
2025-10-13T23:53:18.2929771Z 7.1 If you use the Preview to run applications developed by a third party or that access data, content or resources provided by a third party, you agree that Google is not responsible for those applications, data, content, or resources. You understand that all data, content or resources which you may access through such third party applications are the sole responsibility of the person from which they originated and that Google is not liable for any loss or damage that you may experience as a result of the use or access of any of those third party applications, data, content, or resources.
2025-10-13T23:53:18.2932813Z 
2025-10-13T23:53:18.2935223Z 7.2 You should be aware the data, content, and resources presented to you through such a third party application may be protected by intellectual property rights which are owned by the providers (or by other persons or companies on their behalf). You may not modify, rent, lease, loan, sell, distribute or create derivative works based on these data, content, or resources (either in whole or in part) unless you have been specifically given permission to do so by the relevant owners.
2025-10-13T23:53:18.2937779Z 
2025-10-13T23:53:18.2938622Z 7.3 You acknowledge that your use of such third party applications, data, content, or resources may be subject to separate terms between you and the relevant third party.
2025-10-13T23:53:18.2939861Z 
2025-10-13T23:53:18.2940020Z 8. Using Google APIs
2025-10-13T23:53:18.2940245Z 
2025-10-13T23:53:18.2940375Z 8.1 Google APIs
2025-10-13T23:53:18.2940564Z 
2025-10-13T23:53:18.2975762Z 8.1.1 If you use any API to retrieve data from Google, you acknowledge that the data may be protected by intellectual property rights which are owned by Google or those parties that provide the data (or by other persons or companies on their behalf). Your use of any such API may be subject to additional Terms of Service. You may not modify, rent, lease, loan, sell, distribute or create derivative works based on this data (either in whole or in part) unless allowed by the relevant Terms of Service.
2025-10-13T23:53:18.2978357Z 
2025-10-13T23:53:18.2979848Z 8.1.2 If you use any API to retrieve a user's data from Google, you acknowledge and agree that you shall retrieve data only with the user's explicit consent and only when, and for the limited purposes for which, the user has given you permission to do so.
2025-10-13T23:53:18.2981174Z 
2025-10-13T23:53:18.2981356Z 9. Terminating the License Agreement
2025-10-13T23:53:18.2981660Z 
2025-10-13T23:53:18.2982175Z 9.1 the License Agreement will continue to apply until terminated by either you or Google as set out below.
2025-10-13T23:53:18.2983156Z 
2025-10-13T23:53:18.2983822Z 9.2 If you want to terminate the License Agreement, you may do so by ceasing your use of the Preview and any relevant developer credentials.
2025-10-13T23:53:18.2984600Z 
2025-10-13T23:53:18.2985066Z 9.3 Google may at any time, terminate the License Agreement, with or without cause, upon notice to you.
2025-10-13T23:53:18.2985668Z 
2025-10-13T23:53:18.2987284Z 9.4 The License Agreement will automatically terminate without notice or other action upon the earlier of: (A) when Google ceases to provide the Preview or certain parts of the Preview to users in the country in which you are resident or from which you use the service; and (B) Google issues a final release version of the Android SDK.
2025-10-13T23:53:18.2989196Z 
2025-10-13T23:53:18.2990467Z 9.5 When the License Agreement is terminated, the license granted to you in the License Agreement will terminate, you will immediately cease all use of the Preview, and the provisions of paragraphs 10, 11, 12 and 14 shall survive indefinitely.
2025-10-13T23:53:18.2991777Z 
2025-10-13T23:53:18.2991910Z 10. DISCLAIMERS
2025-10-13T23:53:18.2992121Z 
2025-10-13T23:53:18.2992995Z 10.1 YOU EXPRESSLY UNDERSTAND AND AGREE THAT YOUR USE OF THE PREVIEW IS AT YOUR SOLE RISK AND THAT THE PREVIEW IS PROVIDED "AS IS" AND "AS AVAILABLE" WITHOUT WARRANTY OF ANY KIND FROM GOOGLE.
2025-10-13T23:53:18.2994006Z 
2025-10-13T23:53:18.2996778Z 10.2 YOUR USE OF THE PREVIEW AND ANY MATERIAL DOWNLOADED OR OTHERWISE OBTAINED THROUGH THE USE OF THE PREVIEW IS AT YOUR OWN DISCRETION AND RISK AND YOU ARE SOLELY RESPONSIBLE FOR ANY DAMAGE TO YOUR COMPUTER SYSTEM OR OTHER DEVICE OR LOSS OF DATA THAT RESULTS FROM SUCH USE. WITHOUT LIMITING THE FOREGOING, YOU UNDERSTAND THAT THE PREVIEW IS NOT A STABLE RELEASE AND MAY CONTAIN ERRORS, DEFECTS AND SECURITY VULNERABILITIES THAT CAN RESULT IN SIGNIFICANT DAMAGE, INCLUDING THE COMPLETE, IRRECOVERABLE LOSS OF USE OF YOUR COMPUTER SYSTEM OR OTHER DEVICE.
2025-10-13T23:53:18.2999907Z 
2025-10-13T23:53:18.3001247Z 10.3 GOOGLE FURTHER EXPRESSLY DISCLAIMS ALL WARRANTIES AND CONDITIONS OF ANY KIND, WHETHER EXPRESS OR IMPLIED, INCLUDING, BUT NOT LIMITED TO THE IMPLIED WARRANTIES AND CONDITIONS OF MERCHANTABILITY, FITNESS FOR A PARTICULAR PURPOSE AND NON-INFRINGEMENT.
2025-10-13T23:53:18.3002746Z 
2025-10-13T23:53:18.3002903Z 11. LIMITATION OF LIABILITY
2025-10-13T23:53:18.3003167Z 
2025-10-13T23:53:18.3005366Z 11.1 YOU EXPRESSLY UNDERSTAND AND AGREE THAT GOOGLE, ITS SUBSIDIARIES AND AFFILIATES, AND ITS LICENSORS SHALL NOT BE LIABLE TO YOU UNDER ANY THEORY OF LIABILITY FOR ANY DIRECT, INDIRECT, INCIDENTAL, SPECIAL, CONSEQUENTIAL OR EXEMPLARY DAMAGES THAT MAY BE INCURRED BY YOU, INCLUDING ANY LOSS OF DATA, WHETHER OR NOT GOOGLE OR ITS REPRESENTATIVES HAVE BEEN ADVISED OF OR SHOULD HAVE BEEN AWARE OF THE POSSIBILITY OF ANY SUCH LOSSES ARISING.
2025-10-13T23:53:18.3007715Z 
2025-10-13T23:53:18.3007872Z 12. Indemnification
2025-10-13T23:53:18.3008078Z 
2025-10-13T23:53:18.3012716Z 12.1 To the maximum extent permitted by law, you agree to defend, indemnify and hold harmless Google, its affiliates and their respective directors, officers, employees and agents from and against any and all claims, actions, suits or proceedings, as well as any and all losses, liabilities, damages, costs and expenses (including reasonable attorneys’ fees) arising out of or accruing from (a) your use of the Preview, (b) any application you develop on the Preview that infringes any Intellectual Property Rights of any person or defames any person or violates their rights of publicity or privacy, and (c) any non-compliance by you of the License Agreement.
2025-10-13T23:53:18.3016186Z 
2025-10-13T23:53:18.3016359Z 13. Changes to the License Agreement
2025-10-13T23:53:18.3016658Z 
2025-10-13T23:53:18.3017862Z 13.1 Google may make changes to the License Agreement as it distributes new versions of the Preview. When these changes are made, Google will make a new version of the License Agreement available on the website where the Preview is made available.
2025-10-13T23:53:18.3019655Z 
2025-10-13T23:53:18.3019907Z 14. General Legal Terms
2025-10-13T23:53:18.3020118Z 
2025-10-13T23:53:18.3021539Z 14.1 the License Agreement constitutes the whole legal agreement between you and Google and governs your use of the Preview (excluding any services which Google may provide to you under a separate written agreement), and completely replaces any prior agreements between you and Google in relation to the Preview.
2025-10-13T23:53:18.3023108Z 
2025-10-13T23:53:18.3024547Z 14.2 You agree that if Google does not exercise or enforce any legal right or remedy which is contained in the License Agreement (or which Google has the benefit of under any applicable law), this will not be taken to be a formal waiver of Google's rights and that those rights or remedies will still be available to Google.
2025-10-13T23:53:18.3026246Z 
2025-10-13T23:53:18.3028019Z 14.3 If any court of law, having the jurisdiction to decide on this matter, rules that any provision of the License Agreement is invalid, then that provision will be removed from the License Agreement without affecting the rest of the License Agreement. The remaining provisions of the License Agreement will continue to be valid and enforceable.
2025-10-13T23:53:18.3030089Z 
2025-10-13T23:53:18.3032309Z 14.4 You acknowledge and agree that each member of the group of companies of which Google is the parent shall be third party beneficiaries to the License Agreement and that such other companies shall be entitled to directly enforce, and rely upon, any provision of the License Agreement that confers a benefit on (or rights in favor of) them. Other than this, no other person or company shall be third party beneficiaries to the License Agreement.
2025-10-13T23:53:18.3034691Z 
2025-10-13T23:53:18.3036092Z 14.5 EXPORT RESTRICTIONS. THE PREVIEW IS SUBJECT TO UNITED STATES EXPORT LAWS AND REGULATIONS. YOU MUST COMPLY WITH ALL DOMESTIC AND INTERNATIONAL EXPORT LAWS AND REGULATIONS THAT APPLY TO THE PREVIEW. THESE LAWS INCLUDE RESTRICTIONS ON DESTINATIONS, END USERS AND END USE.
2025-10-13T23:53:18.3037618Z 
2025-10-13T23:53:18.3039469Z 14.6 The License Agreement may not be assigned or transferred by you without the prior written approval of Google, and any attempted assignment without such approval will be void. You shall not delegate your responsibilities or obligations under the License Agreement without the prior written approval of Google.
2025-10-13T23:53:18.3041146Z 
2025-10-13T23:53:18.3043924Z 14.7 The License Agreement, and your relationship with Google under the License Agreement, shall be governed by the laws of the State of California without regard to its conflict of laws provisions. You and Google agree to submit to the exclusive jurisdiction of the courts located within the county of Santa Clara, California to resolve any legal matter arising from the License Agreement. Notwithstanding this, you agree that Google shall still be allowed to apply for injunctive remedies (or an equivalent type of urgent legal relief) in any jurisdiction.
2025-10-13T23:53:18.3047134Z 
2025-10-13T23:53:18.3047279Z June 2014.
2025-10-13T23:53:18.3047612Z ---------------------------------------
2025-10-13T23:53:18.3048035Z Accept? (y/N): 
2025-10-13T23:53:18.3048376Z 5/6: License google-gdk-license:
2025-10-13T23:53:18.3048980Z ---------------------------------------
2025-10-13T23:53:18.3049527Z This is a Developer Preview of the GDK that is subject to change.
2025-10-13T23:53:18.3049935Z 
2025-10-13T23:53:18.3050073Z Terms and Conditions
2025-10-13T23:53:18.3050286Z 
2025-10-13T23:53:18.3050504Z This is the Glass Development Kit License Agreement.
2025-10-13T23:53:18.3050860Z 
2025-10-13T23:53:18.3050998Z 1. Introduction
2025-10-13T23:53:18.3051183Z 
2025-10-13T23:53:18.3053357Z 1.1 The Glass Development Kit (referred to in this License Agreement as the "GDK" and specifically including the Android system files, packaged APIs, and GDK library files, if and when they are made available) is licensed to you subject to the terms of this License Agreement. This License Agreement forms a legally binding contract between you and Google in relation to your use of the GDK.
2025-10-13T23:53:18.3055450Z 
2025-10-13T23:53:18.3055830Z 1.2 "Glass" means Glass devices and the Glass software stack for use on Glass devices.
2025-10-13T23:53:18.3056361Z 
2025-10-13T23:53:18.3056368Z 
2025-10-13T23:53:18.3057409Z 1.3 "Android" means the Android software stack for devices, as made available under the Android Open Source Project, which is located at the following URL: http://source.android.com/, as updated from time to time.
2025-10-13T23:53:18.3058587Z 
2025-10-13T23:53:18.3059657Z 1.4 "Google" means Google Inc., a Delaware corporation with principal place of business at 1600 Amphitheatre Parkway, Mountain View, CA 94043, United States.
2025-10-13T23:53:18.3060588Z 
2025-10-13T23:53:18.3060765Z 2. Accepting this License Agreement
2025-10-13T23:53:18.3061063Z 
2025-10-13T23:53:18.3061695Z 2.1 In order to use the GDK, you must first agree to this License Agreement. You may not use the GDK if you do not accept this License Agreement.
2025-10-13T23:53:18.3062451Z 
2025-10-13T23:53:18.3062793Z 2.2 By clicking to accept, you hereby agree to the terms of this License Agreement.
2025-10-13T23:53:18.3063329Z 
2025-10-13T23:53:18.3064774Z 2.3 You may not use the GDK and may not accept the License Agreement if you are a person barred from receiving the GDK under the laws of the United States or other countries including the country in which you are resident or from which you use the GDK.
2025-10-13T23:53:18.3066534Z 
2025-10-13T23:53:18.3068350Z 2.4 If you are agreeing to be bound by this License Agreement on behalf of your employer or other entity, you represent and warrant that you have full legal authority to bind your employer or such entity to this License Agreement. If you do not have the requisite authority, you may not accept the License Agreement or use the GDK on behalf of your employer or other entity.
2025-10-13T23:53:18.3070493Z 
2025-10-13T23:53:18.3070659Z 3. GDK License from Google
2025-10-13T23:53:18.3070934Z 
2025-10-13T23:53:18.3072170Z 3.1 Subject to the terms of this License Agreement, Google grants you a limited, worldwide, royalty-free, non-assignable and non-exclusive license to use the GDK solely to develop applications to run on the Glass platform for Glass devices.
2025-10-13T23:53:18.3073549Z 
2025-10-13T23:53:18.3075569Z 3.2 You agree that Google or third parties own all legal right, title and interest in and to the GDK, including any Intellectual Property Rights that subsist in the GDK. "Intellectual Property Rights" means any and all rights under patent law, copyright law, trade secret law, trademark law, and any and all other proprietary rights. Google reserves all rights not expressly granted to you.
2025-10-13T23:53:18.3077676Z 
2025-10-13T23:53:18.3081914Z 3.3 You may not use the GDK for any purpose not expressly permitted by this License Agreement. Except to the extent required by applicable third party licenses, you may not: (a) copy (except for backup purposes), modify, adapt, redistribute, decompile, reverse engineer, disassemble, or create derivative works of the GDK or any part of the GDK; or (b) load any part of the GDK onto a mobile handset or wearable computing device or any other hardware device except a Glass device personal computer, combine any part of the GDK with other software, or distribute any software or device incorporating a part of the GDK.
2025-10-13T23:53:18.3085489Z 
2025-10-13T23:53:18.3086723Z 3.4 You agree that you will not take any actions that may cause or result in the fragmentation of Glass, including but not limited to distributing, participating in the creation of, or promoting in any way a software development kit derived from the GDK.
2025-10-13T23:53:18.3088085Z 
2025-10-13T23:53:18.3089292Z 3.5 Use, reproduction and distribution of components of the GDK licensed under an open source software license are governed solely by the terms of that open source software license and not this License Agreement.
2025-10-13T23:53:18.3090551Z 
2025-10-13T23:53:18.3092831Z 3.6 You agree that the form and nature of the GDK that Google provides may change without prior notice to you and that future versions of the GDK may be incompatible with applications developed on previous versions of the GDK. You agree that Google may stop (permanently or temporarily) providing the GDK (or any features within the GDK) to you or to users generally at Google's sole discretion, without prior notice to you.
2025-10-13T23:53:18.3095104Z 
2025-10-13T23:53:18.3095939Z 3.7 Nothing in this License Agreement gives you a right to use any of Google's trade names, trademarks, service marks, logos, domain names, or other distinctive brand features.
2025-10-13T23:53:18.3096918Z 
2025-10-13T23:53:18.3097809Z 3.8 You agree that you will not remove, obscure, or alter any proprietary rights notices (including copyright and trademark notices) that may be affixed to or contained within the GDK.
2025-10-13T23:53:18.3099086Z 
2025-10-13T23:53:18.3099106Z 
2025-10-13T23:53:18.3100932Z 3.9 Your use of any Android system files, packaged APIs, or other components of the GDK which are part of the Android Software Development Kit is subject to the terms of the Android Software Development Kit License Agreement located at http://developer.android.com/sdk/terms.html. These terms are hereby incorporated by reference into this License Agreement.
2025-10-13T23:53:18.3102878Z 
2025-10-13T23:53:18.3103026Z 4. Use of the GDK by You
2025-10-13T23:53:18.3103272Z 
2025-10-13T23:53:18.3104546Z 4.1 Google agrees that it obtains no right, title or interest from you (or your licensors) under this License Agreement in or to any software applications that you develop using the GDK, including any intellectual property rights that subsist in those applications.
2025-10-13T23:53:18.3105982Z 
2025-10-13T23:53:18.3108655Z 4.2 You agree to use the GDK and write applications only for purposes that are permitted by (a) this License Agreement, (b) the Glass Platform Developer Policies (located at https://developers.google.com/glass/policies, and hereby incorporated into this License Agreement by reference), and (c) any applicable law, regulation or generally accepted practices or guidelines in the relevant jurisdictions (including any laws regarding the export of data or software to and from the United States or other relevant countries).
2025-10-13T23:53:18.3111596Z 
2025-10-13T23:53:18.3115490Z 4.3 You agree that if you use the GDK to develop applications for general public users, you will protect the privacy and legal rights of those users. If the users provide you with user names, passwords, or other login information or personal information, you must make the users aware that the information will be available to your application, and you must provide legally adequate privacy notice and protection for those users. If your application stores personal or sensitive information provided by users, it must do so securely. If the user provides your application with Google Account information, your application may only use that information to access the user's Google Account when, and for the limited purposes for which, the user has given you permission to do so.
2025-10-13T23:53:18.3119903Z 
2025-10-13T23:53:18.3121474Z 4.4 You agree that you will not engage in any activity with the GDK, including the development or distribution of an application, that interferes with, disrupts, damages, or accesses in an unauthorized manner the servers, networks, or other properties or services of any third party including, but not limited to, Google.
2025-10-13T23:53:18.3123258Z 
2025-10-13T23:53:18.3124917Z 4.5 You agree that you are solely responsible for (and that Google has no responsibility to you or to any third party for) any data, content, or resources that you create, transmit or display through Glass and/or applications for Glass, and for the consequences of your actions (including any loss or damage which Google may suffer) by doing so.
2025-10-13T23:53:18.3126718Z 
2025-10-13T23:53:18.3128969Z 4.6 You agree that you are solely responsible for (and that Google has no responsibility to you or to any third party for) any breach of your obligations under this License Agreement, any applicable third party contract or Terms of Service, or any applicable law or regulation, and for the consequences (including any loss or damage which Google or any third party may suffer) of any such breach.
2025-10-13T23:53:18.3131026Z 
2025-10-13T23:53:18.3131033Z 
2025-10-13T23:53:18.3132869Z 4.7 The GDK is in development, and your testing and feedback are an important part of the development process. By using the GDK, you acknowledge that implementation of some features are still under development and that you should not rely on the GDK, Glass devices, Glass system software, Google Mirror API, or Glass services having the full functionality of a stable release.
2025-10-13T23:53:18.3134838Z 
2025-10-13T23:53:18.3135005Z 5. Your Developer Credentials
2025-10-13T23:53:18.3135266Z 
2025-10-13T23:53:18.3136694Z 5.1 You agree that you are responsible for maintaining the confidentiality of any developer credentials that may be issued to you by Google or which you may choose yourself and that you will be solely responsible for all applications that are developed under your developer credentials.
2025-10-13T23:53:18.3138257Z 
2025-10-13T23:53:18.3138409Z 6. Privacy and Information
2025-10-13T23:53:18.3138654Z 
2025-10-13T23:53:18.3138672Z 
2025-10-13T23:53:18.3141181Z 6.1 In order to continually innovate and improve the GDK, Google may collect certain usage statistics from the software including but not limited to a unique identifier, associated IP address, version number of the software, and information on which tools and/or services in the GDK are being used and how they are being used. Before any of this information is collected, the GDK will notify you and seek your consent. If you withhold consent, the information will not be collected.
2025-10-13T23:53:18.3143679Z 
2025-10-13T23:53:18.3144279Z 6.2 The data collected is examined in the aggregate to improve the GDK and is maintained in accordance with Google's Privacy Policy.
2025-10-13T23:53:18.3145042Z 
2025-10-13T23:53:18.3145193Z 7. Third Party Applications
2025-10-13T23:53:18.3145453Z 
2025-10-13T23:53:18.3148365Z 7.1 If you use the GDK to run applications developed by a third party or that access data, content or resources provided by a third party, you agree that Google is not responsible for those applications, data, content, or resources. You understand that all data, content or resources which you may access through such third party applications are the sole responsibility of the person from which they originated and that Google is not liable for any loss or damage that you may experience as a result of the use or access of any of those third party applications, data, content, or resources.
2025-10-13T23:53:18.3151537Z 
2025-10-13T23:53:18.3153933Z 7.2 You should be aware the data, content, and resources presented to you through such a third party application may be protected by intellectual property rights which are owned by the providers (or by other persons or companies on their behalf). You may not modify, rent, lease, loan, sell, distribute or create derivative works based on these data, content, or resources (either in whole or in part) unless you have been specifically given permission to do so by the relevant owners.
2025-10-13T23:53:18.3156616Z 
2025-10-13T23:53:18.3157946Z 7.3 You acknowledge that your use of such third party applications, data, content, or resources may be subject to separate terms between you and the relevant third party. In that case, this License Agreement does not affect your legal relationship with these third parties.
2025-10-13T23:53:18.3159567Z 
2025-10-13T23:53:18.3159713Z 8. Using Google APIs
2025-10-13T23:53:18.3159933Z 
2025-10-13T23:53:18.3160067Z 8.1 Google APIs
2025-10-13T23:53:18.3160258Z 
2025-10-13T23:53:18.3162824Z 8.1.1 If you use any API to retrieve data from Google, you acknowledge that the data may be protected by intellectual property rights which are owned by Google or those parties that provide the data (or by other persons or companies on their behalf). Your use of any such API may be subject to additional Terms of Service. You may not modify, rent, lease, loan, sell, distribute or create derivative works based on this data (either in whole or in part) unless allowed by the relevant Terms of Service.
2025-10-13T23:53:18.3165365Z 
2025-10-13T23:53:18.3166543Z 8.1.2 If you use any API to retrieve a user's data from Google, you acknowledge and agree that you shall retrieve data only with the user's explicit consent and only when, and for the limited purposes for which, the user has given you permission to do so.
2025-10-13T23:53:18.3167856Z 
2025-10-13T23:53:18.3168022Z 9. Terminating this License Agreement
2025-10-13T23:53:18.3168328Z 
2025-10-13T23:53:18.3168952Z 9.1 This License Agreement will continue to apply until terminated by either you or Google as set out below.
2025-10-13T23:53:18.3169610Z 
2025-10-13T23:53:18.3170222Z 9.2 If you want to terminate this License Agreement, you may do so by ceasing your use of the GDK and any relevant developer credentials.
2025-10-13T23:53:18.3170976Z 
2025-10-13T23:53:18.3173991Z 9.3 Google may at any time, terminate this License Agreement with you if: (A) you have breached any provision of this License Agreement; or (B) Google is required to do so by law; or (C) the partner with whom Google offered certain parts of GDK (such as APIs) to you has terminated its relationship with Google or ceased to offer certain parts of the GDK to you; or (D) Google decides to no longer provide the GDK or certain parts of the GDK to users in the country in which you are resident or from which you use the service, or the provision of the GDK or certain GDK services to you by Google is, in Google's sole discretion, no longer commercially viable.
2025-10-13T23:53:18.3177156Z 
2025-10-13T23:53:18.3179541Z 9.4 When this License Agreement comes to an end, all of the legal rights, obligations and liabilities that you and Google have benefited from, been subject to (or which have accrued over time whilst this License Agreement has been in force) or which are expressed to continue indefinitely, shall be unaffected by this cessation, and the provisions of paragraph 14.7 shall continue to apply to such rights, obligations and liabilities indefinitely.
2025-10-13T23:53:18.3181912Z 
2025-10-13T23:53:18.3182083Z 10. DISCLAIMER OF WARRANTIES
2025-10-13T23:53:18.3182349Z 
2025-10-13T23:53:18.3183153Z 10.1 YOU EXPRESSLY UNDERSTAND AND AGREE THAT YOUR USE OF THE GDK IS AT YOUR SOLE RISK AND THAT THE GDK IS PROVIDED "AS IS" AND "AS AVAILABLE" WITHOUT WARRANTY OF ANY KIND FROM GOOGLE.
2025-10-13T23:53:18.3184073Z 
2025-10-13T23:53:18.3185324Z 10.2 YOUR USE OF THE GDK AND ANY MATERIAL DOWNLOADED OR OTHERWISE OBTAINED THROUGH THE USE OF THE GDK IS AT YOUR OWN DISCRETION AND RISK AND YOU ARE SOLELY RESPONSIBLE FOR ANY DAMAGE TO YOUR COMPUTER SYSTEM OR OTHER DEVICE OR LOSS OF DATA THAT RESULTS FROM SUCH USE.
2025-10-13T23:53:18.3186892Z 
2025-10-13T23:53:18.3188201Z 10.3 GOOGLE FURTHER EXPRESSLY DISCLAIMS ALL WARRANTIES AND CONDITIONS OF ANY KIND, WHETHER EXPRESS OR IMPLIED, INCLUDING, BUT NOT LIMITED TO THE IMPLIED WARRANTIES AND CONDITIONS OF MERCHANTABILITY, FITNESS FOR A PARTICULAR PURPOSE AND NON-INFRINGEMENT.
2025-10-13T23:53:18.3189870Z 
2025-10-13T23:53:18.3190030Z 11. LIMITATION OF LIABILITY
2025-10-13T23:53:18.3190270Z 
2025-10-13T23:53:18.3192143Z 11.1 YOU EXPRESSLY UNDERSTAND AND AGREE THAT GOOGLE, ITS SUBSIDIARIES AND AFFILIATES, AND ITS LICENSORS SHALL NOT BE LIABLE TO YOU UNDER ANY THEORY OF LIABILITY FOR ANY DIRECT, INDIRECT, INCIDENTAL, SPECIAL, CONSEQUENTIAL OR EXEMPLARY DAMAGES THAT MAY BE INCURRED BY YOU, INCLUDING ANY LOSS OF DATA, WHETHER OR NOT GOOGLE OR ITS REPRESENTATIVES HAVE BEEN ADVISED OF OR SHOULD HAVE BEEN AWARE OF THE POSSIBILITY OF ANY SUCH LOSSES ARISING.
2025-10-13T23:53:18.3194274Z 
2025-10-13T23:53:18.3194432Z 12. Indemnification
2025-10-13T23:53:18.3194667Z 
2025-10-13T23:53:18.3198241Z 12.1 To the maximum extent permitted by law, you agree to defend, indemnify and hold harmless Google, its affiliates and their respective directors, officers, employees and agents from and against any and all claims, actions, suits or proceedings, as well as any and all losses, liabilities, damages, costs and expenses (including reasonable attorneys fees) arising out of or accruing from (a) your use of the GDK, (b) any application you develop on the GDK that infringes any copyright, trademark, trade secret, trade dress, patent or other intellectual property right of any person or defames any person or violates their rights of publicity or privacy, and (c) any non-compliance by you with this License Agreement.
2025-10-13T23:53:18.3202123Z 
2025-10-13T23:53:18.3202300Z 13. Changes to the License Agreement
2025-10-13T23:53:18.3202609Z 
2025-10-13T23:53:18.3203742Z 13.1 Google may make changes to the License Agreement as it distributes new versions of the GDK. When these changes are made, Google will make a new version of the License Agreement available on the website where the GDK is made available.
2025-10-13T23:53:18.3205017Z 
2025-10-13T23:53:18.3205171Z 14. General Legal Terms
2025-10-13T23:53:18.3205398Z 
2025-10-13T23:53:18.3206979Z 14.1 This License Agreement constitutes the whole legal agreement between you and Google and governs your use of the GDK (excluding any services which Google may provide to you under a separate written agreement), and completely replaces any prior agreements between you and Google in relation to the GDK.
2025-10-13T23:53:18.3208669Z 
2025-10-13T23:53:18.3210363Z 14.2 You agree that if Google does not exercise or enforce any legal right or remedy which is contained in this License Agreement (or which Google has the benefit of under any applicable law), this will not be taken to be a formal waiver of Google's rights and that those rights or remedies will still be available to Google.
2025-10-13T23:53:18.3212040Z 
2025-10-13T23:53:18.3213781Z 14.3 If any court of law, having the jurisdiction to decide on this matter, rules that any provision of this License Agreement is invalid, then that provision will be removed from this License Agreement without affecting the rest of this License Agreement. The remaining provisions of this License Agreement will continue to be valid and enforceable.
2025-10-13T23:53:18.3215712Z 
2025-10-13T23:53:18.3217949Z 14.4 You acknowledge and agree that each member of the group of companies of which Google is the parent shall be third party beneficiaries to this License Agreement and that such other companies shall be entitled to directly enforce, and rely upon, any provision of this License Agreement that confers a benefit on (or rights in favor of) them. Other than this, no other person or company shall be third party beneficiaries to this License Agreement.
2025-10-13T23:53:18.3220591Z 
2025-10-13T23:53:18.3221903Z 14.5 EXPORT RESTRICTIONS. THE GDK IS SUBJECT TO UNITED STATES EXPORT LAWS AND REGULATIONS. YOU MUST COMPLY WITH ALL DOMESTIC AND INTERNATIONAL EXPORT LAWS AND REGULATIONS THAT APPLY TO THE GDK. THESE LAWS INCLUDE RESTRICTIONS ON DESTINATIONS, END USERS AND END USE.
2025-10-13T23:53:18.3223556Z 
2025-10-13T23:53:18.3225253Z 14.6 The rights granted in this License Agreement may not be assigned or transferred by either you or Google without the prior written approval of the other party. Neither you nor Google shall be permitted to delegate their responsibilities or obligations under this License Agreement without the prior written approval of the other party.
2025-10-13T23:53:18.3227080Z 
2025-10-13T23:53:18.3230444Z 14.7 This License Agreement, and your relationship with Google under this License Agreement, shall be governed by the laws of the State of California without regard to its conflict of laws provisions. You and Google agree to submit to the exclusive jurisdiction of the courts located within the county of Santa Clara, California to resolve any legal matter arising from this License Agreement. Notwithstanding this, you agree that Google shall still be allowed to apply for injunctive remedies (or an equivalent type of urgent legal relief) in any jurisdiction.
2025-10-13T23:53:18.3233421Z 
2025-10-13T23:53:18.3233572Z November 19, 2013
2025-10-13T23:53:18.3233931Z ---------------------------------------
2025-10-13T23:53:18.3234374Z Accept? (y/N): 
2025-10-13T23:53:18.3234789Z 6/6: License mips-android-sysimage-license:
2025-10-13T23:53:18.3235340Z ---------------------------------------
2025-10-13T23:53:18.3238624Z MIPS Technologies, Inc. (“MIPS”) Internal Evaluation License Agreement for MIPS Android™ System Images for Android Software Development Kit (SDK): This Internal Evaluation License Agreement (this "Agreement") is entered into by and between MIPS and you (as an individual developer or a legal entity -- identified below as “Recipient”). MIPS shall make the Evaluation Software available to Recipient as described in accordance with the terms and conditions set forth below.
2025-10-13T23:53:18.3241539Z 
2025-10-13T23:53:18.3244803Z By clicking on the “Accept” button, downloading, installing, or otherwise using the Evaluation Materials (defined below), you agree to be bound by the terms of this Agreement effective as of the date you click “Accept” (the “Effective Date”), and if doing so on behalf of an entity, you represent that you are authorized to bind the entity to the terms and conditions of this Agreement. If you do not agree to be bound by the terms and conditions of this Agreement, do not download, install, or use the Evaluation Materials.
2025-10-13T23:53:18.3247540Z 
2025-10-13T23:53:18.3247848Z 1. DEFINITIONS. These terms shall have the following meanings:
2025-10-13T23:53:18.3248280Z 
2025-10-13T23:53:18.3249629Z 1.1 “MIPS” shall mean MIPS Technologies, Inc., a Delaware corporation having a principal place of business at: 955 East Arques Ave., Sunnyvale, CA 94085
2025-10-13T23:53:18.3250566Z 
2025-10-13T23:53:18.3251594Z 1.2 “Evaluation Software” shall mean MIPS Android™ emulator system images for Android Software Development Kit (SDK), as made available to Recipient.
2025-10-13T23:53:18.3252570Z 
2025-10-13T23:53:18.3254591Z 1.3 “Evaluation Materials" means, collectively, the Evaluation Software (in source and/or object code form) and documentation (including, without limitation, any design documents, specifications, reference manuals, and other related materials) related to the Evaluation Software as made available to Recipient.
2025-10-13T23:53:18.3256413Z 
2025-10-13T23:53:18.3262585Z 1.4 “Open Source Software” means any software that requires (as a condition of use, modification and/or distribution of such software) that such software or other software incorporated into, derived from or distributed with such software (a) be disclosed or distributed in source code form; or (b) be licensed by the user to third parties for the purpose of making and/or distributing derivative works; or (c) be redistributable at no charge. Open Source Software includes, without limitation, software licensed or distributed under any of the following licenses or distribution models, or licenses or distribution models substantially similar to any of the following: (a) GNU’s General Public License (GPL) or Lesser/Library GPL (LGPL), (b) the Artistic License (e.g., PERL), (c) the Mozilla Public License, (d) the Netscape Public License, (e) the Sun Community Source License (SCSL), (f) the Sun Industry Source License (SISL), (g) the Apache Software license and (h) the Common Public License (CPL).
2025-10-13T23:53:18.3268010Z 
2025-10-13T23:53:18.3270183Z 1.5 “Pre-Release Materials” means “alpha” or “beta” designated pre-release features, which may not be fully functional, which MIPS may substantially modify in producing any production version of the Evaluation Materials, and/or which is still under development by MIPS and/or MIPS’ suppliers.
2025-10-13T23:53:18.3271893Z 
2025-10-13T23:53:18.3275311Z 2. PURPOSE. MIPS desires to make the Evaluation Materials available to Recipient solely for Recipient's internal evaluation of the Evaluation Software to evaluate the desirability of cooperating with MIPS in developing products that are compatible with the Evaluation Software and/or to advise MIPS as to possible modifications to the Evaluation Software. Recipient may not disclose, distribute, modify (except to facilitate the above-mentioned internal evaluation), or make commercial use of the Evaluation Materials or any modifications of the Evaluation Materials.
2025-10-13T23:53:18.3278440Z 
2025-10-13T23:53:18.3281026Z THE EVALUATION MATERIALS ARE PROVIDED FOR EVALUATION PURPOSES ONLY AND MAY NOT BE MODIFIED (EXCEPT TO FACILITATE THE INTERNAL EVALUATION) OR DISTRIBUTED BY RECIPIENT OR INCORPORATED INTO RECIPIENT’S PRODUCTS OR SOFTWARE. PLEASE CONTACT A MIPS SALES REPRESENTATIVE TO LEARN ABOUT THE AVAILABILITY AND COST OF A COMMERCIAL VERSION OF THE EVALUATION SOFTWARE.
2025-10-13T23:53:18.3282981Z 
2025-10-13T23:53:18.3284413Z 3. TITLE. Title to the Evaluation Materials remains with MIPS or its suppliers. Recipient shall not mortgage, pledge or encumber the Evaluation Materials in any way. Recipient shall return all Evaluation Materials, keeping no copies, upon termination or expiration of this Agreement.
2025-10-13T23:53:18.3286078Z 
2025-10-13T23:53:18.3295197Z 4. LICENSE. MIPS grants Recipient a royalty-free, personal, nontransferable, nonexclusive license under its copyrights to use the Evaluation Software only for the purposes described in paragraph 2 above and only for a period beginning on the Effective Date and extending to the first anniversary of the Effective Date (the “Evaluation Period”). Unless otherwise communicated in writing by MIPS to Recipient, to the extent the Evaluation Software is provided in more than one delivery or release (each, a “Release”) the license grant in this Section 4 and the Evaluation Period shall apply to each Release, in which case the Evaluation Period shall begin on the date that the Release is made generally available and continue to the first anniversary of such date. Recipient may not make modifications to the Evaluation Software. Recipient shall not disassemble, reverse-engineer, or decompile any software that is not provided to Recipient in source code form.
2025-10-13T23:53:18.3302563Z 
2025-10-13T23:53:18.3302573Z 
2025-10-13T23:53:18.3304619Z EXCEPT AS PROVIDED HEREIN, NO OTHER LICENSE, EXPRESS OR IMPLIED, BY ESTOPPEL OR OTHERWISE, TO ANY OTHER MIPS INTELLECTUAL PROPERTY RIGHTS IS GRANTED TO THE RECIPIENT. OTHER THAN AS EXPLICITLY SET FORTH IN PARAGRAPH 2 ABOVE, NO RIGHT TO COPY, TO REPRODUCE, TO MODIFY, OR TO CREATE DERIVATIVE WORKS OF, THE EVALUATION MATERIALS IS GRANTED HEREIN.
2025-10-13T23:53:18.3306506Z 
2025-10-13T23:53:18.3307852Z 5. NO OBLIGATION. Recipient shall have no duty to purchase or license any product from MIPS. MIPS and its suppliers shall have no obligation to provide support for, or develop a non-evaluation version of, the Evaluation Software or to license any version of it.
2025-10-13T23:53:18.3309607Z 
2025-10-13T23:53:18.3315743Z 6. MODIFICATIONS. This Agreement does not obligate Recipient to provide MIPS with comments or suggestions regarding Evaluation Materials. However, should Recipient provide MIPS with comments or suggestions for the modification, correction, improvement or enhancement of (a) the Evaluation Materials or (b) MIPS products or processes which may embody the Evaluation Materials, then Recipient agrees to grant and hereby grants to MIPS a non-exclusive, irrevocable, worldwide, fully paid-up, royalty-free license, with the right to sublicense MIPS’ licensees and customers, under Recipient’s Intellectual property rights, to use and disclose such comments and suggestions in any manner MIPS chooses and to display, perform, copy, make, have made, use, sell, offer to sell, import, and otherwise dispose of MIPS’ and its sublicensee’s products embodying such comments and suggestions in any manner and via any media MIPS chooses, without reference to the source.
2025-10-13T23:53:18.3321334Z 
2025-10-13T23:53:18.3324450Z 7. WARRANTY DISCLAIMER. MIPS AND ITS SUPPLIERS MAKE NO WARRANTIES WITH RESPECT TO EVALUATION MATERIALS, EITHER EXPRESS OR IMPLIED, INCLUDING ANY IMPLIED WARRANTIES OF MERCHANTABILITY OR FITNESS FOR A PARTICULAR PURPOSE, OR ANY IMPLIED WARRANTY OF NONINFRINGEMENT WITH RESPECT TO THIRD PARTY INTELLECTUAL PROPERTY. RECIPIENT ACKNOWLEDGES AND AGREES THAT THE EVALUATION MATERIALS ARE PROVIDED “AS IS,” WITHOUT WARRANTY OF ANY KIND.
2025-10-13T23:53:18.3326986Z 
2025-10-13T23:53:18.3330712Z 8. LIMITATION OF LIABILITY. MIPS AND ITS SUPPLIERS SHALL NOT BE LIABLE FOR ANY PROPERTY DAMAGE, PERSONAL INJURY, LOSS OF PROFITS, INTERRUPTION OF BUSINESS OR FOR ANY DIRECT, INDIRECT, SPECIAL, CONSEQUENTIAL OR INCIDENTAL DAMAGES, HOWEVER CAUSED OR ALLEGED, WHETHER FOR BREACH OF WARRANTY, CONTRACT, STRICT LIABILITY OR OTHERWISE, INCLUDING WITHOUT LIMITATION, UNDER TORT OR OTHER LEGAL THEORY. MIPS AND ITS SUPPLIERS DISCLAIM ANY AND ALL LIABILITY, INCLUDING LIABILITY FOR INFRINGEMENT OF ANY INTELLECTUAL PROPERTY RIGHTS OF ANY KIND RELATING TO THE EVALUATION MATERIALS.
2025-10-13T23:53:18.3334005Z 
2025-10-13T23:53:18.3335385Z 9. EXPIRATION. MIPS may terminate this Agreement immediately after a breach by Recipient or otherwise at MIPS’ reasonable discretion and upon five (5) business days’ notice to Recipient.
2025-10-13T23:53:18.3336558Z 
2025-10-13T23:53:18.3336706Z 10. GENERAL.
2025-10-13T23:53:18.3336906Z 
2025-10-13T23:53:18.3342534Z 10.1 Controlling Law. This Agreement shall be governed by California law excluding its choice of law rules. With the exception of MIPS’ rights to enforce its intellectual property rights and any confidentiality obligations under this Agreement or any licenses distributed with the Evaluation Materials, all disputes and any claims arising under or relating to this Agreement shall be subject to the exclusive jurisdiction and venue of the state and federal courts located in Santa Clara County, California. Each party hereby agrees to jurisdiction and venue in the courts set forth in the preceding sentence. The parties agree that the United Nations Convention on Contracts for the International Sale of Goods is specifically excluded from application to this Agreement. The parties consent to the personal jurisdiction of the above courts.
2025-10-13T23:53:18.3347618Z 
2025-10-13T23:53:18.3350468Z 10.2 Remedies. Recipient acknowledges and agrees that any breach of confidentiality obligations under this Agreement or any licenses distributed with the Evaluation Materials, as well as any disclosure, commercialization, or public use of the Evaluation Materials, would cause irreparable injury to MIPS, and therefore Recipient agrees to consent to, and hereby consents to, the grant of an injunction by any court of competent jurisdiction in the event of an actual or threatened breach.
2025-10-13T23:53:18.3352706Z 
2025-10-13T23:53:18.3354604Z 10.3 Assignment. Recipient may not delegate, assign or transfer this Agreement, the license granted or any of Recipient’s rights, obligations, or duties hereunder, expressly, by implication, by operation of law, by way of merger (regardless of whether Recipient is the surviving entity) or acquisition, or otherwise and any attempt to do so, without MIPS’ express prior written consent, shall be ineffective, null and void. MIPS may freely assign this Agreement, and its rights and obligations hereunder, in its sole discretion.
2025-10-13T23:53:18.3356399Z 
2025-10-13T23:53:18.3357750Z 10.4 Entire Agreement. This Agreement constitutes the entire agreement between Recipient and MIPS and supersedes in their entirety any and all oral or written agreements previously existing between Recipient and MIPS with respect to the subject matter hereof. This Agreement may only be amended or supplemented by a writing that refers explicitly to this Agreement and that is signed or otherwise accepted by duly authorized representatives of Recipient and MIPS.
2025-10-13T23:53:18.3359396Z 
2025-10-13T23:53:18.3360841Z 10.5 Severability. In the event that any provision of this Agreement is finally adjudicated to be unenforceable or invalid under any applicable law, such unenforceability or invalidity shall not render this Agreement unenforceable or invalid as a whole, and, in such event, such unenforceable or invalid provision shall be interpreted so as to best accomplish the objectives of such provision within the limits of applicable law or applicable court decisions.
2025-10-13T23:53:18.3362545Z 
2025-10-13T23:53:18.3370238Z 10.6 Export Regulations / Export Control. Recipient shall not export, either directly or indirectly, any product, service or technical data or system incorporating the Evaluation Materials without first obtaining any required license or other necessary approval from the U.S. Department of Commerce or any other governing agency or department of the United States Government. In the event any product is exported from the United States or re-exported from a foreign destination by Recipient, Recipient shall ensure that the distribution and export/re-export or import of the product is in compliance with all applicable laws, regulations, orders, or other restrictions of the U.S. Export Administration Regulations and the appropriate foreign government. Recipient agrees that neither it nor any of its subsidiaries will export/re-export any technical data, process, product, or service, directly or indirectly, to any country for which the United States government or any agency thereof or the foreign government from where it is shipping requires an export license, or other governmental approval, without first obtaining such license or approval. Recipient also agrees to implement measures to ensure that foreign national employees are authorized to receive any information controlled by U.S. export control laws. An export is "deemed" to take place when information is released to a foreign national wherever located.
2025-10-13T23:53:18.3378148Z 
2025-10-13T23:53:18.3384209Z 10.7 Special Terms for Pre-Release Materials. If so indicated in the description of the Evaluation Software, the Evaluation Software may contain Pre-Release Materials. Recipient hereby understands, acknowledges and agrees that: (i) Pre-Release Materials may not be fully tested and may contain bugs or errors; (ii) Pre-Release materials are not suitable for commercial release in their current state; (iii) regulatory approvals for Pre-Release Materials (such as UL or FCC) have not been obtained, and Pre-Release Materials may therefore not be certified for use in certain countries or environments or may not be suitable for certain applications and (iv) MIPS can provide no assurance that it will ever produce or make generally available a production version of the Pre-Release Materials . MIPS is not under any obligation to develop and/or release or offer for sale or license a final product based upon the Pre-Release Materials and may unilaterally elect to abandon the Pre-Release Materials or any such development platform at any time and without any obligation or liability whatsoever to Recipient or any other person.
2025-10-13T23:53:18.3390732Z 
2025-10-13T23:53:18.3391827Z ANY PRE-RELEASE MATERIALS ARE NON-QUALIFIED AND, AS SUCH, ARE PROVIDED “AS IS” AND “AS AVAILABLE”, POSSIBLY WITH FAULTS, AND WITHOUT REPRESENTATION OR WARRANTY OF ANY KIND.
2025-10-13T23:53:18.3393000Z 
2025-10-13T23:53:18.3396189Z 10.8 Open Source Software. In the event Open Source software is included with Evaluation Software, such Open Source software is licensed pursuant to the applicable Open Source software license agreement identified in the Open Source software comments in the applicable source code file(s) and/or file header as indicated in the Evaluation Software. Additional detail may be available (where applicable) in the accompanying on-line documentation. With respect to the Open Source software, nothing in this Agreement limits any rights under, or grants rights that supersede, the terms of any applicable Open Source software license agreement.
2025-10-13T23:53:18.3400030Z ---------------------------------------
2025-10-13T23:53:18.3400532Z Accept? (y/N): All SDK package licenses accepted
2025-10-13T23:53:18.3400883Z 
2025-10-13T23:53:18.3401267Z [command]/usr/local/lib/android/sdk/cmdline-tools/16.0/bin/sdkmanager tools
2025-10-13T23:53:19.3585963Z Loading package information...                                                  
2025-10-13T23:53:19.4971650Z Loading local repository...                                                     
2025-10-13T23:53:19.4979914Z [                                       ] 3% Loading local repository...        
2025-10-13T23:53:19.5093800Z [                                       ] 3% Fetch remote repository...         
2025-10-13T23:53:19.9913426Z [=                                      ] 3% Fetch remote repository...         
2025-10-13T23:53:20.0674662Z [=                                      ] 4% Fetch remote repository...         
2025-10-13T23:53:20.1014133Z [=                                      ] 5% Fetch remote repository...         
2025-10-13T23:53:20.1526496Z [==                                     ] 5% Fetch remote repository...         
2025-10-13T23:53:20.2362392Z [==                                     ] 6% Fetch remote repository...         
2025-10-13T23:53:20.3512170Z [==                                     ] 7% Fetch remote repository...         
2025-10-13T23:53:20.3512819Z [==                                     ] 7% Computing updates...               
2025-10-13T23:53:20.3761357Z [===                                    ] 8% Computing updates...               
2025-10-13T23:53:20.4103000Z [===                                    ] 10% Computing updates...              
2025-10-13T23:53:20.9627700Z [===                                    ] 10% Installing Android Emulator       
2025-10-13T23:53:21.1548684Z [===                                    ] 10% Downloading emulator-linux_x64-142
2025-10-13T23:53:21.2973701Z [====                                   ] 10% Downloading emulator-linux_x64-142
2025-10-13T23:53:21.5399610Z [====                                   ] 11% Downloading emulator-linux_x64-142
2025-10-13T23:53:21.6759105Z [====                                   ] 12% Downloading emulator-linux_x64-142
2025-10-13T23:53:21.8094081Z [=====                                  ] 13% Downloading emulator-linux_x64-142
2025-10-13T23:53:21.9186158Z [=====                                  ] 14% Downloading emulator-linux_x64-142
2025-10-13T23:53:21.9760612Z [=====                                  ] 15% Downloading emulator-linux_x64-142
2025-10-13T23:53:22.0101455Z [======                                 ] 15% Downloading emulator-linux_x64-142
2025-10-13T23:53:22.0974551Z [======                                 ] 16% Downloading emulator-linux_x64-142
2025-10-13T23:53:22.2186596Z [======                                 ] 17% Downloading emulator-linux_x64-142
2025-10-13T23:53:22.3391072Z [=======                                ] 18% Downloading emulator-linux_x64-142
2025-10-13T23:53:22.4603319Z [=======                                ] 19% Downloading emulator-linux_x64-142
2025-10-13T23:53:22.5075411Z [=======                                ] 20% Downloading emulator-linux_x64-142
2025-10-13T23:53:22.5726282Z [========                               ] 20% Downloading emulator-linux_x64-142
2025-10-13T23:53:22.6479533Z [========                               ] 21% Downloading emulator-linux_x64-142
2025-10-13T23:53:22.7858186Z [========                               ] 21% Unzipping...                      
2025-10-13T23:53:22.7859160Z [========                               ] 21% Unzipping... emulator/            
2025-10-13T23:53:22.7889629Z [========                               ] 21% Unzipping... emulator/NOTICE.csv  
2025-10-13T23:53:22.7890391Z [========                               ] 21% Unzipping... emulator/bin64/      
2025-10-13T23:53:22.7891088Z [========                               ] 21% Unzipping... emulator/android-info
2025-10-13T23:53:22.7962409Z [========                               ] 21% Unzipping... emulator/NOTICE.txt  
2025-10-13T23:53:22.7976251Z [========                               ] 21% Unzipping... emulator/qemu/       
2025-10-13T23:53:22.8386943Z [========                               ] 21% Unzipping... emulator/mksdcard    
2025-10-13T23:53:22.8388009Z [========                               ] 21% Unzipping... emulator/lib64/      
2025-10-13T23:53:22.8796511Z [========                               ] 21% Unzipping... emulator/qsn         
2025-10-13T23:53:22.9172804Z [========                               ] 21% Unzipping... emulator/crashreport 
2025-10-13T23:53:22.9614776Z [========                               ] 21% Unzipping... emulator/crashpad_han
2025-10-13T23:53:22.9615394Z [========                               ] 21% Unzipping... emulator/lib/        
2025-10-13T23:53:22.9869093Z [========                               ] 21% Unzipping... emulator/emulator-che
2025-10-13T23:53:22.9982992Z [========                               ] 21% Unzipping... emulator/qemu-img    
2025-10-13T23:53:22.9987415Z [========                               ] 21% Unzipping... emulator/LICENSE     
2025-10-13T23:53:22.9988330Z [========                               ] 21% Unzipping... emulator/source.prope
2025-10-13T23:53:22.9996469Z [========                               ] 21% Unzipping... emulator/resources/  
2025-10-13T23:53:23.0087579Z [========                               ] 21% Unzipping... emulator/nimble_bridg
2025-10-13T23:53:23.0650108Z [========                               ] 22% Unzipping... emulator/nimble_bridg
2025-10-13T23:53:23.2076123Z [========                               ] 22% Unzipping... emulator/netsimd     
2025-10-13T23:53:23.2079039Z [========                               ] 22% Unzipping... emulator/include/    
2025-10-13T23:53:23.2173727Z [========                               ] 22% Unzipping... emulator/emulator    
2025-10-13T23:53:23.2220850Z [========                               ] 22% Unzipping... emulator/bin64/mkfs.e
2025-10-13T23:53:23.2255544Z [========                               ] 22% Unzipping... emulator/bin64/e2fsck
2025-10-13T23:53:23.2279491Z [========                               ] 22% Unzipping... emulator/bin64/resize
2025-10-13T23:53:23.2323677Z [========                               ] 22% Unzipping... emulator/bin64/fsck.e
2025-10-13T23:53:23.2352512Z [========                               ] 22% Unzipping... emulator/bin64/tune2f
2025-10-13T23:53:23.4003622Z [========                               ] 22% Unzipping... emulator/qemu/linux-x
2025-10-13T23:53:23.7909262Z [=========                              ] 23% Unzipping... emulator/qemu/linux-x
2025-10-13T23:53:24.1600784Z [=========                              ] 24% Unzipping... emulator/qemu/linux-x
2025-10-13T23:53:24.3411021Z [=========                              ] 25% Unzipping... emulator/qemu/linux-x
2025-10-13T23:53:24.3802087Z [==========                             ] 25% Unzipping... emulator/qemu/linux-x
2025-10-13T23:53:24.3804590Z [==========                             ] 25% Unzipping... emulator/lib64/libemu
2025-10-13T23:53:24.5233863Z [==========                             ] 25% Unzipping... emulator/lib64/liband
2025-10-13T23:53:24.5234836Z [==========                             ] 25% Unzipping... emulator/lib64/gles_a
2025-10-13T23:53:24.5333731Z [==========                             ] 25% Unzipping... emulator/lib64/libgfx
2025-10-13T23:53:24.5963397Z [==========                             ] 26% Unzipping... emulator/lib64/libgfx
2025-10-13T23:53:24.6105911Z [==========                             ] 26% Unzipping... emulator/lib64/libpro
2025-10-13T23:53:24.6107673Z [==========                             ] 26% Unzipping... emulator/lib64/qt/   
2025-10-13T23:53:24.6119968Z [==========                             ] 26% Unzipping... emulator/lib64/liband
2025-10-13T23:53:24.6250573Z [==========                             ] 26% Unzipping... emulator/lib64/libpro
2025-10-13T23:53:24.6408189Z [==========                             ] 26% Unzipping... emulator/lib64/liband
2025-10-13T23:53:24.6410422Z [==========                             ] 26% Unzipping... emulator/lib64/libima
2025-10-13T23:53:24.6416027Z [==========                             ] 26% Unzipping... emulator/lib64/gles_m
2025-10-13T23:53:24.6432484Z [==========                             ] 26% Unzipping... emulator/lib64/libtcm
2025-10-13T23:53:24.6470129Z [==========                             ] 26% Unzipping... emulator/lib64/liband
2025-10-13T23:53:24.6480838Z [==========                             ] 26% Unzipping... emulator/lib64/libdrm
2025-10-13T23:53:24.6711476Z [==========                             ] 26% Unzipping... emulator/lib64/liband
2025-10-13T23:53:24.6780025Z [==========                             ] 26% Unzipping... emulator/lib64/libc++
2025-10-13T23:53:24.6999844Z [==========                             ] 26% Unzipping... emulator/lib64/liband
2025-10-13T23:53:24.7075129Z [==========                             ] 26% Unzipping... emulator/lib64/libsha
2025-10-13T23:53:24.7077977Z [==========                             ] 26% Unzipping... emulator/lib64/gles_s
2025-10-13T23:53:24.7130732Z [==========                             ] 26% Unzipping... emulator/lib64/libabs
2025-10-13T23:53:24.7151726Z [==========                             ] 26% Unzipping... emulator/lib64/liband
2025-10-13T23:53:24.7222030Z [==========                             ] 26% Unzipping... emulator/lib64/libzst
2025-10-13T23:53:24.7333787Z [==========                             ] 26% Unzipping... emulator/lib64/libgli
2025-10-13T23:53:24.7334512Z [==========                             ] 26% Unzipping... emulator/lib64/vulkan
2025-10-13T23:53:24.7413732Z [==========                             ] 26% Unzipping... emulator/lib64/libc++
2025-10-13T23:53:24.8025804Z [==========                             ] 26% Unzipping... emulator/lib64/gles_a
2025-10-13T23:53:24.8047409Z [==========                             ] 26% Unzipping... emulator/lib64/qt/lib
2025-10-13T23:53:24.8050417Z [==========                             ] 26% Unzipping... emulator/lib64/qt/plu
2025-10-13T23:53:24.8052267Z [==========                             ] 26% Unzipping... emulator/lib64/qt/tra
2025-10-13T23:53:24.8054716Z [==========                             ] 26% Unzipping... emulator/lib64/qt/res
2025-10-13T23:53:24.8334422Z [==========                             ] 26% Unzipping... emulator/lib64/qt/lib
2025-10-13T23:53:25.2921432Z [==========                             ] 27% Unzipping... emulator/lib64/qt/lib
2025-10-13T23:53:25.6717685Z [===========                            ] 28% Unzipping... emulator/lib64/qt/lib
2025-10-13T23:53:26.1653117Z [===========                            ] 29% Unzipping... emulator/lib64/qt/lib
2025-10-13T23:53:26.2640376Z [===========                            ] 30% Unzipping... emulator/lib64/qt/lib
2025-10-13T23:53:26.2816733Z [===========                            ] 30% Unzipping... emulator/lib64/qt/plu
2025-10-13T23:53:26.4833226Z [===========                            ] 30% Unzipping... emulator/lib64/qt/tra
2025-10-13T23:53:26.6488117Z [===========                            ] 30% Unzipping... emulator/lib64/qt/res
2025-10-13T23:53:26.7195228Z [============                           ] 30% Unzipping... emulator/lib64/qt/res
2025-10-13T23:53:26.7261611Z [============                           ] 30% Unzipping... emulator/lib64/gles_m
2025-10-13T23:53:26.9114446Z [============                           ] 31% Unzipping... emulator/lib64/gles_m
2025-10-13T23:53:26.9811858Z [============                           ] 31% Unzipping... emulator/lib64/gles_s
2025-10-13T23:53:27.0966322Z [============                           ] 31% Unzipping... emulator/lib64/vulkan
2025-10-13T23:53:27.3433095Z [============                           ] 32% Unzipping... emulator/lib64/vulkan
2025-10-13T23:53:27.3460683Z [============                           ] 32% Unzipping... emulator/lib/ice_conf
2025-10-13T23:53:27.3464772Z [============                           ] 32% Unzipping... emulator/lib/emulator
2025-10-13T23:53:27.3474060Z [============                           ] 32% Unzipping... emulator/lib/rtc_serv
2025-10-13T23:53:27.3474948Z [============                           ] 32% Unzipping... emulator/lib/pc-bios/
2025-10-13T23:53:27.3477376Z [============                           ] 32% Unzipping... emulator/lib/cmake/  
2025-10-13T23:53:27.3478241Z [============                           ] 32% Unzipping... emulator/lib/snapshot
2025-10-13T23:53:27.3480509Z [============                           ] 32% Unzipping... emulator/lib/pkgconfi
2025-10-13T23:53:27.3481385Z [============                           ] 32% Unzipping... emulator/lib/emulator
2025-10-13T23:53:27.3772886Z [============                           ] 32% Unzipping... emulator/lib/libflatb
2025-10-13T23:53:27.3776665Z [============                           ] 32% Unzipping... emulator/lib/snapshot
2025-10-13T23:53:27.3780462Z [============                           ] 32% Unzipping... emulator/lib/control_
2025-10-13T23:53:27.3785907Z [============                           ] 32% Unzipping... emulator/lib/emulated
2025-10-13T23:53:27.3789633Z [============                           ] 32% Unzipping... emulator/lib/grpc_end
2025-10-13T23:53:27.3793127Z [============                           ] 32% Unzipping... emulator/lib/emu-orig
2025-10-13T23:53:27.3811090Z [============                           ] 32% Unzipping... emulator/lib/ca-bundl
2025-10-13T23:53:27.3823151Z [============                           ] 32% Unzipping... emulator/lib/hostapd.
2025-10-13T23:53:27.3844846Z [============                           ] 32% Unzipping... emulator/lib/rtc_serv
2025-10-13T23:53:27.3845520Z [============                           ] 32% Unzipping... emulator/lib/hardware
2025-10-13T23:53:27.3846114Z [============                           ] 32% Unzipping... emulator/lib/advanced
2025-10-13T23:53:27.3846693Z [============                           ] 32% Unzipping... emulator/lib/ui_contr
2025-10-13T23:53:27.3847277Z [============                           ] 32% Unzipping... emulator/lib/waterfal
2025-10-13T23:53:27.3847884Z [============                           ] 32% Unzipping... emulator/lib/adb_serv
2025-10-13T23:53:27.3851404Z [============                           ] 32% Unzipping... emulator/lib/emulator
2025-10-13T23:53:27.4025537Z [============                           ] 32% Unzipping... emulator/lib/pc-bios/
2025-10-13T23:53:27.4033056Z [============                           ] 32% Unzipping... emulator/lib/cmake/fl
2025-10-13T23:53:27.4049405Z [============                           ] 32% Unzipping... emulator/lib/pkgconfi
2025-10-13T23:53:27.4463278Z [============                           ] 32% Unzipping... emulator/resources/To
2025-10-13T23:53:27.4468355Z [============                           ] 32% Unzipping... emulator/resources/ma
2025-10-13T23:53:27.4476346Z [============                           ] 32% Unzipping... emulator/resources/po
2025-10-13T23:53:27.4582321Z [============                           ] 32% Unzipping... emulator/resources/ma
2025-10-13T23:53:27.4647597Z [============                           ] 32% Unzipping... emulator/include/flat
2025-10-13T23:53:27.5325394Z [=============                          ] 33% Unzipping... emulator/include/flat
2025-10-13T23:53:28.2444189Z [=====================                  ] 55% Unzipping... emulator/include/flat
2025-10-13T23:53:28.9249935Z [=====================                  ] 55% Installing Android SDK Tools emula
2025-10-13T23:53:28.9509861Z [=====================                  ] 55% Downloading sdk-tools-linux-433379
2025-10-13T23:53:28.9852870Z [======================                 ] 55% Downloading sdk-tools-linux-433379
2025-10-13T23:53:29.0466461Z [======================                 ] 56% Downloading sdk-tools-linux-433379
2025-10-13T23:53:29.0962390Z [======================                 ] 57% Downloading sdk-tools-linux-433379
2025-10-13T23:53:29.1474392Z [=======================                ] 58% Downloading sdk-tools-linux-433379
2025-10-13T23:53:29.1934838Z [=======================                ] 59% Downloading sdk-tools-linux-433379
2025-10-13T23:53:29.2170996Z [=======================                ] 60% Downloading sdk-tools-linux-433379
2025-10-13T23:53:29.2313130Z [========================               ] 60% Downloading sdk-tools-linux-433379
2025-10-13T23:53:29.2762890Z [========================               ] 61% Downloading sdk-tools-linux-433379
2025-10-13T23:53:29.3391430Z [========================               ] 62% Downloading sdk-tools-linux-433379
2025-10-13T23:53:29.3982056Z [=========================              ] 63% Downloading sdk-tools-linux-433379
2025-10-13T23:53:29.4567811Z [=========================              ] 64% Downloading sdk-tools-linux-433379
2025-10-13T23:53:29.4828122Z [=========================              ] 65% Downloading sdk-tools-linux-433379
2025-10-13T23:53:29.5104527Z [==========================             ] 65% Downloading sdk-tools-linux-433379
2025-10-13T23:53:29.5322959Z [==========================             ] 66% Downloading sdk-tools-linux-433379
2025-10-13T23:53:29.6071511Z [==========================             ] 66% Unzipping... emulator/include/flat
2025-10-13T23:53:29.6075856Z [==========================             ] 66% Unzipping... tools/               
2025-10-13T23:53:29.6080177Z [==========================             ] 66% Unzipping... tools/proguard/      
2025-10-13T23:53:29.6119748Z [==========================             ] 66% Unzipping... tools/proguard/licens
2025-10-13T23:53:29.6121232Z [==========================             ] 66% Unzipping... tools/proguard/lib/  
2025-10-13T23:53:29.6130963Z [==========================             ] 66% Unzipping... tools/proguard/lib/pr
2025-10-13T23:53:29.6131819Z [==========================             ] 66% Unzipping... tools/proguard/lib/re
2025-10-13T23:53:29.6141583Z [==========================             ] 66% Unzipping... tools/proguard/lib/pr
2025-10-13T23:53:29.6155277Z [==========================             ] 66% Unzipping... tools/proguard/ant/  
2025-10-13T23:53:29.6156172Z [==========================             ] 66% Unzipping... tools/proguard/ant/ta
2025-10-13T23:53:29.6156932Z [==========================             ] 66% Unzipping... tools/proguard/docs/ 
2025-10-13T23:53:29.6157779Z [==========================             ] 66% Unzipping... tools/proguard/docs/f
2025-10-13T23:53:29.6159608Z [==========================             ] 66% Unzipping... tools/proguard/docs/s
2025-10-13T23:53:29.6166663Z [==========================             ] 66% Unzipping... tools/proguard/docs/d
2025-10-13T23:53:29.6176010Z [==========================             ] 66% Unzipping... tools/proguard/docs/s
2025-10-13T23:53:29.6185098Z [==========================             ] 66% Unzipping... tools/proguard/docs/F
2025-10-13T23:53:29.6201873Z [==========================             ] 66% Unzipping... tools/proguard/docs/s
2025-10-13T23:53:29.6211721Z [==========================             ] 66% Unzipping... tools/proguard/docs/l
2025-10-13T23:53:29.6219693Z [==========================             ] 66% Unzipping... tools/proguard/docs/s
2025-10-13T23:53:29.6229658Z [==========================             ] 66% Unzipping... tools/proguard/docs/d
2025-10-13T23:53:29.6243024Z [==========================             ] 66% Unzipping... tools/proguard/docs/s
2025-10-13T23:53:29.6250687Z [==========================             ] 66% Unzipping... tools/proguard/docs/r
2025-10-13T23:53:29.6255845Z [==========================             ] 66% Unzipping... tools/proguard/docs/d
2025-10-13T23:53:29.6261515Z [==========================             ] 66% Unzipping... tools/proguard/docs/t
2025-10-13T23:53:29.6267455Z [==========================             ] 66% Unzipping... tools/proguard/docs/f
2025-10-13T23:53:29.6277237Z [==========================             ] 66% Unzipping... tools/proguard/docs/s
2025-10-13T23:53:29.6286972Z [==========================             ] 66% Unzipping... tools/proguard/docs/t
2025-10-13T23:53:29.6288583Z [==========================             ] 66% Unzipping... tools/proguard/docs/i
2025-10-13T23:53:29.6298429Z [==========================             ] 66% Unzipping... tools/proguard/docs/s
2025-10-13T23:53:29.6305119Z [==========================             ] 66% Unzipping... tools/proguard/docs/m
2025-10-13T23:53:29.6311841Z [==========================             ] 66% Unzipping... tools/proguard/docs/s
2025-10-13T23:53:29.6319132Z [==========================             ] 66% Unzipping... tools/proguard/docs/q
2025-10-13T23:53:29.6325805Z [==========================             ] 66% Unzipping... tools/proguard/docs/G
2025-10-13T23:53:29.6332508Z [==========================             ] 66% Unzipping... tools/proguard/docs/t
2025-10-13T23:53:29.6353995Z [==========================             ] 66% Unzipping... tools/proguard/docs/s
2025-10-13T23:53:29.6404267Z [==========================             ] 66% Unzipping... tools/proguard/docs/m
2025-10-13T23:53:29.6407202Z [==========================             ] 66% Unzipping... tools/proguard/docs/s
2025-10-13T23:53:29.6410014Z [==========================             ] 66% Unzipping... tools/proguard/docs/G
2025-10-13T23:53:29.6411986Z [==========================             ] 66% Unzipping... tools/proguard/docs/c
2025-10-13T23:53:29.6431022Z [==========================             ] 66% Unzipping... tools/proguard/docs/a
2025-10-13T23:53:29.6432147Z [==========================             ] 66% Unzipping... tools/proguard/docs/s
2025-10-13T23:53:29.6433468Z [==========================             ] 66% Unzipping... tools/proguard/docs/d
2025-10-13T23:53:29.6515335Z [==========================             ] 66% Unzipping... tools/proguard/exampl
2025-10-13T23:53:29.6520724Z [==========================             ] 66% Unzipping... tools/proguard/bin/  
2025-10-13T23:53:29.6526472Z [==========================             ] 66% Unzipping... tools/proguard/bin/pr
2025-10-13T23:53:29.6528326Z [==========================             ] 66% Unzipping... tools/proguard/bin/re
2025-10-13T23:53:29.6531048Z [==========================             ] 66% Unzipping... tools/proguard/README
2025-10-13T23:53:29.6535577Z [==========================             ] 66% Unzipping... tools/proguard/progua
2025-10-13T23:53:29.6538298Z [==========================             ] 66% Unzipping... tools/lib/           
2025-10-13T23:53:29.6590974Z [==========================             ] 66% Unzipping... tools/lib/bcpkix-jdk1
2025-10-13T23:53:29.6596478Z [==========================             ] 66% Unzipping... tools/lib/org-eclipse
2025-10-13T23:53:29.6609824Z [==========================             ] 66% Unzipping... tools/lib/manifest-me
2025-10-13T23:53:29.6619479Z [==========================             ] 66% Unzipping... tools/lib/jcommander-
2025-10-13T23:53:29.6636791Z [==========================             ] 66% Unzipping... tools/lib/gson-2.3.ja
2025-10-13T23:53:29.6638512Z [==========================             ] 66% Unzipping... tools/lib/ddms-26.0.0
2025-10-13T23:53:29.6641074Z [==========================             ] 66% Unzipping... tools/lib/asm-tree-5.
2025-10-13T23:53:29.6711735Z [==========================             ] 66% Unzipping... tools/lib/uast-26.0.0
2025-10-13T23:53:29.6721055Z [==========================             ] 66% Unzipping... tools/lib/dexlib2-2.2
2025-10-13T23:53:29.6799460Z [==========================             ] 67% Unzipping... tools/lib/dexlib2-2.2
2025-10-13T23:53:29.6800372Z [==========================             ] 67% Unzipping... tools/lib/android.el 
2025-10-13T23:53:29.6805589Z [==========================             ] 67% Unzipping... tools/lib/apkanalyzer
2025-10-13T23:53:29.6954055Z [==========================             ] 67% Unzipping... tools/lib/guava-22.0.
2025-10-13T23:53:29.6992262Z [==========================             ] 67% Unzipping... tools/lib/lint-api-26
2025-10-13T23:53:29.7004051Z [==========================             ] 67% Unzipping... tools/lib/baksmali-2.
2025-10-13T23:53:29.7009835Z [==========================             ] 67% Unzipping... tools/lib/shared.jar 
2025-10-13T23:53:29.7041520Z [==========================             ] 67% Unzipping... tools/lib/jsr305-1.3.
2025-10-13T23:53:29.7045867Z [==========================             ] 67% Unzipping... tools/lib/httpclient-
2025-10-13T23:53:29.7164815Z [==========================             ] 67% Unzipping... tools/lib/ecj-4.6.1.j
2025-10-13T23:53:29.7169566Z [==========================             ] 67% Unzipping... tools/lib/jobb-26.0.0
2025-10-13T23:53:29.7188194Z [==========================             ] 67% Unzipping... tools/lib/jcommon-1.0
2025-10-13T23:53:29.7195237Z [==========================             ] 67% Unzipping... tools/lib/kxml2-2.3.0
2025-10-13T23:53:29.7261239Z [==========================             ] 67% Unzipping... tools/lib/jfreechart-
2025-10-13T23:53:29.7276466Z [==========================             ] 67% Unzipping... tools/lib/common-26.0
2025-10-13T23:53:29.7331368Z [==========================             ] 67% Unzipping... tools/lib/lint-checks
2025-10-13T23:53:29.7466519Z [==========================             ] 67% Unzipping... tools/lib/kotlin-refl
2025-10-13T23:53:29.7467142Z [==========================             ] 67% Unzipping... tools/lib/builder-mod
2025-10-13T23:53:29.7498937Z [==========================             ] 67% Unzipping... tools/lib/sdklib-26.0
2025-10-13T23:53:29.7509892Z [==========================             ] 67% Unzipping... tools/lib/layoutlib-a
2025-10-13T23:53:29.7513950Z [==========================             ] 67% Unzipping... tools/lib/annotations
2025-10-13T23:53:29.7518977Z [==========================             ] 67% Unzipping... tools/lib/fat32lib.ja
2025-10-13T23:53:29.7528950Z [==========================             ] 67% Unzipping... tools/lib/jsr305-3.0.
2025-10-13T23:53:29.7585721Z [==========================             ] 67% Unzipping... tools/lib/org-eclipse
2025-10-13T23:53:29.7607723Z [==========================             ] 67% Unzipping... tools/lib/error_prone
2025-10-13T23:53:29.7608598Z [==========================             ] 67% Unzipping... tools/lib/org-eclipse
2025-10-13T23:53:29.7609623Z [==========================             ] 67% Unzipping... tools/lib/animal-snif
2025-10-13T23:53:29.7649948Z [==========================             ] 67% Unzipping... tools/lib/asset-studi
2025-10-13T23:53:29.7695894Z [===========================            ] 68% Unzipping... tools/lib/asset-studi
2025-10-13T23:53:29.7710940Z [===========================            ] 68% Unzipping... tools/lib/repository-
2025-10-13T23:53:29.7711898Z [===========================            ] 68% Unzipping... tools/lib/dvlib-26.0.
2025-10-13T23:53:29.7745556Z [===========================            ] 68% Unzipping... tools/lib/jsilver-1.0
2025-10-13T23:53:29.7752574Z [===========================            ] 68% Unzipping... tools/lib/asm-5.1.jar
2025-10-13T23:53:29.7757323Z [===========================            ] 68% Unzipping... tools/lib/devices.xml
2025-10-13T23:53:29.7761105Z [===========================            ] 68% Unzipping... tools/lib/asm-analysi
2025-10-13T23:53:29.7782328Z [===========================            ] 68% Unzipping... tools/lib/hierarchyvi
2025-10-13T23:53:29.7789709Z [===========================            ] 68% Unzipping... tools/lib/monkeyrunne
2025-10-13T23:53:29.7796325Z [===========================            ] 68% Unzipping... tools/lib/uiautomator
2025-10-13T23:53:29.7799187Z [===========================            ] 68% Unzipping... tools/lib/archquery-2
2025-10-13T23:53:29.7804437Z [===========================            ] 68% Unzipping... tools/lib/chimpchat-2
2025-10-13T23:53:29.7809601Z [===========================            ] 68% Unzipping... tools/lib/explainer.j
2025-10-13T23:53:29.7836044Z [===========================            ] 68% Unzipping... tools/lib/ddmlib-26.0
2025-10-13T23:53:29.7838416Z [===========================            ] 68% Unzipping... tools/lib/swtmenubar-
2025-10-13T23:53:29.7938478Z [===========================            ] 68% Unzipping... tools/lib/osgi-4.0.0.
2025-10-13T23:53:29.7942971Z [===========================            ] 68% Unzipping... tools/lib/x86_64/    
2025-10-13T23:53:29.8017278Z [===========================            ] 68% Unzipping... tools/lib/x86_64/swt.
2025-10-13T23:53:29.8464278Z [===========================            ] 68% Unzipping... tools/lib/monitor-x86
2025-10-13T23:53:29.9367226Z [===========================            ] 69% Unzipping... tools/lib/monitor-x86
2025-10-13T23:53:29.9940059Z [===========================            ] 70% Unzipping... tools/lib/monitor-x86
2025-10-13T23:53:30.0460980Z [============================           ] 70% Unzipping... tools/lib/monitor-x86
2025-10-13T23:53:30.2417923Z [============================           ] 71% Unzipping... tools/lib/monitor-x86
2025-10-13T23:53:30.2425077Z [============================           ] 71% Unzipping... tools/lib/httpmime-4.
2025-10-13T23:53:30.2440177Z [============================           ] 71% Unzipping... tools/lib/annotations
2025-10-13T23:53:30.2450768Z [============================           ] 71% Unzipping... tools/lib/lint-26.0.0
2025-10-13T23:53:30.2460587Z [============================           ] 71% Unzipping... tools/lib/apkanalyzer
2025-10-13T23:53:30.2470562Z [============================           ] 71% Unzipping... tools/lib/binary-reso
2025-10-13T23:53:30.2480713Z [============================           ] 71% Unzipping... tools/lib/jopt-simple
2025-10-13T23:53:30.2498126Z [============================           ] 71% Unzipping... tools/lib/util-2.2.1.
2025-10-13T23:53:30.2569426Z [============================           ] 71% Unzipping... tools/lib/ddmuilib-26
2025-10-13T23:53:30.2570195Z [============================           ] 72% Unzipping... tools/lib/ddmuilib-26
2025-10-13T23:53:30.2603986Z [============================           ] 72% Unzipping... tools/lib/sdk-common-
2025-10-13T23:53:30.2617443Z [============================           ] 72% Unzipping... tools/lib/traceview-2
2025-10-13T23:53:30.2636495Z [============================           ] 72% Unzipping... tools/lib/httpcore-4.
2025-10-13T23:53:30.2640387Z [============================           ] 72% Unzipping... tools/lib/screenshot2
2025-10-13T23:53:30.2661845Z [============================           ] 72% Unzipping... tools/lib/commons-cod
2025-10-13T23:53:30.2663715Z [============================           ] 72% Unzipping... tools/lib/proguard-pr
2025-10-13T23:53:30.3455891Z [============================           ] 72% Unzipping... tools/lib/jython-stan
2025-10-13T23:53:30.3536078Z [=============================          ] 73% Unzipping... tools/lib/jython-stan
2025-10-13T23:53:30.3541542Z [=============================          ] 73% Unzipping... tools/lib/annotations
2025-10-13T23:53:30.3550159Z [=============================          ] 73% Unzipping... tools/lib/commons-log
2025-10-13T23:53:30.3641044Z [=============================          ] 73% Unzipping... tools/lib/protobuf-ja
2025-10-13T23:53:30.3648688Z [=============================          ] 73% Unzipping... tools/lib/fakeadbserv
2025-10-13T23:53:30.3863129Z [=============================          ] 73% Unzipping... tools/lib/bcprov-jdk1
2025-10-13T23:53:30.3865220Z [=============================          ] 73% Unzipping... tools/lib/x86/       
2025-10-13T23:53:30.3959779Z [=============================          ] 73% Unzipping... tools/lib/x86/swt.jar
2025-10-13T23:53:30.4021167Z [=============================          ] 73% Unzipping... tools/lib/kotlin-stdl
2025-10-13T23:53:30.4057737Z [=============================          ] 73% Unzipping... tools/lib/commons-com
2025-10-13T23:53:30.4139339Z [=============================          ] 73% Unzipping... tools/lib/lombok-ast-
2025-10-13T23:53:30.4152413Z [=============================          ] 73% Unzipping... tools/lib/trove4j-201
2025-10-13T23:53:30.4474600Z [=============================          ] 73% Unzipping... tools/lib/intellij-co
2025-10-13T23:53:30.4704903Z [=============================          ] 74% Unzipping... tools/lib/intellij-co
2025-10-13T23:53:30.4705592Z [=============================          ] 74% Unzipping... tools/lib/jimfs-1.1.j
2025-10-13T23:53:30.4717040Z [=============================          ] 74% Unzipping... tools/lib/j2objc-anno
2025-10-13T23:53:30.4717816Z [=============================          ] 74% Unzipping... tools/lib/jfreechart-
2025-10-13T23:53:30.5370475Z [=============================          ] 74% Unzipping... tools/lib/monitor-x86
2025-10-13T23:53:30.5890796Z [=============================          ] 75% Unzipping... tools/lib/monitor-x86
2025-10-13T23:53:30.6296386Z [==============================         ] 75% Unzipping... tools/lib/monitor-x86
2025-10-13T23:53:30.7205667Z [==============================         ] 76% Unzipping... tools/lib/monitor-x86
2025-10-13T23:53:30.8890095Z [==============================         ] 77% Unzipping... tools/lib/monitor-x86
2025-10-13T23:53:30.8897979Z [==============================         ] 77% Unzipping... tools/lib/generator.j
2025-10-13T23:53:30.8899231Z [==============================         ] 77% Unzipping... tools/source.properti
2025-10-13T23:53:30.8906221Z [==============================         ] 77% Unzipping... tools/bin/           
2025-10-13T23:53:30.8911265Z [==============================         ] 77% Unzipping... tools/bin/avdmanager 
2025-10-13T23:53:30.8912248Z [==============================         ] 77% Unzipping... tools/bin/jobb       
2025-10-13T23:53:30.8915016Z [==============================         ] 77% Unzipping... tools/bin/uiautomator
2025-10-13T23:53:30.8915827Z [==============================         ] 77% Unzipping... tools/bin/apkanalyzer
2025-10-13T23:53:30.8920661Z [==============================         ] 77% Unzipping... tools/bin/monkeyrunne
2025-10-13T23:53:30.8924188Z [==============================         ] 77% Unzipping... tools/bin/archquery  
2025-10-13T23:53:30.8925300Z [==============================         ] 77% Unzipping... tools/bin/sdkmanager 
2025-10-13T23:53:30.8927355Z [==============================         ] 77% Unzipping... tools/bin/lint       
2025-10-13T23:53:30.8932005Z [==============================         ] 77% Unzipping... tools/bin/screenshot2
2025-10-13T23:53:30.8949095Z [==============================         ] 77% Unzipping... tools/NOTICE.txt     
2025-10-13T23:53:30.8986807Z [==============================         ] 77% Unzipping... tools/emulator       
2025-10-13T23:53:30.9012034Z [==============================         ] 77% Unzipping... tools/emulator-check 
2025-10-13T23:53:30.9016816Z [==============================         ] 77% Unzipping... tools/monitor        
2025-10-13T23:53:30.9019226Z [==============================         ] 77% Unzipping... tools/android        
2025-10-13T23:53:30.9022398Z [==============================         ] 77% Unzipping... tools/mksdcard       
2025-10-13T23:53:30.9024919Z [==============================         ] 77% Unzipping... tools/support/       
2025-10-13T23:53:30.9029121Z [==============================         ] 77% Unzipping... tools/support/typos-d
2025-10-13T23:53:30.9033236Z [==============================         ] 77% Unzipping... tools/support/typos-e
2025-10-13T23:53:30.9036848Z [==============================         ] 77% Unzipping... tools/support/annotat
2025-10-13T23:53:30.9044957Z [==============================         ] 77% Unzipping... tools/support/typos-e
2025-10-13T23:53:30.9047854Z [==============================         ] 77% Unzipping... tools/support/typos-t
2025-10-13T23:53:30.9053191Z [==============================         ] 77% Unzipping... tools/support/typos-p
2025-10-13T23:53:30.9057465Z [==============================         ] 77% Unzipping... tools/support/typos-i
2025-10-13T23:53:30.9062424Z [==============================         ] 77% Unzipping... tools/support/typos-n
2025-10-13T23:53:30.9066223Z [==============================         ] 77% Unzipping... tools/support/typos-h
2025-10-13T23:53:30.9368576Z [==============================         ] 78% Unzipping... tools/support/typos-h
2025-10-13T23:53:30.9371696Z [=======================================] 100% Unzipping... tools/support/typos-
2025-10-13T23:53:30.9426730Z 
2025-10-13T23:53:30.9654703Z [command]/usr/local/lib/android/sdk/cmdline-tools/16.0/bin/sdkmanager platform-tools
2025-10-13T23:53:31.9782520Z Loading package information...                                                  
2025-10-13T23:53:32.1350679Z Loading local repository...                                                     
2025-10-13T23:53:32.1351663Z [                                       ] 3% Loading local repository...        
2025-10-13T23:53:32.1464994Z [                                       ] 3% Fetch remote repository...         
2025-10-13T23:53:32.6451928Z [=                                      ] 3% Fetch remote repository...         
2025-10-13T23:53:32.7321847Z [=                                      ] 4% Fetch remote repository...         
2025-10-13T23:53:32.7860077Z [=                                      ] 5% Fetch remote repository...         
2025-10-13T23:53:32.8562035Z [==                                     ] 5% Fetch remote repository...         
2025-10-13T23:53:32.9189843Z [==                                     ] 6% Fetch remote repository...         
2025-10-13T23:53:33.0380167Z [==                                     ] 7% Fetch remote repository...         
2025-10-13T23:53:33.0399746Z [==                                     ] 7% Computing updates...               
2025-10-13T23:53:33.0671177Z [===                                    ] 8% Computing updates...               
2025-10-13T23:53:33.0772000Z [===                                    ] 10% Computing updates...              
2025-10-13T23:53:33.0772642Z [=======================================] 100% Computing updates...             
2025-10-13T23:53:33.0773097Z 
2025-10-13T23:53:33.1189769Z ##[group]Run gradle/actions/setup-gradle@v4
2025-10-13T23:53:33.1190083Z with:
2025-10-13T23:53:33.1190278Z   gradle-version: wrapper
2025-10-13T23:53:33.1190507Z   cache-disabled: false
2025-10-13T23:53:33.1190722Z   cache-read-only: false
2025-10-13T23:53:33.1190941Z   cache-write-only: false
2025-10-13T23:53:33.1191176Z   cache-overwrite-existing: false
2025-10-13T23:53:33.1191417Z   cache-cleanup: on-success
2025-10-13T23:53:33.1191689Z   gradle-home-cache-includes: caches
notifications

2025-10-13T23:53:33.1192005Z   add-job-summary: always
2025-10-13T23:53:33.1192240Z   add-job-summary-as-pr-comment: never
2025-10-13T23:53:33.1192514Z   dependency-graph: disabled
2025-10-13T23:53:33.1192803Z   dependency-graph-report-dir: dependency-graph-reports
2025-10-13T23:53:33.1193154Z   dependency-graph-continue-on-failure: true
2025-10-13T23:53:33.1193434Z   build-scan-publish: false
2025-10-13T23:53:33.1193665Z   validate-wrappers: true
2025-10-13T23:53:33.1193933Z   allow-snapshot-wrappers: false
2025-10-13T23:53:33.1194191Z   gradle-home-cache-strict-match: false
2025-10-13T23:53:33.1194455Z   workflow-job-context: null
2025-10-13T23:53:33.1194826Z   github-token: ***
2025-10-13T23:53:33.1195020Z env:
2025-10-13T23:53:33.1195293Z   JAVA_HOME: /opt/hostedtoolcache/Java_Temurin-Hotspot_jdk/17.0.16-8/x64
2025-10-13T23:53:33.1195756Z   JAVA_HOME_17_X64: /opt/hostedtoolcache/Java_Temurin-Hotspot_jdk/17.0.16-8/x64
2025-10-13T23:53:33.1196130Z   ANDROID_HOME: /usr/local/lib/android/sdk
2025-10-13T23:53:33.1196586Z   ANDROID_SDK_ROOT: /usr/local/lib/android/sdk
2025-10-13T23:53:33.1196842Z ##[endgroup]
2025-10-13T23:53:33.5740892Z Merged default JDK locations into /home/runner/.m2/toolchains.xml
2025-10-13T23:53:33.5741898Z Preparing cache for cleanup.
2025-10-13T23:53:33.5747151Z ##[group]Restore Gradle state from cache
2025-10-13T23:53:33.6930978Z Cache hit for restore-key: gradle-home-v1|Linux-X64|build[e080f0fdc288b6f0c5023fd4b86f7a10]-35844b192a532442d570ede587614fa763a52647
2025-10-13T23:53:34.1084850Z Received 44118089 of 44118089 (100.0%), 118.5 MBs/sec
2025-10-13T23:53:34.1085764Z Cache Size: ~42 MB (44118089 B)
2025-10-13T23:53:34.1114492Z [command]/usr/bin/tar -xf /home/runner/work/_temp/df1781f0-4d57-45a4-8ce8-c052a2c17484/cache.tzst -P -C /home/runner/work/NexMDM/NexMDM --use-compress-program unzstd
2025-10-13T23:53:34.7735076Z Cache restored successfully
2025-10-13T23:53:34.7826956Z Restored cache entry with key gradle-home-v1|Linux-X64|build[e080f0fdc288b6f0c5023fd4b86f7a10]-52b60696befa1fc6564e042a76e295ad43f6d1cd to /home/runner/.gradle/caches,/home/runner/.gradle/notifications,/home/runner/.gradle/.setup-gradle in 1206ms
2025-10-13T23:53:34.8372563Z Cache hit for: gradle-dependencies-v1-3d679af216a7253b486f8e34d05f9713
2025-10-13T23:53:34.8441724Z Cache hit for: gradle-wrapper-zips-v1-f82d94dd741812d9afc7aad8d4ab116c
2025-10-13T23:53:34.8480806Z Cache hit for: gradle-groovy-dsl-v1-791b50fd80fb8c0da886d55a74ade405
2025-10-13T23:53:34.8752816Z Cache hit for: gradle-instrumented-jars-v1-975a64a9a1442fc341235d37bfe6d133
2025-10-13T23:53:35.1536130Z Received 88175 of 88175 (100.0%), 0.4 MBs/sec
2025-10-13T23:53:35.1546050Z Cache Size: ~0 MB (88175 B)
2025-10-13T23:53:35.8941313Z Received 125829120 of 174306910 (72.2%), 114.9 MBs/sec
2025-10-13T23:53:35.8945790Z Received 96468992 of 130433116 (74.0%), 91.4 MBs/sec
2025-10-13T23:53:36.1164178Z Received 50331648 of 87968222 (57.2%), 45.2 MBs/sec
2025-10-13T23:53:36.3347607Z Received 130433116 of 130433116 (100.0%), 86.0 MBs/sec
2025-10-13T23:53:36.3351408Z Cache Size: ~124 MB (130433116 B)
2025-10-13T23:53:36.3556722Z [command]/usr/bin/tar -xf /home/runner/work/_temp/ed9514a0-718f-4993-8a60-39b6b163cacd/cache.tzst -P -C /home/runner/work/NexMDM/NexMDM --use-compress-program unzstd
2025-10-13T23:53:36.4631768Z Received 87968222 of 87968222 (100.0%), 59.6 MBs/sec
2025-10-13T23:53:36.4634476Z Cache Size: ~84 MB (87968222 B)
2025-10-13T23:53:36.4643461Z Cache restored successfully
2025-10-13T23:53:36.4723190Z Restored cache entry with key gradle-groovy-dsl-v1-791b50fd80fb8c0da886d55a74ade405 to /home/runner/.gradle/caches/*/groovy-dsl/*/ in 1687ms
2025-10-13T23:53:36.5065595Z Received 174306910 of 174306910 (100.0%), 100.3 MBs/sec
2025-10-13T23:53:36.5066483Z Cache Size: ~166 MB (174306910 B)
2025-10-13T23:53:36.5096994Z [command]/usr/bin/tar -xf /home/runner/work/_temp/7bf4b511-3b15-4451-b5b0-26cdbbdd6e24/cache.tzst -P -C /home/runner/work/NexMDM/NexMDM --use-compress-program unzstd
2025-10-13T23:53:36.5168203Z [command]/usr/bin/tar -xf /home/runner/work/_temp/835fd7b0-7d22-4429-a483-c294d11ebd0e/cache.tzst -P -C /home/runner/work/NexMDM/NexMDM --use-compress-program unzstd
2025-10-13T23:53:36.5509915Z [command]/usr/bin/tar -xf /home/runner/work/_temp/a1e3ea40-6b86-4a12-bb9b-db724344d170/cache.tzst -P -C /home/runner/work/NexMDM/NexMDM --use-compress-program unzstd
2025-10-13T23:53:37.1691887Z Cache restored successfully
2025-10-13T23:53:37.2592494Z Restored cache entry with key gradle-wrapper-zips-v1-f82d94dd741812d9afc7aad8d4ab116c to /home/runner/.gradle/wrapper/dists/gradle-8.4-bin/1w5dpkrfk8irigvoxmyhowfim in 2475ms
2025-10-13T23:53:37.4951794Z Cache restored successfully
2025-10-13T23:53:37.8577131Z Restored cache entry with key gradle-dependencies-v1-3d679af216a7253b486f8e34d05f9713 to /home/runner/.gradle/caches/modules-*/files-*/*/*/*/* in 3073ms
2025-10-13T23:53:37.9369728Z Cache restored successfully
2025-10-13T23:53:38.0964717Z Restored cache entry with key gradle-instrumented-jars-v1-975a64a9a1442fc341235d37bfe6d133 to /home/runner/.gradle/caches/jars-*/*/ in 3312ms
2025-10-13T23:53:38.2340622Z ##[endgroup]
2025-10-13T23:53:38.2470258Z ##[group]All Gradle Wrapper jars are valid
2025-10-13T23:53:38.2476159Z ✓ Found known Gradle Wrapper JAR files:
2025-10-13T23:53:38.2476949Z   0336f591bc0ec9aa0c9988929b93ecc916b3c1d52aed202c7381db144aa0ef15 android/gradle/wrapper/gradle-wrapper.jar
2025-10-13T23:53:38.2477706Z ##[endgroup]
2025-10-13T23:53:38.5608606Z ##[group]Run chmod +x android/gradlew
2025-10-13T23:53:38.5609205Z [36;1mchmod +x android/gradlew[0m
2025-10-13T23:53:38.6108676Z shell: /usr/bin/bash -e {0}
2025-10-13T23:53:38.6109340Z env:
2025-10-13T23:53:38.6109767Z   JAVA_HOME: /opt/hostedtoolcache/Java_Temurin-Hotspot_jdk/17.0.16-8/x64
2025-10-13T23:53:38.6110450Z   JAVA_HOME_17_X64: /opt/hostedtoolcache/Java_Temurin-Hotspot_jdk/17.0.16-8/x64
2025-10-13T23:53:38.6111012Z   ANDROID_HOME: /usr/local/lib/android/sdk
2025-10-13T23:53:38.6111427Z   ANDROID_SDK_ROOT: /usr/local/lib/android/sdk
2025-10-13T23:53:38.6111868Z   GRADLE_ACTION_ID: gradle/actions/setup-gradle
2025-10-13T23:53:38.6112304Z   GRADLE_USER_HOME: /home/runner/.gradle
2025-10-13T23:53:38.6112706Z   GRADLE_BUILD_ACTION_SETUP_COMPLETED: true
2025-10-13T23:53:38.6113107Z   GRADLE_BUILD_ACTION_CACHE_RESTORED: true
2025-10-13T23:53:38.6113705Z   DEVELOCITY_INJECTION_INIT_SCRIPT_NAME: gradle-actions.inject-develocity.init.gradle
2025-10-13T23:53:38.6114411Z   DEVELOCITY_INJECTION_CUSTOM_VALUE: gradle-actions
2025-10-13T23:53:38.6114848Z   GITHUB_DEPENDENCY_GRAPH_ENABLED: false
2025-10-13T23:53:38.6115218Z ##[endgroup]
2025-10-13T23:53:38.6632328Z ##[group]Run cd android && ./gradlew clean
2025-10-13T23:53:38.6632727Z [36;1mcd android && ./gradlew clean[0m
2025-10-13T23:53:38.6664739Z shell: /usr/bin/bash -e {0}
2025-10-13T23:53:38.6665035Z env:
2025-10-13T23:53:38.6665393Z   JAVA_HOME: /opt/hostedtoolcache/Java_Temurin-Hotspot_jdk/17.0.16-8/x64
2025-10-13T23:53:38.6665982Z   JAVA_HOME_17_X64: /opt/hostedtoolcache/Java_Temurin-Hotspot_jdk/17.0.16-8/x64
2025-10-13T23:53:38.6666470Z   ANDROID_HOME: /usr/local/lib/android/sdk
2025-10-13T23:53:38.6666820Z   ANDROID_SDK_ROOT: /usr/local/lib/android/sdk
2025-10-13T23:53:38.6667201Z   GRADLE_ACTION_ID: gradle/actions/setup-gradle
2025-10-13T23:53:38.6667557Z   GRADLE_USER_HOME: /home/runner/.gradle
2025-10-13T23:53:38.6667912Z   GRADLE_BUILD_ACTION_SETUP_COMPLETED: true
2025-10-13T23:53:38.6668263Z   GRADLE_BUILD_ACTION_CACHE_RESTORED: true
2025-10-13T23:53:38.6668992Z   DEVELOCITY_INJECTION_INIT_SCRIPT_NAME: gradle-actions.inject-develocity.init.gradle
2025-10-13T23:53:38.6669642Z   DEVELOCITY_INJECTION_CUSTOM_VALUE: gradle-actions
2025-10-13T23:53:38.6670020Z   GITHUB_DEPENDENCY_GRAPH_ENABLED: false
2025-10-13T23:53:38.6670343Z ##[endgroup]
2025-10-13T23:53:40.2118026Z Starting a Gradle Daemon (subsequent builds will be faster)
2025-10-13T23:53:51.2092047Z 
2025-10-13T23:53:51.2170062Z > Configure project :app
2025-10-13T23:53:51.2171693Z 🔍 APK Versioning: Starting version code calculation...
2025-10-13T23:53:51.2172719Z 🔍 GITHUB_RUN_NUMBER env var: '75'
2025-10-13T23:53:51.2173627Z ✅ SUCCESS: Using GitHub run number: 175
2025-10-13T23:53:51.4090591Z gradle/actions: Writing build results to /home/runner/work/_temp/.gradle-actions/build-results/__run_2-1760399626051.json
2025-10-13T23:53:51.5088628Z 
2025-10-13T23:53:51.5093263Z FAILURE: Build completed with 2 failures.
2025-10-13T23:53:51.6090026Z 
2025-10-13T23:53:51.6104106Z 1: Task failed with an exception.
2025-10-13T23:53:51.6106000Z -----------
2025-10-13T23:53:51.6106390Z * Where:
2025-10-13T23:53:51.6117743Z Build file '/home/runner/work/NexMDM/NexMDM/android/app/build.gradle' line: 87
2025-10-13T23:53:51.6120403Z 
2025-10-13T23:53:51.6130625Z * What went wrong:
2025-10-13T23:53:51.6131509Z A problem occurred evaluating project ':app'.
2025-10-13T23:53:51.6132879Z > ❌ FATAL: Release keystore not found in CI! All APKs MUST be signed for consistent upgrades.
2025-10-13T23:53:51.6133524Z 
2025-10-13T23:53:51.6133684Z * Try:
2025-10-13T23:53:51.6152108Z > Run with --stacktrace option to get the stack trace.
2025-10-13T23:53:51.6153315Z > Run with --info or --debug option to get more log output.
2025-10-13T23:53:51.6154081Z > Run with --scan to get full insights.
2025-10-13T23:53:51.6156971Z > Get more help at https://help.gradle.org.
2025-10-13T23:53:51.6171077Z ==============================================================================
2025-10-13T23:53:51.6171751Z 
2025-10-13T23:53:51.6172047Z 2: Task failed with an exception.
2025-10-13T23:53:51.6172505Z -----------
2025-10-13T23:53:51.6172859Z * Where:
2025-10-13T23:53:51.6173708Z Build file '/home/runner/work/NexMDM/NexMDM/android/app/build.gradle' line: 87
2025-10-13T23:53:51.6174327Z 
2025-10-13T23:53:51.6174557Z * What went wrong:
2025-10-13T23:53:51.6175189Z A problem occurred evaluating project ':app'.
2025-10-13T23:53:51.6176509Z > ❌ FATAL: Release keystore not found in CI! All APKs MUST be signed for consistent upgrades.
2025-10-13T23:53:51.6177192Z 
2025-10-13T23:53:51.6177357Z * Try:
2025-10-13T23:53:51.6177981Z > Run with --stacktrace option to get the stack trace.
2025-10-13T23:53:51.6179070Z > Run with --info or --debug option to get more log output.
2025-10-13T23:53:51.6179840Z > Run with --scan to get full insights.
2025-10-13T23:53:51.6180514Z > Get more help at https://help.gradle.org.
2025-10-13T23:53:51.6181203Z ==============================================================================
2025-10-13T23:53:51.6181563Z 
2025-10-13T23:53:51.6181763Z BUILD FAILED in 12s
2025-10-13T23:53:52.0443057Z ##[error]Process completed with exit code 1.
2025-10-13T23:53:52.0589822Z Post job cleanup.
2025-10-13T23:53:52.3940494Z In post-action step
2025-10-13T23:53:52.3954312Z ##[group]Stopping Gradle daemons
2025-10-13T23:53:52.3955884Z Stopping Gradle daemons for /home/runner/.gradle/wrapper/dists/gradle-8.4-bin/1w5dpkrfk8irigvoxmyhowfim/gradle-8.4
2025-10-13T23:53:52.3978019Z [command]/home/runner/.gradle/wrapper/dists/gradle-8.4-bin/1w5dpkrfk8irigvoxmyhowfim/gradle-8.4/bin/gradle --stop
2025-10-13T23:53:53.6161495Z Stopping Daemon(s)
2025-10-13T23:53:53.6162454Z 1 Daemon stopped
2025-10-13T23:53:53.6327784Z ##[endgroup]
2025-10-13T23:53:53.6335479Z Not performing cache-cleanup due to build failure
2025-10-13T23:53:53.6341726Z ##[group]Caching Gradle state
2025-10-13T23:53:54.2291327Z [command]/usr/bin/tar --posix -cf cache.tzst --exclude cache.tzst -P -C /home/runner/work/NexMDM/NexMDM --files-from manifest.txt --use-compress-program zstdmt
2025-10-13T23:53:55.8895814Z Sent 44124835 of 44124835 (100.0%), 50.7 MBs/sec
2025-10-13T23:53:55.9402589Z Saved cache entry with key gradle-home-v1|Linux-X64|build[e080f0fdc288b6f0c5023fd4b86f7a10]-52b60696befa1fc6564e042a76e295ad43f6d1cd from /home/runner/.gradle/caches,/home/runner/.gradle/notifications,/home/runner/.gradle/.setup-gradle in 1727ms
2025-10-13T23:53:55.9405659Z ##[endgroup]
2025-10-13T23:53:55.9411736Z Generating Job Summary
2025-10-13T23:53:55.9425377Z Completed post-action step
2025-10-13T23:53:55.9602383Z Post job cleanup.
2025-10-13T23:53:56.1420542Z Post job cleanup.
2025-10-13T23:53:56.2676144Z [command]/usr/bin/git version
2025-10-13T23:53:56.2720683Z git version 2.51.0
2025-10-13T23:53:56.2769959Z Temporarily overriding HOME='/home/runner/work/_temp/97d3a06e-7089-4c81-865c-ec42dabfc9b5' before making global git config changes
2025-10-13T23:53:56.2773642Z Adding repository directory to the temporary git global config as a safe directory
2025-10-13T23:53:56.2777979Z [command]/usr/bin/git config --global --add safe.directory /home/runner/work/NexMDM/NexMDM
2025-10-13T23:53:56.2824039Z [command]/usr/bin/git config --local --name-only --get-regexp core\.sshCommand
2025-10-13T23:53:56.2862130Z [command]/usr/bin/git submodule foreach --recursive sh -c "git config --local --name-only --get-regexp 'core\.sshCommand' && git config --local --unset-all 'core.sshCommand' || :"
2025-10-13T23:53:56.3108094Z [command]/usr/bin/git config --local --name-only --get-regexp http\.https\:\/\/github\.com\/\.extraheader
2025-10-13T23:53:56.3134625Z http.https://github.com/.extraheader
2025-10-13T23:53:56.3150480Z [command]/usr/bin/git config --local --unset-all http.https://github.com/.extraheader
2025-10-13T23:53:56.3184926Z [command]/usr/bin/git submodule foreach --recursive sh -c "git config --local --name-only --get-regexp 'http\.https\:\/\/github\.com\/\.extraheader' && git config --local --unset-all 'http.https://github.com/.extraheader' || :"
2025-10-13T23:53:56.3649844Z Cleaning up orphan processes