2025-10-13T23:05:38.4786002Z Current runner version: '2.328.0'
2025-10-13T23:05:38.4862310Z ##[group]Runner Image Provisioner
2025-10-13T23:05:38.4863715Z Hosted Compute Agent
2025-10-13T23:05:38.4864680Z Version: 20250912.392
2025-10-13T23:05:38.4865922Z Commit: d921fda672a98b64f4f82364647e2f10b2267d0b
2025-10-13T23:05:38.4867190Z Build Date: 2025-09-12T15:23:14Z
2025-10-13T23:05:38.4868248Z ##[endgroup]
2025-10-13T23:05:38.4869435Z ##[group]Operating System
2025-10-13T23:05:38.4870445Z Ubuntu
2025-10-13T23:05:38.4871207Z 24.04.3
2025-10-13T23:05:38.4872142Z LTS
2025-10-13T23:05:38.4872943Z ##[endgroup]
2025-10-13T23:05:38.4873970Z ##[group]Runner Image
2025-10-13T23:05:38.4875116Z Image: ubuntu-24.04
2025-10-13T23:05:38.4876081Z Version: 20250929.60.1
2025-10-13T23:05:38.4878023Z Included Software: https://github.com/actions/runner-images/blob/ubuntu24/20250929.60/images/ubuntu/Ubuntu2404-Readme.md
2025-10-13T23:05:38.4901495Z Image Release: https://github.com/actions/runner-images/releases/tag/ubuntu24%2F20250929.60
2025-10-13T23:05:38.4903317Z ##[endgroup]
2025-10-13T23:05:38.4905134Z ##[group]GITHUB_TOKEN Permissions
2025-10-13T23:05:38.4908279Z Contents: read
2025-10-13T23:05:38.4909506Z Metadata: read
2025-10-13T23:05:38.4910633Z Packages: read
2025-10-13T23:05:38.4911520Z ##[endgroup]
2025-10-13T23:05:38.4914678Z Secret source: Actions
2025-10-13T23:05:38.4916041Z Prepare workflow directory
2025-10-13T23:05:38.5757443Z Prepare all required actions
2025-10-13T23:05:38.5816640Z Getting action download info
2025-10-13T23:05:39.0524186Z Download action repository 'actions/checkout@v4' (SHA:08eba0b27e820071cde6df949e0beb9ba4906955)
2025-10-13T23:05:39.2367768Z Download action repository 'actions/setup-java@v4' (SHA:c5195efecf7bdfc987ee8bae7a71cb8b11521c00)
2025-10-13T23:05:39.7326188Z Download action repository 'android-actions/setup-android@v3' (SHA:9fc6c4e9069bf8d3d10b2204b1fb8f6ef7065407)
2025-10-13T23:05:40.0308624Z Download action repository 'gradle/actions@v4' (SHA:748248ddd2a24f49513d8f472f81c3a07d4d50e1)
2025-10-13T23:05:41.0348026Z Download action repository 'actions/upload-artifact@v4' (SHA:ea165f8d65b6e75b540449e92b4886f43607fa02)
2025-10-13T23:05:41.2494939Z Complete job name: build
2025-10-13T23:05:41.3186851Z ##[group]Run actions/checkout@v4
2025-10-13T23:05:41.3187759Z with:
2025-10-13T23:05:41.3188122Z   fetch-depth: 0
2025-10-13T23:05:41.3188557Z   repository: sergiogordon/NexMDM
2025-10-13T23:05:41.3189488Z   token: ***
2025-10-13T23:05:41.3189900Z   ssh-strict: true
2025-10-13T23:05:41.3190319Z   ssh-user: git
2025-10-13T23:05:41.3190649Z   persist-credentials: true
2025-10-13T23:05:41.3191049Z   clean: true
2025-10-13T23:05:41.3191481Z   sparse-checkout-cone-mode: true
2025-10-13T23:05:41.3191945Z   fetch-tags: false
2025-10-13T23:05:41.3192292Z   show-progress: true
2025-10-13T23:05:41.3192730Z   lfs: false
2025-10-13T23:05:41.3193069Z   submodules: false
2025-10-13T23:05:41.3193458Z   set-safe-directory: true
2025-10-13T23:05:41.3194207Z ##[endgroup]
2025-10-13T23:05:41.4562916Z Syncing repository: sergiogordon/NexMDM
2025-10-13T23:05:41.4566616Z ##[group]Getting Git version info
2025-10-13T23:05:41.4567638Z Working directory is '/home/runner/work/NexMDM/NexMDM'
2025-10-13T23:05:41.4569792Z [command]/usr/bin/git version
2025-10-13T23:05:41.4570523Z git version 2.51.0
2025-10-13T23:05:41.4575790Z ##[endgroup]
2025-10-13T23:05:41.4581931Z Temporarily overriding HOME='/home/runner/work/_temp/e44abf36-4993-4b08-8075-475f5c7e98f6' before making global git config changes
2025-10-13T23:05:41.4583426Z Adding repository directory to the temporary git global config as a safe directory
2025-10-13T23:05:41.4584794Z [command]/usr/bin/git config --global --add safe.directory /home/runner/work/NexMDM/NexMDM
2025-10-13T23:05:41.4586539Z Deleting the contents of '/home/runner/work/NexMDM/NexMDM'
2025-10-13T23:05:41.4587928Z ##[group]Initializing the repository
2025-10-13T23:05:41.5596424Z [command]/usr/bin/git init /home/runner/work/NexMDM/NexMDM
2025-10-13T23:05:41.5597432Z hint: Using 'master' as the name for the initial branch. This default branch name
2025-10-13T23:05:41.5598946Z hint: is subject to change. To configure the initial branch name to use in all
2025-10-13T23:05:41.5600174Z hint: of your new repositories, which will suppress this warning, call:
2025-10-13T23:05:41.5600890Z hint:
2025-10-13T23:05:41.5601472Z hint: 	git config --global init.defaultBranch <name>
2025-10-13T23:05:41.5602082Z hint:
2025-10-13T23:05:41.5602690Z hint: Names commonly chosen instead of 'master' are 'main', 'trunk' and
2025-10-13T23:05:41.5603608Z hint: 'development'. The just-created branch can be renamed via this command:
2025-10-13T23:05:41.5604341Z hint:
2025-10-13T23:05:41.5604773Z hint: 	git branch -m <name>
2025-10-13T23:05:41.5605236Z hint:
2025-10-13T23:05:41.5605875Z hint: Disable this message with "git config set advice.defaultBranchName false"
2025-10-13T23:05:41.5606971Z Initialized empty Git repository in /home/runner/work/NexMDM/NexMDM/.git/
2025-10-13T23:05:41.5608953Z [command]/usr/bin/git remote add origin https://github.com/sergiogordon/NexMDM
2025-10-13T23:05:41.5610946Z ##[endgroup]
2025-10-13T23:05:41.5611732Z ##[group]Disabling automatic garbage collection
2025-10-13T23:05:41.5612452Z [command]/usr/bin/git config --local gc.auto 0
2025-10-13T23:05:41.5613980Z ##[endgroup]
2025-10-13T23:05:41.5614724Z ##[group]Setting up auth
2025-10-13T23:05:41.5615523Z [command]/usr/bin/git config --local --name-only --get-regexp core\.sshCommand
2025-10-13T23:05:41.5617734Z [command]/usr/bin/git submodule foreach --recursive sh -c "git config --local --name-only --get-regexp 'core\.sshCommand' && git config --local --unset-all 'core.sshCommand' || :"
2025-10-13T23:05:41.5620679Z [command]/usr/bin/git config --local --name-only --get-regexp http\.https\:\/\/github\.com\/\.extraheader
2025-10-13T23:05:41.5623237Z [command]/usr/bin/git submodule foreach --recursive sh -c "git config --local --name-only --get-regexp 'http\.https\:\/\/github\.com\/\.extraheader' && git config --local --unset-all 'http.https://github.com/.extraheader' || :"
2025-10-13T23:05:41.5714131Z [command]/usr/bin/git config --local http.https://github.com/.extraheader AUTHORIZATION: basic ***
2025-10-13T23:05:41.5752962Z ##[endgroup]
2025-10-13T23:05:41.5755872Z ##[group]Fetching the repository
2025-10-13T23:05:41.5763605Z [command]/usr/bin/git -c protocol.version=2 fetch --prune --no-recurse-submodules origin +refs/heads/*:refs/remotes/origin/* +refs/tags/*:refs/tags/*
2025-10-13T23:05:45.2645060Z From https://github.com/sergiogordon/NexMDM
2025-10-13T23:05:45.2645786Z  * [new branch]      main       -> origin/main
2025-10-13T23:05:45.2694433Z [command]/usr/bin/git branch --list --remote origin/main
2025-10-13T23:05:45.2721325Z   origin/main
2025-10-13T23:05:45.2742290Z [command]/usr/bin/git rev-parse refs/remotes/origin/main
2025-10-13T23:05:45.2770375Z 35844b192a532442d570ede587614fa763a52647
2025-10-13T23:05:45.2801141Z ##[endgroup]
2025-10-13T23:05:45.2801806Z ##[group]Determining the checkout info
2025-10-13T23:05:45.2802570Z ##[endgroup]
2025-10-13T23:05:45.2803037Z [command]/usr/bin/git sparse-checkout disable
2025-10-13T23:05:45.2873396Z [command]/usr/bin/git config --local --unset-all extensions.worktreeConfig
2025-10-13T23:05:45.2924609Z ##[group]Checking out the ref
2025-10-13T23:05:45.2928114Z [command]/usr/bin/git checkout --progress --force -B main refs/remotes/origin/main
2025-10-13T23:05:45.3394779Z Switched to a new branch 'main'
2025-10-13T23:05:45.3398729Z branch 'main' set up to track 'origin/main'.
2025-10-13T23:05:45.3419664Z ##[endgroup]
2025-10-13T23:05:45.3484306Z [command]/usr/bin/git log -1 --format=%H
2025-10-13T23:05:45.3530565Z 35844b192a532442d570ede587614fa763a52647
2025-10-13T23:05:45.3790277Z ##[group]Run actions/setup-java@v4
2025-10-13T23:05:45.3790614Z with:
2025-10-13T23:05:45.3790835Z   distribution: temurin
2025-10-13T23:05:45.3791060Z   java-version: 17
2025-10-13T23:05:45.3791273Z   java-package: jdk
2025-10-13T23:05:45.3791486Z   check-latest: false
2025-10-13T23:05:45.3791697Z   server-id: github
2025-10-13T23:05:45.3791912Z   server-username: GITHUB_ACTOR
2025-10-13T23:05:45.3792387Z   server-password: GITHUB_TOKEN
2025-10-13T23:05:45.3792624Z   overwrite-settings: true
2025-10-13T23:05:45.3792853Z   job-status: success
2025-10-13T23:05:45.3793276Z   token: ***
2025-10-13T23:05:45.3793544Z ##[endgroup]
2025-10-13T23:05:45.6131064Z ##[group]Installed distributions
2025-10-13T23:05:45.6540160Z Resolved Java 17.0.16+8 from tool-cache
2025-10-13T23:05:45.6541285Z Setting Java 17.0.16+8 as the default
2025-10-13T23:05:45.6558126Z Creating toolchains.xml for JDK version 17 from temurin
2025-10-13T23:05:45.6693320Z Writing to /home/runner/.m2/toolchains.xml
2025-10-13T23:05:45.6701783Z 
2025-10-13T23:05:45.6701997Z Java configuration:
2025-10-13T23:05:45.6702425Z   Distribution: temurin
2025-10-13T23:05:45.6702801Z   Version: 17.0.16+8
2025-10-13T23:05:45.6704395Z   Path: /opt/hostedtoolcache/Java_Temurin-Hotspot_jdk/17.0.16-8/x64
2025-10-13T23:05:45.6705714Z 
2025-10-13T23:05:45.6706324Z ##[endgroup]
2025-10-13T23:05:45.6733744Z Creating settings.xml with server-id: github
2025-10-13T23:05:45.6736003Z Writing to /home/runner/.m2/settings.xml
2025-10-13T23:05:45.6860502Z ##[group]Run android-actions/setup-android@v3
2025-10-13T23:05:45.6860819Z with:
2025-10-13T23:05:45.6861028Z   cmdline-tools-version: 12266719
2025-10-13T23:05:45.6861297Z   accept-android-sdk-licenses: true
2025-10-13T23:05:45.6861577Z   log-accepted-android-sdk-licenses: true
2025-10-13T23:05:45.6861864Z   packages: tools platform-tools
2025-10-13T23:05:45.6862093Z env:
2025-10-13T23:05:45.6862369Z   JAVA_HOME: /opt/hostedtoolcache/Java_Temurin-Hotspot_jdk/17.0.16-8/x64
2025-10-13T23:05:45.6862833Z   JAVA_HOME_17_X64: /opt/hostedtoolcache/Java_Temurin-Hotspot_jdk/17.0.16-8/x64
2025-10-13T23:05:45.6863190Z ##[endgroup]
2025-10-13T23:05:45.8331537Z Found preinstalled sdkmanager in /usr/local/lib/android/sdk/cmdline-tools/latest with following source.properties:
2025-10-13T23:05:45.8335125Z Pkg.Revision=12.0
2025-10-13T23:05:45.8337320Z Pkg.Path=cmdline-tools;12.0
2025-10-13T23:05:45.8343859Z Pkg.Desc=Android SDK Command-line Tools
2025-10-13T23:05:45.8344358Z 
2025-10-13T23:05:45.8344635Z Wrong version in preinstalled sdkmanager
2025-10-13T23:05:45.8345574Z Downloading commandline tools from https://dl.google.com/android/repository/commandlinetools-linux-12266719_latest.zip
2025-10-13T23:05:47.6681558Z [command]/usr/bin/unzip -o -q /home/runner/work/_temp/90c9dc7c-267c-4f14-97a0-f455ce0e311a
2025-10-13T23:05:48.5220803Z Accepting Android SDK licenses
2025-10-13T23:05:48.5226933Z [command]/usr/local/lib/android/sdk/cmdline-tools/16.0/bin/sdkmanager --licenses
2025-10-13T23:05:56.3924045Z Loading local repository...                                                     
2025-10-13T23:05:56.3928273Z [=========                              ] 25% Loading local repository...       
2025-10-13T23:05:59.7220522Z [=========                              ] 25% Fetch remote repository...        
2025-10-13T23:06:00.4623148Z [==========                             ] 26% Fetch remote repository...        
2025-10-13T23:06:00.4629706Z [============                           ] 31% Fetch remote repository...        
2025-10-13T23:06:00.5021235Z [============                           ] 32% Fetch remote repository...        
2025-10-13T23:06:00.5041644Z [=============                          ] 33% Fetch remote repository...        
2025-10-13T23:06:00.5318752Z [=============                          ] 35% Fetch remote repository...        
2025-10-13T23:06:00.5327141Z [==============                         ] 36% Fetch remote repository...        
2025-10-13T23:06:00.5724272Z [==============                         ] 37% Fetch remote repository...        
2025-10-13T23:06:00.5752069Z [===============                        ] 38% Fetch remote repository...        
2025-10-13T23:06:00.5891841Z [===============                        ] 39% Fetch remote repository...        
2025-10-13T23:06:00.5898291Z [================                       ] 40% Fetch remote repository...        
2025-10-13T23:06:00.6058334Z [================                       ] 41% Fetch remote repository...        
2025-10-13T23:06:00.6064635Z [================                       ] 42% Fetch remote repository...        
2025-10-13T23:06:00.6242801Z [=================                      ] 44% Fetch remote repository...        
2025-10-13T23:06:00.6248287Z [=================                      ] 45% Fetch remote repository...        
2025-10-13T23:06:00.6771968Z [==================                     ] 46% Fetch remote repository...        
2025-10-13T23:06:00.6775977Z [==================                     ] 47% Fetch remote repository...        
2025-10-13T23:06:00.6994631Z [===================                    ] 48% Fetch remote repository...        
2025-10-13T23:06:00.6996576Z [===================                    ] 49% Fetch remote repository...        
2025-10-13T23:06:00.7230094Z [====================                   ] 50% Fetch remote repository...        
2025-10-13T23:06:00.7236205Z [====================                   ] 51% Fetch remote repository...        
2025-10-13T23:06:00.7814985Z [====================                   ] 53% Fetch remote repository...        
2025-10-13T23:06:00.7823214Z [=====================                  ] 54% Fetch remote repository...        
2025-10-13T23:06:00.8066918Z [=====================                  ] 55% Fetch remote repository...        
2025-10-13T23:06:00.8072803Z [======================                 ] 56% Fetch remote repository...        
2025-10-13T23:06:00.8484229Z [======================                 ] 57% Fetch remote repository...        
2025-10-13T23:06:00.8510221Z [=======================                ] 58% Fetch remote repository...        
2025-10-13T23:06:00.8673375Z [=======================                ] 59% Fetch remote repository...        
2025-10-13T23:06:00.8720338Z [========================               ] 60% Fetch remote repository...        
2025-10-13T23:06:00.8928254Z [========================               ] 61% Fetch remote repository...        
2025-10-13T23:06:00.8936437Z [=========================              ] 63% Fetch remote repository...        
2025-10-13T23:06:00.9170580Z [=========================              ] 64% Fetch remote repository...        
2025-10-13T23:06:00.9190167Z [=========================              ] 65% Fetch remote repository...        
2025-10-13T23:06:01.0822662Z [==========================             ] 66% Fetch remote repository...        
2025-10-13T23:06:01.0823627Z [==========================             ] 67% Fetch remote repository...        
2025-10-13T23:06:01.0991224Z [===========================            ] 68% Fetch remote repository...        
2025-10-13T23:06:01.0995933Z [===========================            ] 69% Fetch remote repository...        
2025-10-13T23:06:01.1231578Z [============================           ] 70% Fetch remote repository...        
2025-10-13T23:06:01.1236029Z [============================           ] 72% Fetch remote repository...        
2025-10-13T23:06:01.2440646Z [=============================          ] 73% Fetch remote repository...        
2025-10-13T23:06:01.2441962Z [=============================          ] 74% Fetch remote repository...        
2025-10-13T23:06:01.2632115Z [=============================          ] 75% Fetch remote repository...        
2025-10-13T23:06:01.2920888Z [=============================          ] 75% Computing updates...              
2025-10-13T23:06:01.2922050Z [=======================================] 100% Computing updates...             
2025-10-13T23:06:01.3661452Z 6 of 7 SDK package licenses not accepted.
2025-10-13T23:06:01.3662506Z Review licenses that have not been accepted (y/N)? 
2025-10-13T23:06:01.3663319Z 1/6: License android-googletv-license:
2025-10-13T23:06:01.3663977Z ---------------------------------------
2025-10-13T23:06:01.3673394Z Terms and Conditions
2025-10-13T23:06:01.3673682Z 
2025-10-13T23:06:01.3674087Z This is the Google TV Add-on for the Android Software Development Kit License Agreement.
2025-10-13T23:06:01.3675118Z 
2025-10-13T23:06:01.3675282Z 1. Introduction
2025-10-13T23:06:01.3675498Z 
2025-10-13T23:06:01.3677611Z 1.1 The Google TV Add-on for the Android Software Development Kit (referred to in this License Agreement as the "Google TV Add-on" and specifically including the Android system files, packaged APIs, and Google APIs add-ons) is licensed to you subject to the terms of this License Agreement. This License Agreement forms a legally binding contract between you and Google in relation to your use of the Google TV Add-on.
2025-10-13T23:06:01.3680132Z 
2025-10-13T23:06:01.3680908Z 1.2 "Google" means Google Inc., a Delaware corporation with principal place of business at 1600 Amphitheatre Parkway, Mountain View, CA 94043, United States.
2025-10-13T23:06:01.3681794Z 
2025-10-13T23:06:01.3681961Z 2. Accepting this License Agreement
2025-10-13T23:06:01.3682242Z 
2025-10-13T23:06:01.3682973Z 2.1 In order to use the Google TV Add-on, you must first agree to this License Agreement. You may not use the Google TV Add-on if you do not accept this License Agreement.
2025-10-13T23:06:01.3683849Z 
2025-10-13T23:06:01.3684290Z 2.2 You can accept this License Agreement by:
2025-10-13T23:06:01.3684619Z 
2025-10-13T23:06:01.3685114Z (A) clicking to accept or agree to this License Agreement, where this option is made available to you; or
2025-10-13T23:06:01.3685739Z 
2025-10-13T23:06:01.3686515Z (B) by actually using the Google TV Add-on. In this case, you agree that use of the Google TV Add-on constitutes acceptance of the License Agreement from that point onwards.
2025-10-13T23:06:01.3687467Z 
2025-10-13T23:06:01.3688919Z 2.3 You may not use the Google TV Add-on and may not accept the Licensing Agreement if you are a person barred from receiving the Google TV Add-on under the laws of the United States or other countries including the country in which you are resident or from which you use the Google TV Add-on.
2025-10-13T23:06:01.3691774Z 
2025-10-13T23:06:01.3693743Z 2.4 If you are agreeing to be bound by this License Agreement on behalf of your employer or other entity, you represent and warrant that you have full legal authority to bind your employer or such entity to this License Agreement. If you do not have the requisite authority, you may not accept the Licensing Agreement or use the Google TV Add-on on behalf of your employer or other entity.
2025-10-13T23:06:01.3695835Z 
2025-10-13T23:06:01.3696020Z 3. Google TV Add-on License from Google
2025-10-13T23:06:01.3696339Z 
2025-10-13T23:06:01.3717322Z 3.1 Subject to the terms of this License Agreement, Google grants you a limited, worldwide, royalty-free, non- assignable and non-exclusive license to use the Google TV Add-on solely to develop applications to run on the Google TV platform.
2025-10-13T23:06:01.3718750Z 
2025-10-13T23:06:01.3721121Z 3.2 You agree that Google or third parties own all legal right, title and interest in and to the Google TV Add-on, including any Intellectual Property Rights that subsist in the Google TV Add-on. "Intellectual Property Rights" means any and all rights under patent law, copyright law, trade secret law, trademark law, and any and all other proprietary rights. Google reserves all rights not expressly granted to you.
2025-10-13T23:06:01.3723411Z 
2025-10-13T23:06:01.3726650Z 3.3 Except to the extent required by applicable third party licenses, you may not copy (except for backup purposes), modify, adapt, redistribute, decompile, reverse engineer, disassemble, or create derivative works of the Google TV Add-on or any part of the Google TV Add-on. Except to the extent required by applicable third party licenses, you may not load any part of the Google TV Add-on onto a mobile handset, television, or any other hardware device except a personal computer, combine any part of the Google TV Add-on with other software, or distribute any software or device incorporating a part of the Google TV Add-on.
2025-10-13T23:06:01.3740272Z 
2025-10-13T23:06:01.3741439Z 3.4 Use, reproduction and distribution of components of the Google TV Add-on licensed under an open source software license are governed solely by the terms of that open source software license and not this License Agreement.
2025-10-13T23:06:01.3743034Z 
2025-10-13T23:06:01.3745489Z 3.5 You agree that the form and nature of the Google TV Add-on that Google provides may change without prior notice to you and that future versions of the Google TV Add-on may be incompatible with applications developed on previous versions of the Google TV Add-on. You agree that Google may stop (permanently or temporarily) providing the Google TV Add-on (or any features within the Google TV Add-on) to you or to users generally at Google's sole discretion, without prior notice to you.
2025-10-13T23:06:01.3748129Z 
2025-10-13T23:06:01.3750012Z 3.6 Nothing in this License Agreement gives you a right to use any of Google's or it’s licensors’ trade names, trademarks, service marks, logos, domain names, or other distinctive brand features.
2025-10-13T23:06:01.3751111Z 
2025-10-13T23:06:01.3752325Z 3.7 You agree that you will not remove, obscure, or alter any proprietary rights notices (including copyright and trademark notices) that may be affixed to or contained within the Google TV Add-on.
2025-10-13T23:06:01.3753478Z 
2025-10-13T23:06:01.3753660Z 4. Use of the Google TV Add-on by You
2025-10-13T23:06:01.3753961Z 
2025-10-13T23:06:01.3755352Z 4.1 Google agrees that it obtains no right, title or interest from you (or your licensors) under this License Agreement in or to any software applications that you develop using the Google TV Add-on, including any intellectual property rights that subsist in those applications.
2025-10-13T23:06:01.3756900Z 
2025-10-13T23:06:01.3758775Z 4.2 You agree to use the Google TV Add-on and write applications only for purposes that are permitted by (a) this License Agreement and (b) any applicable law, regulation or generally accepted practices or guidelines in the relevant jurisdictions (including any laws regarding the export of data or software to and from the United States or other relevant countries).
2025-10-13T23:06:01.3760982Z 
2025-10-13T23:06:01.3765221Z 4.3 You agree that if you use the Google TV Add-on to develop applications for general public users, you will protect the privacy and legal rights of those users. If the users provide you with user names, passwords, or other login information or personal information, your must make the users aware that the information will be available to your application, and you must provide legally adequate privacy notice and protection for those users. If your application stores personal or sensitive information provided by users, it must do so securely. If the user provides your application with Google Account information, your application may only use that information to access the user's Google Account when, and for the limited purposes for which, the user has given you explicit permission to do so.
2025-10-13T23:06:01.3769633Z 
2025-10-13T23:06:01.3771794Z 4.4 You agree that you will not engage in any activity with the Google TV Add-on, including the development or distribution of an application, that interferes with, disrupts, damages, or accesses in an unauthorized manner the servers, networks, or other properties or services of any third party including, but not limited to, Google, Multichannel Video Program Distributors or any mobile communications carrier.
2025-10-13T23:06:01.3774053Z 
2025-10-13T23:06:01.3832147Z 4.5 You agree that you are solely responsible for (and that Google has no responsibility to you or to any third party for) any data, content, or resources that you create, transmit or display through the Google TV platform and/or applications for the Google TV platform, and for the consequences of your actions (including any loss or damage which Google may suffer) by doing so.
2025-10-13T23:06:01.3834280Z 
2025-10-13T23:06:01.3836301Z 4.6 You agree that you are solely responsible for (and that Google has no responsibility to you or to any third party for) any breach of your obligations under this License Agreement, any applicable third party contract or Terms of Service, or any applicable law or regulation, and for the consequences (including any loss or damage which Google or any third party may suffer) of any such breach.
2025-10-13T23:06:01.3838742Z 
2025-10-13T23:06:01.3838920Z 5. Your Developer Credentials
2025-10-13T23:06:01.3839418Z 
2025-10-13T23:06:01.3840911Z 5.1 You agree that you are responsible for maintaining the confidentiality of any developer credentials that may be issued to you by Google or which you may choose yourself and that you will be solely responsible for all applications that are developed under your developer credentials.
2025-10-13T23:06:01.3842573Z 
2025-10-13T23:06:01.3842734Z 6. Privacy and Information
2025-10-13T23:06:01.3842995Z 
2025-10-13T23:06:01.3845911Z 6.1 In order to continually innovate and improve the Google TV Add-on, Google may collect certain usage statistics from the software including but not limited to a unique identifier, associated IP address, version number of the software, and information on which tools and/or services in the Google TV Add-on are being used and how they are being used. Before any of this information is collected, the Google TV Add-on will notify you and seek your consent. If you withhold consent, the information will not be collected.
2025-10-13T23:06:01.3848907Z 
2025-10-13T23:06:01.3849791Z 6.2 The data collected is examined in the aggregate to improve the Google TV Add-on and is maintained in accordance with Google's Privacy Policy.
2025-10-13T23:06:01.3850654Z 
2025-10-13T23:06:01.3850907Z 7. Third Party Applications for the Google TV Platform
2025-10-13T23:06:01.3851310Z 
2025-10-13T23:06:01.3854413Z 7.1 If you use the Google TV Add-on to run applications developed by a third party or that access data, content or resources provided by a third party, you agree that Google is not responsible for those applications, data, content, or resources. You understand that all data, content or resources which you may access through such third party applications are the sole responsibility of the person from which they originated and that Google is not liable for any loss or damage that you may experience as a result of the use or access of any of those third party applications, data, content, or resources.
2025-10-13T23:06:01.3857623Z 
2025-10-13T23:06:01.3860291Z 7.2 You should be aware the data, content, and resources presented to you through such a third party application may be protected by intellectual property rights which are owned by the providers (or by other persons or companies on their behalf). You may not modify, rent, lease, loan, sell, distribute or create derivative works based on these data, content, or resources (either in whole or in part) unless you have been specifically given permission to do so by the relevant owners.
2025-10-13T23:06:01.3862917Z 
2025-10-13T23:06:01.3864319Z 7.3 You acknowledge that your use of such third party applications, data, content, or resources may be subject to separate terms between you and the relevant third party. In that case, this License Agreement does not affect your legal relationship with these third parties.
2025-10-13T23:06:01.3865870Z 
2025-10-13T23:06:01.3866017Z 8. Using Google TV APIs
2025-10-13T23:06:01.3866263Z 
2025-10-13T23:06:01.3870732Z 8.1 If you use any Google TV API to retrieve data from Google, you acknowledge that the data (“Google TV API Content”) may be protected by intellectual property rights which are owned by Google or those parties that provide the data (or by other persons or companies on their behalf). Your use of any such API may be subject to additional Terms of Service. You may not modify, rent, lease, loan, sell, distribute or create derivative works based on this data (either in whole or in part) unless allowed by the relevant Terms of Service. Some portions of the Google TV API Content are licensed to Google by third parties, including but not limited to Tribune Media Services
2025-10-13T23:06:01.3874214Z 
2025-10-13T23:06:01.3875463Z 8.2 If you use any API to retrieve a user's data from Google, you acknowledge and agree that you shall retrieve data only with the user's explicit consent and only when, and for the limited purposes for which, the user has given you permission to do so.
2025-10-13T23:06:01.3877101Z 
2025-10-13T23:06:01.3877573Z 8.3 Except as explicitly permitted in Section 3 (Google TV Add-on License from Google), you must:
2025-10-13T23:06:01.3878188Z 
2025-10-13T23:06:01.3879096Z (a) not modify nor format the Google TV API Content except to the extent reasonably and technically necessary to optimize the display such Google TV API Content in your application;
2025-10-13T23:06:01.3880337Z 
2025-10-13T23:06:01.3881353Z (b) not edit the Google TV API Content in a manner that renders the Google TV API Content inaccurate of alters its inherent meaning (provided that displaying excerpts will not violate the foregoing); or
2025-10-13T23:06:01.3882492Z 
2025-10-13T23:06:01.3882974Z (c) not create any commercial audience measurement tool or service using the Google TV API Content
2025-10-13T23:06:01.3883619Z 
2025-10-13T23:06:01.3883793Z 9. Terminating this License Agreement
2025-10-13T23:06:01.3884323Z 
2025-10-13T23:06:01.3884874Z 9.1 This License Agreement will continue to apply until terminated by either you or Google as set out below.
2025-10-13T23:06:01.3885562Z 
2025-10-13T23:06:01.3886247Z 9.2 If you want to terminate this License Agreement, you may do so by ceasing your use of the Google TV Add-on and any relevant developer credentials.
2025-10-13T23:06:01.3887068Z 
2025-10-13T23:06:01.3887391Z 9.3 Google may at any time, terminate this License Agreement with you if:
2025-10-13T23:06:01.3887852Z 
2025-10-13T23:06:01.3888129Z (A) you have breached any provision of this License Agreement; or
2025-10-13T23:06:01.3888551Z 
2025-10-13T23:06:01.3888727Z (B) Google is required to do so by law; or
2025-10-13T23:06:01.3889036Z 
2025-10-13T23:06:01.3890193Z (C) the partner with whom Google offered certain parts of Google TV Add-on (such as APIs) to you has terminated its relationship with Google or ceased to offer certain parts of the Google TV Add-on to you; or
2025-10-13T23:06:01.3891347Z 
2025-10-13T23:06:01.3892979Z (D) Google decides to no longer providing the Google TV Add-on or certain parts of the Google TV Add-on to users in the country in which you are resident or from which you use the service, or the provision of the Google TV Add-on or certain Google TV Add-on services to you by Google is, in Google's sole discretion, no longer commercially viable.
2025-10-13T23:06:01.3894738Z 
2025-10-13T23:06:01.3896992Z 9.4 When this License Agreement comes to an end, all of the legal rights, obligations and liabilities that you and Google have benefited from, been subject to (or which have accrued over time whilst this License Agreement has been in force) or which are expressed to continue indefinitely, shall be unaffected by this cessation, and the provisions of paragraph 14.7 shall continue to apply to such rights, obligations and liabilities indefinitely.
2025-10-13T23:06:01.3899587Z 
2025-10-13T23:06:01.3899770Z 10. DISCLAIMER OF WARRANTIES
2025-10-13T23:06:01.3900034Z 
2025-10-13T23:06:01.3900998Z 10.1 YOU EXPRESSLY UNDERSTAND AND AGREE THAT YOUR USE OF THE GOOGLE TV ADD-ON IS AT YOUR SOLE RISK AND THAT THE GOOGLE TV ADD-ON IS PROVIDED "AS IS" AND "AS AVAILABLE" WITHOUT WARRANTY OF ANY KIND FROM GOOGLE.
2025-10-13T23:06:01.3902079Z 
2025-10-13T23:06:01.3903503Z 10.2 YOUR USE OF THE GOOGLE TV ADD-ON AND ANY MATERIAL DOWNLOADED OR OTHERWISE OBTAINED THROUGH THE USE OF THE GOOGLE TV ADD-ON IS AT YOUR OWN DISCRETION AND RISK AND YOU ARE SOLELY RESPONSIBLE FOR ANY DAMAGE TO YOUR COMPUTER SYSTEM OR OTHER DEVICE OR LOSS OF DATA THAT RESULTS FROM SUCH USE.
2025-10-13T23:06:01.3905058Z 
2025-10-13T23:06:01.3906380Z 10.3 GOOGLE FURTHER EXPRESSLY DISCLAIMS ALL WARRANTIES AND CONDITIONS OF ANY KIND, WHETHER EXPRESS OR IMPLIED, INCLUDING, BUT NOT LIMITED TO THE IMPLIED WARRANTIES AND CONDITIONS OF MERCHANTABILITY, FITNESS FOR A PARTICULAR PURPOSE AND NON-INFRINGEMENT.
2025-10-13T23:06:01.3908012Z 
2025-10-13T23:06:01.3908488Z 11. LIMITATION OF LIABILITY
2025-10-13T23:06:01.3908792Z 
2025-10-13T23:06:01.3911190Z 11.1 YOU EXPRESSLY UNDERSTAND AND AGREE THAT GOOGLE, ITS SUBSIDIARIES AND AFFILIATES, AND ITS LICENSORS SHALL NOT BE LIABLE TO YOU UNDER ANY THEORY OF LIABILITY FOR ANY DIRECT, INDIRECT, INCIDENTAL, SPECIAL CONSEQUENTIAL OR EXEMPLARY DAMAGES THAT MAY BE INCURRED BY YOU, INCLUDING ANY LOSS OF DATA, WHETHER OR NOT GOOGLE OR ITS REPRESENTATIVES HAVE BEEN ADVISED OF OR SHOULD HAVE BEEN AWARE OF THE POSSIBILITY OF ANY SUCH LOSSES ARISING.
2025-10-13T23:06:01.3913595Z 
2025-10-13T23:06:01.3913742Z 12. Indemnification
2025-10-13T23:06:01.3913956Z 
2025-10-13T23:06:01.3918015Z 12.1 To the maximum extent permitted by law, you agree to defend, indemnify and hold harmless Google, its affiliates and their respective directors, officers, employees and agents from and against any and all claims, actions, suits or proceedings, as well as any and all losses, liabilities, damages, costs and expenses (including reasonable attorneys fees) arising out of or accruing from (a) your use of the Google TV Add-on, (b) any application you develop on the Google TV Add-on that infringes any copyright, trademark, trade secret, trade dress, patent or other intellectual property right of any person or defames any person or violates their rights of publicity or privacy, and (c) any non-compliance by you with this License Agreement.
2025-10-13T23:06:01.3922127Z 
2025-10-13T23:06:01.3922297Z 13. Changes to the License Agreement
2025-10-13T23:06:01.3922593Z 
2025-10-13T23:06:01.3923091Z 13.1 Google may make changes to the License Agreement as it distributes new versions of the Google TV Add-on.
2025-10-13T23:06:01.3923748Z 
2025-10-13T23:06:01.3923895Z 14. General Legal Terms
2025-10-13T23:06:01.3924123Z 
2025-10-13T23:06:01.3925828Z 14.1 This License Agreement constitute the whole legal agreement between you and Google and govern your use of the Google TV Add-on (excluding any services which Google may provide to you under a separate written agreement), and completely replace any prior agreements between you and Google in relation to the Google TV Add-on.
2025-10-13T23:06:01.3927694Z 
2025-10-13T23:06:01.3929413Z 14.2 You agree that if Google does not exercise or enforce any legal right or remedy which is contained in this License Agreement (or which Google has the benefit of under any applicable law), this will not be taken to be a formal waiver of Google's rights and that those rights or remedies will still be available to Google.
2025-10-13T23:06:01.3931134Z 
2025-10-13T23:06:01.3932941Z 14.3 If any court of law, having the jurisdiction to decide on this matter, rules that any provision of this License Agreement is invalid, then that provision will be removed from this License Agreement without affecting the rest of this License Agreement. The remaining provisions of this License Agreement will continue to be valid and enforceable.
2025-10-13T23:06:01.3934849Z 
2025-10-13T23:06:01.3937938Z 14.4 You acknowledge and agree that Google’s API data licensors and each member of the group of companies of which Google is the parent shall be third party beneficiaries to this License Agreement and that such other companies shall be entitled to directly enforce, and rely upon, any provision of this License Agreement that confers a benefit on (or rights in favor of) them. Other than this, no other person or company shall be third party beneficiaries to this License Agreement.
2025-10-13T23:06:01.3940643Z 
2025-10-13T23:06:01.3942120Z 14.5 EXPORT RESTRICTIONS. THE GOOGLE TV ADD-ON IS SUBJECT TO UNITED STATES EXPORT LAWS AND REGULATIONS. YOU MUST COMPLY WITH ALL DOMESTIC AND INTERNATIONAL EXPORT LAWS AND REGULATIONS THAT APPLY TO THE GOOGLE TV ADD-ON. THESE LAWS INCLUDE RESTRICTIONS ON DESTINATIONS, END USERS AND END USE.
2025-10-13T23:06:01.3943725Z 
2025-10-13T23:06:01.3945555Z 14.6 The rights granted in this License Agreement may not be assigned or transferred by either you or Google without the prior written approval of the other party. Neither you nor Google shall be permitted to delegate their responsibilities or obligations under this License Agreement without the prior written approval of the other party.
2025-10-13T23:06:01.3947624Z 
2025-10-13T23:06:01.3950934Z 14.7 This License Agreement, and your relationship with Google under this License Agreement, shall be governed by the laws of the State of California without regard to its conflict of laws provisions. You and Google agree to submit to the exclusive jurisdiction of the courts located within the county of Santa Clara, California to resolve any legal matter arising from this License Agreement. Notwithstanding this, you agree that Google shall still be allowed to apply for injunctive remedies (or an equivalent type of urgent legal relief) in any jurisdiction.
2025-10-13T23:06:01.3954154Z 
2025-10-13T23:06:01.3954163Z 
2025-10-13T23:06:01.3954308Z August 15, 2011
2025-10-13T23:06:01.3954697Z ---------------------------------------
2025-10-13T23:06:01.3955272Z Accept? (y/N): 
2025-10-13T23:06:01.3955654Z 2/6: License android-googlexr-license:
2025-10-13T23:06:01.3956362Z ---------------------------------------
2025-10-13T23:06:01.3957992Z To get started with the Android XR Emulator System Image SDK, you must agree to the following terms and conditions. As described below, please note that this is a preview, emulated version of the Android XR OS, subject to change, that you use at your own risk.
2025-10-13T23:06:01.3959641Z 
2025-10-13T23:06:01.3959954Z This is the Android XR Emulator System Image SDK License Agreement
2025-10-13T23:06:01.3960416Z 
2025-10-13T23:06:01.3960558Z 1. Introduction
2025-10-13T23:06:01.3960761Z 
2025-10-13T23:06:01.3963089Z 1.1 The Android Android XR Emulator System Image SDK (referred to in the License Agreement as the "SDK" and specifically including the Android system files,, packaged APIs, library files (if and when they are made available), and Google applications and APIs add-ons) is licensed to you subject to the terms of the License Agreement. The License Agreement forms a legally binding contract between you and Google in relation to your use of the SDK.
2025-10-13T23:06:01.3965596Z 
2025-10-13T23:06:01.3966710Z 1.2 "Android" means the Android software stack for devices, as made available under the Android Open Source Project, which is located at the following URL: https://source.android.com/, as updated from time to time.
2025-10-13T23:06:01.3967960Z 
2025-10-13T23:06:01.3969006Z 1.3 "Google" means Google LLC, organized under the laws of the State of Delaware, USA, and operating under the laws of the USA with principal place of business at 1600 Amphitheatre Parkway, Mountain View, CA 94043, USA.
2025-10-13T23:06:01.3970441Z 
2025-10-13T23:06:01.3970617Z 2. Accepting this License Agreement
2025-10-13T23:06:01.3970930Z 
2025-10-13T23:06:01.3971551Z 2.1 In order to use the SDK, you must first agree to the License Agreement. You may not use the SDK if you do not accept the License Agreement.
2025-10-13T23:06:01.3972333Z 
2025-10-13T23:06:01.3972788Z 2.2 By clicking to accept and/or using this SDK, you hereby agree to the terms of the License Agreement.
2025-10-13T23:06:01.3973422Z 
2025-10-13T23:06:01.3974646Z 2.3 You may not use the SDK and may not accept the License Agreement if you are a person barred from receiving the SDK under the laws of the United States or other countries, including the country in which you are resident or from which you use the SDK.
2025-10-13T23:06:01.3976027Z 
2025-10-13T23:06:01.3977878Z 2.4 If you are agreeing to be bound by the License Agreement on behalf of your employer or other entity, you represent and warrant that you have full legal authority to bind your employer or such entity to the License Agreement. If you do not have the requisite authority, you may not accept the License Agreement or use the SDK on behalf of your employer or other entity.
2025-10-13T23:06:01.3980031Z 
2025-10-13T23:06:01.3980189Z 3. SDK License from Google
2025-10-13T23:06:01.3980447Z 
2025-10-13T23:06:01.3981640Z 3.1 Subject to the terms of the License Agreement, Google grants you a limited, worldwide, royalty-free, non-assignable, non-exclusive, and non-sublicensable license to use the SDK solely to develop applications for Android XR.
2025-10-13T23:06:01.3983213Z 
2025-10-13T23:06:01.3984303Z 3.2 You may not use this SDK to develop applications for other platforms or to develop another SDK. You are of course free to develop applications for other platforms provided that this SDK is not used for that purpose.
2025-10-13T23:06:01.3985565Z 
2025-10-13T23:06:01.3987571Z 3.3 You agree that Google or third parties own all legal right, title and interest in and to the SDK, including any Intellectual Property Rights that subsist in the SDK. "Intellectual Property Rights" means any and all rights under patent law, copyright law, trade secret law, trademark law, and any and all other proprietary rights. Google reserves all rights not expressly granted to you.
2025-10-13T23:06:01.3989939Z 
2025-10-13T23:06:01.3993218Z 3.4 You may not use the SDK for any purpose not expressly permitted by the License Agreement. Except to the extent required by applicable third party licenses, you may not (a) copy (except for backup purposes), modify, adapt, redistribute, decompile, reverse engineer, disassemble, or create derivative works of the SDK or any part of the SDK; or (b) load any part of the SDK onto a mobile handset or any other hardware device except a personal computer, combine any part of the SDK with other software, or distribute any software or device incorporating a part of the SDK.
2025-10-13T23:06:01.3996314Z 
2025-10-13T23:06:01.3998451Z 3.5 Use, reproduction and distribution of components of the SDK licensed under an open source software license are governed solely by the terms of that open source software license and not the License Agreement. You agree to remain a licensee in good standing in regard to such open source software licenses under all the rights granted and to refrain from any actions that may terminate, suspend, or breach such rights.
2025-10-13T23:06:01.4000929Z 
2025-10-13T23:06:01.4003126Z 3.6 You agree that the form and nature of the SDK that Google provides may change without prior notice to you and that future versions of the SDK may be incompatible with applications developed on previous versions of the SDK. You agree that Google may stop (permanently or temporarily) providing the SDK (or any features within the SDK) to you or to users generally at Google's sole discretion, without prior notice to you.
2025-10-13T23:06:01.4005445Z 
2025-10-13T23:06:01.4006305Z 3.7 Nothing in the License Agreement gives you a right to use any of Google's trade names, trademarks, service marks, logos, domain names, or other distinctive brand features.
2025-10-13T23:06:01.4007304Z 
2025-10-13T23:06:01.4008254Z 3.8 You agree that you will not remove, obscure, or alter any proprietary rights notices (including copyright and trademark notices) that may be affixed to or contained within the SDK.
2025-10-13T23:06:01.4009539Z 
2025-10-13T23:06:01.4009690Z 4. Use of the SDK by You
2025-10-13T23:06:01.4009937Z 
2025-10-13T23:06:01.4011321Z 4.1 Google agrees that it obtains no right, title or interest from you (or your licensors) under the License Agreement in or to any software applications that you develop using the SDK, including any intellectual property rights that subsist in those applications.
2025-10-13T23:06:01.4012798Z 
2025-10-13T23:06:01.4014571Z 4.2 You agree to use the SDK and write applications only for purposes that are permitted by (a) the License Agreement and (b) any applicable law, regulation or generally accepted practices or guidelines in the relevant jurisdictions (including any laws regarding the export of data or software to and from the United States or other relevant countries).
2025-10-13T23:06:01.4016561Z 
2025-10-13T23:06:01.4020871Z 4.3 You agree that if you use the SDK to develop applications for general public users, you will protect the privacy and legal rights of those users. If the users provide you with user names, passwords, or other login information or personal information, you must make the users aware that the information will be available to your application, and you must provide legally adequate privacy notice and protection for those users. If your application stores personal or sensitive information provided by users, it must do so securely. If the user provides your application with Google Account information, your application may only use that information to access the user's Google Account when, and for the limited purposes for which, the user has given you permission to do so.
2025-10-13T23:06:01.4025479Z 
2025-10-13T23:06:01.4027400Z 4.4 You agree that you will not engage in any activity with the SDK, including the development or distribution of an application, that interferes with, disrupts, damages, or accesses in an unauthorized manner the servers, networks, or other properties or services of any third party including, but not limited to, Google or any mobile communications carrier.
2025-10-13T23:06:01.4029742Z 
2025-10-13T23:06:01.4031788Z 4.5 You agree that you are solely responsible for (and that Google has no responsibility to you or to any third party for) any data, content, or resources that you create, transmit or display through Android and/or applications for Android, and for the consequences of your actions (including any loss or damage which Google may suffer) by doing so.
2025-10-13T23:06:01.4033732Z 
2025-10-13T23:06:01.4035785Z 4.6 You agree that you are solely responsible for (and that Google has no responsibility to you or to any third party for) any breach of your obligations under the License Agreement, any applicable third party contract or Terms of Service, or any applicable law or regulation, and for the consequences (including any loss or damage which Google or any third party may suffer) of any such breach.
2025-10-13T23:06:01.4038006Z 
2025-10-13T23:06:01.4039781Z 4.7 The SDK is in development, and your testing and feedback are an important part of the development process. By using the SDK, you acknowledge that implementation of some features are still under development and that you should not rely on the SDK having the full functionality of a stable release.
2025-10-13T23:06:01.4041514Z 
2025-10-13T23:06:01.4041692Z 5. Your Developer Credentials
2025-10-13T23:06:01.4041985Z 
2025-10-13T23:06:01.4043463Z 5.1 You agree that you are responsible for maintaining the confidentiality of any developer credentials that may be issued to you by Google or which you may choose yourself and that you will be solely responsible for all applications that are developed under your developer credentials.
2025-10-13T23:06:01.4045133Z 
2025-10-13T23:06:01.4045309Z 6. Privacy and Information
2025-10-13T23:06:01.4045596Z 
2025-10-13T23:06:01.4048169Z 6.1 In order to continually innovate and improve the SDK, Google may collect certain usage statistics from the software including but not limited to a unique identifier, associated IP address, version number of the software, and information on which tools and/or services in the SDK are being used and how they are being used. Before any of this information is collected, the SDK will notify you and seek your consent. If you withhold consent, the information will not be collected.
2025-10-13T23:06:01.4051003Z 
2025-10-13T23:06:01.4052100Z 6.2 The data collected is examined in the aggregate to improve the SDK and is maintained in accordance with Google's Privacy Policy, which is located at the following URL: https://policies.google.com/privacy
2025-10-13T23:06:01.4053296Z 
2025-10-13T23:06:01.4053792Z 6.3 Anonymized and aggregated sets of the data may be shared with Google partners to improve the SDK.
2025-10-13T23:06:01.4054427Z 
2025-10-13T23:06:01.4054608Z 7. Third Party Applications
2025-10-13T23:06:01.4054888Z 
2025-10-13T23:06:01.4058092Z 7.1 If you use the SDK to run applications developed by a third party or that access data, content or resources provided by a third party, you agree that Google is not responsible for those applications, data, content, or resources. You understand that all data, content or resources which you may access through such third party applications are the sole responsibility of the person from which they originated and that Google is not liable for any loss or damage that you may experience as a result of the use or access of any of those third party applications, data, content, or resources.
2025-10-13T23:06:01.4061738Z 
2025-10-13T23:06:01.4064297Z 7.2 You should be aware that the data, content, and resources presented to you through such a third party application may be protected by intellectual property rights which are owned by the providers (or by other persons or companies on their behalf). You may not modify, rent, lease, loan, sell, distribute or create derivative works based on these data, content, or resources (either in whole or in part) unless you have been specifically given permission to do so by the relevant owners.
2025-10-13T23:06:01.4066921Z 
2025-10-13T23:06:01.4068543Z 7.3 You acknowledge that your use of such third party applications, data, content, or resources may be subject to separate terms between you and the relevant third party. In that case, the License Agreement does not affect your legal relationship with these third parties.
2025-10-13T23:06:01.4070309Z 
2025-10-13T23:06:01.4070474Z 8. Using Android APIs
2025-10-13T23:06:01.4070714Z 
2025-10-13T23:06:01.4070846Z 8.1 Google Data APIs
2025-10-13T23:06:01.4071075Z 
2025-10-13T23:06:01.4073524Z 8.1.1 If you use any API to retrieve data from Google, you acknowledge that the data may be protected by intellectual property rights which are owned by Google or those parties that provide the data (or by other persons or companies on their behalf). Your use of any such API may be subject to additional Terms of Service. You may not modify, rent, lease, loan, sell, distribute or create derivative works based on this data (either in whole or in part) unless allowed by the relevant Terms of Service.
2025-10-13T23:06:01.4076161Z 
2025-10-13T23:06:01.4188571Z 8.1.2 If you use any API to retrieve a user's data from Google, you acknowledge and agree that you shall retrieve data only with the user's explicit consent and only when, and for the limited purposes for which, the user has given you permission to do so. If you use the Android Recognition Service API, documented at the following URL: https://developer.android.com/reference/android/speech/RecognitionService, as updated from time to time, you acknowledge that the use of the API is subject to the Data Processing Addendum for Products where Google is a Data Processor, which is located at the following URL: https://privacy.google.com/businesses/gdprprocessorterms/, as updated from time to time. By clicking to accept, you hereby agree to the terms of the Data Processing Addendum for Products where Google is a Data Processor.
2025-10-13T23:06:01.4191753Z 
2025-10-13T23:06:01.4191894Z 9. Terminating this License Agreement
2025-10-13T23:06:01.4192089Z 
2025-10-13T23:06:01.4192389Z 9.1 The License Agreement will continue to apply until terminated by either you or Google as set out below.
2025-10-13T23:06:01.4192769Z 
2025-10-13T23:06:01.4193111Z 9.2 If you want to terminate the License Agreement, you may do so by ceasing your use of the SDK and any relevant developer credentials.
2025-10-13T23:06:01.4193535Z 
2025-10-13T23:06:01.4195253Z 9.3 Google may at any time, terminate the License Agreement with you if: (A) you have breached any provision of the License Agreement; or (B) Google is required to do so by law; or (C) the partner with whom Google offered certain parts of SDK (such as APIs) to you has terminated its relationship with Google or ceased to offer certain parts of the SDK to you; or (D) Google decides to no longer provide the SDK or certain parts of the SDK to users in the country in which you are resident or from which you use the service, or the provision of the SDK or certain SDK services to you by Google is, in Google's sole discretion, no longer commercially viable.
2025-10-13T23:06:01.4197015Z 
2025-10-13T23:06:01.4198251Z 9.4 When the License Agreement comes to an end, all of the legal rights, obligations and liabilities that you and Google have benefited from, been subject to (or which have accrued over time whilst the License Agreement has been in force) or which are expressed to continue indefinitely, shall be unaffected by this cessation, and the provisions of paragraph 14.7 shall continue to apply to such rights, obligations and liabilities indefinitely.
2025-10-13T23:06:01.4200392Z 
2025-10-13T23:06:01.4200561Z 10. DISCLAIMER OF WARRANTIES
2025-10-13T23:06:01.4200785Z 
2025-10-13T23:06:01.4201551Z 10.1 YOU EXPRESSLY UNDERSTAND AND AGREE THAT YOUR USE OF THE SDK IS AT YOUR SOLE RISK AND THAT THE SDK IS PROVIDED "AS IS" AND "AS AVAILABLE" WITHOUT WARRANTY OF ANY KIND FROM GOOGLE.
2025-10-13T23:06:01.4203621Z 
2025-10-13T23:06:01.4204874Z 10.2 YOUR USE OF THE SDK AND ANY MATERIAL DOWNLOADED OR OTHERWISE OBTAINED THROUGH THE USE OF THE SDK IS AT YOUR OWN DISCRETION AND RISK AND YOU ARE SOLELY RESPONSIBLE FOR ANY DAMAGE TO YOUR COMPUTER SYSTEM OR OTHER DEVICE OR LOSS OF DATA THAT RESULTS FROM SUCH USE.
2025-10-13T23:06:01.4206296Z 
2025-10-13T23:06:01.4207829Z 10.3 GOOGLE FURTHER EXPRESSLY DISCLAIMS ALL WARRANTIES AND CONDITIONS OF ANY KIND, WHETHER EXPRESS OR IMPLIED, INCLUDING, BUT NOT LIMITED TO THE IMPLIED WARRANTIES AND CONDITIONS OF MERCHANTABILITY, FITNESS FOR A PARTICULAR PURPOSE AND NON-INFRINGEMENT.
2025-10-13T23:06:01.4209843Z 
2025-10-13T23:06:01.4210006Z 11. LIMITATION OF LIABILITY
2025-10-13T23:06:01.4210253Z 
2025-10-13T23:06:01.4212494Z 11.1 YOU EXPRESSLY UNDERSTAND AND AGREE THAT GOOGLE, ITS SUBSIDIARIES AND AFFILIATES, AND ITS LICENSORS SHALL NOT BE LIABLE TO YOU UNDER ANY THEORY OF LIABILITY FOR ANY DIRECT, INDIRECT, INCIDENTAL, SPECIAL, CONSEQUENTIAL OR EXEMPLARY DAMAGES THAT MAY BE INCURRED BY YOU, INCLUDING ANY LOSS OF DATA, WHETHER OR NOT GOOGLE OR ITS REPRESENTATIVES HAVE BEEN ADVISED OF OR SHOULD HAVE BEEN AWARE OF THE POSSIBILITY OF ANY SUCH LOSSES ARISING.
2025-10-13T23:06:01.4214868Z 
2025-10-13T23:06:01.4214995Z 12. Indemnification
2025-10-13T23:06:01.4215187Z 
2025-10-13T23:06:01.4218744Z 12.1 To the maximum extent permitted by law, you agree to defend, indemnify and hold harmless Google, its affiliates and their respective directors, officers, employees and agents from and against any and all claims, actions, suits or proceedings, as well as any and all losses, liabilities, damages, costs and expenses (including reasonable attorneys fees) arising out of or accruing from (a) your use of the SDK, (b) any application you develop on the SDK that infringes any copyright, trademark, trade secret, trade dress, patent or other intellectual property right of any person or defames any person or violates their rights of publicity or privacy, and (c) any non-compliance by you with the License Agreement.
2025-10-13T23:06:01.4222814Z 
2025-10-13T23:06:01.4222975Z 13. Changes to the License Agreement
2025-10-13T23:06:01.4223272Z 
2025-10-13T23:06:01.4224416Z 13.1 Google may make changes to the License Agreement as it distributes new versions of the SDK. When these changes are made, Google will make a new version of the License Agreement available on the website where the SDK is made available.
2025-10-13T23:06:01.4225704Z 
2025-10-13T23:06:01.4225838Z 14. General Legal Terms
2025-10-13T23:06:01.4226063Z 
2025-10-13T23:06:01.4227594Z 14.1 The License Agreement constitutes the whole legal agreement between you and Google and governs your use of the SDK (excluding any services which Google may provide to you under a separate written agreement), and completely replaces any prior agreements between you and Google in relation to the SDK.
2025-10-13T23:06:01.4229412Z 
2025-10-13T23:06:01.4230939Z 14.2 You agree that if Google does not exercise or enforce any legal right or remedy which is contained in the License Agreement (or which Google has the benefit of under any applicable law), this will not be taken to be a formal waiver of Google's rights and that those rights or remedies will still be available to Google.
2025-10-13T23:06:01.4232589Z 
2025-10-13T23:06:01.4234246Z 14.3 If any court of law, having the jurisdiction to decide on this matter, rules that any provision of the License Agreement is invalid, then that provision will be removed from the License Agreement without affecting the rest of the License Agreement. The remaining provisions of the License Agreement will continue to be valid and enforceable.
2025-10-13T23:06:01.4236319Z 
2025-10-13T23:06:01.4238522Z 14.4 You acknowledge and agree that each member of the group of companies of which Google is the parent shall be third party beneficiaries to the License Agreement and that such other companies shall be entitled to directly enforce, and rely upon, any provision of the License Agreement that confers a benefit on (or rights in favor of) them. Other than this, no other person or company shall be third party beneficiaries to the License Agreement.
2025-10-13T23:06:01.4240982Z 
2025-10-13T23:06:01.4242479Z 14.5 EXPORT RESTRICTIONS. THE SDK IS SUBJECT TO UNITED STATES EXPORT LAWS AND REGULATIONS. YOU MUST COMPLY WITH ALL DOMESTIC AND INTERNATIONAL EXPORT LAWS AND REGULATIONS THAT APPLY TO THE SDK. THESE LAWS INCLUDE RESTRICTIONS ON DESTINATIONS, END USERS AND END USE.
2025-10-13T23:06:01.4243940Z 
2025-10-13T23:06:01.4245665Z 14.6 The rights granted in the License Agreement may not be assigned or transferred by either you or Google without the prior written approval of the other party. Neither you nor Google shall be permitted to delegate their responsibilities or obligations under the License Agreement without the prior written approval of the other party.
2025-10-13T23:06:01.4247519Z 
2025-10-13T23:06:01.4250585Z 14.7 The License Agreement, and your relationship with Google under the License Agreement, shall be governed by the laws of the State of California without regard to its conflict of laws provisions. You and Google agree to submit to the exclusive jurisdiction of the courts located within the county of Santa Clara, California to resolve any legal matter arising from the License Agreement. Notwithstanding this, you agree that Google shall still be allowed to apply for injunctive remedies (or an equivalent type of urgent legal relief) in any jurisdiction.
2025-10-13T23:06:01.4253650Z ---------------------------------------
2025-10-13T23:06:01.4254032Z Accept? (y/N): 
2025-10-13T23:06:01.4254374Z 3/6: License android-sdk-arm-dbt-license:
2025-10-13T23:06:01.4254805Z ---------------------------------------
2025-10-13T23:06:01.4255178Z Terms and Conditions
2025-10-13T23:06:01.4255381Z 
2025-10-13T23:06:01.4255634Z This is the Android Software Development Kit License Agreement
2025-10-13T23:06:01.4256038Z 
2025-10-13T23:06:01.4256160Z 1. Introduction
2025-10-13T23:06:01.4256352Z 
2025-10-13T23:06:01.4258170Z 1.1 The Android Software Development Kit (referred to in the License Agreement as the "SDK" and specifically including the Android system files, packaged APIs, and Google APIs add-ons) is licensed to you subject to the terms of the License Agreement. The License Agreement forms a legally binding contract between you and Google in relation to your use of the SDK.
2025-10-13T23:06:01.4260296Z 
2025-10-13T23:06:01.4261367Z 1.2 "Android" means the Android software stack for devices, as made available under the Android Open Source Project, which is located at the following URL: http://source.android.com/, as updated from time to time.
2025-10-13T23:06:01.4262482Z 
2025-10-13T23:06:01.4264180Z 1.3 A "compatible implementation" means any Android device that (i) complies with the Android Compatibility Definition document, which can be found at the Android compatibility website (http://source.android.com/compatibility) and which may be updated from time to time; and (ii) successfully passes the Android Compatibility Test Suite (CTS).
2025-10-13T23:06:01.4266056Z 
2025-10-13T23:06:01.4266783Z 1.4 "Google" means Google Inc., a Delaware corporation with principal place of business at 1600 Amphitheatre Parkway, Mountain View, CA 94043, United States.
2025-10-13T23:06:01.4267687Z 
2025-10-13T23:06:01.4267693Z 
2025-10-13T23:06:01.4267841Z 2. Accepting the License Agreement
2025-10-13T23:06:01.4268289Z 
2025-10-13T23:06:01.4268889Z 2.1 In order to use the SDK, you must first agree to the License Agreement. You may not use the SDK if you do not accept the License Agreement.
2025-10-13T23:06:01.4269770Z 
2025-10-13T23:06:01.4270105Z 2.2 By clicking to accept, you hereby agree to the terms of the License Agreement.
2025-10-13T23:06:01.4270597Z 
2025-10-13T23:06:01.4271764Z 2.3 You may not use the SDK and may not accept the License Agreement if you are a person barred from receiving the SDK under the laws of the United States or other countries, including the country in which you are resident or from which you use the SDK.
2025-10-13T23:06:01.4273059Z 
2025-10-13T23:06:01.4274802Z 2.4 If you are agreeing to be bound by the License Agreement on behalf of your employer or other entity, you represent and warrant that you have full legal authority to bind your employer or such entity to the License Agreement. If you do not have the requisite authority, you may not accept the License Agreement or use the SDK on behalf of your employer or other entity.
2025-10-13T23:06:01.4276855Z 
2025-10-13T23:06:01.4276864Z 
2025-10-13T23:06:01.4277020Z 3. SDK License from Google
2025-10-13T23:06:01.4277260Z 
2025-10-13T23:06:01.4278556Z 3.1 Subject to the terms of the License Agreement, Google grants you a limited, worldwide, royalty-free, non-assignable, non-exclusive, and non-sublicensable license to use the SDK solely to develop applications for compatible implementations of Android.
2025-10-13T23:06:01.4280051Z 
2025-10-13T23:06:01.4281758Z 3.2 You may not use this SDK to develop applications for other platforms (including non-compatible implementations of Android) or to develop another SDK. You are of course free to develop applications for other platforms, including non-compatible implementations of Android, provided that this SDK is not used for that purpose.
2025-10-13T23:06:01.4283597Z 
2025-10-13T23:06:01.4285544Z 3.3 You agree that Google or third parties own all legal right, title and interest in and to the SDK, including any Intellectual Property Rights that subsist in the SDK. "Intellectual Property Rights" means any and all rights under patent law, copyright law, trade secret law, trademark law, and any and all other proprietary rights. Google reserves all rights not expressly granted to you.
2025-10-13T23:06:01.4287628Z 
2025-10-13T23:06:01.4289466Z 3.4 You may not use the SDK for any purpose not expressly permitted by the License Agreement. Except to the extent required by applicable third party licenses, you may not copy (except for backup purposes), modify, adapt, redistribute, decompile, reverse engineer, disassemble, or create derivative works of the SDK or any part of the SDK.
2025-10-13T23:06:01.4291299Z 
2025-10-13T23:06:01.4292319Z 3.5 Use, reproduction and distribution of components of the SDK licensed under an open source software license are governed solely by the terms of that open source software license and not the License Agreement.
2025-10-13T23:06:01.4293510Z 
2025-10-13T23:06:01.4295603Z 3.6 You agree that the form and nature of the SDK that Google provides may change without prior notice to you and that future versions of the SDK may be incompatible with applications developed on previous versions of the SDK. You agree that Google may stop (permanently or temporarily) providing the SDK (or any features within the SDK) to you or to users generally at Google's sole discretion, without prior notice to you.
2025-10-13T23:06:01.4297835Z 
2025-10-13T23:06:01.4298662Z 3.7 Nothing in the License Agreement gives you a right to use any of Google's trade names, trademarks, service marks, logos, domain names, or other distinctive brand features.
2025-10-13T23:06:01.4299867Z 
2025-10-13T23:06:01.4300785Z 3.8 You agree that you will not remove, obscure, or alter any proprietary rights notices (including copyright and trademark notices) that may be affixed to or contained within the SDK.
2025-10-13T23:06:01.4301840Z 
2025-10-13T23:06:01.4301846Z 
2025-10-13T23:06:01.4301989Z 4. Use of the SDK by You
2025-10-13T23:06:01.4302382Z 
2025-10-13T23:06:01.4303673Z 4.1 Google agrees that it obtains no right, title or interest from you (or your licensors) under the License Agreement in or to any software applications that you develop using the SDK, including any intellectual property rights that subsist in those applications.
2025-10-13T23:06:01.4305086Z 
2025-10-13T23:06:01.4306841Z 4.2 You agree to use the SDK and write applications only for purposes that are permitted by (a) the License Agreement and (b) any applicable law, regulation or generally accepted practices or guidelines in the relevant jurisdictions (including any laws regarding the export of data or software to and from the United States or other relevant countries).
2025-10-13T23:06:01.4308739Z 
2025-10-13T23:06:01.4312967Z 4.3 You agree that if you use the SDK to develop applications for general public users, you will protect the privacy and legal rights of those users. If the users provide you with user names, passwords, or other login information or personal information, you must make the users aware that the information will be available to your application, and you must provide legally adequate privacy notice and protection for those users. If your application stores personal or sensitive information provided by users, it must do so securely. If the user provides your application with Google Account information, your application may only use that information to access the user's Google Account when, and for the limited purposes for which, the user has given you permission to do so.
2025-10-13T23:06:01.4316758Z 
2025-10-13T23:06:01.4318482Z 4.4 You agree that you will not engage in any activity with the SDK, including the development or distribution of an application, that interferes with, disrupts, damages, or accesses in an unauthorized manner the servers, networks, or other properties or services of any third party including, but not limited to, Google or any mobile communications carrier.
2025-10-13T23:06:01.4320490Z 
2025-10-13T23:06:01.4322237Z 4.5 You agree that you are solely responsible for (and that Google has no responsibility to you or to any third party for) any data, content, or resources that you create, transmit or display through Android and/or applications for Android, and for the consequences of your actions (including any loss or damage which Google may suffer) by doing so.
2025-10-13T23:06:01.4323659Z 
2025-10-13T23:06:01.4325067Z 4.6 You agree that you are solely responsible for (and that Google has no responsibility to you or to any third party for) any breach of your obligations under the License Agreement, any applicable third party contract or Terms of Service, or any applicable law or regulation, and for the consequences (including any loss or damage which Google or any third party may suffer) of any such breach.
2025-10-13T23:06:01.4327028Z 
2025-10-13T23:06:01.4330171Z 4.7 This software enables the execution of intellectual property owned by Arm Limited. You agree that your use of the software, that allows execution of ARM Instruction Set Architecture (“ISA”) compliant executables for application development and debug only on x86 desktop, laptop, customer on-premise servers, and customer-procured cloud-based environments.
2025-10-13T23:06:01.4332985Z 
2025-10-13T23:06:01.4333152Z 5. Your Developer Credentials
2025-10-13T23:06:01.4333430Z 
2025-10-13T23:06:01.4334861Z 5.1 You agree that you are responsible for maintaining the confidentiality of any developer credentials that may be issued to you by Google or which you may choose yourself and that you will be solely responsible for all applications that are developed under your developer credentials.
2025-10-13T23:06:01.4336496Z 
2025-10-13T23:06:01.4336646Z 6. Privacy and Information
2025-10-13T23:06:01.4336898Z 
2025-10-13T23:06:01.4339810Z 6.1 In order to continually innovate and improve the SDK, Google may collect certain usage statistics from the software including but not limited to a unique identifier, associated IP address, version number of the software, and information on which tools and/or services in the SDK are being used and how they are being used. Before any of this information is collected, the SDK will notify you and seek your consent. If you withhold consent, the information will not be collected.
2025-10-13T23:06:01.4342358Z 
2025-10-13T23:06:01.4342881Z 6.2 The data collected is examined in the aggregate to improve the SDK and is maintained in accordance with Google's Privacy Policy.
2025-10-13T23:06:01.4343527Z 
2025-10-13T23:06:01.4343533Z 
2025-10-13T23:06:01.4343687Z 7. Third Party Applications
2025-10-13T23:06:01.4343939Z 
2025-10-13T23:06:01.4346865Z 7.1 If you use the SDK to run applications developed by a third party or that access data, content or resources provided by a third party, you agree that Google is not responsible for those applications, data, content, or resources. You understand that all data, content or resources which you may access through such third party applications are the sole responsibility of the person from which they originated and that Google is not liable for any loss or damage that you may experience as a result of the use or access of any of those third party applications, data, content, or resources.
2025-10-13T23:06:01.4350492Z 
2025-10-13T23:06:01.4352816Z 7.2 You should be aware the data, content, and resources presented to you through such a third party application may be protected by intellectual property rights which are owned by the providers (or by other persons or companies on their behalf). You may not modify, rent, lease, loan, sell, distribute or create derivative works based on these data, content, or resources (either in whole or in part) unless you have been specifically given permission to do so by the relevant owners.
2025-10-13T23:06:01.4355071Z 
2025-10-13T23:06:01.4356362Z 7.3 You acknowledge that your use of such third party applications, data, content, or resources may be subject to separate terms between you and the relevant third party. In that case, the License Agreement does not affect your legal relationship with these third parties.
2025-10-13T23:06:01.4357853Z 
2025-10-13T23:06:01.4357869Z 
2025-10-13T23:06:01.4357993Z 8. Using Android APIs
2025-10-13T23:06:01.4358196Z 
2025-10-13T23:06:01.4358315Z 8.1 Google Data APIs
2025-10-13T23:06:01.4358564Z 
2025-10-13T23:06:01.4361210Z 8.1.1 If you use any API to retrieve data from Google, you acknowledge that the data may be protected by intellectual property rights which are owned by Google or those parties that provide the data (or by other persons or companies on their behalf). Your use of any such API may be subject to additional Terms of Service. You may not modify, rent, lease, loan, sell, distribute or create derivative works based on this data (either in whole or in part) unless allowed by the relevant Terms of Service.
2025-10-13T23:06:01.4363629Z 
2025-10-13T23:06:01.4367921Z 8.1.2 If you use any API to retrieve a user's data from Google, you acknowledge and agree that you shall retrieve data only with the user's explicit consent and only when, and for the limited purposes for which, the user has given you permission to do so. If you use the Android Recognition Service API, documented at the following URL: https://developer.android.com/reference/android/speech/RecognitionService, as updated from time to time, you acknowledge that the use of the API is subject to the Data Processing Addendum for Products where Google is a Data Processor, which is located at the following URL: https://privacy.google.com/businesses/gdprprocessorterms/, as updated from time to time. By clicking to accept, you hereby agree to the terms of the Data Processing Addendum for Products where Google is a Data Processor.
2025-10-13T23:06:01.4372513Z 
2025-10-13T23:06:01.4372523Z 
2025-10-13T23:06:01.4372711Z 9. Terminating the License Agreement
2025-10-13T23:06:01.4373036Z 
2025-10-13T23:06:01.4373541Z 9.1 The License Agreement will continue to apply until terminated by either you or Google as set out below.
2025-10-13T23:06:01.4374248Z 
2025-10-13T23:06:01.4375078Z 9.2 If you want to terminate the License Agreement, you may do so by ceasing your use of the SDK and any relevant developer credentials.
2025-10-13T23:06:01.4375833Z 
2025-10-13T23:06:01.4378757Z 9.3 Google may at any time, terminate the License Agreement with you if: (A) you have breached any provision of the License Agreement; or (B) Google is required to do so by law; or (C) the partner with whom Google offered certain parts of SDK (such as APIs) to you has terminated its relationship with Google or ceased to offer certain parts of the SDK to you; or (D) Google decides to no longer provide the SDK or certain parts of the SDK to users in the country in which you are resident or from which you use the service, or the provision of the SDK or certain SDK services to you by Google is, in Google's sole discretion, no longer commercially viable.
2025-10-13T23:06:01.4382210Z 
2025-10-13T23:06:01.4384590Z 9.4 When the License Agreement comes to an end, all of the legal rights, obligations and liabilities that you and Google have benefited from, been subject to (or which have accrued over time whilst the License Agreement has been in force) or which are expressed to continue indefinitely, shall be unaffected by this cessation, and the provisions of paragraph 14.7 shall continue to apply to such rights, obligations and liabilities indefinitely.
2025-10-13T23:06:01.4387096Z 
2025-10-13T23:06:01.4387104Z 
2025-10-13T23:06:01.4387264Z 10. DISCLAIMER OF WARRANTIES
2025-10-13T23:06:01.4387530Z 
2025-10-13T23:06:01.4388290Z 10.1 YOU EXPRESSLY UNDERSTAND AND AGREE THAT YOUR USE OF THE SDK IS AT YOUR SOLE RISK AND THAT THE SDK IS PROVIDED "AS IS" AND "AS AVAILABLE" WITHOUT WARRANTY OF ANY KIND FROM GOOGLE.
2025-10-13T23:06:01.4389440Z 
2025-10-13T23:06:01.4390673Z 10.2 YOUR USE OF THE SDK AND ANY MATERIAL DOWNLOADED OR OTHERWISE OBTAINED THROUGH THE USE OF THE SDK IS AT YOUR OWN DISCRETION AND RISK AND YOU ARE SOLELY RESPONSIBLE FOR ANY DAMAGE TO YOUR COMPUTER SYSTEM OR OTHER DEVICE OR LOSS OF DATA THAT RESULTS FROM SUCH USE.
2025-10-13T23:06:01.4392110Z 
2025-10-13T23:06:01.4393445Z 10.3 GOOGLE FURTHER EXPRESSLY DISCLAIMS ALL WARRANTIES AND CONDITIONS OF ANY KIND, WHETHER EXPRESS OR IMPLIED, INCLUDING, BUT NOT LIMITED TO THE IMPLIED WARRANTIES AND CONDITIONS OF MERCHANTABILITY, FITNESS FOR A PARTICULAR PURPOSE AND NON-INFRINGEMENT.
2025-10-13T23:06:01.4394916Z 
2025-10-13T23:06:01.4394924Z 
2025-10-13T23:06:01.4395082Z 11. LIMITATION OF LIABILITY
2025-10-13T23:06:01.4395337Z 
2025-10-13T23:06:01.4397474Z 11.1 YOU EXPRESSLY UNDERSTAND AND AGREE THAT GOOGLE, ITS SUBSIDIARIES AND AFFILIATES, AND ITS LICENSORS SHALL NOT BE LIABLE TO YOU UNDER ANY THEORY OF LIABILITY FOR ANY DIRECT, INDIRECT, INCIDENTAL, SPECIAL, CONSEQUENTIAL OR EXEMPLARY DAMAGES THAT MAY BE INCURRED BY YOU, INCLUDING ANY LOSS OF DATA, WHETHER OR NOT GOOGLE OR ITS REPRESENTATIVES HAVE BEEN ADVISED OF OR SHOULD HAVE BEEN AWARE OF THE POSSIBILITY OF ANY SUCH LOSSES ARISING.
2025-10-13T23:06:01.4400234Z 
2025-10-13T23:06:01.4400241Z 
2025-10-13T23:06:01.4400388Z 12. Indemnification
2025-10-13T23:06:01.4400615Z 
2025-10-13T23:06:01.4404286Z 12.1 To the maximum extent permitted by law, you agree to defend, indemnify and hold harmless Google, its affiliates and their respective directors, officers, employees and agents from and against any and all claims, actions, suits or proceedings, as well as any and all losses, liabilities, damages, costs and expenses (including reasonable attorneys fees) arising out of or accruing from (a) your use of the SDK, (b) any application you develop on the SDK that infringes any copyright, trademark, trade secret, trade dress, patent or other intellectual property right of any person or defames any person or violates their rights of publicity or privacy, and (c) any non-compliance by you with the License Agreement.
2025-10-13T23:06:01.4408065Z 
2025-10-13T23:06:01.4408081Z 
2025-10-13T23:06:01.4408253Z 13. Changes to the License Agreement
2025-10-13T23:06:01.4408552Z 
2025-10-13T23:06:01.4409929Z 13.1 Google may make changes to the License Agreement as it distributes new versions of the SDK. When these changes are made, Google will make a new version of the License Agreement available on the website where the SDK is made available.
2025-10-13T23:06:01.4411471Z 
2025-10-13T23:06:01.4411478Z 
2025-10-13T23:06:01.4411616Z 14. General Legal Terms
2025-10-13T23:06:01.4411843Z 
2025-10-13T23:06:01.4413370Z 14.1 The License Agreement constitutes the whole legal agreement between you and Google and governs your use of the SDK (excluding any services which Google may provide to you under a separate written agreement), and completely replaces any prior agreements between you and Google in relation to the SDK.
2025-10-13T23:06:01.4415194Z 
2025-10-13T23:06:01.4416737Z 14.2 You agree that if Google does not exercise or enforce any legal right or remedy which is contained in the License Agreement (or which Google has the benefit of under any applicable law), this will not be taken to be a formal waiver of Google's rights and that those rights or remedies will still be available to Google.
2025-10-13T23:06:01.4418452Z 
2025-10-13T23:06:01.4420693Z 14.3 If any court of law, having the jurisdiction to decide on this matter, rules that any provision of the License Agreement is invalid, then that provision will be removed from the License Agreement without affecting the rest of the License Agreement. The remaining provisions of the License Agreement will continue to be valid and enforceable.
2025-10-13T23:06:01.4422610Z 
2025-10-13T23:06:01.4424765Z 14.4 You acknowledge and agree that each member of the group of companies of which Google is the parent shall be third party beneficiaries to the License Agreement and that such other companies shall be entitled to directly enforce, and rely upon, any provision of the License Agreement that confers a benefit on (or rights in favor of) them. Other than this, no other person or company shall be third party beneficiaries to the License Agreement.
2025-10-13T23:06:01.4427226Z 
2025-10-13T23:06:01.4428600Z 14.5 EXPORT RESTRICTIONS. THE SDK IS SUBJECT TO UNITED STATES EXPORT LAWS AND REGULATIONS. YOU MUST COMPLY WITH ALL DOMESTIC AND INTERNATIONAL EXPORT LAWS AND REGULATIONS THAT APPLY TO THE SDK. THESE LAWS INCLUDE RESTRICTIONS ON DESTINATIONS, END USERS AND END USE.
2025-10-13T23:06:01.4430292Z 
2025-10-13T23:06:01.4432056Z 14.6 The rights granted in the License Agreement may not be assigned or transferred by either you or Google without the prior written approval of the other party. Neither you nor Google shall be permitted to delegate their responsibilities or obligations under the License Agreement without the prior written approval of the other party.
2025-10-13T23:06:01.4433979Z 
2025-10-13T23:06:01.4436882Z 14.7 The License Agreement, and your relationship with Google under the License Agreement, shall be governed by the laws of the State of California without regard to its conflict of laws provisions. You and Google agree to submit to the exclusive jurisdiction of the courts located within the county of Santa Clara, California to resolve any legal matter arising from the License Agreement. Notwithstanding this, you agree that Google shall still be allowed to apply for injunctive remedies (or an equivalent type of urgent legal relief) in any jurisdiction.
2025-10-13T23:06:01.4440196Z 
2025-10-13T23:06:01.4440204Z 
2025-10-13T23:06:01.4440354Z January 16, 2019
2025-10-13T23:06:01.4440707Z ---------------------------------------
2025-10-13T23:06:01.4443881Z Accept? (y/N): 
2025-10-13T23:06:01.4444305Z 4/6: License android-sdk-preview-license:
2025-10-13T23:06:01.4444792Z ---------------------------------------
2025-10-13T23:06:01.4446954Z To get started with the Android SDK Preview, you must agree to the following terms and conditions. As described below, please note that this is a preview version of the Android SDK, subject to change, that you use at your own risk. The Android SDK Preview is not a stable release, and may contain errors and defects that can result in serious damage to your computer systems, devices and data.
2025-10-13T23:06:01.4449548Z 
2025-10-13T23:06:01.4449903Z This is the Android SDK Preview License Agreement (the "License Agreement").
2025-10-13T23:06:01.4450396Z 
2025-10-13T23:06:01.4450534Z 1. Introduction
2025-10-13T23:06:01.4450749Z 
2025-10-13T23:06:01.4453288Z 1.1 The Android SDK Preview (referred to in the License Agreement as the “Preview” and specifically including the Android system files, packaged APIs, and Preview library files, if and when they are made available) is licensed to you subject to the terms of the License Agreement. The License Agreement forms a legally binding contract between you and Google in relation to your use of the Preview.
2025-10-13T23:06:01.4455410Z 
2025-10-13T23:06:01.4456479Z 1.2 "Android" means the Android software stack for devices, as made available under the Android Open Source Project, which is located at the following URL: http://source.android.com/, as updated from time to time.
2025-10-13T23:06:01.4457654Z 
2025-10-13T23:06:01.4458607Z 1.3 "Google" means Google Inc., a Delaware corporation with principal place of business at 1600 Amphitheatre Parkway, Mountain View, CA 94043, United States.
2025-10-13T23:06:01.4459732Z 
2025-10-13T23:06:01.4459907Z 2. Accepting the License Agreement
2025-10-13T23:06:01.4460193Z 
2025-10-13T23:06:01.4460863Z 2.1 In order to use the Preview, you must first agree to the License Agreement. You may not use the Preview if you do not accept the License Agreement.
2025-10-13T23:06:01.4461691Z 
2025-10-13T23:06:01.4462169Z 2.2 By clicking to accept and/or using the Preview, you hereby agree to the terms of the License Agreement.
2025-10-13T23:06:01.4462797Z 
2025-10-13T23:06:01.4464072Z 2.3 You may not use the Preview and may not accept the License Agreement if you are a person barred from receiving the Preview under the laws of the United States or other countries including the country in which you are resident or from which you use the Preview.
2025-10-13T23:06:01.4465445Z 
2025-10-13T23:06:01.4467762Z 2.4 If you will use the Preview internally within your company or organization you agree to be bound by the License Agreement on behalf of your employer or other entity, and you represent and warrant that you have full legal authority to bind your employer or such entity to the License Agreement. If you do not have the requisite authority, you may not accept the License Agreement or use the Preview on behalf of your employer or other entity.
2025-10-13T23:06:01.4470405Z 
2025-10-13T23:06:01.4470591Z 3. Preview License from Google
2025-10-13T23:06:01.4470873Z 
2025-10-13T23:06:01.4472499Z 3.1 Subject to the terms of the License Agreement, Google grants you a royalty-free, non-assignable, non-exclusive, non-sublicensable, limited, revocable license to use the Preview, personally or internally within your company or organization, solely to develop applications to run on the Android platform.
2025-10-13T23:06:01.4474285Z 
2025-10-13T23:06:01.4476346Z 3.2 You agree that Google or third parties owns all legal right, title and interest in and to the Preview, including any Intellectual Property Rights that subsist in the Preview. "Intellectual Property Rights" means any and all rights under patent law, copyright law, trade secret law, trademark law, and any and all other proprietary rights. Google reserves all rights not expressly granted to you.
2025-10-13T23:06:01.4478475Z 
2025-10-13T23:06:01.4481582Z 3.3 You may not use the Preview for any purpose not expressly permitted by the License Agreement. Except to the extent required by applicable third party licenses, you may not: (a) copy (except for backup purposes), modify, adapt, redistribute, decompile, reverse engineer, disassemble, or create derivative works of the Preview or any part of the Preview; or (b) load any part of the Preview onto a mobile handset or any other hardware device except a personal computer, combine any part of the Preview with other software, or distribute any software or device incorporating a part of the Preview.
2025-10-13T23:06:01.4484820Z 
2025-10-13T23:06:01.4486153Z 3.4 You agree that you will not take any actions that may cause or result in the fragmentation of Android, including but not limited to distributing, participating in the creation of, or promoting in any way a software development kit derived from the Preview.
2025-10-13T23:06:01.4487852Z 
2025-10-13T23:06:01.4490276Z 3.5 Use, reproduction and distribution of components of the Preview licensed under an open source software license are governed solely by the terms of that open source software license and not the License Agreement. You agree to remain a licensee in good standing in regard to such open source software licenses under all the rights granted and to refrain from any actions that may terminate, suspend, or breach such rights.
2025-10-13T23:06:01.4492511Z 
2025-10-13T23:06:01.4494950Z 3.6 You agree that the form and nature of the Preview that Google provides may change without prior notice to you and that future versions of the Preview may be incompatible with applications developed on previous versions of the Preview. You agree that Google may stop (permanently or temporarily) providing the Preview (or any features within the Preview) to you or to users generally at Google's sole discretion, without prior notice to you.
2025-10-13T23:06:01.4497342Z 
2025-10-13T23:06:01.4498150Z 3.7 Nothing in the License Agreement gives you a right to use any of Google's trade names, trademarks, service marks, logos, domain names, or other distinctive brand features.
2025-10-13T23:06:01.4499120Z 
2025-10-13T23:06:01.4500302Z 3.8 You agree that you will not remove, obscure, or alter any proprietary rights notices (including copyright and trademark notices) that may be affixed to or contained within the Preview.
2025-10-13T23:06:01.4501350Z 
2025-10-13T23:06:01.4501503Z 4. Use of the Preview by You
2025-10-13T23:06:01.4501759Z 
2025-10-13T23:06:01.4503288Z 4.1 Google agrees that nothing in the License Agreement gives Google any right, title or interest from you (or your licensors) under the License Agreement in or to any software applications that you develop using the Preview, including any intellectual property rights that subsist in those applications.
2025-10-13T23:06:01.4505072Z 
2025-10-13T23:06:01.4506839Z 4.2 You agree to use the Preview and write applications only for purposes that are permitted by (a) the License Agreement, and (b) any applicable law, regulation or generally accepted practices or guidelines in the relevant jurisdictions (including any laws regarding the export of data or software to and from the United States or other relevant countries).
2025-10-13T23:06:01.4508764Z 
2025-10-13T23:06:01.4514687Z 4.3 You agree that if you use the Preview to develop applications, you will protect the privacy and legal rights of users. If users provide you with user names, passwords, or other login information or personal information, you must make the users aware that the information will be available to your application, and you must provide legally adequate privacy notice and protection for those users. If your application stores personal or sensitive information provided by users, it must do so securely. If users provide you with Google Account information, your application may only use that information to access the user's Google Account when, and for the limited purposes for which, each user has given you permission to do so.
2025-10-13T23:06:01.4518519Z 
2025-10-13T23:06:01.4520295Z 4.4 You agree that you will not engage in any activity with the Preview, including the development or distribution of an application, that interferes with, disrupts, damages, or accesses in an unauthorized manner the servers, networks, or other properties or services of Google or any third party.
2025-10-13T23:06:01.4521997Z 
2025-10-13T23:06:01.4523762Z 4.5 You agree that you are solely responsible for (and that Google has no responsibility to you or to any third party for) any data, content, or resources that you create, transmit or display through Android and/or applications for Android, and for the consequences of your actions (including any loss or damage which Google may suffer) by doing so.
2025-10-13T23:06:01.4525839Z 
2025-10-13T23:06:01.4527788Z 4.6 You agree that you are solely responsible for (and that Google has no responsibility to you or to any third party for) any breach of your obligations under the License Agreement, any applicable third party contract or Terms of Service, or any applicable law or regulation, and for the consequences (including any loss or damage which Google or any third party may suffer) of any such breach.
2025-10-13T23:06:01.4530177Z 
2025-10-13T23:06:01.4532642Z 4.7 The Preview is in development, and your testing and feedback are an important part of the development process. By using the Preview, you acknowledge that implementation of some features are still under development and that you should not rely on the Preview having the full functionality of a stable release. You agree not to publicly distribute or ship any application using this Preview as this Preview will no longer be supported after the official Android SDK is released.
2025-10-13T23:06:01.4535235Z 
2025-10-13T23:06:01.4535612Z 5. Your Developer Credentials
2025-10-13T23:06:01.4535907Z 
2025-10-13T23:06:01.4537290Z 5.1 You agree that you are responsible for maintaining the confidentiality of any developer credentials that may be issued to you by Google or which you may choose yourself and that you will be solely responsible for all applications that are developed under your developer credentials.
2025-10-13T23:06:01.4538863Z 
2025-10-13T23:06:01.4539032Z 6. Privacy and Information
2025-10-13T23:06:01.4539584Z 
2025-10-13T23:06:01.4542052Z 6.1 In order to continually innovate and improve the Preview, Google may collect certain usage statistics from the software including but not limited to a unique identifier, associated IP address, version number of the software, and information on which tools and/or services in the Preview are being used and how they are being used. Before any of this information is collected, the Preview will notify you and seek your consent. If you withhold consent, the information will not be collected.
2025-10-13T23:06:01.4544600Z 
2025-10-13T23:06:01.4545524Z 6.2 The data collected is examined in the aggregate to improve the Preview and is maintained in accordance with Google's Privacy Policy located at http://www.google.com/policies/privacy/.
2025-10-13T23:06:01.4546567Z 
2025-10-13T23:06:01.4546721Z 7. Third Party Applications
2025-10-13T23:06:01.4581364Z 
2025-10-13T23:06:01.4583999Z 7.1 If you use the Preview to run applications developed by a third party or that access data, content or resources provided by a third party, you agree that Google is not responsible for those applications, data, content, or resources. You understand that all data, content or resources which you may access through such third party applications are the sole responsibility of the person from which they originated and that Google is not liable for any loss or damage that you may experience as a result of the use or access of any of those third party applications, data, content, or resources.
2025-10-13T23:06:01.4586823Z 
2025-10-13T23:06:01.4589517Z 7.2 You should be aware the data, content, and resources presented to you through such a third party application may be protected by intellectual property rights which are owned by the providers (or by other persons or companies on their behalf). You may not modify, rent, lease, loan, sell, distribute or create derivative works based on these data, content, or resources (either in whole or in part) unless you have been specifically given permission to do so by the relevant owners.
2025-10-13T23:06:01.4592107Z 
2025-10-13T23:06:01.4592928Z 7.3 You acknowledge that your use of such third party applications, data, content, or resources may be subject to separate terms between you and the relevant third party.
2025-10-13T23:06:01.4593900Z 
2025-10-13T23:06:01.4594039Z 8. Using Google APIs
2025-10-13T23:06:01.4594267Z 
2025-10-13T23:06:01.4594398Z 8.1 Google APIs
2025-10-13T23:06:01.4594603Z 
2025-10-13T23:06:01.4597231Z 8.1.1 If you use any API to retrieve data from Google, you acknowledge that the data may be protected by intellectual property rights which are owned by Google or those parties that provide the data (or by other persons or companies on their behalf). Your use of any such API may be subject to additional Terms of Service. You may not modify, rent, lease, loan, sell, distribute or create derivative works based on this data (either in whole or in part) unless allowed by the relevant Terms of Service.
2025-10-13T23:06:01.4600072Z 
2025-10-13T23:06:01.4601268Z 8.1.2 If you use any API to retrieve a user's data from Google, you acknowledge and agree that you shall retrieve data only with the user's explicit consent and only when, and for the limited purposes for which, the user has given you permission to do so.
2025-10-13T23:06:01.4602622Z 
2025-10-13T23:06:01.4602792Z 9. Terminating the License Agreement
2025-10-13T23:06:01.4603103Z 
2025-10-13T23:06:01.4603610Z 9.1 the License Agreement will continue to apply until terminated by either you or Google as set out below.
2025-10-13T23:06:01.4604475Z 
2025-10-13T23:06:01.4605119Z 9.2 If you want to terminate the License Agreement, you may do so by ceasing your use of the Preview and any relevant developer credentials.
2025-10-13T23:06:01.4605916Z 
2025-10-13T23:06:01.4606373Z 9.3 Google may at any time, terminate the License Agreement, with or without cause, upon notice to you.
2025-10-13T23:06:01.4607003Z 
2025-10-13T23:06:01.4608628Z 9.4 The License Agreement will automatically terminate without notice or other action upon the earlier of: (A) when Google ceases to provide the Preview or certain parts of the Preview to users in the country in which you are resident or from which you use the service; and (B) Google issues a final release version of the Android SDK.
2025-10-13T23:06:01.4610735Z 
2025-10-13T23:06:01.4611994Z 9.5 When the License Agreement is terminated, the license granted to you in the License Agreement will terminate, you will immediately cease all use of the Preview, and the provisions of paragraphs 10, 11, 12 and 14 shall survive indefinitely.
2025-10-13T23:06:01.4613373Z 
2025-10-13T23:06:01.4613515Z 10. DISCLAIMERS
2025-10-13T23:06:01.4613718Z 
2025-10-13T23:06:01.4614601Z 10.1 YOU EXPRESSLY UNDERSTAND AND AGREE THAT YOUR USE OF THE PREVIEW IS AT YOUR SOLE RISK AND THAT THE PREVIEW IS PROVIDED "AS IS" AND "AS AVAILABLE" WITHOUT WARRANTY OF ANY KIND FROM GOOGLE.
2025-10-13T23:06:01.4615545Z 
2025-10-13T23:06:01.4618358Z 10.2 YOUR USE OF THE PREVIEW AND ANY MATERIAL DOWNLOADED OR OTHERWISE OBTAINED THROUGH THE USE OF THE PREVIEW IS AT YOUR OWN DISCRETION AND RISK AND YOU ARE SOLELY RESPONSIBLE FOR ANY DAMAGE TO YOUR COMPUTER SYSTEM OR OTHER DEVICE OR LOSS OF DATA THAT RESULTS FROM SUCH USE. WITHOUT LIMITING THE FOREGOING, YOU UNDERSTAND THAT THE PREVIEW IS NOT A STABLE RELEASE AND MAY CONTAIN ERRORS, DEFECTS AND SECURITY VULNERABILITIES THAT CAN RESULT IN SIGNIFICANT DAMAGE, INCLUDING THE COMPLETE, IRRECOVERABLE LOSS OF USE OF YOUR COMPUTER SYSTEM OR OTHER DEVICE.
2025-10-13T23:06:01.4621549Z 
2025-10-13T23:06:01.4622880Z 10.3 GOOGLE FURTHER EXPRESSLY DISCLAIMS ALL WARRANTIES AND CONDITIONS OF ANY KIND, WHETHER EXPRESS OR IMPLIED, INCLUDING, BUT NOT LIMITED TO THE IMPLIED WARRANTIES AND CONDITIONS OF MERCHANTABILITY, FITNESS FOR A PARTICULAR PURPOSE AND NON-INFRINGEMENT.
2025-10-13T23:06:01.4624340Z 
2025-10-13T23:06:01.4624494Z 11. LIMITATION OF LIABILITY
2025-10-13T23:06:01.4624763Z 
2025-10-13T23:06:01.4626953Z 11.1 YOU EXPRESSLY UNDERSTAND AND AGREE THAT GOOGLE, ITS SUBSIDIARIES AND AFFILIATES, AND ITS LICENSORS SHALL NOT BE LIABLE TO YOU UNDER ANY THEORY OF LIABILITY FOR ANY DIRECT, INDIRECT, INCIDENTAL, SPECIAL, CONSEQUENTIAL OR EXEMPLARY DAMAGES THAT MAY BE INCURRED BY YOU, INCLUDING ANY LOSS OF DATA, WHETHER OR NOT GOOGLE OR ITS REPRESENTATIVES HAVE BEEN ADVISED OF OR SHOULD HAVE BEEN AWARE OF THE POSSIBILITY OF ANY SUCH LOSSES ARISING.
2025-10-13T23:06:01.4629489Z 
2025-10-13T23:06:01.4629638Z 12. Indemnification
2025-10-13T23:06:01.4629865Z 
2025-10-13T23:06:01.4634343Z 12.1 To the maximum extent permitted by law, you agree to defend, indemnify and hold harmless Google, its affiliates and their respective directors, officers, employees and agents from and against any and all claims, actions, suits or proceedings, as well as any and all losses, liabilities, damages, costs and expenses (including reasonable attorneys’ fees) arising out of or accruing from (a) your use of the Preview, (b) any application you develop on the Preview that infringes any Intellectual Property Rights of any person or defames any person or violates their rights of publicity or privacy, and (c) any non-compliance by you of the License Agreement.
2025-10-13T23:06:01.4637793Z 
2025-10-13T23:06:01.4637966Z 13. Changes to the License Agreement
2025-10-13T23:06:01.4638262Z 
2025-10-13T23:06:01.4639621Z 13.1 Google may make changes to the License Agreement as it distributes new versions of the Preview. When these changes are made, Google will make a new version of the License Agreement available on the website where the Preview is made available.
2025-10-13T23:06:01.4641137Z 
2025-10-13T23:06:01.4641306Z 14. General Legal Terms
2025-10-13T23:06:01.4641538Z 
2025-10-13T23:06:01.4643137Z 14.1 the License Agreement constitutes the whole legal agreement between you and Google and governs your use of the Preview (excluding any services which Google may provide to you under a separate written agreement), and completely replaces any prior agreements between you and Google in relation to the Preview.
2025-10-13T23:06:01.4644863Z 
2025-10-13T23:06:01.4646398Z 14.2 You agree that if Google does not exercise or enforce any legal right or remedy which is contained in the License Agreement (or which Google has the benefit of under any applicable law), this will not be taken to be a formal waiver of Google's rights and that those rights or remedies will still be available to Google.
2025-10-13T23:06:01.4648099Z 
2025-10-13T23:06:01.4650043Z 14.3 If any court of law, having the jurisdiction to decide on this matter, rules that any provision of the License Agreement is invalid, then that provision will be removed from the License Agreement without affecting the rest of the License Agreement. The remaining provisions of the License Agreement will continue to be valid and enforceable.
2025-10-13T23:06:01.4651905Z 
2025-10-13T23:06:01.4654087Z 14.4 You acknowledge and agree that each member of the group of companies of which Google is the parent shall be third party beneficiaries to the License Agreement and that such other companies shall be entitled to directly enforce, and rely upon, any provision of the License Agreement that confers a benefit on (or rights in favor of) them. Other than this, no other person or company shall be third party beneficiaries to the License Agreement.
2025-10-13T23:06:01.4656404Z 
2025-10-13T23:06:01.4657798Z 14.5 EXPORT RESTRICTIONS. THE PREVIEW IS SUBJECT TO UNITED STATES EXPORT LAWS AND REGULATIONS. YOU MUST COMPLY WITH ALL DOMESTIC AND INTERNATIONAL EXPORT LAWS AND REGULATIONS THAT APPLY TO THE PREVIEW. THESE LAWS INCLUDE RESTRICTIONS ON DESTINATIONS, END USERS AND END USE.
2025-10-13T23:06:01.4659473Z 
2025-10-13T23:06:01.4661070Z 14.6 The License Agreement may not be assigned or transferred by you without the prior written approval of Google, and any attempted assignment without such approval will be void. You shall not delegate your responsibilities or obligations under the License Agreement without the prior written approval of Google.
2025-10-13T23:06:01.4662820Z 
2025-10-13T23:06:01.4665648Z 14.7 The License Agreement, and your relationship with Google under the License Agreement, shall be governed by the laws of the State of California without regard to its conflict of laws provisions. You and Google agree to submit to the exclusive jurisdiction of the courts located within the county of Santa Clara, California to resolve any legal matter arising from the License Agreement. Notwithstanding this, you agree that Google shall still be allowed to apply for injunctive remedies (or an equivalent type of urgent legal relief) in any jurisdiction.
2025-10-13T23:06:01.4668781Z 
2025-10-13T23:06:01.4668936Z June 2014.
2025-10-13T23:06:01.4669415Z ---------------------------------------
2025-10-13T23:06:01.4669845Z Accept? (y/N): 
2025-10-13T23:06:01.4670193Z 5/6: License google-gdk-license:
2025-10-13T23:06:01.4670611Z ---------------------------------------
2025-10-13T23:06:01.4671183Z This is a Developer Preview of the GDK that is subject to change.
2025-10-13T23:06:01.4671627Z 
2025-10-13T23:06:01.4671767Z Terms and Conditions
2025-10-13T23:06:01.4671992Z 
2025-10-13T23:06:01.4672204Z This is the Glass Development Kit License Agreement.
2025-10-13T23:06:01.4672579Z 
2025-10-13T23:06:01.4672710Z 1. Introduction
2025-10-13T23:06:01.4672916Z 
2025-10-13T23:06:01.4675009Z 1.1 The Glass Development Kit (referred to in this License Agreement as the "GDK" and specifically including the Android system files, packaged APIs, and GDK library files, if and when they are made available) is licensed to you subject to the terms of this License Agreement. This License Agreement forms a legally binding contract between you and Google in relation to your use of the GDK.
2025-10-13T23:06:01.4677102Z 
2025-10-13T23:06:01.4677473Z 1.2 "Glass" means Glass devices and the Glass software stack for use on Glass devices.
2025-10-13T23:06:01.4678002Z 
2025-10-13T23:06:01.4678008Z 
2025-10-13T23:06:01.4679051Z 1.3 "Android" means the Android software stack for devices, as made available under the Android Open Source Project, which is located at the following URL: http://source.android.com/, as updated from time to time.
2025-10-13T23:06:01.4680376Z 
2025-10-13T23:06:01.4681131Z 1.4 "Google" means Google Inc., a Delaware corporation with principal place of business at 1600 Amphitheatre Parkway, Mountain View, CA 94043, United States.
2025-10-13T23:06:01.4682046Z 
2025-10-13T23:06:01.4682210Z 2. Accepting this License Agreement
2025-10-13T23:06:01.4682516Z 
2025-10-13T23:06:01.4683136Z 2.1 In order to use the GDK, you must first agree to this License Agreement. You may not use the GDK if you do not accept this License Agreement.
2025-10-13T23:06:01.4683913Z 
2025-10-13T23:06:01.4684259Z 2.2 By clicking to accept, you hereby agree to the terms of this License Agreement.
2025-10-13T23:06:01.4684777Z 
2025-10-13T23:06:01.4685948Z 2.3 You may not use the GDK and may not accept the License Agreement if you are a person barred from receiving the GDK under the laws of the United States or other countries including the country in which you are resident or from which you use the GDK.
2025-10-13T23:06:01.4687273Z 
2025-10-13T23:06:01.4689048Z 2.4 If you are agreeing to be bound by this License Agreement on behalf of your employer or other entity, you represent and warrant that you have full legal authority to bind your employer or such entity to this License Agreement. If you do not have the requisite authority, you may not accept the License Agreement or use the GDK on behalf of your employer or other entity.
2025-10-13T23:06:01.4691103Z 
2025-10-13T23:06:01.4691253Z 3. GDK License from Google
2025-10-13T23:06:01.4691486Z 
2025-10-13T23:06:01.4692616Z 3.1 Subject to the terms of this License Agreement, Google grants you a limited, worldwide, royalty-free, non-assignable and non-exclusive license to use the GDK solely to develop applications to run on the Glass platform for Glass devices.
2025-10-13T23:06:01.4693945Z 
2025-10-13T23:06:01.4695883Z 3.2 You agree that Google or third parties own all legal right, title and interest in and to the GDK, including any Intellectual Property Rights that subsist in the GDK. "Intellectual Property Rights" means any and all rights under patent law, copyright law, trade secret law, trademark law, and any and all other proprietary rights. Google reserves all rights not expressly granted to you.
2025-10-13T23:06:01.4697942Z 
2025-10-13T23:06:01.4701085Z 3.3 You may not use the GDK for any purpose not expressly permitted by this License Agreement. Except to the extent required by applicable third party licenses, you may not: (a) copy (except for backup purposes), modify, adapt, redistribute, decompile, reverse engineer, disassemble, or create derivative works of the GDK or any part of the GDK; or (b) load any part of the GDK onto a mobile handset or wearable computing device or any other hardware device except a Glass device personal computer, combine any part of the GDK with other software, or distribute any software or device incorporating a part of the GDK.
2025-10-13T23:06:01.4704470Z 
2025-10-13T23:06:01.4705701Z 3.4 You agree that you will not take any actions that may cause or result in the fragmentation of Glass, including but not limited to distributing, participating in the creation of, or promoting in any way a software development kit derived from the GDK.
2025-10-13T23:06:01.4707073Z 
2025-10-13T23:06:01.4708067Z 3.5 Use, reproduction and distribution of components of the GDK licensed under an open source software license are governed solely by the terms of that open source software license and not this License Agreement.
2025-10-13T23:06:01.4709475Z 
2025-10-13T23:06:01.4711708Z 3.6 You agree that the form and nature of the GDK that Google provides may change without prior notice to you and that future versions of the GDK may be incompatible with applications developed on previous versions of the GDK. You agree that Google may stop (permanently or temporarily) providing the GDK (or any features within the GDK) to you or to users generally at Google's sole discretion, without prior notice to you.
2025-10-13T23:06:01.4713634Z 
2025-10-13T23:06:01.4714284Z 3.7 Nothing in this License Agreement gives you a right to use any of Google's trade names, trademarks, service marks, logos, domain names, or other distinctive brand features.
2025-10-13T23:06:01.4715099Z 
2025-10-13T23:06:01.4715971Z 3.8 You agree that you will not remove, obscure, or alter any proprietary rights notices (including copyright and trademark notices) that may be affixed to or contained within the GDK.
2025-10-13T23:06:01.4717001Z 
2025-10-13T23:06:01.4717024Z 
2025-10-13T23:06:01.4718761Z 3.9 Your use of any Android system files, packaged APIs, or other components of the GDK which are part of the Android Software Development Kit is subject to the terms of the Android Software Development Kit License Agreement located at http://developer.android.com/sdk/terms.html. These terms are hereby incorporated by reference into this License Agreement.
2025-10-13T23:06:01.4720673Z 
2025-10-13T23:06:01.4720821Z 4. Use of the GDK by You
2025-10-13T23:06:01.4721039Z 
2025-10-13T23:06:01.4722247Z 4.1 Google agrees that it obtains no right, title or interest from you (or your licensors) under this License Agreement in or to any software applications that you develop using the GDK, including any intellectual property rights that subsist in those applications.
2025-10-13T23:06:01.4723640Z 
2025-10-13T23:06:01.4726371Z 4.2 You agree to use the GDK and write applications only for purposes that are permitted by (a) this License Agreement, (b) the Glass Platform Developer Policies (located at https://developers.google.com/glass/policies, and hereby incorporated into this License Agreement by reference), and (c) any applicable law, regulation or generally accepted practices or guidelines in the relevant jurisdictions (including any laws regarding the export of data or software to and from the United States or other relevant countries).
2025-10-13T23:06:01.4729568Z 
2025-10-13T23:06:01.4733592Z 4.3 You agree that if you use the GDK to develop applications for general public users, you will protect the privacy and legal rights of those users. If the users provide you with user names, passwords, or other login information or personal information, you must make the users aware that the information will be available to your application, and you must provide legally adequate privacy notice and protection for those users. If your application stores personal or sensitive information provided by users, it must do so securely. If the user provides your application with Google Account information, your application may only use that information to access the user's Google Account when, and for the limited purposes for which, the user has given you permission to do so.
2025-10-13T23:06:01.4737988Z 
2025-10-13T23:06:01.4740849Z 4.4 You agree that you will not engage in any activity with the GDK, including the development or distribution of an application, that interferes with, disrupts, damages, or accesses in an unauthorized manner the servers, networks, or other properties or services of any third party including, but not limited to, Google.
2025-10-13T23:06:01.4742578Z 
2025-10-13T23:06:01.4744271Z 4.5 You agree that you are solely responsible for (and that Google has no responsibility to you or to any third party for) any data, content, or resources that you create, transmit or display through Glass and/or applications for Glass, and for the consequences of your actions (including any loss or damage which Google may suffer) by doing so.
2025-10-13T23:06:01.4746024Z 
2025-10-13T23:06:01.4748189Z 4.6 You agree that you are solely responsible for (and that Google has no responsibility to you or to any third party for) any breach of your obligations under this License Agreement, any applicable third party contract or Terms of Service, or any applicable law or regulation, and for the consequences (including any loss or damage which Google or any third party may suffer) of any such breach.
2025-10-13T23:06:01.4750425Z 
2025-10-13T23:06:01.4750433Z 
2025-10-13T23:06:01.4752210Z 4.7 The GDK is in development, and your testing and feedback are an important part of the development process. By using the GDK, you acknowledge that implementation of some features are still under development and that you should not rely on the GDK, Glass devices, Glass system software, Google Mirror API, or Glass services having the full functionality of a stable release.
2025-10-13T23:06:01.4754162Z 
2025-10-13T23:06:01.4754337Z 5. Your Developer Credentials
2025-10-13T23:06:01.4754613Z 
2025-10-13T23:06:01.4756006Z 5.1 You agree that you are responsible for maintaining the confidentiality of any developer credentials that may be issued to you by Google or which you may choose yourself and that you will be solely responsible for all applications that are developed under your developer credentials.
2025-10-13T23:06:01.4757543Z 
2025-10-13T23:06:01.4757716Z 6. Privacy and Information
2025-10-13T23:06:01.4757959Z 
2025-10-13T23:06:01.4757966Z 
2025-10-13T23:06:01.4760567Z 6.1 In order to continually innovate and improve the GDK, Google may collect certain usage statistics from the software including but not limited to a unique identifier, associated IP address, version number of the software, and information on which tools and/or services in the GDK are being used and how they are being used. Before any of this information is collected, the GDK will notify you and seek your consent. If you withhold consent, the information will not be collected.
2025-10-13T23:06:01.4762966Z 
2025-10-13T23:06:01.4763613Z 6.2 The data collected is examined in the aggregate to improve the GDK and is maintained in accordance with Google's Privacy Policy.
2025-10-13T23:06:01.4764379Z 
2025-10-13T23:06:01.4764566Z 7. Third Party Applications
2025-10-13T23:06:01.4764837Z 
2025-10-13T23:06:01.4767756Z 7.1 If you use the GDK to run applications developed by a third party or that access data, content or resources provided by a third party, you agree that Google is not responsible for those applications, data, content, or resources. You understand that all data, content or resources which you may access through such third party applications are the sole responsibility of the person from which they originated and that Google is not liable for any loss or damage that you may experience as a result of the use or access of any of those third party applications, data, content, or resources.
2025-10-13T23:06:01.4771122Z 
2025-10-13T23:06:01.4773513Z 7.2 You should be aware the data, content, and resources presented to you through such a third party application may be protected by intellectual property rights which are owned by the providers (or by other persons or companies on their behalf). You may not modify, rent, lease, loan, sell, distribute or create derivative works based on these data, content, or resources (either in whole or in part) unless you have been specifically given permission to do so by the relevant owners.
2025-10-13T23:06:01.4776301Z 
2025-10-13T23:06:01.4777676Z 7.3 You acknowledge that your use of such third party applications, data, content, or resources may be subject to separate terms between you and the relevant third party. In that case, this License Agreement does not affect your legal relationship with these third parties.
2025-10-13T23:06:01.4779167Z 
2025-10-13T23:06:01.4779600Z 8. Using Google APIs
2025-10-13T23:06:01.4779835Z 
2025-10-13T23:06:01.4779957Z 8.1 Google APIs
2025-10-13T23:06:01.4780163Z 
2025-10-13T23:06:01.4782839Z 8.1.1 If you use any API to retrieve data from Google, you acknowledge that the data may be protected by intellectual property rights which are owned by Google or those parties that provide the data (or by other persons or companies on their behalf). Your use of any such API may be subject to additional Terms of Service. You may not modify, rent, lease, loan, sell, distribute or create derivative works based on this data (either in whole or in part) unless allowed by the relevant Terms of Service.
2025-10-13T23:06:01.4785334Z 
2025-10-13T23:06:01.4786511Z 8.1.2 If you use any API to retrieve a user's data from Google, you acknowledge and agree that you shall retrieve data only with the user's explicit consent and only when, and for the limited purposes for which, the user has given you permission to do so.
2025-10-13T23:06:01.4787736Z 
2025-10-13T23:06:01.4787921Z 9. Terminating this License Agreement
2025-10-13T23:06:01.4788235Z 
2025-10-13T23:06:01.4788735Z 9.1 This License Agreement will continue to apply until terminated by either you or Google as set out below.
2025-10-13T23:06:01.4789590Z 
2025-10-13T23:06:01.4790233Z 9.2 If you want to terminate this License Agreement, you may do so by ceasing your use of the GDK and any relevant developer credentials.
2025-10-13T23:06:01.4791021Z 
2025-10-13T23:06:01.4794029Z 9.3 Google may at any time, terminate this License Agreement with you if: (A) you have breached any provision of this License Agreement; or (B) Google is required to do so by law; or (C) the partner with whom Google offered certain parts of GDK (such as APIs) to you has terminated its relationship with Google or ceased to offer certain parts of the GDK to you; or (D) Google decides to no longer provide the GDK or certain parts of the GDK to users in the country in which you are resident or from which you use the service, or the provision of the GDK or certain GDK services to you by Google is, in Google's sole discretion, no longer commercially viable.
2025-10-13T23:06:01.4797173Z 
2025-10-13T23:06:01.4800085Z 9.4 When this License Agreement comes to an end, all of the legal rights, obligations and liabilities that you and Google have benefited from, been subject to (or which have accrued over time whilst this License Agreement has been in force) or which are expressed to continue indefinitely, shall be unaffected by this cessation, and the provisions of paragraph 14.7 shall continue to apply to such rights, obligations and liabilities indefinitely.
2025-10-13T23:06:01.4802491Z 
2025-10-13T23:06:01.4802656Z 10. DISCLAIMER OF WARRANTIES
2025-10-13T23:06:01.4802921Z 
2025-10-13T23:06:01.4803685Z 10.1 YOU EXPRESSLY UNDERSTAND AND AGREE THAT YOUR USE OF THE GDK IS AT YOUR SOLE RISK AND THAT THE GDK IS PROVIDED "AS IS" AND "AS AVAILABLE" WITHOUT WARRANTY OF ANY KIND FROM GOOGLE.
2025-10-13T23:06:01.4804580Z 
2025-10-13T23:06:01.4805815Z 10.2 YOUR USE OF THE GDK AND ANY MATERIAL DOWNLOADED OR OTHERWISE OBTAINED THROUGH THE USE OF THE GDK IS AT YOUR OWN DISCRETION AND RISK AND YOU ARE SOLELY RESPONSIBLE FOR ANY DAMAGE TO YOUR COMPUTER SYSTEM OR OTHER DEVICE OR LOSS OF DATA THAT RESULTS FROM SUCH USE.
2025-10-13T23:06:01.4807416Z 
2025-10-13T23:06:01.4808663Z 10.3 GOOGLE FURTHER EXPRESSLY DISCLAIMS ALL WARRANTIES AND CONDITIONS OF ANY KIND, WHETHER EXPRESS OR IMPLIED, INCLUDING, BUT NOT LIMITED TO THE IMPLIED WARRANTIES AND CONDITIONS OF MERCHANTABILITY, FITNESS FOR A PARTICULAR PURPOSE AND NON-INFRINGEMENT.
2025-10-13T23:06:01.4810410Z 
2025-10-13T23:06:01.4810582Z 11. LIMITATION OF LIABILITY
2025-10-13T23:06:01.4810851Z 
2025-10-13T23:06:01.4813120Z 11.1 YOU EXPRESSLY UNDERSTAND AND AGREE THAT GOOGLE, ITS SUBSIDIARIES AND AFFILIATES, AND ITS LICENSORS SHALL NOT BE LIABLE TO YOU UNDER ANY THEORY OF LIABILITY FOR ANY DIRECT, INDIRECT, INCIDENTAL, SPECIAL, CONSEQUENTIAL OR EXEMPLARY DAMAGES THAT MAY BE INCURRED BY YOU, INCLUDING ANY LOSS OF DATA, WHETHER OR NOT GOOGLE OR ITS REPRESENTATIVES HAVE BEEN ADVISED OF OR SHOULD HAVE BEEN AWARE OF THE POSSIBILITY OF ANY SUCH LOSSES ARISING.
2025-10-13T23:06:01.4815552Z 
2025-10-13T23:06:01.4815715Z 12. Indemnification
2025-10-13T23:06:01.4815937Z 
2025-10-13T23:06:01.4820260Z 12.1 To the maximum extent permitted by law, you agree to defend, indemnify and hold harmless Google, its affiliates and their respective directors, officers, employees and agents from and against any and all claims, actions, suits or proceedings, as well as any and all losses, liabilities, damages, costs and expenses (including reasonable attorneys fees) arising out of or accruing from (a) your use of the GDK, (b) any application you develop on the GDK that infringes any copyright, trademark, trade secret, trade dress, patent or other intellectual property right of any person or defames any person or violates their rights of publicity or privacy, and (c) any non-compliance by you with this License Agreement.
2025-10-13T23:06:01.4824172Z 
2025-10-13T23:06:01.4824362Z 13. Changes to the License Agreement
2025-10-13T23:06:01.4824683Z 
2025-10-13T23:06:01.4825885Z 13.1 Google may make changes to the License Agreement as it distributes new versions of the GDK. When these changes are made, Google will make a new version of the License Agreement available on the website where the GDK is made available.
2025-10-13T23:06:01.4827286Z 
2025-10-13T23:06:01.4827445Z 14. General Legal Terms
2025-10-13T23:06:01.4827699Z 
2025-10-13T23:06:01.4830169Z 14.1 This License Agreement constitutes the whole legal agreement between you and Google and governs your use of the GDK (excluding any services which Google may provide to you under a separate written agreement), and completely replaces any prior agreements between you and Google in relation to the GDK.
2025-10-13T23:06:01.4831955Z 
2025-10-13T23:06:01.4833533Z 14.2 You agree that if Google does not exercise or enforce any legal right or remedy which is contained in this License Agreement (or which Google has the benefit of under any applicable law), this will not be taken to be a formal waiver of Google's rights and that those rights or remedies will still be available to Google.
2025-10-13T23:06:01.4835303Z 
2025-10-13T23:06:01.4837149Z 14.3 If any court of law, having the jurisdiction to decide on this matter, rules that any provision of this License Agreement is invalid, then that provision will be removed from this License Agreement without affecting the rest of this License Agreement. The remaining provisions of this License Agreement will continue to be valid and enforceable.
2025-10-13T23:06:01.4839164Z 
2025-10-13T23:06:01.4841894Z 14.4 You acknowledge and agree that each member of the group of companies of which Google is the parent shall be third party beneficiaries to this License Agreement and that such other companies shall be entitled to directly enforce, and rely upon, any provision of this License Agreement that confers a benefit on (or rights in favor of) them. Other than this, no other person or company shall be third party beneficiaries to this License Agreement.
2025-10-13T23:06:01.4844244Z 
2025-10-13T23:06:01.4845627Z 14.5 EXPORT RESTRICTIONS. THE GDK IS SUBJECT TO UNITED STATES EXPORT LAWS AND REGULATIONS. YOU MUST COMPLY WITH ALL DOMESTIC AND INTERNATIONAL EXPORT LAWS AND REGULATIONS THAT APPLY TO THE GDK. THESE LAWS INCLUDE RESTRICTIONS ON DESTINATIONS, END USERS AND END USE.
2025-10-13T23:06:01.4847333Z 
2025-10-13T23:06:01.4849079Z 14.6 The rights granted in this License Agreement may not be assigned or transferred by either you or Google without the prior written approval of the other party. Neither you nor Google shall be permitted to delegate their responsibilities or obligations under this License Agreement without the prior written approval of the other party.
2025-10-13T23:06:01.4851130Z 
2025-10-13T23:06:01.4854206Z 14.7 This License Agreement, and your relationship with Google under this License Agreement, shall be governed by the laws of the State of California without regard to its conflict of laws provisions. You and Google agree to submit to the exclusive jurisdiction of the courts located within the county of Santa Clara, California to resolve any legal matter arising from this License Agreement. Notwithstanding this, you agree that Google shall still be allowed to apply for injunctive remedies (or an equivalent type of urgent legal relief) in any jurisdiction.
2025-10-13T23:06:01.4857196Z 
2025-10-13T23:06:01.4857347Z November 19, 2013
2025-10-13T23:06:01.4857723Z ---------------------------------------
2025-10-13T23:06:01.4858165Z Accept? (y/N): 
2025-10-13T23:06:01.4858565Z 6/6: License mips-android-sysimage-license:
2025-10-13T23:06:01.4859042Z ---------------------------------------
2025-10-13T23:06:01.4862788Z MIPS Technologies, Inc. (“MIPS”) Internal Evaluation License Agreement for MIPS Android™ System Images for Android Software Development Kit (SDK): This Internal Evaluation License Agreement (this "Agreement") is entered into by and between MIPS and you (as an individual developer or a legal entity -- identified below as “Recipient”). MIPS shall make the Evaluation Software available to Recipient as described in accordance with the terms and conditions set forth below.
2025-10-13T23:06:01.4865344Z 
2025-10-13T23:06:01.4868607Z By clicking on the “Accept” button, downloading, installing, or otherwise using the Evaluation Materials (defined below), you agree to be bound by the terms of this Agreement effective as of the date you click “Accept” (the “Effective Date”), and if doing so on behalf of an entity, you represent that you are authorized to bind the entity to the terms and conditions of this Agreement. If you do not agree to be bound by the terms and conditions of this Agreement, do not download, install, or use the Evaluation Materials.
2025-10-13T23:06:01.4871601Z 
2025-10-13T23:06:01.4871901Z 1. DEFINITIONS. These terms shall have the following meanings:
2025-10-13T23:06:01.4872317Z 
2025-10-13T23:06:01.4873326Z 1.1 “MIPS” shall mean MIPS Technologies, Inc., a Delaware corporation having a principal place of business at: 955 East Arques Ave., Sunnyvale, CA 94085
2025-10-13T23:06:01.4874278Z 
2025-10-13T23:06:01.4875498Z 1.2 “Evaluation Software” shall mean MIPS Android™ emulator system images for Android Software Development Kit (SDK), as made available to Recipient.
2025-10-13T23:06:01.4876475Z 
2025-10-13T23:06:01.4878674Z 1.3 “Evaluation Materials" means, collectively, the Evaluation Software (in source and/or object code form) and documentation (including, without limitation, any design documents, specifications, reference manuals, and other related materials) related to the Evaluation Software as made available to Recipient.
2025-10-13T23:06:01.4880075Z 
2025-10-13T23:06:01.4883516Z 1.4 “Open Source Software” means any software that requires (as a condition of use, modification and/or distribution of such software) that such software or other software incorporated into, derived from or distributed with such software (a) be disclosed or distributed in source code form; or (b) be licensed by the user to third parties for the purpose of making and/or distributing derivative works; or (c) be redistributable at no charge. Open Source Software includes, without limitation, software licensed or distributed under any of the following licenses or distribution models, or licenses or distribution models substantially similar to any of the following: (a) GNU’s General Public License (GPL) or Lesser/Library GPL (LGPL), (b) the Artistic License (e.g., PERL), (c) the Mozilla Public License, (d) the Netscape Public License, (e) the Sun Community Source License (SCSL), (f) the Sun Industry Source License (SISL), (g) the Apache Software license and (h) the Common Public License (CPL).
2025-10-13T23:06:01.4886597Z 
2025-10-13T23:06:01.4887613Z 1.5 “Pre-Release Materials” means “alpha” or “beta” designated pre-release features, which may not be fully functional, which MIPS may substantially modify in producing any production version of the Evaluation Materials, and/or which is still under development by MIPS and/or MIPS’ suppliers.
2025-10-13T23:06:01.4888540Z 
2025-10-13T23:06:01.4891388Z 2. PURPOSE. MIPS desires to make the Evaluation Materials available to Recipient solely for Recipient's internal evaluation of the Evaluation Software to evaluate the desirability of cooperating with MIPS in developing products that are compatible with the Evaluation Software and/or to advise MIPS as to possible modifications to the Evaluation Software. Recipient may not disclose, distribute, modify (except to facilitate the above-mentioned internal evaluation), or make commercial use of the Evaluation Materials or any modifications of the Evaluation Materials.
2025-10-13T23:06:01.4894575Z 
2025-10-13T23:06:01.4896944Z THE EVALUATION MATERIALS ARE PROVIDED FOR EVALUATION PURPOSES ONLY AND MAY NOT BE MODIFIED (EXCEPT TO FACILITATE THE INTERNAL EVALUATION) OR DISTRIBUTED BY RECIPIENT OR INCORPORATED INTO RECIPIENT’S PRODUCTS OR SOFTWARE. PLEASE CONTACT A MIPS SALES REPRESENTATIVE TO LEARN ABOUT THE AVAILABILITY AND COST OF A COMMERCIAL VERSION OF THE EVALUATION SOFTWARE.
2025-10-13T23:06:01.4898847Z 
2025-10-13T23:06:01.4900477Z 3. TITLE. Title to the Evaluation Materials remains with MIPS or its suppliers. Recipient shall not mortgage, pledge or encumber the Evaluation Materials in any way. Recipient shall return all Evaluation Materials, keeping no copies, upon termination or expiration of this Agreement.
2025-10-13T23:06:01.4902038Z 
2025-10-13T23:06:01.4908261Z 4. LICENSE. MIPS grants Recipient a royalty-free, personal, nontransferable, nonexclusive license under its copyrights to use the Evaluation Software only for the purposes described in paragraph 2 above and only for a period beginning on the Effective Date and extending to the first anniversary of the Effective Date (the “Evaluation Period”). Unless otherwise communicated in writing by MIPS to Recipient, to the extent the Evaluation Software is provided in more than one delivery or release (each, a “Release”) the license grant in this Section 4 and the Evaluation Period shall apply to each Release, in which case the Evaluation Period shall begin on the date that the Release is made generally available and continue to the first anniversary of such date. Recipient may not make modifications to the Evaluation Software. Recipient shall not disassemble, reverse-engineer, or decompile any software that is not provided to Recipient in source code form.
2025-10-13T23:06:01.4913646Z 
2025-10-13T23:06:01.4913653Z 
2025-10-13T23:06:01.4915357Z EXCEPT AS PROVIDED HEREIN, NO OTHER LICENSE, EXPRESS OR IMPLIED, BY ESTOPPEL OR OTHERWISE, TO ANY OTHER MIPS INTELLECTUAL PROPERTY RIGHTS IS GRANTED TO THE RECIPIENT. OTHER THAN AS EXPLICITLY SET FORTH IN PARAGRAPH 2 ABOVE, NO RIGHT TO COPY, TO REPRODUCE, TO MODIFY, OR TO CREATE DERIVATIVE WORKS OF, THE EVALUATION MATERIALS IS GRANTED HEREIN.
2025-10-13T23:06:01.4917180Z 
2025-10-13T23:06:01.4918458Z 5. NO OBLIGATION. Recipient shall have no duty to purchase or license any product from MIPS. MIPS and its suppliers shall have no obligation to provide support for, or develop a non-evaluation version of, the Evaluation Software or to license any version of it.
2025-10-13T23:06:01.4919937Z 
2025-10-13T23:06:01.4925849Z 6. MODIFICATIONS. This Agreement does not obligate Recipient to provide MIPS with comments or suggestions regarding Evaluation Materials. However, should Recipient provide MIPS with comments or suggestions for the modification, correction, improvement or enhancement of (a) the Evaluation Materials or (b) MIPS products or processes which may embody the Evaluation Materials, then Recipient agrees to grant and hereby grants to MIPS a non-exclusive, irrevocable, worldwide, fully paid-up, royalty-free license, with the right to sublicense MIPS’ licensees and customers, under Recipient’s Intellectual property rights, to use and disclose such comments and suggestions in any manner MIPS chooses and to display, perform, copy, make, have made, use, sell, offer to sell, import, and otherwise dispose of MIPS’ and its sublicensee’s products embodying such comments and suggestions in any manner and via any media MIPS chooses, without reference to the source.
2025-10-13T23:06:01.4931794Z 
2025-10-13T23:06:01.4934765Z 7. WARRANTY DISCLAIMER. MIPS AND ITS SUPPLIERS MAKE NO WARRANTIES WITH RESPECT TO EVALUATION MATERIALS, EITHER EXPRESS OR IMPLIED, INCLUDING ANY IMPLIED WARRANTIES OF MERCHANTABILITY OR FITNESS FOR A PARTICULAR PURPOSE, OR ANY IMPLIED WARRANTY OF NONINFRINGEMENT WITH RESPECT TO THIRD PARTY INTELLECTUAL PROPERTY. RECIPIENT ACKNOWLEDGES AND AGREES THAT THE EVALUATION MATERIALS ARE PROVIDED “AS IS,” WITHOUT WARRANTY OF ANY KIND.
2025-10-13T23:06:01.4936967Z 
2025-10-13T23:06:01.4940022Z 8. LIMITATION OF LIABILITY. MIPS AND ITS SUPPLIERS SHALL NOT BE LIABLE FOR ANY PROPERTY DAMAGE, PERSONAL INJURY, LOSS OF PROFITS, INTERRUPTION OF BUSINESS OR FOR ANY DIRECT, INDIRECT, SPECIAL, CONSEQUENTIAL OR INCIDENTAL DAMAGES, HOWEVER CAUSED OR ALLEGED, WHETHER FOR BREACH OF WARRANTY, CONTRACT, STRICT LIABILITY OR OTHERWISE, INCLUDING WITHOUT LIMITATION, UNDER TORT OR OTHER LEGAL THEORY. MIPS AND ITS SUPPLIERS DISCLAIM ANY AND ALL LIABILITY, INCLUDING LIABILITY FOR INFRINGEMENT OF ANY INTELLECTUAL PROPERTY RIGHTS OF ANY KIND RELATING TO THE EVALUATION MATERIALS.
2025-10-13T23:06:01.4943191Z 
2025-10-13T23:06:01.4944461Z 9. EXPIRATION. MIPS may terminate this Agreement immediately after a breach by Recipient or otherwise at MIPS’ reasonable discretion and upon five (5) business days’ notice to Recipient.
2025-10-13T23:06:01.4945540Z 
2025-10-13T23:06:01.4945662Z 10. GENERAL.
2025-10-13T23:06:01.4945847Z 
2025-10-13T23:06:01.4951465Z 10.1 Controlling Law. This Agreement shall be governed by California law excluding its choice of law rules. With the exception of MIPS’ rights to enforce its intellectual property rights and any confidentiality obligations under this Agreement or any licenses distributed with the Evaluation Materials, all disputes and any claims arising under or relating to this Agreement shall be subject to the exclusive jurisdiction and venue of the state and federal courts located in Santa Clara County, California. Each party hereby agrees to jurisdiction and venue in the courts set forth in the preceding sentence. The parties agree that the United Nations Convention on Contracts for the International Sale of Goods is specifically excluded from application to this Agreement. The parties consent to the personal jurisdiction of the above courts.
2025-10-13T23:06:01.4956087Z 
2025-10-13T23:06:01.4958655Z 10.2 Remedies. Recipient acknowledges and agrees that any breach of confidentiality obligations under this Agreement or any licenses distributed with the Evaluation Materials, as well as any disclosure, commercialization, or public use of the Evaluation Materials, would cause irreparable injury to MIPS, and therefore Recipient agrees to consent to, and hereby consents to, the grant of an injunction by any court of competent jurisdiction in the event of an actual or threatened breach.
2025-10-13T23:06:01.4961332Z 
2025-10-13T23:06:01.4964581Z 10.3 Assignment. Recipient may not delegate, assign or transfer this Agreement, the license granted or any of Recipient’s rights, obligations, or duties hereunder, expressly, by implication, by operation of law, by way of merger (regardless of whether Recipient is the surviving entity) or acquisition, or otherwise and any attempt to do so, without MIPS’ express prior written consent, shall be ineffective, null and void. MIPS may freely assign this Agreement, and its rights and obligations hereunder, in its sole discretion.
2025-10-13T23:06:01.4967684Z 
2025-10-13T23:06:01.4970361Z 10.4 Entire Agreement. This Agreement constitutes the entire agreement between Recipient and MIPS and supersedes in their entirety any and all oral or written agreements previously existing between Recipient and MIPS with respect to the subject matter hereof. This Agreement may only be amended or supplemented by a writing that refers explicitly to this Agreement and that is signed or otherwise accepted by duly authorized representatives of Recipient and MIPS.
2025-10-13T23:06:01.4972852Z 
2025-10-13T23:06:01.4975401Z 10.5 Severability. In the event that any provision of this Agreement is finally adjudicated to be unenforceable or invalid under any applicable law, such unenforceability or invalidity shall not render this Agreement unenforceable or invalid as a whole, and, in such event, such unenforceable or invalid provision shall be interpreted so as to best accomplish the objectives of such provision within the limits of applicable law or applicable court decisions.
2025-10-13T23:06:01.4977913Z 
2025-10-13T23:06:01.4985531Z 10.6 Export Regulations / Export Control. Recipient shall not export, either directly or indirectly, any product, service or technical data or system incorporating the Evaluation Materials without first obtaining any required license or other necessary approval from the U.S. Department of Commerce or any other governing agency or department of the United States Government. In the event any product is exported from the United States or re-exported from a foreign destination by Recipient, Recipient shall ensure that the distribution and export/re-export or import of the product is in compliance with all applicable laws, regulations, orders, or other restrictions of the U.S. Export Administration Regulations and the appropriate foreign government. Recipient agrees that neither it nor any of its subsidiaries will export/re-export any technical data, process, product, or service, directly or indirectly, to any country for which the United States government or any agency thereof or the foreign government from where it is shipping requires an export license, or other governmental approval, without first obtaining such license or approval. Recipient also agrees to implement measures to ensure that foreign national employees are authorized to receive any information controlled by U.S. export control laws. An export is "deemed" to take place when information is released to a foreign national wherever located.
2025-10-13T23:06:01.4994421Z 
2025-10-13T23:06:01.5000508Z 10.7 Special Terms for Pre-Release Materials. If so indicated in the description of the Evaluation Software, the Evaluation Software may contain Pre-Release Materials. Recipient hereby understands, acknowledges and agrees that: (i) Pre-Release Materials may not be fully tested and may contain bugs or errors; (ii) Pre-Release materials are not suitable for commercial release in their current state; (iii) regulatory approvals for Pre-Release Materials (such as UL or FCC) have not been obtained, and Pre-Release Materials may therefore not be certified for use in certain countries or environments or may not be suitable for certain applications and (iv) MIPS can provide no assurance that it will ever produce or make generally available a production version of the Pre-Release Materials . MIPS is not under any obligation to develop and/or release or offer for sale or license a final product based upon the Pre-Release Materials and may unilaterally elect to abandon the Pre-Release Materials or any such development platform at any time and without any obligation or liability whatsoever to Recipient or any other person.
2025-10-13T23:06:01.5006747Z 
2025-10-13T23:06:01.5007904Z ANY PRE-RELEASE MATERIALS ARE NON-QUALIFIED AND, AS SUCH, ARE PROVIDED “AS IS” AND “AS AVAILABLE”, POSSIBLY WITH FAULTS, AND WITHOUT REPRESENTATION OR WARRANTY OF ANY KIND.
2025-10-13T23:06:01.5009123Z 
2025-10-13T23:06:01.5012995Z 10.8 Open Source Software. In the event Open Source software is included with Evaluation Software, such Open Source software is licensed pursuant to the applicable Open Source software license agreement identified in the Open Source software comments in the applicable source code file(s) and/or file header as indicated in the Evaluation Software. Additional detail may be available (where applicable) in the accompanying on-line documentation. With respect to the Open Source software, nothing in this Agreement limits any rights under, or grants rights that supersede, the terms of any applicable Open Source software license agreement.
2025-10-13T23:06:01.5016675Z ---------------------------------------
2025-10-13T23:06:01.5017193Z Accept? (y/N): All SDK package licenses accepted
2025-10-13T23:06:01.5017562Z 
2025-10-13T23:06:01.5017914Z [command]/usr/local/lib/android/sdk/cmdline-tools/16.0/bin/sdkmanager tools
2025-10-13T23:06:02.4818304Z Loading package information...                                                  
2025-10-13T23:06:02.6482142Z Loading local repository...                                                     
2025-10-13T23:06:02.6511030Z [                                       ] 3% Loading local repository...        
2025-10-13T23:06:02.6632504Z [                                       ] 3% Fetch remote repository...         
2025-10-13T23:06:03.2320458Z [=                                      ] 3% Fetch remote repository...         
2025-10-13T23:06:03.3066424Z [=                                      ] 4% Fetch remote repository...         
2025-10-13T23:06:03.3426010Z [=                                      ] 5% Fetch remote repository...         
2025-10-13T23:06:03.3970807Z [==                                     ] 5% Fetch remote repository...         
2025-10-13T23:06:03.5042998Z [==                                     ] 6% Fetch remote repository...         
2025-10-13T23:06:03.5970858Z [==                                     ] 7% Fetch remote repository...         
2025-10-13T23:06:03.5971981Z [==                                     ] 7% Computing updates...               
2025-10-13T23:06:03.6260934Z [===                                    ] 8% Computing updates...               
2025-10-13T23:06:03.6599618Z [===                                    ] 10% Computing updates...              
2025-10-13T23:06:04.1613522Z [===                                    ] 10% Installing Android Emulator       
2025-10-13T23:06:04.3460234Z [===                                    ] 10% Downloading emulator-linux_x64-142
2025-10-13T23:06:04.5135875Z [====                                   ] 10% Downloading emulator-linux_x64-142
2025-10-13T23:06:04.7851494Z [====                                   ] 11% Downloading emulator-linux_x64-142
2025-10-13T23:06:05.0599439Z [====                                   ] 12% Downloading emulator-linux_x64-142
2025-10-13T23:06:05.3458556Z [=====                                  ] 13% Downloading emulator-linux_x64-142
2025-10-13T23:06:05.5657687Z [=====                                  ] 14% Downloading emulator-linux_x64-142
2025-10-13T23:06:05.6821842Z [=====                                  ] 15% Downloading emulator-linux_x64-142
2025-10-13T23:06:05.7869801Z [======                                 ] 15% Downloading emulator-linux_x64-142
2025-10-13T23:06:06.0802044Z [======                                 ] 16% Downloading emulator-linux_x64-142
2025-10-13T23:06:06.3216673Z [======                                 ] 17% Downloading emulator-linux_x64-142
2025-10-13T23:06:06.5588979Z [=======                                ] 18% Downloading emulator-linux_x64-142
2025-10-13T23:06:06.8515857Z [=======                                ] 19% Downloading emulator-linux_x64-142
2025-10-13T23:06:06.9506863Z [=======                                ] 20% Downloading emulator-linux_x64-142
2025-10-13T23:06:07.0788459Z [========                               ] 20% Downloading emulator-linux_x64-142
2025-10-13T23:06:07.2421037Z [========                               ] 21% Downloading emulator-linux_x64-142
2025-10-13T23:06:07.3781777Z [========                               ] 21% Unzipping...                      
2025-10-13T23:06:07.3783204Z [========                               ] 21% Unzipping... emulator/            
2025-10-13T23:06:07.3784009Z [========                               ] 21% Unzipping... emulator/NOTICE.csv  
2025-10-13T23:06:07.3784600Z [========                               ] 21% Unzipping... emulator/bin64/      
2025-10-13T23:06:07.3785188Z [========                               ] 21% Unzipping... emulator/android-info
2025-10-13T23:06:07.3818037Z [========                               ] 21% Unzipping... emulator/NOTICE.txt  
2025-10-13T23:06:07.3821380Z [========                               ] 21% Unzipping... emulator/qemu/       
2025-10-13T23:06:07.3975873Z [========                               ] 21% Unzipping... emulator/mksdcard    
2025-10-13T23:06:07.3983049Z [========                               ] 21% Unzipping... emulator/lib64/      
2025-10-13T23:06:07.4380152Z [========                               ] 21% Unzipping... emulator/qsn         
2025-10-13T23:06:07.4744001Z [========                               ] 21% Unzipping... emulator/crashreport 
2025-10-13T23:06:07.5022463Z [========                               ] 21% Unzipping... emulator/crashpad_han
2025-10-13T23:06:07.5023752Z [========                               ] 21% Unzipping... emulator/lib/        
2025-10-13T23:06:07.5283957Z [========                               ] 21% Unzipping... emulator/emulator-che
2025-10-13T23:06:07.5411681Z [========                               ] 21% Unzipping... emulator/qemu-img    
2025-10-13T23:06:07.5421366Z [========                               ] 21% Unzipping... emulator/LICENSE     
2025-10-13T23:06:07.5430132Z [========                               ] 21% Unzipping... emulator/source.prope
2025-10-13T23:06:07.5435631Z [========                               ] 21% Unzipping... emulator/resources/  
2025-10-13T23:06:07.5525215Z [========                               ] 21% Unzipping... emulator/nimble_bridg
2025-10-13T23:06:07.6039159Z [========                               ] 22% Unzipping... emulator/nimble_bridg
2025-10-13T23:06:07.7350257Z [========                               ] 22% Unzipping... emulator/netsimd     
2025-10-13T23:06:07.7350942Z [========                               ] 22% Unzipping... emulator/include/    
2025-10-13T23:06:07.7481235Z [========                               ] 22% Unzipping... emulator/emulator    
2025-10-13T23:06:07.7515924Z [========                               ] 22% Unzipping... emulator/bin64/mkfs.e
2025-10-13T23:06:07.7586450Z [========                               ] 22% Unzipping... emulator/bin64/e2fsck
2025-10-13T23:06:07.7591652Z [========                               ] 22% Unzipping... emulator/bin64/resize
2025-10-13T23:06:07.7647051Z [========                               ] 22% Unzipping... emulator/bin64/fsck.e
2025-10-13T23:06:07.7677762Z [========                               ] 22% Unzipping... emulator/bin64/tune2f
2025-10-13T23:06:07.9658600Z [========                               ] 22% Unzipping... emulator/qemu/linux-x
2025-10-13T23:06:08.3335376Z [=========                              ] 23% Unzipping... emulator/qemu/linux-x
2025-10-13T23:06:08.6766509Z [=========                              ] 24% Unzipping... emulator/qemu/linux-x
2025-10-13T23:06:08.8578908Z [=========                              ] 25% Unzipping... emulator/qemu/linux-x
2025-10-13T23:06:08.8981387Z [==========                             ] 25% Unzipping... emulator/qemu/linux-x
2025-10-13T23:06:08.8994695Z [==========                             ] 25% Unzipping... emulator/lib64/libemu
2025-10-13T23:06:09.0462461Z [==========                             ] 25% Unzipping... emulator/lib64/liband
2025-10-13T23:06:09.0465027Z [==========                             ] 25% Unzipping... emulator/lib64/gles_a
2025-10-13T23:06:09.0545721Z [==========                             ] 25% Unzipping... emulator/lib64/libgfx
2025-10-13T23:06:09.1183419Z [==========                             ] 26% Unzipping... emulator/lib64/libgfx
2025-10-13T23:06:09.1319516Z [==========                             ] 26% Unzipping... emulator/lib64/libpro
2025-10-13T23:06:09.1321555Z [==========                             ] 26% Unzipping... emulator/lib64/qt/   
2025-10-13T23:06:09.1331047Z [==========                             ] 26% Unzipping... emulator/lib64/liband
2025-10-13T23:06:09.1464890Z [==========                             ] 26% Unzipping... emulator/lib64/libpro
2025-10-13T23:06:09.1623548Z [==========                             ] 26% Unzipping... emulator/lib64/liband
2025-10-13T23:06:09.1635401Z [==========                             ] 26% Unzipping... emulator/lib64/libima
2025-10-13T23:06:09.1635971Z [==========                             ] 26% Unzipping... emulator/lib64/gles_m
2025-10-13T23:06:09.1662194Z [==========                             ] 26% Unzipping... emulator/lib64/libtcm
2025-10-13T23:06:09.1713002Z [==========                             ] 26% Unzipping... emulator/lib64/liband
2025-10-13T23:06:09.1720981Z [==========                             ] 26% Unzipping... emulator/lib64/libdrm
2025-10-13T23:06:09.1965433Z [==========                             ] 26% Unzipping... emulator/lib64/liband
2025-10-13T23:06:09.2036668Z [==========                             ] 26% Unzipping... emulator/lib64/libc++
2025-10-13T23:06:09.2254258Z [==========                             ] 26% Unzipping... emulator/lib64/liband
2025-10-13T23:06:09.2330088Z [==========                             ] 26% Unzipping... emulator/lib64/libsha
2025-10-13T23:06:09.2335982Z [==========                             ] 26% Unzipping... emulator/lib64/gles_s
2025-10-13T23:06:09.2385436Z [==========                             ] 26% Unzipping... emulator/lib64/libabs
2025-10-13T23:06:09.2390064Z [==========                             ] 26% Unzipping... emulator/lib64/liband
2025-10-13T23:06:09.2471108Z [==========                             ] 26% Unzipping... emulator/lib64/libzst
2025-10-13T23:06:09.2575079Z [==========                             ] 26% Unzipping... emulator/lib64/libgli
2025-10-13T23:06:09.2578902Z [==========                             ] 26% Unzipping... emulator/lib64/vulkan
2025-10-13T23:06:09.2661580Z [==========                             ] 26% Unzipping... emulator/lib64/libc++
2025-10-13T23:06:09.3313035Z [==========                             ] 26% Unzipping... emulator/lib64/gles_a
2025-10-13T23:06:09.3330187Z [==========                             ] 26% Unzipping... emulator/lib64/qt/lib
2025-10-13T23:06:09.3331294Z [==========                             ] 26% Unzipping... emulator/lib64/qt/plu
2025-10-13T23:06:09.3332079Z [==========                             ] 26% Unzipping... emulator/lib64/qt/tra
2025-10-13T23:06:09.3358217Z [==========                             ] 26% Unzipping... emulator/lib64/qt/res
2025-10-13T23:06:09.3624208Z [==========                             ] 26% Unzipping... emulator/lib64/qt/lib
2025-10-13T23:06:09.7916948Z [==========                             ] 27% Unzipping... emulator/lib64/qt/lib
2025-10-13T23:06:10.1746946Z [===========                            ] 28% Unzipping... emulator/lib64/qt/lib
2025-10-13T23:06:10.5662536Z [===========                            ] 29% Unzipping... emulator/lib64/qt/lib
2025-10-13T23:06:10.6644844Z [===========                            ] 30% Unzipping... emulator/lib64/qt/lib
2025-10-13T23:06:10.8420574Z [===========                            ] 30% Unzipping... emulator/lib64/qt/plu
2025-10-13T23:06:10.9724869Z [===========                            ] 30% Unzipping... emulator/lib64/qt/tra
2025-10-13T23:06:10.9785942Z [===========                            ] 30% Unzipping... emulator/lib64/qt/res
2025-10-13T23:06:11.1015025Z [============                           ] 30% Unzipping... emulator/lib64/qt/res
2025-10-13T23:06:11.1078048Z [============                           ] 30% Unzipping... emulator/lib64/gles_m
2025-10-13T23:06:11.2938485Z [============                           ] 31% Unzipping... emulator/lib64/gles_m
2025-10-13T23:06:11.3636544Z [============                           ] 31% Unzipping... emulator/lib64/gles_s
2025-10-13T23:06:11.4733747Z [============                           ] 31% Unzipping... emulator/lib64/vulkan
2025-10-13T23:06:11.7157032Z [============                           ] 32% Unzipping... emulator/lib64/vulkan
2025-10-13T23:06:11.7161470Z [============                           ] 32% Unzipping... emulator/lib/ice_conf
2025-10-13T23:06:11.7180827Z [============                           ] 32% Unzipping... emulator/lib/emulator
2025-10-13T23:06:11.7181415Z [============                           ] 32% Unzipping... emulator/lib/rtc_serv
2025-10-13T23:06:11.7181995Z [============                           ] 32% Unzipping... emulator/lib/pc-bios/
2025-10-13T23:06:11.7182847Z [============                           ] 32% Unzipping... emulator/lib/cmake/  
2025-10-13T23:06:11.7183394Z [============                           ] 32% Unzipping... emulator/lib/snapshot
2025-10-13T23:06:11.7183930Z [============                           ] 32% Unzipping... emulator/lib/pkgconfi
2025-10-13T23:06:11.7184690Z [============                           ] 32% Unzipping... emulator/lib/emulator
2025-10-13T23:06:11.7507890Z [============                           ] 32% Unzipping... emulator/lib/libflatb
2025-10-13T23:06:11.7522441Z [============                           ] 32% Unzipping... emulator/lib/snapshot
2025-10-13T23:06:11.7523490Z [============                           ] 32% Unzipping... emulator/lib/control_
2025-10-13T23:06:11.7525112Z [============                           ] 32% Unzipping... emulator/lib/emulated
2025-10-13T23:06:11.7526026Z [============                           ] 32% Unzipping... emulator/lib/grpc_end
2025-10-13T23:06:11.7529421Z [============                           ] 32% Unzipping... emulator/lib/emu-orig
2025-10-13T23:06:11.7550834Z [============                           ] 32% Unzipping... emulator/lib/ca-bundl
2025-10-13T23:06:11.7558285Z [============                           ] 32% Unzipping... emulator/lib/hostapd.
2025-10-13T23:06:11.7560827Z [============                           ] 32% Unzipping... emulator/lib/rtc_serv
2025-10-13T23:06:11.7567701Z [============                           ] 32% Unzipping... emulator/lib/hardware
2025-10-13T23:06:11.7577583Z [============                           ] 32% Unzipping... emulator/lib/advanced
2025-10-13T23:06:11.7581489Z [============                           ] 32% Unzipping... emulator/lib/ui_contr
2025-10-13T23:06:11.7584814Z [============                           ] 32% Unzipping... emulator/lib/waterfal
2025-10-13T23:06:11.7588097Z [============                           ] 32% Unzipping... emulator/lib/adb_serv
2025-10-13T23:06:11.7596373Z [============                           ] 32% Unzipping... emulator/lib/emulator
2025-10-13T23:06:11.7750487Z [============                           ] 32% Unzipping... emulator/lib/pc-bios/
2025-10-13T23:06:11.9403773Z [============                           ] 32% Unzipping... emulator/lib/cmake/fl
2025-10-13T23:06:11.9404401Z [============                           ] 32% Unzipping... emulator/lib/pkgconfi
2025-10-13T23:06:11.9732783Z [============                           ] 32% Unzipping... emulator/resources/To
2025-10-13T23:06:11.9749784Z [============                           ] 32% Unzipping... emulator/resources/ma
2025-10-13T23:06:11.9751019Z [============                           ] 32% Unzipping... emulator/resources/po
2025-10-13T23:06:11.9834921Z [============                           ] 32% Unzipping... emulator/resources/ma
2025-10-13T23:06:12.0397446Z [============                           ] 32% Unzipping... emulator/include/flat
2025-10-13T23:06:12.1079058Z [=============                          ] 33% Unzipping... emulator/include/flat
2025-10-13T23:06:13.2842702Z [=====================                  ] 55% Unzipping... emulator/include/flat
2025-10-13T23:06:13.3468665Z [=====================                  ] 55% Installing Android SDK Tools emula
2025-10-13T23:06:13.3727705Z [=====================                  ] 55% Downloading sdk-tools-linux-433379
2025-10-13T23:06:13.4180815Z [======================                 ] 55% Downloading sdk-tools-linux-433379
2025-10-13T23:06:13.5552883Z [======================                 ] 56% Downloading sdk-tools-linux-433379
2025-10-13T23:06:13.6940313Z [======================                 ] 57% Downloading sdk-tools-linux-433379
2025-10-13T23:06:13.7916297Z [=======================                ] 58% Downloading sdk-tools-linux-433379
2025-10-13T23:06:13.9491566Z [=======================                ] 59% Downloading sdk-tools-linux-433379
2025-10-13T23:06:14.0128322Z [=======================                ] 60% Downloading sdk-tools-linux-433379
2025-10-13T23:06:14.0866177Z [========================               ] 60% Downloading sdk-tools-linux-433379
2025-10-13T23:06:14.2433092Z [========================               ] 61% Downloading sdk-tools-linux-433379
2025-10-13T23:06:14.5447114Z [========================               ] 62% Downloading sdk-tools-linux-433379
2025-10-13T23:06:14.6733864Z [=========================              ] 63% Downloading sdk-tools-linux-433379
2025-10-13T23:06:14.8620166Z [=========================              ] 64% Downloading sdk-tools-linux-433379
2025-10-13T23:06:14.9215688Z [=========================              ] 65% Downloading sdk-tools-linux-433379
2025-10-13T23:06:14.9906742Z [==========================             ] 65% Downloading sdk-tools-linux-433379
2025-10-13T23:06:15.0920848Z [==========================             ] 66% Downloading sdk-tools-linux-433379
2025-10-13T23:06:15.1943114Z [==========================             ] 66% Unzipping... emulator/include/flat
2025-10-13T23:06:15.1944340Z [==========================             ] 66% Unzipping... tools/               
2025-10-13T23:06:15.1945337Z [==========================             ] 66% Unzipping... tools/proguard/      
2025-10-13T23:06:15.1949665Z [==========================             ] 66% Unzipping... tools/proguard/licens
2025-10-13T23:06:15.1950545Z [==========================             ] 66% Unzipping... tools/proguard/lib/  
2025-10-13T23:06:15.1998126Z [==========================             ] 66% Unzipping... tools/proguard/lib/pr
2025-10-13T23:06:15.2007169Z [==========================             ] 66% Unzipping... tools/proguard/lib/re
2025-10-13T23:06:15.2019608Z [==========================             ] 66% Unzipping... tools/proguard/lib/pr
2025-10-13T23:06:15.2022932Z [==========================             ] 66% Unzipping... tools/proguard/ant/  
2025-10-13T23:06:15.2026100Z [==========================             ] 66% Unzipping... tools/proguard/ant/ta
2025-10-13T23:06:15.2026820Z [==========================             ] 66% Unzipping... tools/proguard/docs/ 
2025-10-13T23:06:15.2031320Z [==========================             ] 66% Unzipping... tools/proguard/docs/f
2025-10-13T23:06:15.2038545Z [==========================             ] 66% Unzipping... tools/proguard/docs/s
2025-10-13T23:06:15.2040921Z [==========================             ] 66% Unzipping... tools/proguard/docs/d
2025-10-13T23:06:15.2067525Z [==========================             ] 66% Unzipping... tools/proguard/docs/s
2025-10-13T23:06:15.2068277Z [==========================             ] 66% Unzipping... tools/proguard/docs/F
2025-10-13T23:06:15.2068956Z [==========================             ] 66% Unzipping... tools/proguard/docs/s
2025-10-13T23:06:15.2070893Z [==========================             ] 66% Unzipping... tools/proguard/docs/l
2025-10-13T23:06:15.2078879Z [==========================             ] 66% Unzipping... tools/proguard/docs/s
2025-10-13T23:06:15.2080856Z [==========================             ] 66% Unzipping... tools/proguard/docs/d
2025-10-13T23:06:15.2086685Z [==========================             ] 66% Unzipping... tools/proguard/docs/s
2025-10-13T23:06:15.2090751Z [==========================             ] 66% Unzipping... tools/proguard/docs/r
2025-10-13T23:06:15.2094294Z [==========================             ] 66% Unzipping... tools/proguard/docs/d
2025-10-13T23:06:15.2098007Z [==========================             ] 66% Unzipping... tools/proguard/docs/t
2025-10-13T23:06:15.2102704Z [==========================             ] 66% Unzipping... tools/proguard/docs/f
2025-10-13T23:06:15.2119620Z [==========================             ] 66% Unzipping... tools/proguard/docs/s
2025-10-13T23:06:15.2120391Z [==========================             ] 66% Unzipping... tools/proguard/docs/t
2025-10-13T23:06:15.2120947Z [==========================             ] 66% Unzipping... tools/proguard/docs/i
2025-10-13T23:06:15.2121852Z [==========================             ] 66% Unzipping... tools/proguard/docs/s
2025-10-13T23:06:15.2125937Z [==========================             ] 66% Unzipping... tools/proguard/docs/m
2025-10-13T23:06:15.2128273Z [==========================             ] 66% Unzipping... tools/proguard/docs/s
2025-10-13T23:06:15.2132973Z [==========================             ] 66% Unzipping... tools/proguard/docs/q
2025-10-13T23:06:15.2135197Z [==========================             ] 66% Unzipping... tools/proguard/docs/G
2025-10-13T23:06:15.2138852Z [==========================             ] 66% Unzipping... tools/proguard/docs/t
2025-10-13T23:06:15.2151639Z [==========================             ] 66% Unzipping... tools/proguard/docs/s
2025-10-13T23:06:15.2205974Z [==========================             ] 66% Unzipping... tools/proguard/docs/m
2025-10-13T23:06:15.2208736Z [==========================             ] 66% Unzipping... tools/proguard/docs/s
2025-10-13T23:06:15.2211278Z [==========================             ] 66% Unzipping... tools/proguard/docs/G
2025-10-13T23:06:15.2213978Z [==========================             ] 66% Unzipping... tools/proguard/docs/c
2025-10-13T23:06:15.2241733Z [==========================             ] 66% Unzipping... tools/proguard/docs/a
2025-10-13T23:06:15.2242979Z [==========================             ] 66% Unzipping... tools/proguard/docs/s
2025-10-13T23:06:15.2243726Z [==========================             ] 66% Unzipping... tools/proguard/docs/d
2025-10-13T23:06:15.2326199Z [==========================             ] 66% Unzipping... tools/proguard/exampl
2025-10-13T23:06:15.2328278Z [==========================             ] 66% Unzipping... tools/proguard/bin/  
2025-10-13T23:06:15.2334909Z [==========================             ] 66% Unzipping... tools/proguard/bin/pr
2025-10-13T23:06:15.2339888Z [==========================             ] 66% Unzipping... tools/proguard/bin/re
2025-10-13T23:06:15.2344105Z [==========================             ] 66% Unzipping... tools/proguard/README
2025-10-13T23:06:15.2349676Z [==========================             ] 66% Unzipping... tools/proguard/progua
2025-10-13T23:06:15.2353318Z [==========================             ] 66% Unzipping... tools/lib/           
2025-10-13T23:06:15.2420964Z [==========================             ] 66% Unzipping... tools/lib/bcpkix-jdk1
2025-10-13T23:06:15.2422882Z [==========================             ] 66% Unzipping... tools/lib/org-eclipse
2025-10-13T23:06:15.2428337Z [==========================             ] 66% Unzipping... tools/lib/manifest-me
2025-10-13T23:06:15.2435121Z [==========================             ] 66% Unzipping... tools/lib/jcommander-
2025-10-13T23:06:15.2454220Z [==========================             ] 66% Unzipping... tools/lib/gson-2.3.ja
2025-10-13T23:06:15.2456438Z [==========================             ] 66% Unzipping... tools/lib/ddms-26.0.0
2025-10-13T23:06:15.2459002Z [==========================             ] 66% Unzipping... tools/lib/asm-tree-5.
2025-10-13T23:06:15.2528043Z [==========================             ] 66% Unzipping... tools/lib/uast-26.0.0
2025-10-13T23:06:15.2539941Z [==========================             ] 66% Unzipping... tools/lib/dexlib2-2.2
2025-10-13T23:06:15.2618726Z [==========================             ] 67% Unzipping... tools/lib/dexlib2-2.2
2025-10-13T23:06:15.2626723Z [==========================             ] 67% Unzipping... tools/lib/android.el 
2025-10-13T23:06:15.2651847Z [==========================             ] 67% Unzipping... tools/lib/apkanalyzer
2025-10-13T23:06:15.2823847Z [==========================             ] 67% Unzipping... tools/lib/guava-22.0.
2025-10-13T23:06:15.2874619Z [==========================             ] 67% Unzipping... tools/lib/lint-api-26
2025-10-13T23:06:15.2916209Z [==========================             ] 67% Unzipping... tools/lib/baksmali-2.
2025-10-13T23:06:15.2916874Z [==========================             ] 67% Unzipping... tools/lib/shared.jar 
2025-10-13T23:06:15.2917442Z [==========================             ] 67% Unzipping... tools/lib/jsr305-1.3.
2025-10-13T23:06:15.2933275Z [==========================             ] 67% Unzipping... tools/lib/httpclient-
2025-10-13T23:06:15.3047381Z [==========================             ] 67% Unzipping... tools/lib/ecj-4.6.1.j
2025-10-13T23:06:15.3055888Z [==========================             ] 67% Unzipping... tools/lib/jobb-26.0.0
2025-10-13T23:06:15.3071916Z [==========================             ] 67% Unzipping... tools/lib/jcommon-1.0
2025-10-13T23:06:15.3077265Z [==========================             ] 67% Unzipping... tools/lib/kxml2-2.3.0
2025-10-13T23:06:15.3146987Z [==========================             ] 67% Unzipping... tools/lib/jfreechart-
2025-10-13T23:06:15.3161965Z [==========================             ] 67% Unzipping... tools/lib/common-26.0
2025-10-13T23:06:15.3221935Z [==========================             ] 67% Unzipping... tools/lib/lint-checks
2025-10-13T23:06:15.3359617Z [==========================             ] 67% Unzipping... tools/lib/kotlin-refl
2025-10-13T23:06:15.3361094Z [==========================             ] 67% Unzipping... tools/lib/builder-mod
2025-10-13T23:06:15.3397488Z [==========================             ] 67% Unzipping... tools/lib/sdklib-26.0
2025-10-13T23:06:15.3407552Z [==========================             ] 67% Unzipping... tools/lib/layoutlib-a
2025-10-13T23:06:15.3408318Z [==========================             ] 67% Unzipping... tools/lib/annotations
2025-10-13T23:06:15.3414771Z [==========================             ] 67% Unzipping... tools/lib/fat32lib.ja
2025-10-13T23:06:15.3420557Z [==========================             ] 67% Unzipping... tools/lib/jsr305-3.0.
2025-10-13T23:06:15.3472828Z [==========================             ] 67% Unzipping... tools/lib/org-eclipse
2025-10-13T23:06:15.3480963Z [==========================             ] 67% Unzipping... tools/lib/error_prone
2025-10-13T23:06:15.3488485Z [==========================             ] 67% Unzipping... tools/lib/org-eclipse
2025-10-13T23:06:15.3493376Z [==========================             ] 67% Unzipping... tools/lib/animal-snif
2025-10-13T23:06:15.3528800Z [==========================             ] 67% Unzipping... tools/lib/asset-studi
2025-10-13T23:06:15.3565168Z [===========================            ] 68% Unzipping... tools/lib/asset-studi
2025-10-13T23:06:15.3577117Z [===========================            ] 68% Unzipping... tools/lib/repository-
2025-10-13T23:06:15.3581712Z [===========================            ] 68% Unzipping... tools/lib/dvlib-26.0.
2025-10-13T23:06:15.3612063Z [===========================            ] 68% Unzipping... tools/lib/jsilver-1.0
2025-10-13T23:06:15.3620070Z [===========================            ] 68% Unzipping... tools/lib/asm-5.1.jar
2025-10-13T23:06:15.3624073Z [===========================            ] 68% Unzipping... tools/lib/devices.xml
2025-10-13T23:06:15.3640832Z [===========================            ] 68% Unzipping... tools/lib/asm-analysi
2025-10-13T23:06:15.3657901Z [===========================            ] 68% Unzipping... tools/lib/hierarchyvi
2025-10-13T23:06:15.3667748Z [===========================            ] 68% Unzipping... tools/lib/monkeyrunne
2025-10-13T23:06:15.3676206Z [===========================            ] 68% Unzipping... tools/lib/uiautomator
2025-10-13T23:06:15.3679072Z [===========================            ] 68% Unzipping... tools/lib/archquery-2
2025-10-13T23:06:15.3689894Z [===========================            ] 68% Unzipping... tools/lib/chimpchat-2
2025-10-13T23:06:15.3690577Z [===========================            ] 68% Unzipping... tools/lib/explainer.j
2025-10-13T23:06:15.3733559Z [===========================            ] 68% Unzipping... tools/lib/ddmlib-26.0
2025-10-13T23:06:15.3734437Z [===========================            ] 68% Unzipping... tools/lib/swtmenubar-
2025-10-13T23:06:15.3811949Z [===========================            ] 68% Unzipping... tools/lib/osgi-4.0.0.
2025-10-13T23:06:15.3820015Z [===========================            ] 68% Unzipping... tools/lib/x86_64/    
2025-10-13T23:06:15.3888541Z [===========================            ] 68% Unzipping... tools/lib/x86_64/swt.
2025-10-13T23:06:15.4394782Z [===========================            ] 68% Unzipping... tools/lib/monitor-x86
2025-10-13T23:06:15.5270681Z [===========================            ] 69% Unzipping... tools/lib/monitor-x86
2025-10-13T23:06:15.5863218Z [===========================            ] 70% Unzipping... tools/lib/monitor-x86
2025-10-13T23:06:15.6394277Z [============================           ] 70% Unzipping... tools/lib/monitor-x86
2025-10-13T23:06:15.8409914Z [============================           ] 71% Unzipping... tools/lib/monitor-x86
2025-10-13T23:06:15.8414467Z [============================           ] 71% Unzipping... tools/lib/httpmime-4.
2025-10-13T23:06:15.8417168Z [============================           ] 71% Unzipping... tools/lib/annotations
2025-10-13T23:06:15.8461602Z [============================           ] 71% Unzipping... tools/lib/lint-26.0.0
2025-10-13T23:06:15.8462466Z [============================           ] 71% Unzipping... tools/lib/apkanalyzer
2025-10-13T23:06:15.8463302Z [============================           ] 71% Unzipping... tools/lib/binary-reso
2025-10-13T23:06:15.8463882Z [============================           ] 71% Unzipping... tools/lib/jopt-simple
2025-10-13T23:06:15.8470758Z [============================           ] 71% Unzipping... tools/lib/util-2.2.1.
2025-10-13T23:06:15.8496109Z [============================           ] 71% Unzipping... tools/lib/ddmuilib-26
2025-10-13T23:06:15.8517663Z [============================           ] 72% Unzipping... tools/lib/ddmuilib-26
2025-10-13T23:06:15.8588829Z [============================           ] 72% Unzipping... tools/lib/sdk-common-
2025-10-13T23:06:15.8605033Z [============================           ] 72% Unzipping... tools/lib/traceview-2
2025-10-13T23:06:15.8629577Z [============================           ] 72% Unzipping... tools/lib/httpcore-4.
2025-10-13T23:06:15.8630243Z [============================           ] 72% Unzipping... tools/lib/screenshot2
2025-10-13T23:06:15.8671540Z [============================           ] 72% Unzipping... tools/lib/commons-cod
2025-10-13T23:06:15.8672204Z [============================           ] 72% Unzipping... tools/lib/proguard-pr
2025-10-13T23:06:15.9464652Z [============================           ] 72% Unzipping... tools/lib/jython-stan
2025-10-13T23:06:15.9551948Z [=============================          ] 73% Unzipping... tools/lib/jython-stan
2025-10-13T23:06:15.9559591Z [=============================          ] 73% Unzipping... tools/lib/annotations
2025-10-13T23:06:15.9584706Z [=============================          ] 73% Unzipping... tools/lib/commons-log
2025-10-13T23:06:15.9678309Z [=============================          ] 73% Unzipping... tools/lib/protobuf-ja
2025-10-13T23:06:15.9692521Z [=============================          ] 73% Unzipping... tools/lib/fakeadbserv
2025-10-13T23:06:15.9903798Z [=============================          ] 73% Unzipping... tools/lib/bcprov-jdk1
2025-10-13T23:06:15.9907536Z [=============================          ] 73% Unzipping... tools/lib/x86/       
2025-10-13T23:06:16.0025866Z [=============================          ] 73% Unzipping... tools/lib/x86/swt.jar
2025-10-13T23:06:16.0083028Z [=============================          ] 73% Unzipping... tools/lib/kotlin-stdl
2025-10-13T23:06:16.0142311Z [=============================          ] 73% Unzipping... tools/lib/commons-com
2025-10-13T23:06:16.0173175Z [=============================          ] 73% Unzipping... tools/lib/lombok-ast-
2025-10-13T23:06:16.0221845Z [=============================          ] 73% Unzipping... tools/lib/trove4j-201
2025-10-13T23:06:16.0542261Z [=============================          ] 73% Unzipping... tools/lib/intellij-co
2025-10-13T23:06:16.0748828Z [=============================          ] 74% Unzipping... tools/lib/intellij-co
2025-10-13T23:06:16.0783304Z [=============================          ] 74% Unzipping... tools/lib/jimfs-1.1.j
2025-10-13T23:06:16.0791088Z [=============================          ] 74% Unzipping... tools/lib/j2objc-anno
2025-10-13T23:06:16.0795642Z [=============================          ] 74% Unzipping... tools/lib/jfreechart-
2025-10-13T23:06:16.1486136Z [=============================          ] 74% Unzipping... tools/lib/monitor-x86
2025-10-13T23:06:16.2003975Z [=============================          ] 75% Unzipping... tools/lib/monitor-x86
2025-10-13T23:06:16.2422145Z [==============================         ] 75% Unzipping... tools/lib/monitor-x86
2025-10-13T23:06:16.3403349Z [==============================         ] 76% Unzipping... tools/lib/monitor-x86
2025-10-13T23:06:16.5093356Z [==============================         ] 77% Unzipping... tools/lib/monitor-x86
2025-10-13T23:06:16.5099553Z [==============================         ] 77% Unzipping... tools/lib/generator.j
2025-10-13T23:06:16.5104596Z [==============================         ] 77% Unzipping... tools/source.properti
2025-10-13T23:06:16.5112624Z [==============================         ] 77% Unzipping... tools/bin/           
2025-10-13T23:06:16.5113772Z [==============================         ] 77% Unzipping... tools/bin/avdmanager 
2025-10-13T23:06:16.5114793Z [==============================         ] 77% Unzipping... tools/bin/jobb       
2025-10-13T23:06:16.5115328Z [==============================         ] 77% Unzipping... tools/bin/uiautomator
2025-10-13T23:06:16.5115853Z [==============================         ] 77% Unzipping... tools/bin/apkanalyzer
2025-10-13T23:06:16.5122064Z [==============================         ] 77% Unzipping... tools/bin/monkeyrunne
2025-10-13T23:06:16.5125198Z [==============================         ] 77% Unzipping... tools/bin/archquery  
2025-10-13T23:06:16.5133021Z [==============================         ] 77% Unzipping... tools/bin/sdkmanager 
2025-10-13T23:06:16.5133609Z [==============================         ] 77% Unzipping... tools/bin/lint       
2025-10-13T23:06:16.5150970Z [==============================         ] 77% Unzipping... tools/bin/screenshot2
2025-10-13T23:06:16.5164929Z [==============================         ] 77% Unzipping... tools/NOTICE.txt     
2025-10-13T23:06:16.5218088Z [==============================         ] 77% Unzipping... tools/emulator       
2025-10-13T23:06:16.5256825Z [==============================         ] 77% Unzipping... tools/emulator-check 
2025-10-13T23:06:16.5257804Z [==============================         ] 77% Unzipping... tools/monitor        
2025-10-13T23:06:16.5261366Z [==============================         ] 77% Unzipping... tools/android        
2025-10-13T23:06:16.5262185Z [==============================         ] 77% Unzipping... tools/mksdcard       
2025-10-13T23:06:16.5262857Z [==============================         ] 77% Unzipping... tools/support/       
2025-10-13T23:06:16.5269701Z [==============================         ] 77% Unzipping... tools/support/typos-d
2025-10-13T23:06:16.5290421Z [==============================         ] 77% Unzipping... tools/support/typos-e
2025-10-13T23:06:16.5291125Z [==============================         ] 77% Unzipping... tools/support/annotat
2025-10-13T23:06:16.5295817Z [==============================         ] 77% Unzipping... tools/support/typos-e
2025-10-13T23:06:16.5297792Z [==============================         ] 77% Unzipping... tools/support/typos-t
2025-10-13T23:06:16.5300181Z [==============================         ] 77% Unzipping... tools/support/typos-p
2025-10-13T23:06:16.5304818Z [==============================         ] 77% Unzipping... tools/support/typos-i
2025-10-13T23:06:16.5305766Z [==============================         ] 77% Unzipping... tools/support/typos-n
2025-10-13T23:06:16.5312425Z [==============================         ] 77% Unzipping... tools/support/typos-h
2025-10-13T23:06:16.5647577Z [==============================         ] 78% Unzipping... tools/support/typos-h
2025-10-13T23:06:16.5648701Z [=======================================] 100% Unzipping... tools/support/typos-
2025-10-13T23:06:16.5771822Z 
2025-10-13T23:06:16.5888564Z [command]/usr/local/lib/android/sdk/cmdline-tools/16.0/bin/sdkmanager platform-tools
2025-10-13T23:06:17.7232102Z Loading package information...                                                  
2025-10-13T23:06:17.8517518Z Loading local repository...                                                     
2025-10-13T23:06:17.8520397Z [                                       ] 3% Loading local repository...        
2025-10-13T23:06:17.8688740Z [                                       ] 3% Fetch remote repository...         
2025-10-13T23:06:18.3357739Z [=                                      ] 3% Fetch remote repository...         
2025-10-13T23:06:18.4143054Z [=                                      ] 4% Fetch remote repository...         
2025-10-13T23:06:18.4471368Z [=                                      ] 5% Fetch remote repository...         
2025-10-13T23:06:18.4942355Z [==                                     ] 5% Fetch remote repository...         
2025-10-13T23:06:18.5752550Z [==                                     ] 6% Fetch remote repository...         
2025-10-13T23:06:18.7033325Z [==                                     ] 7% Fetch remote repository...         
2025-10-13T23:06:18.7040090Z [==                                     ] 7% Computing updates...               
2025-10-13T23:06:18.7260620Z [===                                    ] 8% Computing updates...               
2025-10-13T23:06:18.7381658Z [===                                    ] 10% Computing updates...              
2025-10-13T23:06:18.7382297Z [=======================================] 100% Computing updates...             
2025-10-13T23:06:18.7385389Z 
2025-10-13T23:06:18.7914769Z ##[group]Run gradle/actions/setup-gradle@v4
2025-10-13T23:06:18.7915083Z with:
2025-10-13T23:06:18.7915287Z   gradle-version: wrapper
2025-10-13T23:06:18.7915526Z   cache-disabled: false
2025-10-13T23:06:18.7915756Z   cache-read-only: false
2025-10-13T23:06:18.7915983Z   cache-write-only: false
2025-10-13T23:06:18.7916210Z   cache-overwrite-existing: false
2025-10-13T23:06:18.7916470Z   cache-cleanup: on-success
2025-10-13T23:06:18.7916755Z   gradle-home-cache-includes: caches
notifications

2025-10-13T23:06:18.7917083Z   add-job-summary: always
2025-10-13T23:06:18.7917330Z   add-job-summary-as-pr-comment: never
2025-10-13T23:06:18.7917604Z   dependency-graph: disabled
2025-10-13T23:06:18.7917907Z   dependency-graph-report-dir: dependency-graph-reports
2025-10-13T23:06:18.7918270Z   dependency-graph-continue-on-failure: true
2025-10-13T23:06:18.7918568Z   build-scan-publish: false
2025-10-13T23:06:18.7918812Z   validate-wrappers: true
2025-10-13T23:06:18.7919091Z   allow-snapshot-wrappers: false
2025-10-13T23:06:18.7919681Z   gradle-home-cache-strict-match: false
2025-10-13T23:06:18.7919956Z   workflow-job-context: null
2025-10-13T23:06:18.7920331Z   github-token: ***
2025-10-13T23:06:18.7920515Z env:
2025-10-13T23:06:18.7920797Z   JAVA_HOME: /opt/hostedtoolcache/Java_Temurin-Hotspot_jdk/17.0.16-8/x64
2025-10-13T23:06:18.7921260Z   JAVA_HOME_17_X64: /opt/hostedtoolcache/Java_Temurin-Hotspot_jdk/17.0.16-8/x64
2025-10-13T23:06:18.7921641Z   ANDROID_HOME: /usr/local/lib/android/sdk
2025-10-13T23:06:18.7922146Z   ANDROID_SDK_ROOT: /usr/local/lib/android/sdk
2025-10-13T23:06:18.7922415Z ##[endgroup]
2025-10-13T23:06:19.2781233Z Merged default JDK locations into /home/runner/.m2/toolchains.xml
2025-10-13T23:06:19.2790018Z Preparing cache for cleanup.
2025-10-13T23:06:19.2811870Z ##[group]Restore Gradle state from cache
2025-10-13T23:06:19.4414412Z Cache hit for restore-key: gradle-home-v1|Linux-X64|build[e080f0fdc288b6f0c5023fd4b86f7a10]-70a43f5c4b843361b6602f50300302e15781af52
2025-10-13T23:06:20.0284034Z Received 44126398 of 44126398 (100.0%), 89.0 MBs/sec
2025-10-13T23:06:20.0288362Z Cache Size: ~42 MB (44126398 B)
2025-10-13T23:06:20.0323371Z [command]/usr/bin/tar -xf /home/runner/work/_temp/eebec7f1-eed9-4b7b-a06c-2e1db001abfb/cache.tzst -P -C /home/runner/work/NexMDM/NexMDM --use-compress-program unzstd
2025-10-13T23:06:20.7017397Z Cache restored successfully
2025-10-13T23:06:20.7108294Z Restored cache entry with key gradle-home-v1|Linux-X64|build[e080f0fdc288b6f0c5023fd4b86f7a10]-35844b192a532442d570ede587614fa763a52647 to /home/runner/.gradle/caches,/home/runner/.gradle/notifications,/home/runner/.gradle/.setup-gradle in 1429ms
2025-10-13T23:06:20.8168478Z Cache hit for: gradle-instrumented-jars-v1-975a64a9a1442fc341235d37bfe6d133
2025-10-13T23:06:20.8180005Z Cache hit for: gradle-wrapper-zips-v1-f82d94dd741812d9afc7aad8d4ab116c
2025-10-13T23:06:20.8247838Z Cache hit for: gradle-groovy-dsl-v1-791b50fd80fb8c0da886d55a74ade405
2025-10-13T23:06:20.8261849Z Cache hit for: gradle-dependencies-v1-3d679af216a7253b486f8e34d05f9713
2025-10-13T23:06:20.8725256Z Received 88175 of 88175 (100.0%), 3.5 MBs/sec
2025-10-13T23:06:20.8726202Z Cache Size: ~0 MB (88175 B)
2025-10-13T23:06:20.8750334Z [command]/usr/bin/tar -xf /home/runner/work/_temp/2af8c76d-fef2-4021-bb66-c9cea4d47dca/cache.tzst -P -C /home/runner/work/NexMDM/NexMDM --use-compress-program unzstd
2025-10-13T23:06:20.8984191Z Cache restored successfully
2025-10-13T23:06:20.8986998Z Restored cache entry with key gradle-groovy-dsl-v1-791b50fd80fb8c0da886d55a74ade405 to /home/runner/.gradle/caches/*/groovy-dsl/*/ in 185ms
2025-10-13T23:06:21.9211246Z Received 71303168 of 87968222 (81.1%), 67.9 MBs/sec
2025-10-13T23:06:21.9658385Z Received 79691776 of 130433116 (61.1%), 74.8 MBs/sec
2025-10-13T23:06:21.9884835Z Received 62914560 of 174306910 (36.1%), 59.7 MBs/sec
2025-10-13T23:06:22.1426555Z Received 87968222 of 87968222 (100.0%), 68.5 MBs/sec
2025-10-13T23:06:22.1430107Z Cache Size: ~84 MB (87968222 B)
2025-10-13T23:06:22.2729805Z [command]/usr/bin/tar -xf /home/runner/work/_temp/4dbdc064-bd6e-4e1c-a463-d02e83b990f8/cache.tzst -P -C /home/runner/work/NexMDM/NexMDM --use-compress-program unzstd
2025-10-13T23:06:22.4838057Z Received 130433116 of 130433116 (100.0%), 81.1 MBs/sec
2025-10-13T23:06:22.4841383Z Cache Size: ~124 MB (130433116 B)
2025-10-13T23:06:22.7057691Z [command]/usr/bin/tar -xf /home/runner/work/_temp/b345bef1-98b3-409d-8111-5c1866084991/cache.tzst -P -C /home/runner/work/NexMDM/NexMDM --use-compress-program unzstd
2025-10-13T23:06:23.0480552Z Received 138412032 of 174306910 (79.4%), 64.0 MBs/sec
2025-10-13T23:06:23.2341321Z Received 174306910 of 174306910 (100.0%), 73.9 MBs/sec
2025-10-13T23:06:23.2342741Z Cache Size: ~166 MB (174306910 B)
2025-10-13T23:06:23.2525026Z [command]/usr/bin/tar -xf /home/runner/work/_temp/ba65873d-6091-4089-9371-5f72d732a166/cache.tzst -P -C /home/runner/work/NexMDM/NexMDM --use-compress-program unzstd
2025-10-13T23:06:23.4600324Z Cache restored successfully
2025-10-13T23:06:23.9021568Z Cache restored successfully
2025-10-13T23:06:23.9731769Z Restored cache entry with key gradle-dependencies-v1-3d679af216a7253b486f8e34d05f9713 to /home/runner/.gradle/caches/modules-*/files-*/*/*/*/* in 3260ms
2025-10-13T23:06:24.0736470Z Cache restored successfully
2025-10-13T23:06:24.0894099Z Restored cache entry with key gradle-instrumented-jars-v1-975a64a9a1442fc341235d37bfe6d133 to /home/runner/.gradle/caches/jars-*/*/ in 3377ms
2025-10-13T23:06:24.5941935Z Restored cache entry with key gradle-wrapper-zips-v1-f82d94dd741812d9afc7aad8d4ab116c to /home/runner/.gradle/wrapper/dists/gradle-8.4-bin/1w5dpkrfk8irigvoxmyhowfim in 3880ms
2025-10-13T23:06:24.6206773Z ##[endgroup]
2025-10-13T23:06:24.6336210Z ##[group]All Gradle Wrapper jars are valid
2025-10-13T23:06:24.6338930Z ✓ Found known Gradle Wrapper JAR files:
2025-10-13T23:06:24.6342714Z   0336f591bc0ec9aa0c9988929b93ecc916b3c1d52aed202c7381db144aa0ef15 android/gradle/wrapper/gradle-wrapper.jar
2025-10-13T23:06:24.6344060Z ##[endgroup]
2025-10-13T23:06:24.6524410Z ##[group]Run chmod +x android/gradlew
2025-10-13T23:06:24.6524838Z [36;1mchmod +x android/gradlew[0m
2025-10-13T23:06:24.6563939Z shell: /usr/bin/bash -e {0}
2025-10-13T23:06:24.6564238Z env:
2025-10-13T23:06:24.6564579Z   JAVA_HOME: /opt/hostedtoolcache/Java_Temurin-Hotspot_jdk/17.0.16-8/x64
2025-10-13T23:06:24.6565154Z   JAVA_HOME_17_X64: /opt/hostedtoolcache/Java_Temurin-Hotspot_jdk/17.0.16-8/x64
2025-10-13T23:06:24.6565635Z   ANDROID_HOME: /usr/local/lib/android/sdk
2025-10-13T23:06:24.6565984Z   ANDROID_SDK_ROOT: /usr/local/lib/android/sdk
2025-10-13T23:06:24.6566379Z   GRADLE_ACTION_ID: gradle/actions/setup-gradle
2025-10-13T23:06:24.6566730Z   GRADLE_USER_HOME: /home/runner/.gradle
2025-10-13T23:06:24.6567071Z   GRADLE_BUILD_ACTION_SETUP_COMPLETED: true
2025-10-13T23:06:24.6567414Z   GRADLE_BUILD_ACTION_CACHE_RESTORED: true
2025-10-13T23:06:24.6567914Z   DEVELOCITY_INJECTION_INIT_SCRIPT_NAME: gradle-actions.inject-develocity.init.gradle
2025-10-13T23:06:24.6568517Z   DEVELOCITY_INJECTION_CUSTOM_VALUE: gradle-actions
2025-10-13T23:06:24.6568893Z   GITHUB_DEPENDENCY_GRAPH_ENABLED: false
2025-10-13T23:06:24.6569500Z ##[endgroup]
2025-10-13T23:06:24.6698216Z ##[group]Run cd android && ./gradlew clean
2025-10-13T23:06:24.6698618Z [36;1mcd android && ./gradlew clean[0m
2025-10-13T23:06:24.6731496Z shell: /usr/bin/bash -e {0}
2025-10-13T23:06:24.6731785Z env:
2025-10-13T23:06:24.6732141Z   JAVA_HOME: /opt/hostedtoolcache/Java_Temurin-Hotspot_jdk/17.0.16-8/x64
2025-10-13T23:06:24.6732728Z   JAVA_HOME_17_X64: /opt/hostedtoolcache/Java_Temurin-Hotspot_jdk/17.0.16-8/x64
2025-10-13T23:06:24.6733215Z   ANDROID_HOME: /usr/local/lib/android/sdk
2025-10-13T23:06:24.6733564Z   ANDROID_SDK_ROOT: /usr/local/lib/android/sdk
2025-10-13T23:06:24.6733936Z   GRADLE_ACTION_ID: gradle/actions/setup-gradle
2025-10-13T23:06:24.6734284Z   GRADLE_USER_HOME: /home/runner/.gradle
2025-10-13T23:06:24.6734629Z   GRADLE_BUILD_ACTION_SETUP_COMPLETED: true
2025-10-13T23:06:24.6734984Z   GRADLE_BUILD_ACTION_CACHE_RESTORED: true
2025-10-13T23:06:24.6735525Z   DEVELOCITY_INJECTION_INIT_SCRIPT_NAME: gradle-actions.inject-develocity.init.gradle
2025-10-13T23:06:24.6736166Z   DEVELOCITY_INJECTION_CUSTOM_VALUE: gradle-actions
2025-10-13T23:06:24.6736610Z   GITHUB_DEPENDENCY_GRAPH_ENABLED: false
2025-10-13T23:06:24.6736953Z ##[endgroup]
2025-10-13T23:06:25.8861356Z Starting a Gradle Daemon (subsequent builds will be faster)
2025-10-13T23:06:37.3807261Z 
2025-10-13T23:06:37.3860392Z > Configure project :app
2025-10-13T23:06:37.3873720Z 🔍 APK Versioning: Starting version code calculation...
2025-10-13T23:06:37.3874891Z 🔍 GITHUB_RUN_NUMBER env var: '74'
2025-10-13T23:06:37.3875906Z ✅ SUCCESS: Using GitHub run number: 174
2025-10-13T23:06:37.6810566Z 
2025-10-13T23:06:37.6815378Z FAILURE: Build completed with 2 failures.
2025-10-13T23:06:37.6816207Z 
2025-10-13T23:06:37.6818317Z 1: Task failed with an exception.
2025-10-13T23:06:37.6820396Z -----------
2025-10-13T23:06:37.6822432Z * Where:
2025-10-13T23:06:37.6824179Z Build file '/home/runner/work/NexMDM/NexMDM/android/app/build.gradle' line: 87
2025-10-13T23:06:37.6826038Z 
2025-10-13T23:06:37.6826439Z * What went wrong:
2025-10-13T23:06:37.6828258Z A problem occurred evaluating project ':app'.
2025-10-13T23:06:37.6830045Z > ❌ FATAL: Release keystore not found in CI! All APKs MUST be signed for consistent upgrades.
2025-10-13T23:06:37.6832263Z 
2025-10-13T23:06:37.6841196Z gradle/actions: Writing build results to /home/runner/work/_temp/.gradle-actions/build-results/__run_2-1760396791703.json
2025-10-13T23:06:37.6860444Z * Try:
2025-10-13T23:06:37.6870597Z > Run with --stacktrace option to get the stack trace.
2025-10-13T23:06:37.6873003Z > Run with --info or --debug option to get more log output.
2025-10-13T23:06:37.6878319Z > Run with --scan to get full insights.
2025-10-13T23:06:37.6891156Z > Get more help at https://help.gradle.org.
2025-10-13T23:06:37.6900040Z ==============================================================================
2025-10-13T23:06:37.6900521Z 
2025-10-13T23:06:37.6902817Z 2: Task failed with an exception.
2025-10-13T23:06:37.6903572Z -----------
2025-10-13T23:06:37.6905923Z * Where:
2025-10-13T23:06:37.6908178Z Build file '/home/runner/work/NexMDM/NexMDM/android/app/build.gradle' line: 87
2025-10-13T23:06:37.6910097Z 
2025-10-13T23:06:37.6911598Z * What went wrong:
2025-10-13T23:06:37.6912364Z A problem occurred evaluating project ':app'.
2025-10-13T23:06:37.6924834Z > ❌ FATAL: Release keystore not found in CI! All APKs MUST be signed for consistent upgrades.
2025-10-13T23:06:37.6925525Z 
2025-10-13T23:06:37.6925672Z * Try:
2025-10-13T23:06:37.6926245Z > Run with --stacktrace option to get the stack trace.
2025-10-13T23:06:37.6927043Z > Run with --info or --debug option to get more log output.
2025-10-13T23:06:37.6927757Z > Run with --scan to get full insights.
2025-10-13T23:06:37.6928443Z > Get more help at https://help.gradle.org.
2025-10-13T23:06:37.6943269Z ==============================================================================
2025-10-13T23:06:37.6943823Z 
2025-10-13T23:06:37.6944074Z BUILD FAILED in 12s
2025-10-13T23:06:38.1936200Z ##[error]Process completed with exit code 1.
2025-10-13T23:06:38.2069743Z Post job cleanup.
2025-10-13T23:06:38.5542601Z In post-action step
2025-10-13T23:06:38.5554706Z ##[group]Stopping Gradle daemons
2025-10-13T23:06:38.5556722Z Stopping Gradle daemons for /home/runner/.gradle/wrapper/dists/gradle-8.4-bin/1w5dpkrfk8irigvoxmyhowfim/gradle-8.4
2025-10-13T23:06:38.5576586Z [command]/home/runner/.gradle/wrapper/dists/gradle-8.4-bin/1w5dpkrfk8irigvoxmyhowfim/gradle-8.4/bin/gradle --stop
2025-10-13T23:06:39.8930966Z Stopping Daemon(s)
2025-10-13T23:06:39.8931932Z 1 Daemon stopped
2025-10-13T23:06:39.9118943Z ##[endgroup]
2025-10-13T23:06:39.9139157Z Not performing cache-cleanup due to build failure
2025-10-13T23:06:39.9140876Z ##[group]Caching Gradle state
2025-10-13T23:06:40.5236465Z [command]/usr/bin/tar --posix -cf cache.tzst --exclude cache.tzst -P -C /home/runner/work/NexMDM/NexMDM --files-from manifest.txt --use-compress-program zstdmt
2025-10-13T23:06:42.4247046Z Sent 44118089 of 44118089 (100.0%), 42.0 MBs/sec
2025-10-13T23:06:42.7338620Z Saved cache entry with key gradle-home-v1|Linux-X64|build[e080f0fdc288b6f0c5023fd4b86f7a10]-35844b192a532442d570ede587614fa763a52647 from /home/runner/.gradle/caches,/home/runner/.gradle/notifications,/home/runner/.gradle/.setup-gradle in 2226ms
2025-10-13T23:06:42.7342499Z ##[endgroup]
2025-10-13T23:06:42.7346006Z Generating Job Summary
2025-10-13T23:06:42.7360358Z Completed post-action step
2025-10-13T23:06:42.7536255Z Post job cleanup.
2025-10-13T23:06:42.9352223Z Post job cleanup.
2025-10-13T23:06:43.0586106Z [command]/usr/bin/git version
2025-10-13T23:06:43.0628903Z git version 2.51.0
2025-10-13T23:06:43.0677320Z Temporarily overriding HOME='/home/runner/work/_temp/ff2d30d4-81cf-495a-8203-e7995b5a728f' before making global git config changes
2025-10-13T23:06:43.0679961Z Adding repository directory to the temporary git global config as a safe directory
2025-10-13T23:06:43.0685098Z [command]/usr/bin/git config --global --add safe.directory /home/runner/work/NexMDM/NexMDM
2025-10-13T23:06:43.0731499Z [command]/usr/bin/git config --local --name-only --get-regexp core\.sshCommand
2025-10-13T23:06:43.0768816Z [command]/usr/bin/git submodule foreach --recursive sh -c "git config --local --name-only --get-regexp 'core\.sshCommand' && git config --local --unset-all 'core.sshCommand' || :"
2025-10-13T23:06:43.1015031Z [command]/usr/bin/git config --local --name-only --get-regexp http\.https\:\/\/github\.com\/\.extraheader
2025-10-13T23:06:43.1040602Z http.https://github.com/.extraheader
2025-10-13T23:06:43.1056626Z [command]/usr/bin/git config --local --unset-all http.https://github.com/.extraheader
2025-10-13T23:06:43.1093396Z [command]/usr/bin/git submodule foreach --recursive sh -c "git config --local --name-only --get-regexp 'http\.https\:\/\/github\.com\/\.extraheader' && git config --local --unset-all 'http.https://github.com/.extraheader' || :"
2025-10-13T23:06:43.1441513Z Cleaning up orphan processes