2025-10-13T22:57:05.3674036Z Current runner version: '2.328.0'
2025-10-13T22:57:05.3730601Z ##[group]Runner Image Provisioner
2025-10-13T22:57:05.3731975Z Hosted Compute Agent
2025-10-13T22:57:05.3733034Z Version: 20250912.392
2025-10-13T22:57:05.3734167Z Commit: d921fda672a98b64f4f82364647e2f10b2267d0b
2025-10-13T22:57:05.3735498Z Build Date: 2025-09-12T15:23:14Z
2025-10-13T22:57:05.3736673Z ##[endgroup]
2025-10-13T22:57:05.3737908Z ##[group]Operating System
2025-10-13T22:57:05.3738928Z Ubuntu
2025-10-13T22:57:05.3739931Z 24.04.3
2025-10-13T22:57:05.3740894Z LTS
2025-10-13T22:57:05.3742319Z ##[endgroup]
2025-10-13T22:57:05.3743299Z ##[group]Runner Image
2025-10-13T22:57:05.3744267Z Image: ubuntu-24.04
2025-10-13T22:57:05.3745285Z Version: 20250929.60.1
2025-10-13T22:57:05.3747211Z Included Software: https://github.com/actions/runner-images/blob/ubuntu24/20250929.60/images/ubuntu/Ubuntu2404-Readme.md
2025-10-13T22:57:05.3760190Z Image Release: https://github.com/actions/runner-images/releases/tag/ubuntu24%2F20250929.60
2025-10-13T22:57:05.3762016Z ##[endgroup]
2025-10-13T22:57:05.3764391Z ##[group]GITHUB_TOKEN Permissions
2025-10-13T22:57:05.3767241Z Contents: read
2025-10-13T22:57:05.3768527Z Metadata: read
2025-10-13T22:57:05.3769489Z Packages: read
2025-10-13T22:57:05.3770423Z ##[endgroup]
2025-10-13T22:57:05.3773904Z Secret source: Actions
2025-10-13T22:57:05.3775161Z Prepare workflow directory
2025-10-13T22:57:05.4569877Z Prepare all required actions
2025-10-13T22:57:05.4627510Z Getting action download info
2025-10-13T22:57:05.9789407Z Download action repository 'actions/checkout@v4' (SHA:08eba0b27e820071cde6df949e0beb9ba4906955)
2025-10-13T22:57:06.6588846Z Download action repository 'actions/setup-java@v4' (SHA:c5195efecf7bdfc987ee8bae7a71cb8b11521c00)
2025-10-13T22:57:07.1105452Z Download action repository 'android-actions/setup-android@v3' (SHA:9fc6c4e9069bf8d3d10b2204b1fb8f6ef7065407)
2025-10-13T22:57:07.4184387Z Download action repository 'gradle/actions@v4' (SHA:748248ddd2a24f49513d8f472f81c3a07d4d50e1)
2025-10-13T22:57:08.4297219Z Download action repository 'actions/upload-artifact@v4' (SHA:ea165f8d65b6e75b540449e92b4886f43607fa02)
2025-10-13T22:57:08.7124966Z Complete job name: build
2025-10-13T22:57:08.7793464Z ##[group]Run actions/checkout@v4
2025-10-13T22:57:08.7794230Z with:
2025-10-13T22:57:08.7794657Z   fetch-depth: 0
2025-10-13T22:57:08.7795057Z   repository: sergiogordon/NexMDM
2025-10-13T22:57:08.7795643Z   token: ***
2025-10-13T22:57:08.7796092Z   ssh-strict: true
2025-10-13T22:57:08.7796432Z   ssh-user: git
2025-10-13T22:57:08.7796773Z   persist-credentials: true
2025-10-13T22:57:08.7797210Z   clean: true
2025-10-13T22:57:08.7797773Z   sparse-checkout-cone-mode: true
2025-10-13T22:57:08.7798278Z   fetch-tags: false
2025-10-13T22:57:08.7798643Z   show-progress: true
2025-10-13T22:57:08.7798987Z   lfs: false
2025-10-13T22:57:08.7799357Z   submodules: false
2025-10-13T22:57:08.7799705Z   set-safe-directory: true
2025-10-13T22:57:08.7800386Z ##[endgroup]
2025-10-13T22:57:08.8992139Z Syncing repository: sergiogordon/NexMDM
2025-10-13T22:57:08.8994313Z ##[group]Getting Git version info
2025-10-13T22:57:08.8995204Z Working directory is '/home/runner/work/NexMDM/NexMDM'
2025-10-13T22:57:08.8996518Z [command]/usr/bin/git version
2025-10-13T22:57:08.9062108Z git version 2.51.0
2025-10-13T22:57:08.9090794Z ##[endgroup]
2025-10-13T22:57:08.9110004Z Temporarily overriding HOME='/home/runner/work/_temp/ac6aeed1-cb9c-426b-b2f7-fe86dded3e80' before making global git config changes
2025-10-13T22:57:08.9113751Z Adding repository directory to the temporary git global config as a safe directory
2025-10-13T22:57:08.9128723Z [command]/usr/bin/git config --global --add safe.directory /home/runner/work/NexMDM/NexMDM
2025-10-13T22:57:08.9169618Z Deleting the contents of '/home/runner/work/NexMDM/NexMDM'
2025-10-13T22:57:08.9254560Z ##[group]Initializing the repository
2025-10-13T22:57:08.9256602Z [command]/usr/bin/git init /home/runner/work/NexMDM/NexMDM
2025-10-13T22:57:08.9287894Z hint: Using 'master' as the name for the initial branch. This default branch name
2025-10-13T22:57:08.9290908Z hint: is subject to change. To configure the initial branch name to use in all
2025-10-13T22:57:08.9292524Z hint: of your new repositories, which will suppress this warning, call:
2025-10-13T22:57:08.9298267Z hint:
2025-10-13T22:57:08.9298886Z hint: 	git config --global init.defaultBranch <name>
2025-10-13T22:57:08.9299508Z hint:
2025-10-13T22:57:08.9300105Z hint: Names commonly chosen instead of 'master' are 'main', 'trunk' and
2025-10-13T22:57:08.9301040Z hint: 'development'. The just-created branch can be renamed via this command:
2025-10-13T22:57:08.9301851Z hint:
2025-10-13T22:57:08.9302318Z hint: 	git branch -m <name>
2025-10-13T22:57:08.9302768Z hint:
2025-10-13T22:57:08.9303365Z hint: Disable this message with "git config set advice.defaultBranchName false"
2025-10-13T22:57:08.9304893Z Initialized empty Git repository in /home/runner/work/NexMDM/NexMDM/.git/
2025-10-13T22:57:08.9321308Z [command]/usr/bin/git remote add origin https://github.com/sergiogordon/NexMDM
2025-10-13T22:57:08.9364490Z ##[endgroup]
2025-10-13T22:57:08.9365852Z ##[group]Disabling automatic garbage collection
2025-10-13T22:57:08.9369088Z [command]/usr/bin/git config --local gc.auto 0
2025-10-13T22:57:08.9401893Z ##[endgroup]
2025-10-13T22:57:08.9403767Z ##[group]Setting up auth
2025-10-13T22:57:08.9411337Z [command]/usr/bin/git config --local --name-only --get-regexp core\.sshCommand
2025-10-13T22:57:08.9445461Z [command]/usr/bin/git submodule foreach --recursive sh -c "git config --local --name-only --get-regexp 'core\.sshCommand' && git config --local --unset-all 'core.sshCommand' || :"
2025-10-13T22:57:08.9778858Z [command]/usr/bin/git config --local --name-only --get-regexp http\.https\:\/\/github\.com\/\.extraheader
2025-10-13T22:57:08.9813215Z [command]/usr/bin/git submodule foreach --recursive sh -c "git config --local --name-only --get-regexp 'http\.https\:\/\/github\.com\/\.extraheader' && git config --local --unset-all 'http.https://github.com/.extraheader' || :"
2025-10-13T22:57:09.0051332Z [command]/usr/bin/git config --local http.https://github.com/.extraheader AUTHORIZATION: basic ***
2025-10-13T22:57:09.0090913Z ##[endgroup]
2025-10-13T22:57:09.0092645Z ##[group]Fetching the repository
2025-10-13T22:57:09.0112131Z [command]/usr/bin/git -c protocol.version=2 fetch --prune --no-recurse-submodules origin +refs/heads/*:refs/remotes/origin/* +refs/tags/*:refs/tags/*
2025-10-13T22:57:12.6748191Z From https://github.com/sergiogordon/NexMDM
2025-10-13T22:57:12.6750441Z  * [new branch]      main       -> origin/main
2025-10-13T22:57:12.6793173Z [command]/usr/bin/git branch --list --remote origin/main
2025-10-13T22:57:12.6818246Z   origin/main
2025-10-13T22:57:12.6830533Z [command]/usr/bin/git rev-parse refs/remotes/origin/main
2025-10-13T22:57:12.6853230Z 70a43f5c4b843361b6602f50300302e15781af52
2025-10-13T22:57:12.6888694Z ##[endgroup]
2025-10-13T22:57:12.6889709Z ##[group]Determining the checkout info
2025-10-13T22:57:12.6890960Z ##[endgroup]
2025-10-13T22:57:12.6891649Z [command]/usr/bin/git sparse-checkout disable
2025-10-13T22:57:12.6924492Z [command]/usr/bin/git config --local --unset-all extensions.worktreeConfig
2025-10-13T22:57:12.6951720Z ##[group]Checking out the ref
2025-10-13T22:57:12.6959721Z [command]/usr/bin/git checkout --progress --force -B main refs/remotes/origin/main
2025-10-13T22:57:12.7400889Z Switched to a new branch 'main'
2025-10-13T22:57:12.7413735Z branch 'main' set up to track 'origin/main'.
2025-10-13T22:57:12.7432797Z ##[endgroup]
2025-10-13T22:57:12.7488210Z [command]/usr/bin/git log -1 --format=%H
2025-10-13T22:57:12.7528832Z 70a43f5c4b843361b6602f50300302e15781af52
2025-10-13T22:57:12.7768434Z ##[group]Run actions/setup-java@v4
2025-10-13T22:57:12.7768771Z with:
2025-10-13T22:57:12.7768965Z   distribution: temurin
2025-10-13T22:57:12.7769190Z   java-version: 17
2025-10-13T22:57:12.7769397Z   java-package: jdk
2025-10-13T22:57:12.7769602Z   check-latest: false
2025-10-13T22:57:12.7769814Z   server-id: github
2025-10-13T22:57:12.7770028Z   server-username: GITHUB_ACTOR
2025-10-13T22:57:12.7770488Z   server-password: GITHUB_TOKEN
2025-10-13T22:57:12.7770728Z   overwrite-settings: true
2025-10-13T22:57:12.7770955Z   job-status: success
2025-10-13T22:57:12.7771308Z   token: ***
2025-10-13T22:57:12.7771541Z ##[endgroup]
2025-10-13T22:57:12.9889414Z ##[group]Installed distributions
2025-10-13T22:57:13.0255032Z Resolved Java 17.0.16+8 from tool-cache
2025-10-13T22:57:13.0258333Z Setting Java 17.0.16+8 as the default
2025-10-13T22:57:13.0284889Z Creating toolchains.xml for JDK version 17 from temurin
2025-10-13T22:57:13.0430009Z Writing to /home/runner/.m2/toolchains.xml
2025-10-13T22:57:13.0430526Z 
2025-10-13T22:57:13.0430687Z Java configuration:
2025-10-13T22:57:13.0431068Z   Distribution: temurin
2025-10-13T22:57:13.0431458Z   Version: 17.0.16+8
2025-10-13T22:57:13.0432008Z   Path: /opt/hostedtoolcache/Java_Temurin-Hotspot_jdk/17.0.16-8/x64
2025-10-13T22:57:13.0432483Z 
2025-10-13T22:57:13.0432983Z ##[endgroup]
2025-10-13T22:57:13.0464754Z Creating settings.xml with server-id: github
2025-10-13T22:57:13.0475799Z Writing to /home/runner/.m2/settings.xml
2025-10-13T22:57:13.0590543Z ##[group]Run android-actions/setup-android@v3
2025-10-13T22:57:13.0590856Z with:
2025-10-13T22:57:13.0591064Z   cmdline-tools-version: 12266719
2025-10-13T22:57:13.0591336Z   accept-android-sdk-licenses: true
2025-10-13T22:57:13.0591627Z   log-accepted-android-sdk-licenses: true
2025-10-13T22:57:13.0591916Z   packages: tools platform-tools
2025-10-13T22:57:13.0592146Z env:
2025-10-13T22:57:13.0592423Z   JAVA_HOME: /opt/hostedtoolcache/Java_Temurin-Hotspot_jdk/17.0.16-8/x64
2025-10-13T22:57:13.0592903Z   JAVA_HOME_17_X64: /opt/hostedtoolcache/Java_Temurin-Hotspot_jdk/17.0.16-8/x64
2025-10-13T22:57:13.0593261Z ##[endgroup]
2025-10-13T22:57:13.1889817Z Found preinstalled sdkmanager in /usr/local/lib/android/sdk/cmdline-tools/latest with following source.properties:
2025-10-13T22:57:13.1892584Z Pkg.Revision=12.0
2025-10-13T22:57:13.1893050Z Pkg.Path=cmdline-tools;12.0
2025-10-13T22:57:13.1893560Z Pkg.Desc=Android SDK Command-line Tools
2025-10-13T22:57:13.1893968Z 
2025-10-13T22:57:13.1894259Z Wrong version in preinstalled sdkmanager
2025-10-13T22:57:13.1895322Z Downloading commandline tools from https://dl.google.com/android/repository/commandlinetools-linux-12266719_latest.zip
2025-10-13T22:57:14.7052269Z [command]/usr/bin/unzip -o -q /home/runner/work/_temp/c97874f9-6f2c-47f7-b054-91e2a1647474
2025-10-13T22:57:15.5569729Z Accepting Android SDK licenses
2025-10-13T22:57:15.5577997Z [command]/usr/local/lib/android/sdk/cmdline-tools/16.0/bin/sdkmanager --licenses
2025-10-13T22:57:21.2758414Z Loading local repository...                                                     
2025-10-13T22:57:21.2759684Z [=========                              ] 25% Loading local repository...       
2025-10-13T22:57:23.9711384Z [=========                              ] 25% Fetch remote repository...        
2025-10-13T22:57:24.6609074Z [==========                             ] 26% Fetch remote repository...        
2025-10-13T22:57:24.6612659Z [============                           ] 31% Fetch remote repository...        
2025-10-13T22:57:24.7155067Z [============                           ] 32% Fetch remote repository...        
2025-10-13T22:57:24.7178305Z [=============                          ] 33% Fetch remote repository...        
2025-10-13T22:57:24.7430770Z [=============                          ] 35% Fetch remote repository...        
2025-10-13T22:57:24.7448903Z [==============                         ] 36% Fetch remote repository...        
2025-10-13T22:57:24.7652585Z [==============                         ] 37% Fetch remote repository...        
2025-10-13T22:57:24.7656926Z [===============                        ] 38% Fetch remote repository...        
2025-10-13T22:57:24.7946966Z [===============                        ] 39% Fetch remote repository...        
2025-10-13T22:57:24.7978580Z [================                       ] 40% Fetch remote repository...        
2025-10-13T22:57:24.8230700Z [================                       ] 41% Fetch remote repository...        
2025-10-13T22:57:24.8231860Z [================                       ] 42% Fetch remote repository...        
2025-10-13T22:57:24.8514130Z [=================                      ] 44% Fetch remote repository...        
2025-10-13T22:57:24.8515921Z [=================                      ] 45% Fetch remote repository...        
2025-10-13T22:57:24.8762047Z [==================                     ] 46% Fetch remote repository...        
2025-10-13T22:57:24.8762701Z [==================                     ] 47% Fetch remote repository...        
2025-10-13T22:57:24.8973853Z [===================                    ] 48% Fetch remote repository...        
2025-10-13T22:57:24.8974580Z [===================                    ] 49% Fetch remote repository...        
2025-10-13T22:57:24.9208716Z [====================                   ] 50% Fetch remote repository...        
2025-10-13T22:57:24.9209437Z [====================                   ] 51% Fetch remote repository...        
2025-10-13T22:57:24.9441699Z [====================                   ] 53% Fetch remote repository...        
2025-10-13T22:57:24.9442601Z [=====================                  ] 54% Fetch remote repository...        
2025-10-13T22:57:24.9670791Z [=====================                  ] 55% Fetch remote repository...        
2025-10-13T22:57:24.9671628Z [======================                 ] 56% Fetch remote repository...        
2025-10-13T22:57:25.0306964Z [======================                 ] 57% Fetch remote repository...        
2025-10-13T22:57:25.0307828Z [=======================                ] 58% Fetch remote repository...        
2025-10-13T22:57:25.0519119Z [=======================                ] 59% Fetch remote repository...        
2025-10-13T22:57:25.0531306Z [========================               ] 60% Fetch remote repository...        
2025-10-13T22:57:25.0774345Z [========================               ] 61% Fetch remote repository...        
2025-10-13T22:57:25.0780512Z [=========================              ] 63% Fetch remote repository...        
2025-10-13T22:57:25.1352405Z [=========================              ] 64% Fetch remote repository...        
2025-10-13T22:57:25.1372251Z [=========================              ] 65% Fetch remote repository...        
2025-10-13T22:57:25.1656222Z [==========================             ] 66% Fetch remote repository...        
2025-10-13T22:57:25.1658304Z [==========================             ] 67% Fetch remote repository...        
2025-10-13T22:57:25.1990027Z [===========================            ] 68% Fetch remote repository...        
2025-10-13T22:57:25.1991578Z [===========================            ] 69% Fetch remote repository...        
2025-10-13T22:57:25.3457745Z [============================           ] 70% Fetch remote repository...        
2025-10-13T22:57:25.3460582Z [============================           ] 72% Fetch remote repository...        
2025-10-13T22:57:25.4462349Z [=============================          ] 73% Fetch remote repository...        
2025-10-13T22:57:25.4464339Z [=============================          ] 74% Fetch remote repository...        
2025-10-13T22:57:25.4615540Z [=============================          ] 75% Fetch remote repository...        
2025-10-13T22:57:25.4893733Z [=============================          ] 75% Computing updates...              
2025-10-13T22:57:25.4894705Z [=======================================] 100% Computing updates...             
2025-10-13T22:57:25.5629956Z 6 of 7 SDK package licenses not accepted.
2025-10-13T22:57:25.5638605Z Review licenses that have not been accepted (y/N)? 
2025-10-13T22:57:25.5639185Z 1/6: License android-googletv-license:
2025-10-13T22:57:25.5639664Z ---------------------------------------
2025-10-13T22:57:25.5640116Z Terms and Conditions
2025-10-13T22:57:25.5640340Z 
2025-10-13T22:57:25.5640744Z This is the Google TV Add-on for the Android Software Development Kit License Agreement.
2025-10-13T22:57:25.5641692Z 
2025-10-13T22:57:25.5641841Z 1. Introduction
2025-10-13T22:57:25.5642042Z 
2025-10-13T22:57:25.5644261Z 1.1 The Google TV Add-on for the Android Software Development Kit (referred to in this License Agreement as the "Google TV Add-on" and specifically including the Android system files, packaged APIs, and Google APIs add-ons) is licensed to you subject to the terms of this License Agreement. This License Agreement forms a legally binding contract between you and Google in relation to your use of the Google TV Add-on.
2025-10-13T22:57:25.5646590Z 
2025-10-13T22:57:25.5647378Z 1.2 "Google" means Google Inc., a Delaware corporation with principal place of business at 1600 Amphitheatre Parkway, Mountain View, CA 94043, United States.
2025-10-13T22:57:25.5648516Z 
2025-10-13T22:57:25.5648681Z 2. Accepting this License Agreement
2025-10-13T22:57:25.5648981Z 
2025-10-13T22:57:25.5649742Z 2.1 In order to use the Google TV Add-on, you must first agree to this License Agreement. You may not use the Google TV Add-on if you do not accept this License Agreement.
2025-10-13T22:57:25.5650662Z 
2025-10-13T22:57:25.5651043Z 2.2 You can accept this License Agreement by:
2025-10-13T22:57:25.5651389Z 
2025-10-13T22:57:25.5651874Z (A) clicking to accept or agree to this License Agreement, where this option is made available to you; or
2025-10-13T22:57:25.5652519Z 
2025-10-13T22:57:25.5653286Z (B) by actually using the Google TV Add-on. In this case, you agree that use of the Google TV Add-on constitutes acceptance of the License Agreement from that point onwards.
2025-10-13T22:57:25.5654238Z 
2025-10-13T22:57:25.5655658Z 2.3 You may not use the Google TV Add-on and may not accept the Licensing Agreement if you are a person barred from receiving the Google TV Add-on under the laws of the United States or other countries including the country in which you are resident or from which you use the Google TV Add-on.
2025-10-13T22:57:25.5657267Z 
2025-10-13T22:57:25.5659427Z 2.4 If you are agreeing to be bound by this License Agreement on behalf of your employer or other entity, you represent and warrant that you have full legal authority to bind your employer or such entity to this License Agreement. If you do not have the requisite authority, you may not accept the Licensing Agreement or use the Google TV Add-on on behalf of your employer or other entity.
2025-10-13T22:57:25.5661519Z 
2025-10-13T22:57:25.5661719Z 3. Google TV Add-on License from Google
2025-10-13T22:57:25.5662031Z 
2025-10-13T22:57:25.5663210Z 3.1 Subject to the terms of this License Agreement, Google grants you a limited, worldwide, royalty-free, non- assignable and non-exclusive license to use the Google TV Add-on solely to develop applications to run on the Google TV platform.
2025-10-13T22:57:25.5664520Z 
2025-10-13T22:57:25.5666777Z 3.2 You agree that Google or third parties own all legal right, title and interest in and to the Google TV Add-on, including any Intellectual Property Rights that subsist in the Google TV Add-on. "Intellectual Property Rights" means any and all rights under patent law, copyright law, trade secret law, trademark law, and any and all other proprietary rights. Google reserves all rights not expressly granted to you.
2025-10-13T22:57:25.5700175Z 
2025-10-13T22:57:25.5703416Z 3.3 Except to the extent required by applicable third party licenses, you may not copy (except for backup purposes), modify, adapt, redistribute, decompile, reverse engineer, disassemble, or create derivative works of the Google TV Add-on or any part of the Google TV Add-on. Except to the extent required by applicable third party licenses, you may not load any part of the Google TV Add-on onto a mobile handset, television, or any other hardware device except a personal computer, combine any part of the Google TV Add-on with other software, or distribute any software or device incorporating a part of the Google TV Add-on.
2025-10-13T22:57:25.5717504Z 
2025-10-13T22:57:25.5718824Z 3.4 Use, reproduction and distribution of components of the Google TV Add-on licensed under an open source software license are governed solely by the terms of that open source software license and not this License Agreement.
2025-10-13T22:57:25.5730544Z 
2025-10-13T22:57:25.5732857Z 3.5 You agree that the form and nature of the Google TV Add-on that Google provides may change without prior notice to you and that future versions of the Google TV Add-on may be incompatible with applications developed on previous versions of the Google TV Add-on. You agree that Google may stop (permanently or temporarily) providing the Google TV Add-on (or any features within the Google TV Add-on) to you or to users generally at Google's sole discretion, without prior notice to you.
2025-10-13T22:57:25.5749200Z 
2025-10-13T22:57:25.5750928Z 3.6 Nothing in this License Agreement gives you a right to use any of Google's or it’s licensors’ trade names, trademarks, service marks, logos, domain names, or other distinctive brand features.
2025-10-13T22:57:25.5752188Z 
2025-10-13T22:57:25.5753514Z 3.7 You agree that you will not remove, obscure, or alter any proprietary rights notices (including copyright and trademark notices) that may be affixed to or contained within the Google TV Add-on.
2025-10-13T22:57:25.5754734Z 
2025-10-13T22:57:25.5754923Z 4. Use of the Google TV Add-on by You
2025-10-13T22:57:25.5755238Z 
2025-10-13T22:57:25.5756678Z 4.1 Google agrees that it obtains no right, title or interest from you (or your licensors) under this License Agreement in or to any software applications that you develop using the Google TV Add-on, including any intellectual property rights that subsist in those applications.
2025-10-13T22:57:25.5778569Z 
2025-10-13T22:57:25.5780547Z 4.2 You agree to use the Google TV Add-on and write applications only for purposes that are permitted by (a) this License Agreement and (b) any applicable law, regulation or generally accepted practices or guidelines in the relevant jurisdictions (including any laws regarding the export of data or software to and from the United States or other relevant countries).
2025-10-13T22:57:25.5782667Z 
2025-10-13T22:57:25.5787003Z 4.3 You agree that if you use the Google TV Add-on to develop applications for general public users, you will protect the privacy and legal rights of those users. If the users provide you with user names, passwords, or other login information or personal information, your must make the users aware that the information will be available to your application, and you must provide legally adequate privacy notice and protection for those users. If your application stores personal or sensitive information provided by users, it must do so securely. If the user provides your application with Google Account information, your application may only use that information to access the user's Google Account when, and for the limited purposes for which, the user has given you explicit permission to do so.
2025-10-13T22:57:25.5791706Z 
2025-10-13T22:57:25.5793984Z 4.4 You agree that you will not engage in any activity with the Google TV Add-on, including the development or distribution of an application, that interferes with, disrupts, damages, or accesses in an unauthorized manner the servers, networks, or other properties or services of any third party including, but not limited to, Google, Multichannel Video Program Distributors or any mobile communications carrier.
2025-10-13T22:57:25.5796327Z 
2025-10-13T22:57:25.5815739Z 4.5 You agree that you are solely responsible for (and that Google has no responsibility to you or to any third party for) any data, content, or resources that you create, transmit or display through the Google TV platform and/or applications for the Google TV platform, and for the consequences of your actions (including any loss or damage which Google may suffer) by doing so.
2025-10-13T22:57:25.5817947Z 
2025-10-13T22:57:25.5820297Z 4.6 You agree that you are solely responsible for (and that Google has no responsibility to you or to any third party for) any breach of your obligations under this License Agreement, any applicable third party contract or Terms of Service, or any applicable law or regulation, and for the consequences (including any loss or damage which Google or any third party may suffer) of any such breach.
2025-10-13T22:57:25.5822962Z 
2025-10-13T22:57:25.5823168Z 5. Your Developer Credentials
2025-10-13T22:57:25.5823482Z 
2025-10-13T22:57:25.5825032Z 5.1 You agree that you are responsible for maintaining the confidentiality of any developer credentials that may be issued to you by Google or which you may choose yourself and that you will be solely responsible for all applications that are developed under your developer credentials.
2025-10-13T22:57:25.5826629Z 
2025-10-13T22:57:25.5826817Z 6. Privacy and Information
2025-10-13T22:57:25.5827095Z 
2025-10-13T22:57:25.5830122Z 6.1 In order to continually innovate and improve the Google TV Add-on, Google may collect certain usage statistics from the software including but not limited to a unique identifier, associated IP address, version number of the software, and information on which tools and/or services in the Google TV Add-on are being used and how they are being used. Before any of this information is collected, the Google TV Add-on will notify you and seek your consent. If you withhold consent, the information will not be collected.
2025-10-13T22:57:25.5832883Z 
2025-10-13T22:57:25.5833611Z 6.2 The data collected is examined in the aggregate to improve the Google TV Add-on and is maintained in accordance with Google's Privacy Policy.
2025-10-13T22:57:25.5834435Z 
2025-10-13T22:57:25.5834662Z 7. Third Party Applications for the Google TV Platform
2025-10-13T22:57:25.5835046Z 
2025-10-13T22:57:25.5858525Z 7.1 If you use the Google TV Add-on to run applications developed by a third party or that access data, content or resources provided by a third party, you agree that Google is not responsible for those applications, data, content, or resources. You understand that all data, content or resources which you may access through such third party applications are the sole responsibility of the person from which they originated and that Google is not liable for any loss or damage that you may experience as a result of the use or access of any of those third party applications, data, content, or resources.
2025-10-13T22:57:25.5862126Z 
2025-10-13T22:57:25.5864567Z 7.2 You should be aware the data, content, and resources presented to you through such a third party application may be protected by intellectual property rights which are owned by the providers (or by other persons or companies on their behalf). You may not modify, rent, lease, loan, sell, distribute or create derivative works based on these data, content, or resources (either in whole or in part) unless you have been specifically given permission to do so by the relevant owners.
2025-10-13T22:57:25.5867499Z 
2025-10-13T22:57:25.5868997Z 7.3 You acknowledge that your use of such third party applications, data, content, or resources may be subject to separate terms between you and the relevant third party. In that case, this License Agreement does not affect your legal relationship with these third parties.
2025-10-13T22:57:25.5870557Z 
2025-10-13T22:57:25.5870730Z 8. Using Google TV APIs
2025-10-13T22:57:25.5870995Z 
2025-10-13T22:57:25.5875345Z 8.1 If you use any Google TV API to retrieve data from Google, you acknowledge that the data (“Google TV API Content”) may be protected by intellectual property rights which are owned by Google or those parties that provide the data (or by other persons or companies on their behalf). Your use of any such API may be subject to additional Terms of Service. You may not modify, rent, lease, loan, sell, distribute or create derivative works based on this data (either in whole or in part) unless allowed by the relevant Terms of Service. Some portions of the Google TV API Content are licensed to Google by third parties, including but not limited to Tribune Media Services
2025-10-13T22:57:25.5889376Z 
2025-10-13T22:57:25.5890664Z 8.2 If you use any API to retrieve a user's data from Google, you acknowledge and agree that you shall retrieve data only with the user's explicit consent and only when, and for the limited purposes for which, the user has given you permission to do so.
2025-10-13T22:57:25.5892349Z 
2025-10-13T22:57:25.5892818Z 8.3 Except as explicitly permitted in Section 3 (Google TV Add-on License from Google), you must:
2025-10-13T22:57:25.5893426Z 
2025-10-13T22:57:25.5894374Z (a) not modify nor format the Google TV API Content except to the extent reasonably and technically necessary to optimize the display such Google TV API Content in your application;
2025-10-13T22:57:25.5895421Z 
2025-10-13T22:57:25.5896393Z (b) not edit the Google TV API Content in a manner that renders the Google TV API Content inaccurate of alters its inherent meaning (provided that displaying excerpts will not violate the foregoing); or
2025-10-13T22:57:25.5897497Z 
2025-10-13T22:57:25.5898155Z (c) not create any commercial audience measurement tool or service using the Google TV API Content
2025-10-13T22:57:25.5898793Z 
2025-10-13T22:57:25.5898968Z 9. Terminating this License Agreement
2025-10-13T22:57:25.5899472Z 
2025-10-13T22:57:25.5900006Z 9.1 This License Agreement will continue to apply until terminated by either you or Google as set out below.
2025-10-13T22:57:25.5900702Z 
2025-10-13T22:57:25.5901321Z 9.2 If you want to terminate this License Agreement, you may do so by ceasing your use of the Google TV Add-on and any relevant developer credentials.
2025-10-13T22:57:25.5902160Z 
2025-10-13T22:57:25.5902478Z 9.3 Google may at any time, terminate this License Agreement with you if:
2025-10-13T22:57:25.5902932Z 
2025-10-13T22:57:25.5905402Z (A) you have breached any provision of this License Agreement; or
2025-10-13T22:57:25.5905866Z 
2025-10-13T22:57:25.5906051Z (B) Google is required to do so by law; or
2025-10-13T22:57:25.5906369Z 
2025-10-13T22:57:25.5907330Z (C) the partner with whom Google offered certain parts of Google TV Add-on (such as APIs) to you has terminated its relationship with Google or ceased to offer certain parts of the Google TV Add-on to you; or
2025-10-13T22:57:25.5909479Z 
2025-10-13T22:57:25.5911121Z (D) Google decides to no longer providing the Google TV Add-on or certain parts of the Google TV Add-on to users in the country in which you are resident or from which you use the service, or the provision of the Google TV Add-on or certain Google TV Add-on services to you by Google is, in Google's sole discretion, no longer commercially viable.
2025-10-13T22:57:25.5912877Z 
2025-10-13T22:57:25.5915186Z 9.4 When this License Agreement comes to an end, all of the legal rights, obligations and liabilities that you and Google have benefited from, been subject to (or which have accrued over time whilst this License Agreement has been in force) or which are expressed to continue indefinitely, shall be unaffected by this cessation, and the provisions of paragraph 14.7 shall continue to apply to such rights, obligations and liabilities indefinitely.
2025-10-13T22:57:25.5918272Z 
2025-10-13T22:57:25.5918472Z 10. DISCLAIMER OF WARRANTIES
2025-10-13T22:57:25.5918751Z 
2025-10-13T22:57:25.5919684Z 10.1 YOU EXPRESSLY UNDERSTAND AND AGREE THAT YOUR USE OF THE GOOGLE TV ADD-ON IS AT YOUR SOLE RISK AND THAT THE GOOGLE TV ADD-ON IS PROVIDED "AS IS" AND "AS AVAILABLE" WITHOUT WARRANTY OF ANY KIND FROM GOOGLE.
2025-10-13T22:57:25.5920678Z 
2025-10-13T22:57:25.5922103Z 10.2 YOUR USE OF THE GOOGLE TV ADD-ON AND ANY MATERIAL DOWNLOADED OR OTHERWISE OBTAINED THROUGH THE USE OF THE GOOGLE TV ADD-ON IS AT YOUR OWN DISCRETION AND RISK AND YOU ARE SOLELY RESPONSIBLE FOR ANY DAMAGE TO YOUR COMPUTER SYSTEM OR OTHER DEVICE OR LOSS OF DATA THAT RESULTS FROM SUCH USE.
2025-10-13T22:57:25.5923324Z 
2025-10-13T22:57:25.5924129Z 10.3 GOOGLE FURTHER EXPRESSLY DISCLAIMS ALL WARRANTIES AND CONDITIONS OF ANY KIND, WHETHER EXPRESS OR IMPLIED, INCLUDING, BUT NOT LIMITED TO THE IMPLIED WARRANTIES AND CONDITIONS OF MERCHANTABILITY, FITNESS FOR A PARTICULAR PURPOSE AND NON-INFRINGEMENT.
2025-10-13T22:57:25.5924940Z 
2025-10-13T22:57:25.5925219Z 11. LIMITATION OF LIABILITY
2025-10-13T22:57:25.5925379Z 
2025-10-13T22:57:25.5926603Z 11.1 YOU EXPRESSLY UNDERSTAND AND AGREE THAT GOOGLE, ITS SUBSIDIARIES AND AFFILIATES, AND ITS LICENSORS SHALL NOT BE LIABLE TO YOU UNDER ANY THEORY OF LIABILITY FOR ANY DIRECT, INDIRECT, INCIDENTAL, SPECIAL CONSEQUENTIAL OR EXEMPLARY DAMAGES THAT MAY BE INCURRED BY YOU, INCLUDING ANY LOSS OF DATA, WHETHER OR NOT GOOGLE OR ITS REPRESENTATIVES HAVE BEEN ADVISED OF OR SHOULD HAVE BEEN AWARE OF THE POSSIBILITY OF ANY SUCH LOSSES ARISING.
2025-10-13T22:57:25.5928204Z 
2025-10-13T22:57:25.5928298Z 12. Indemnification
2025-10-13T22:57:25.5928425Z 
2025-10-13T22:57:25.5930632Z 12.1 To the maximum extent permitted by law, you agree to defend, indemnify and hold harmless Google, its affiliates and their respective directors, officers, employees and agents from and against any and all claims, actions, suits or proceedings, as well as any and all losses, liabilities, damages, costs and expenses (including reasonable attorneys fees) arising out of or accruing from (a) your use of the Google TV Add-on, (b) any application you develop on the Google TV Add-on that infringes any copyright, trademark, trade secret, trade dress, patent or other intellectual property right of any person or defames any person or violates their rights of publicity or privacy, and (c) any non-compliance by you with this License Agreement.
2025-10-13T22:57:25.5932828Z 
2025-10-13T22:57:25.5932924Z 13. Changes to the License Agreement
2025-10-13T22:57:25.5933095Z 
2025-10-13T22:57:25.5933371Z 13.1 Google may make changes to the License Agreement as it distributes new versions of the Google TV Add-on.
2025-10-13T22:57:25.5933730Z 
2025-10-13T22:57:25.5933814Z 14. General Legal Terms
2025-10-13T22:57:25.5933949Z 
2025-10-13T22:57:25.5934864Z 14.1 This License Agreement constitute the whole legal agreement between you and Google and govern your use of the Google TV Add-on (excluding any services which Google may provide to you under a separate written agreement), and completely replace any prior agreements between you and Google in relation to the Google TV Add-on.
2025-10-13T22:57:25.5935851Z 
2025-10-13T22:57:25.5936705Z 14.2 You agree that if Google does not exercise or enforce any legal right or remedy which is contained in this License Agreement (or which Google has the benefit of under any applicable law), this will not be taken to be a formal waiver of Google's rights and that those rights or remedies will still be available to Google.
2025-10-13T22:57:25.5937835Z 
2025-10-13T22:57:25.5938811Z 14.3 If any court of law, having the jurisdiction to decide on this matter, rules that any provision of this License Agreement is invalid, then that provision will be removed from this License Agreement without affecting the rest of this License Agreement. The remaining provisions of this License Agreement will continue to be valid and enforceable.
2025-10-13T22:57:25.5939864Z 
2025-10-13T22:57:25.5941567Z 14.4 You acknowledge and agree that Google’s API data licensors and each member of the group of companies of which Google is the parent shall be third party beneficiaries to this License Agreement and that such other companies shall be entitled to directly enforce, and rely upon, any provision of this License Agreement that confers a benefit on (or rights in favor of) them. Other than this, no other person or company shall be third party beneficiaries to this License Agreement.
2025-10-13T22:57:25.5942972Z 
2025-10-13T22:57:25.5943781Z 14.5 EXPORT RESTRICTIONS. THE GOOGLE TV ADD-ON IS SUBJECT TO UNITED STATES EXPORT LAWS AND REGULATIONS. YOU MUST COMPLY WITH ALL DOMESTIC AND INTERNATIONAL EXPORT LAWS AND REGULATIONS THAT APPLY TO THE GOOGLE TV ADD-ON. THESE LAWS INCLUDE RESTRICTIONS ON DESTINATIONS, END USERS AND END USE.
2025-10-13T22:57:25.5944662Z 
2025-10-13T22:57:25.5945626Z 14.6 The rights granted in this License Agreement may not be assigned or transferred by either you or Google without the prior written approval of the other party. Neither you nor Google shall be permitted to delegate their responsibilities or obligations under this License Agreement without the prior written approval of the other party.
2025-10-13T22:57:25.5946813Z 
2025-10-13T22:57:25.5948654Z 14.7 This License Agreement, and your relationship with Google under this License Agreement, shall be governed by the laws of the State of California without regard to its conflict of laws provisions. You and Google agree to submit to the exclusive jurisdiction of the courts located within the county of Santa Clara, California to resolve any legal matter arising from this License Agreement. Notwithstanding this, you agree that Google shall still be allowed to apply for injunctive remedies (or an equivalent type of urgent legal relief) in any jurisdiction.
2025-10-13T22:57:25.5950333Z 
2025-10-13T22:57:25.5950337Z 
2025-10-13T22:57:25.5950420Z August 15, 2011
2025-10-13T22:57:25.5950628Z ---------------------------------------
2025-10-13T22:57:25.5950881Z Accept? (y/N): 
2025-10-13T22:57:25.5951099Z 2/6: License android-googlexr-license:
2025-10-13T22:57:25.5951540Z ---------------------------------------
2025-10-13T22:57:25.5952395Z To get started with the Android XR Emulator System Image SDK, you must agree to the following terms and conditions. As described below, please note that this is a preview, emulated version of the Android XR OS, subject to change, that you use at your own risk.
2025-10-13T22:57:25.5953161Z 
2025-10-13T22:57:25.5953323Z This is the Android XR Emulator System Image SDK License Agreement
2025-10-13T22:57:25.5953563Z 
2025-10-13T22:57:25.5953643Z 1. Introduction
2025-10-13T22:57:25.5953754Z 
2025-10-13T22:57:25.5954987Z 1.1 The Android Android XR Emulator System Image SDK (referred to in the License Agreement as the "SDK" and specifically including the Android system files,, packaged APIs, library files (if and when they are made available), and Google applications and APIs add-ons) is licensed to you subject to the terms of the License Agreement. The License Agreement forms a legally binding contract between you and Google in relation to your use of the SDK.
2025-10-13T22:57:25.5956289Z 
2025-10-13T22:57:25.5956881Z 1.2 "Android" means the Android software stack for devices, as made available under the Android Open Source Project, which is located at the following URL: https://source.android.com/, as updated from time to time.
2025-10-13T22:57:25.5957943Z 
2025-10-13T22:57:25.5958602Z 1.3 "Google" means Google LLC, organized under the laws of the State of Delaware, USA, and operating under the laws of the USA with principal place of business at 1600 Amphitheatre Parkway, Mountain View, CA 94043, USA.
2025-10-13T22:57:25.5959269Z 
2025-10-13T22:57:25.5959366Z 2. Accepting this License Agreement
2025-10-13T22:57:25.5959538Z 
2025-10-13T22:57:25.5959887Z 2.1 In order to use the SDK, you must first agree to the License Agreement. You may not use the SDK if you do not accept the License Agreement.
2025-10-13T22:57:25.5960319Z 
2025-10-13T22:57:25.5960574Z 2.2 By clicking to accept and/or using this SDK, you hereby agree to the terms of the License Agreement.
2025-10-13T22:57:25.5960918Z 
2025-10-13T22:57:25.5961578Z 2.3 You may not use the SDK and may not accept the License Agreement if you are a person barred from receiving the SDK under the laws of the United States or other countries, including the country in which you are resident or from which you use the SDK.
2025-10-13T22:57:25.5962310Z 
2025-10-13T22:57:25.5963748Z 2.4 If you are agreeing to be bound by the License Agreement on behalf of your employer or other entity, you represent and warrant that you have full legal authority to bind your employer or such entity to the License Agreement. If you do not have the requisite authority, you may not accept the License Agreement or use the SDK on behalf of your employer or other entity.
2025-10-13T22:57:25.5964816Z 
2025-10-13T22:57:25.5964919Z 3. SDK License from Google
2025-10-13T22:57:25.5965060Z 
2025-10-13T22:57:25.5965711Z 3.1 Subject to the terms of the License Agreement, Google grants you a limited, worldwide, royalty-free, non-assignable, non-exclusive, and non-sublicensable license to use the SDK solely to develop applications for Android XR.
2025-10-13T22:57:25.5966578Z 
2025-10-13T22:57:25.5967161Z 3.2 You may not use this SDK to develop applications for other platforms or to develop another SDK. You are of course free to develop applications for other platforms provided that this SDK is not used for that purpose.
2025-10-13T22:57:25.5968037Z 
2025-10-13T22:57:25.5969115Z 3.3 You agree that Google or third parties own all legal right, title and interest in and to the SDK, including any Intellectual Property Rights that subsist in the SDK. "Intellectual Property Rights" means any and all rights under patent law, copyright law, trade secret law, trademark law, and any and all other proprietary rights. Google reserves all rights not expressly granted to you.
2025-10-13T22:57:25.5970270Z 
2025-10-13T22:57:25.5971987Z 3.4 You may not use the SDK for any purpose not expressly permitted by the License Agreement. Except to the extent required by applicable third party licenses, you may not (a) copy (except for backup purposes), modify, adapt, redistribute, decompile, reverse engineer, disassemble, or create derivative works of the SDK or any part of the SDK; or (b) load any part of the SDK onto a mobile handset or any other hardware device except a personal computer, combine any part of the SDK with other software, or distribute any software or device incorporating a part of the SDK.
2025-10-13T22:57:25.5973617Z 
2025-10-13T22:57:25.5974781Z 3.5 Use, reproduction and distribution of components of the SDK licensed under an open source software license are governed solely by the terms of that open source software license and not the License Agreement. You agree to remain a licensee in good standing in regard to such open source software licenses under all the rights granted and to refrain from any actions that may terminate, suspend, or breach such rights.
2025-10-13T22:57:25.5976020Z 
2025-10-13T22:57:25.5977190Z 3.6 You agree that the form and nature of the SDK that Google provides may change without prior notice to you and that future versions of the SDK may be incompatible with applications developed on previous versions of the SDK. You agree that Google may stop (permanently or temporarily) providing the SDK (or any features within the SDK) to you or to users generally at Google's sole discretion, without prior notice to you.
2025-10-13T22:57:25.5978531Z 
2025-10-13T22:57:25.5978982Z 3.7 Nothing in the License Agreement gives you a right to use any of Google's trade names, trademarks, service marks, logos, domain names, or other distinctive brand features.
2025-10-13T22:57:25.5979516Z 
2025-10-13T22:57:25.5980016Z 3.8 You agree that you will not remove, obscure, or alter any proprietary rights notices (including copyright and trademark notices) that may be affixed to or contained within the SDK.
2025-10-13T22:57:25.5980594Z 
2025-10-13T22:57:25.5980681Z 4. Use of the SDK by You
2025-10-13T22:57:25.5980815Z 
2025-10-13T22:57:25.5981547Z 4.1 Google agrees that it obtains no right, title or interest from you (or your licensors) under the License Agreement in or to any software applications that you develop using the SDK, including any intellectual property rights that subsist in those applications.
2025-10-13T22:57:25.5982337Z 
2025-10-13T22:57:25.5983315Z 4.2 You agree to use the SDK and write applications only for purposes that are permitted by (a) the License Agreement and (b) any applicable law, regulation or generally accepted practices or guidelines in the relevant jurisdictions (including any laws regarding the export of data or software to and from the United States or other relevant countries).
2025-10-13T22:57:25.5984474Z 
2025-10-13T22:57:25.5986699Z 4.3 You agree that if you use the SDK to develop applications for general public users, you will protect the privacy and legal rights of those users. If the users provide you with user names, passwords, or other login information or personal information, you must make the users aware that the information will be available to your application, and you must provide legally adequate privacy notice and protection for those users. If your application stores personal or sensitive information provided by users, it must do so securely. If the user provides your application with Google Account information, your application may only use that information to access the user's Google Account when, and for the limited purposes for which, the user has given you permission to do so.
2025-10-13T22:57:25.5989227Z 
2025-10-13T22:57:25.5990221Z 4.4 You agree that you will not engage in any activity with the SDK, including the development or distribution of an application, that interferes with, disrupts, damages, or accesses in an unauthorized manner the servers, networks, or other properties or services of any third party including, but not limited to, Google or any mobile communications carrier.
2025-10-13T22:57:25.5991290Z 
2025-10-13T22:57:25.5992339Z 4.5 You agree that you are solely responsible for (and that Google has no responsibility to you or to any third party for) any data, content, or resources that you create, transmit or display through Android and/or applications for Android, and for the consequences of your actions (including any loss or damage which Google may suffer) by doing so.
2025-10-13T22:57:25.5993376Z 
2025-10-13T22:57:25.5994451Z 4.6 You agree that you are solely responsible for (and that Google has no responsibility to you or to any third party for) any breach of your obligations under the License Agreement, any applicable third party contract or Terms of Service, or any applicable law or regulation, and for the consequences (including any loss or damage which Google or any third party may suffer) of any such breach.
2025-10-13T22:57:25.5995607Z 
2025-10-13T22:57:25.5996428Z 4.7 The SDK is in development, and your testing and feedback are an important part of the development process. By using the SDK, you acknowledge that implementation of some features are still under development and that you should not rely on the SDK having the full functionality of a stable release.
2025-10-13T22:57:25.5997316Z 
2025-10-13T22:57:25.5997412Z 5. Your Developer Credentials
2025-10-13T22:57:25.5997661Z 
2025-10-13T22:57:25.5998449Z 5.1 You agree that you are responsible for maintaining the confidentiality of any developer credentials that may be issued to you by Google or which you may choose yourself and that you will be solely responsible for all applications that are developed under your developer credentials.
2025-10-13T22:57:25.5999309Z 
2025-10-13T22:57:25.5999393Z 6. Privacy and Information
2025-10-13T22:57:25.5999537Z 
2025-10-13T22:57:25.6001200Z 6.1 In order to continually innovate and improve the SDK, Google may collect certain usage statistics from the software including but not limited to a unique identifier, associated IP address, version number of the software, and information on which tools and/or services in the SDK are being used and how they are being used. Before any of this information is collected, the SDK will notify you and seek your consent. If you withhold consent, the information will not be collected.
2025-10-13T22:57:25.6002685Z 
2025-10-13T22:57:25.6003251Z 6.2 The data collected is examined in the aggregate to improve the SDK and is maintained in accordance with Google's Privacy Policy, which is located at the following URL: https://policies.google.com/privacy
2025-10-13T22:57:25.6003892Z 
2025-10-13T22:57:25.6004147Z 6.3 Anonymized and aggregated sets of the data may be shared with Google partners to improve the SDK.
2025-10-13T22:57:25.6004494Z 
2025-10-13T22:57:25.6004592Z 7. Third Party Applications
2025-10-13T22:57:25.6004734Z 
2025-10-13T22:57:25.6006376Z 7.1 If you use the SDK to run applications developed by a third party or that access data, content or resources provided by a third party, you agree that Google is not responsible for those applications, data, content, or resources. You understand that all data, content or resources which you may access through such third party applications are the sole responsibility of the person from which they originated and that Google is not liable for any loss or damage that you may experience as a result of the use or access of any of those third party applications, data, content, or resources.
2025-10-13T22:57:25.6008348Z 
2025-10-13T22:57:25.6009694Z 7.2 You should be aware that the data, content, and resources presented to you through such a third party application may be protected by intellectual property rights which are owned by the providers (or by other persons or companies on their behalf). You may not modify, rent, lease, loan, sell, distribute or create derivative works based on these data, content, or resources (either in whole or in part) unless you have been specifically given permission to do so by the relevant owners.
2025-10-13T22:57:25.6011108Z 
2025-10-13T22:57:25.6011950Z 7.3 You acknowledge that your use of such third party applications, data, content, or resources may be subject to separate terms between you and the relevant third party. In that case, the License Agreement does not affect your legal relationship with these third parties.
2025-10-13T22:57:25.6012792Z 
2025-10-13T22:57:25.6012871Z 8. Using Android APIs
2025-10-13T22:57:25.6013007Z 
2025-10-13T22:57:25.6013084Z 8.1 Google Data APIs
2025-10-13T22:57:25.6013210Z 
2025-10-13T22:57:25.6014553Z 8.1.1 If you use any API to retrieve data from Google, you acknowledge that the data may be protected by intellectual property rights which are owned by Google or those parties that provide the data (or by other persons or companies on their behalf). Your use of any such API may be subject to additional Terms of Service. You may not modify, rent, lease, loan, sell, distribute or create derivative works based on this data (either in whole or in part) unless allowed by the relevant Terms of Service.
2025-10-13T22:57:25.6015960Z 
2025-10-13T22:57:25.6018471Z 8.1.2 If you use any API to retrieve a user's data from Google, you acknowledge and agree that you shall retrieve data only with the user's explicit consent and only when, and for the limited purposes for which, the user has given you permission to do so. If you use the Android Recognition Service API, documented at the following URL: https://developer.android.com/reference/android/speech/RecognitionService, as updated from time to time, you acknowledge that the use of the API is subject to the Data Processing Addendum for Products where Google is a Data Processor, which is located at the following URL: https://privacy.google.com/businesses/gdprprocessorterms/, as updated from time to time. By clicking to accept, you hereby agree to the terms of the Data Processing Addendum for Products where Google is a Data Processor.
2025-10-13T22:57:25.6020919Z 
2025-10-13T22:57:25.6021015Z 9. Terminating this License Agreement
2025-10-13T22:57:25.6021464Z 
2025-10-13T22:57:25.6021866Z 9.1 The License Agreement will continue to apply until terminated by either you or Google as set out below.
2025-10-13T22:57:25.6022258Z 
2025-10-13T22:57:25.6022598Z 9.2 If you want to terminate the License Agreement, you may do so by ceasing your use of the SDK and any relevant developer credentials.
2025-10-13T22:57:25.6023017Z 
2025-10-13T22:57:25.6024760Z 9.3 Google may at any time, terminate the License Agreement with you if: (A) you have breached any provision of the License Agreement; or (B) Google is required to do so by law; or (C) the partner with whom Google offered certain parts of SDK (such as APIs) to you has terminated its relationship with Google or ceased to offer certain parts of the SDK to you; or (D) Google decides to no longer provide the SDK or certain parts of the SDK to users in the country in which you are resident or from which you use the service, or the provision of the SDK or certain SDK services to you by Google is, in Google's sole discretion, no longer commercially viable.
2025-10-13T22:57:25.6026534Z 
2025-10-13T22:57:25.6027977Z 9.4 When the License Agreement comes to an end, all of the legal rights, obligations and liabilities that you and Google have benefited from, been subject to (or which have accrued over time whilst the License Agreement has been in force) or which are expressed to continue indefinitely, shall be unaffected by this cessation, and the provisions of paragraph 14.7 shall continue to apply to such rights, obligations and liabilities indefinitely.
2025-10-13T22:57:25.6029459Z 
2025-10-13T22:57:25.6029560Z 10. DISCLAIMER OF WARRANTIES
2025-10-13T22:57:25.6029715Z 
2025-10-13T22:57:25.6030161Z 10.1 YOU EXPRESSLY UNDERSTAND AND AGREE THAT YOUR USE OF THE SDK IS AT YOUR SOLE RISK AND THAT THE SDK IS PROVIDED "AS IS" AND "AS AVAILABLE" WITHOUT WARRANTY OF ANY KIND FROM GOOGLE.
2025-10-13T22:57:25.6030693Z 
2025-10-13T22:57:25.6031392Z 10.2 YOUR USE OF THE SDK AND ANY MATERIAL DOWNLOADED OR OTHERWISE OBTAINED THROUGH THE USE OF THE SDK IS AT YOUR OWN DISCRETION AND RISK AND YOU ARE SOLELY RESPONSIBLE FOR ANY DAMAGE TO YOUR COMPUTER SYSTEM OR OTHER DEVICE OR LOSS OF DATA THAT RESULTS FROM SUCH USE.
2025-10-13T22:57:25.6032465Z 
2025-10-13T22:57:25.6033911Z 10.3 GOOGLE FURTHER EXPRESSLY DISCLAIMS ALL WARRANTIES AND CONDITIONS OF ANY KIND, WHETHER EXPRESS OR IMPLIED, INCLUDING, BUT NOT LIMITED TO THE IMPLIED WARRANTIES AND CONDITIONS OF MERCHANTABILITY, FITNESS FOR A PARTICULAR PURPOSE AND NON-INFRINGEMENT.
2025-10-13T22:57:25.6036111Z 
2025-10-13T22:57:25.6036270Z 11. LIMITATION OF LIABILITY
2025-10-13T22:57:25.6036515Z 
2025-10-13T22:57:25.6038882Z 11.1 YOU EXPRESSLY UNDERSTAND AND AGREE THAT GOOGLE, ITS SUBSIDIARIES AND AFFILIATES, AND ITS LICENSORS SHALL NOT BE LIABLE TO YOU UNDER ANY THEORY OF LIABILITY FOR ANY DIRECT, INDIRECT, INCIDENTAL, SPECIAL, CONSEQUENTIAL OR EXEMPLARY DAMAGES THAT MAY BE INCURRED BY YOU, INCLUDING ANY LOSS OF DATA, WHETHER OR NOT GOOGLE OR ITS REPRESENTATIVES HAVE BEEN ADVISED OF OR SHOULD HAVE BEEN AWARE OF THE POSSIBILITY OF ANY SUCH LOSSES ARISING.
2025-10-13T22:57:25.6041269Z 
2025-10-13T22:57:25.6041405Z 12. Indemnification
2025-10-13T22:57:25.6041609Z 
2025-10-13T22:57:25.6045318Z 12.1 To the maximum extent permitted by law, you agree to defend, indemnify and hold harmless Google, its affiliates and their respective directors, officers, employees and agents from and against any and all claims, actions, suits or proceedings, as well as any and all losses, liabilities, damages, costs and expenses (including reasonable attorneys fees) arising out of or accruing from (a) your use of the SDK, (b) any application you develop on the SDK that infringes any copyright, trademark, trade secret, trade dress, patent or other intellectual property right of any person or defames any person or violates their rights of publicity or privacy, and (c) any non-compliance by you with the License Agreement.
2025-10-13T22:57:25.6049318Z 
2025-10-13T22:57:25.6049476Z 13. Changes to the License Agreement
2025-10-13T22:57:25.6049770Z 
2025-10-13T22:57:25.6050924Z 13.1 Google may make changes to the License Agreement as it distributes new versions of the SDK. When these changes are made, Google will make a new version of the License Agreement available on the website where the SDK is made available.
2025-10-13T22:57:25.6052159Z 
2025-10-13T22:57:25.6052300Z 14. General Legal Terms
2025-10-13T22:57:25.6052520Z 
2025-10-13T22:57:25.6054118Z 14.1 The License Agreement constitutes the whole legal agreement between you and Google and governs your use of the SDK (excluding any services which Google may provide to you under a separate written agreement), and completely replaces any prior agreements between you and Google in relation to the SDK.
2025-10-13T22:57:25.6055870Z 
2025-10-13T22:57:25.6057459Z 14.2 You agree that if Google does not exercise or enforce any legal right or remedy which is contained in the License Agreement (or which Google has the benefit of under any applicable law), this will not be taken to be a formal waiver of Google's rights and that those rights or remedies will still be available to Google.
2025-10-13T22:57:25.6059310Z 
2025-10-13T22:57:25.6061092Z 14.3 If any court of law, having the jurisdiction to decide on this matter, rules that any provision of the License Agreement is invalid, then that provision will be removed from the License Agreement without affecting the rest of the License Agreement. The remaining provisions of the License Agreement will continue to be valid and enforceable.
2025-10-13T22:57:25.6063191Z 
2025-10-13T22:57:25.6065452Z 14.4 You acknowledge and agree that each member of the group of companies of which Google is the parent shall be third party beneficiaries to the License Agreement and that such other companies shall be entitled to directly enforce, and rely upon, any provision of the License Agreement that confers a benefit on (or rights in favor of) them. Other than this, no other person or company shall be third party beneficiaries to the License Agreement.
2025-10-13T22:57:25.6068015Z 
2025-10-13T22:57:25.6069536Z 14.5 EXPORT RESTRICTIONS. THE SDK IS SUBJECT TO UNITED STATES EXPORT LAWS AND REGULATIONS. YOU MUST COMPLY WITH ALL DOMESTIC AND INTERNATIONAL EXPORT LAWS AND REGULATIONS THAT APPLY TO THE SDK. THESE LAWS INCLUDE RESTRICTIONS ON DESTINATIONS, END USERS AND END USE.
2025-10-13T22:57:25.6071058Z 
2025-10-13T22:57:25.6072868Z 14.6 The rights granted in the License Agreement may not be assigned or transferred by either you or Google without the prior written approval of the other party. Neither you nor Google shall be permitted to delegate their responsibilities or obligations under the License Agreement without the prior written approval of the other party.
2025-10-13T22:57:25.6074782Z 
2025-10-13T22:57:25.6077976Z 14.7 The License Agreement, and your relationship with Google under the License Agreement, shall be governed by the laws of the State of California without regard to its conflict of laws provisions. You and Google agree to submit to the exclusive jurisdiction of the courts located within the county of Santa Clara, California to resolve any legal matter arising from the License Agreement. Notwithstanding this, you agree that Google shall still be allowed to apply for injunctive remedies (or an equivalent type of urgent legal relief) in any jurisdiction.
2025-10-13T22:57:25.6081195Z ---------------------------------------
2025-10-13T22:57:25.6081607Z Accept? (y/N): 
2025-10-13T22:57:25.6081969Z 3/6: License android-sdk-arm-dbt-license:
2025-10-13T22:57:25.6082413Z ---------------------------------------
2025-10-13T22:57:25.6082810Z Terms and Conditions
2025-10-13T22:57:25.6083019Z 
2025-10-13T22:57:25.6083268Z This is the Android Software Development Kit License Agreement
2025-10-13T22:57:25.6083685Z 
2025-10-13T22:57:25.6083811Z 1. Introduction
2025-10-13T22:57:25.6084003Z 
2025-10-13T22:57:25.6085837Z 1.1 The Android Software Development Kit (referred to in the License Agreement as the "SDK" and specifically including the Android system files, packaged APIs, and Google APIs add-ons) is licensed to you subject to the terms of the License Agreement. The License Agreement forms a legally binding contract between you and Google in relation to your use of the SDK.
2025-10-13T22:57:25.6088184Z 
2025-10-13T22:57:25.6089234Z 1.2 "Android" means the Android software stack for devices, as made available under the Android Open Source Project, which is located at the following URL: http://source.android.com/, as updated from time to time.
2025-10-13T22:57:25.6090413Z 
2025-10-13T22:57:25.6092227Z 1.3 A "compatible implementation" means any Android device that (i) complies with the Android Compatibility Definition document, which can be found at the Android compatibility website (http://source.android.com/compatibility) and which may be updated from time to time; and (ii) successfully passes the Android Compatibility Test Suite (CTS).
2025-10-13T22:57:25.6094154Z 
2025-10-13T22:57:25.6094903Z 1.4 "Google" means Google Inc., a Delaware corporation with principal place of business at 1600 Amphitheatre Parkway, Mountain View, CA 94043, United States.
2025-10-13T22:57:25.6095815Z 
2025-10-13T22:57:25.6095822Z 
2025-10-13T22:57:25.6095982Z 2. Accepting the License Agreement
2025-10-13T22:57:25.6096430Z 
2025-10-13T22:57:25.6097050Z 2.1 In order to use the SDK, you must first agree to the License Agreement. You may not use the SDK if you do not accept the License Agreement.
2025-10-13T22:57:25.6097959Z 
2025-10-13T22:57:25.6098298Z 2.2 By clicking to accept, you hereby agree to the terms of the License Agreement.
2025-10-13T22:57:25.6098805Z 
2025-10-13T22:57:25.6100039Z 2.3 You may not use the SDK and may not accept the License Agreement if you are a person barred from receiving the SDK under the laws of the United States or other countries, including the country in which you are resident or from which you use the SDK.
2025-10-13T22:57:25.6101404Z 
2025-10-13T22:57:25.6103233Z 2.4 If you are agreeing to be bound by the License Agreement on behalf of your employer or other entity, you represent and warrant that you have full legal authority to bind your employer or such entity to the License Agreement. If you do not have the requisite authority, you may not accept the License Agreement or use the SDK on behalf of your employer or other entity.
2025-10-13T22:57:25.6105420Z 
2025-10-13T22:57:25.6105430Z 
2025-10-13T22:57:25.6105598Z 3. SDK License from Google
2025-10-13T22:57:25.6105843Z 
2025-10-13T22:57:25.6107176Z 3.1 Subject to the terms of the License Agreement, Google grants you a limited, worldwide, royalty-free, non-assignable, non-exclusive, and non-sublicensable license to use the SDK solely to develop applications for compatible implementations of Android.
2025-10-13T22:57:25.6108790Z 
2025-10-13T22:57:25.6110564Z 3.2 You may not use this SDK to develop applications for other platforms (including non-compatible implementations of Android) or to develop another SDK. You are of course free to develop applications for other platforms, including non-compatible implementations of Android, provided that this SDK is not used for that purpose.
2025-10-13T22:57:25.6112446Z 
2025-10-13T22:57:25.6114496Z 3.3 You agree that Google or third parties own all legal right, title and interest in and to the SDK, including any Intellectual Property Rights that subsist in the SDK. "Intellectual Property Rights" means any and all rights under patent law, copyright law, trade secret law, trademark law, and any and all other proprietary rights. Google reserves all rights not expressly granted to you.
2025-10-13T22:57:25.6116740Z 
2025-10-13T22:57:25.6118625Z 3.4 You may not use the SDK for any purpose not expressly permitted by the License Agreement. Except to the extent required by applicable third party licenses, you may not copy (except for backup purposes), modify, adapt, redistribute, decompile, reverse engineer, disassemble, or create derivative works of the SDK or any part of the SDK.
2025-10-13T22:57:25.6120556Z 
2025-10-13T22:57:25.6121629Z 3.5 Use, reproduction and distribution of components of the SDK licensed under an open source software license are governed solely by the terms of that open source software license and not the License Agreement.
2025-10-13T22:57:25.6122834Z 
2025-10-13T22:57:25.6125015Z 3.6 You agree that the form and nature of the SDK that Google provides may change without prior notice to you and that future versions of the SDK may be incompatible with applications developed on previous versions of the SDK. You agree that Google may stop (permanently or temporarily) providing the SDK (or any features within the SDK) to you or to users generally at Google's sole discretion, without prior notice to you.
2025-10-13T22:57:25.6127276Z 
2025-10-13T22:57:25.6128233Z 3.7 Nothing in the License Agreement gives you a right to use any of Google's trade names, trademarks, service marks, logos, domain names, or other distinctive brand features.
2025-10-13T22:57:25.6129204Z 
2025-10-13T22:57:25.6130118Z 3.8 You agree that you will not remove, obscure, or alter any proprietary rights notices (including copyright and trademark notices) that may be affixed to or contained within the SDK.
2025-10-13T22:57:25.6131177Z 
2025-10-13T22:57:25.6131183Z 
2025-10-13T22:57:25.6131317Z 4. Use of the SDK by You
2025-10-13T22:57:25.6131700Z 
2025-10-13T22:57:25.6133022Z 4.1 Google agrees that it obtains no right, title or interest from you (or your licensors) under the License Agreement in or to any software applications that you develop using the SDK, including any intellectual property rights that subsist in those applications.
2025-10-13T22:57:25.6134486Z 
2025-10-13T22:57:25.6136310Z 4.2 You agree to use the SDK and write applications only for purposes that are permitted by (a) the License Agreement and (b) any applicable law, regulation or generally accepted practices or guidelines in the relevant jurisdictions (including any laws regarding the export of data or software to and from the United States or other relevant countries).
2025-10-13T22:57:25.6138437Z 
2025-10-13T22:57:25.6142721Z 4.3 You agree that if you use the SDK to develop applications for general public users, you will protect the privacy and legal rights of those users. If the users provide you with user names, passwords, or other login information or personal information, you must make the users aware that the information will be available to your application, and you must provide legally adequate privacy notice and protection for those users. If your application stores personal or sensitive information provided by users, it must do so securely. If the user provides your application with Google Account information, your application may only use that information to access the user's Google Account when, and for the limited purposes for which, the user has given you permission to do so.
2025-10-13T22:57:25.6146662Z 
2025-10-13T22:57:25.6149925Z 4.4 You agree that you will not engage in any activity with the SDK, including the development or distribution of an application, that interferes with, disrupts, damages, or accesses in an unauthorized manner the servers, networks, or other properties or services of any third party including, but not limited to, Google or any mobile communications carrier.
2025-10-13T22:57:25.6151965Z 
2025-10-13T22:57:25.6153663Z 4.5 You agree that you are solely responsible for (and that Google has no responsibility to you or to any third party for) any data, content, or resources that you create, transmit or display through Android and/or applications for Android, and for the consequences of your actions (including any loss or damage which Google may suffer) by doing so.
2025-10-13T22:57:25.6155408Z 
2025-10-13T22:57:25.6157347Z 4.6 You agree that you are solely responsible for (and that Google has no responsibility to you or to any third party for) any breach of your obligations under the License Agreement, any applicable third party contract or Terms of Service, or any applicable law or regulation, and for the consequences (including any loss or damage which Google or any third party may suffer) of any such breach.
2025-10-13T22:57:25.6160404Z 
2025-10-13T22:57:25.6163153Z 4.7 This software enables the execution of intellectual property owned by Arm Limited. You agree that your use of the software, that allows execution of ARM Instruction Set Architecture (“ISA”) compliant executables for application development and debug only on x86 desktop, laptop, customer on-premise servers, and customer-procured cloud-based environments.
2025-10-13T22:57:25.6165731Z 
2025-10-13T22:57:25.6165910Z 5. Your Developer Credentials
2025-10-13T22:57:25.6166199Z 
2025-10-13T22:57:25.6167869Z 5.1 You agree that you are responsible for maintaining the confidentiality of any developer credentials that may be issued to you by Google or which you may choose yourself and that you will be solely responsible for all applications that are developed under your developer credentials.
2025-10-13T22:57:25.6169312Z 
2025-10-13T22:57:25.6169461Z 6. Privacy and Information
2025-10-13T22:57:25.6169720Z 
2025-10-13T22:57:25.6171994Z 6.1 In order to continually innovate and improve the SDK, Google may collect certain usage statistics from the software including but not limited to a unique identifier, associated IP address, version number of the software, and information on which tools and/or services in the SDK are being used and how they are being used. Before any of this information is collected, the SDK will notify you and seek your consent. If you withhold consent, the information will not be collected.
2025-10-13T22:57:25.6174679Z 
2025-10-13T22:57:25.6175278Z 6.2 The data collected is examined in the aggregate to improve the SDK and is maintained in accordance with Google's Privacy Policy.
2025-10-13T22:57:25.6175996Z 
2025-10-13T22:57:25.6176003Z 
2025-10-13T22:57:25.6176158Z 7. Third Party Applications
2025-10-13T22:57:25.6176418Z 
2025-10-13T22:57:25.6179928Z 7.1 If you use the SDK to run applications developed by a third party or that access data, content or resources provided by a third party, you agree that Google is not responsible for those applications, data, content, or resources. You understand that all data, content or resources which you may access through such third party applications are the sole responsibility of the person from which they originated and that Google is not liable for any loss or damage that you may experience as a result of the use or access of any of those third party applications, data, content, or resources.
2025-10-13T22:57:25.6183191Z 
2025-10-13T22:57:25.6185715Z 7.2 You should be aware the data, content, and resources presented to you through such a third party application may be protected by intellectual property rights which are owned by the providers (or by other persons or companies on their behalf). You may not modify, rent, lease, loan, sell, distribute or create derivative works based on these data, content, or resources (either in whole or in part) unless you have been specifically given permission to do so by the relevant owners.
2025-10-13T22:57:25.6188478Z 
2025-10-13T22:57:25.6189824Z 7.3 You acknowledge that your use of such third party applications, data, content, or resources may be subject to separate terms between you and the relevant third party. In that case, the License Agreement does not affect your legal relationship with these third parties.
2025-10-13T22:57:25.6191437Z 
2025-10-13T22:57:25.6191455Z 
2025-10-13T22:57:25.6191605Z 8. Using Android APIs
2025-10-13T22:57:25.6191827Z 
2025-10-13T22:57:25.6191968Z 8.1 Google Data APIs
2025-10-13T22:57:25.6192186Z 
2025-10-13T22:57:25.6194536Z 8.1.1 If you use any API to retrieve data from Google, you acknowledge that the data may be protected by intellectual property rights which are owned by Google or those parties that provide the data (or by other persons or companies on their behalf). Your use of any such API may be subject to additional Terms of Service. You may not modify, rent, lease, loan, sell, distribute or create derivative works based on this data (either in whole or in part) unless allowed by the relevant Terms of Service.
2025-10-13T22:57:25.6197113Z 
2025-10-13T22:57:25.6201734Z 8.1.2 If you use any API to retrieve a user's data from Google, you acknowledge and agree that you shall retrieve data only with the user's explicit consent and only when, and for the limited purposes for which, the user has given you permission to do so. If you use the Android Recognition Service API, documented at the following URL: https://developer.android.com/reference/android/speech/RecognitionService, as updated from time to time, you acknowledge that the use of the API is subject to the Data Processing Addendum for Products where Google is a Data Processor, which is located at the following URL: https://privacy.google.com/businesses/gdprprocessorterms/, as updated from time to time. By clicking to accept, you hereby agree to the terms of the Data Processing Addendum for Products where Google is a Data Processor.
2025-10-13T22:57:25.6206297Z 
2025-10-13T22:57:25.6206309Z 
2025-10-13T22:57:25.6206566Z 9. Terminating the License Agreement
2025-10-13T22:57:25.6206885Z 
2025-10-13T22:57:25.6207433Z 9.1 The License Agreement will continue to apply until terminated by either you or Google as set out below.
2025-10-13T22:57:25.6208490Z 
2025-10-13T22:57:25.6209318Z 9.2 If you want to terminate the License Agreement, you may do so by ceasing your use of the SDK and any relevant developer credentials.
2025-10-13T22:57:25.6210063Z 
2025-10-13T22:57:25.6213178Z 9.3 Google may at any time, terminate the License Agreement with you if: (A) you have breached any provision of the License Agreement; or (B) Google is required to do so by law; or (C) the partner with whom Google offered certain parts of SDK (such as APIs) to you has terminated its relationship with Google or ceased to offer certain parts of the SDK to you; or (D) Google decides to no longer provide the SDK or certain parts of the SDK to users in the country in which you are resident or from which you use the service, or the provision of the SDK or certain SDK services to you by Google is, in Google's sole discretion, no longer commercially viable.
2025-10-13T22:57:25.6216406Z 
2025-10-13T22:57:25.6219222Z 9.4 When the License Agreement comes to an end, all of the legal rights, obligations and liabilities that you and Google have benefited from, been subject to (or which have accrued over time whilst the License Agreement has been in force) or which are expressed to continue indefinitely, shall be unaffected by this cessation, and the provisions of paragraph 14.7 shall continue to apply to such rights, obligations and liabilities indefinitely.
2025-10-13T22:57:25.6221663Z 
2025-10-13T22:57:25.6221671Z 
2025-10-13T22:57:25.6221850Z 10. DISCLAIMER OF WARRANTIES
2025-10-13T22:57:25.6222126Z 
2025-10-13T22:57:25.6222957Z 10.1 YOU EXPRESSLY UNDERSTAND AND AGREE THAT YOUR USE OF THE SDK IS AT YOUR SOLE RISK AND THAT THE SDK IS PROVIDED "AS IS" AND "AS AVAILABLE" WITHOUT WARRANTY OF ANY KIND FROM GOOGLE.
2025-10-13T22:57:25.6223995Z 
2025-10-13T22:57:25.6225320Z 10.2 YOUR USE OF THE SDK AND ANY MATERIAL DOWNLOADED OR OTHERWISE OBTAINED THROUGH THE USE OF THE SDK IS AT YOUR OWN DISCRETION AND RISK AND YOU ARE SOLELY RESPONSIBLE FOR ANY DAMAGE TO YOUR COMPUTER SYSTEM OR OTHER DEVICE OR LOSS OF DATA THAT RESULTS FROM SUCH USE.
2025-10-13T22:57:25.6226777Z 
2025-10-13T22:57:25.6228428Z 10.3 GOOGLE FURTHER EXPRESSLY DISCLAIMS ALL WARRANTIES AND CONDITIONS OF ANY KIND, WHETHER EXPRESS OR IMPLIED, INCLUDING, BUT NOT LIMITED TO THE IMPLIED WARRANTIES AND CONDITIONS OF MERCHANTABILITY, FITNESS FOR A PARTICULAR PURPOSE AND NON-INFRINGEMENT.
2025-10-13T22:57:25.6229931Z 
2025-10-13T22:57:25.6229946Z 
2025-10-13T22:57:25.6230107Z 11. LIMITATION OF LIABILITY
2025-10-13T22:57:25.6230373Z 
2025-10-13T22:57:25.6232600Z 11.1 YOU EXPRESSLY UNDERSTAND AND AGREE THAT GOOGLE, ITS SUBSIDIARIES AND AFFILIATES, AND ITS LICENSORS SHALL NOT BE LIABLE TO YOU UNDER ANY THEORY OF LIABILITY FOR ANY DIRECT, INDIRECT, INCIDENTAL, SPECIAL, CONSEQUENTIAL OR EXEMPLARY DAMAGES THAT MAY BE INCURRED BY YOU, INCLUDING ANY LOSS OF DATA, WHETHER OR NOT GOOGLE OR ITS REPRESENTATIVES HAVE BEEN ADVISED OF OR SHOULD HAVE BEEN AWARE OF THE POSSIBILITY OF ANY SUCH LOSSES ARISING.
2025-10-13T22:57:25.6235093Z 
2025-10-13T22:57:25.6235101Z 
2025-10-13T22:57:25.6235250Z 12. Indemnification
2025-10-13T22:57:25.6235487Z 
2025-10-13T22:57:25.6239410Z 12.1 To the maximum extent permitted by law, you agree to defend, indemnify and hold harmless Google, its affiliates and their respective directors, officers, employees and agents from and against any and all claims, actions, suits or proceedings, as well as any and all losses, liabilities, damages, costs and expenses (including reasonable attorneys fees) arising out of or accruing from (a) your use of the SDK, (b) any application you develop on the SDK that infringes any copyright, trademark, trade secret, trade dress, patent or other intellectual property right of any person or defames any person or violates their rights of publicity or privacy, and (c) any non-compliance by you with the License Agreement.
2025-10-13T22:57:25.6243252Z 
2025-10-13T22:57:25.6243260Z 
2025-10-13T22:57:25.6243435Z 13. Changes to the License Agreement
2025-10-13T22:57:25.6243724Z 
2025-10-13T22:57:25.6244930Z 13.1 Google may make changes to the License Agreement as it distributes new versions of the SDK. When these changes are made, Google will make a new version of the License Agreement available on the website where the SDK is made available.
2025-10-13T22:57:25.6246589Z 
2025-10-13T22:57:25.6246596Z 
2025-10-13T22:57:25.6246749Z 14. General Legal Terms
2025-10-13T22:57:25.6246992Z 
2025-10-13T22:57:25.6248876Z 14.1 The License Agreement constitutes the whole legal agreement between you and Google and governs your use of the SDK (excluding any services which Google may provide to you under a separate written agreement), and completely replaces any prior agreements between you and Google in relation to the SDK.
2025-10-13T22:57:25.6250639Z 
2025-10-13T22:57:25.6252240Z 14.2 You agree that if Google does not exercise or enforce any legal right or remedy which is contained in the License Agreement (or which Google has the benefit of under any applicable law), this will not be taken to be a formal waiver of Google's rights and that those rights or remedies will still be available to Google.
2025-10-13T22:57:25.6253975Z 
2025-10-13T22:57:25.6255946Z 14.3 If any court of law, having the jurisdiction to decide on this matter, rules that any provision of the License Agreement is invalid, then that provision will be removed from the License Agreement without affecting the rest of the License Agreement. The remaining provisions of the License Agreement will continue to be valid and enforceable.
2025-10-13T22:57:25.6258076Z 
2025-10-13T22:57:25.6260328Z 14.4 You acknowledge and agree that each member of the group of companies of which Google is the parent shall be third party beneficiaries to the License Agreement and that such other companies shall be entitled to directly enforce, and rely upon, any provision of the License Agreement that confers a benefit on (or rights in favor of) them. Other than this, no other person or company shall be third party beneficiaries to the License Agreement.
2025-10-13T22:57:25.6262673Z 
2025-10-13T22:57:25.6264050Z 14.5 EXPORT RESTRICTIONS. THE SDK IS SUBJECT TO UNITED STATES EXPORT LAWS AND REGULATIONS. YOU MUST COMPLY WITH ALL DOMESTIC AND INTERNATIONAL EXPORT LAWS AND REGULATIONS THAT APPLY TO THE SDK. THESE LAWS INCLUDE RESTRICTIONS ON DESTINATIONS, END USERS AND END USE.
2025-10-13T22:57:25.6265583Z 
2025-10-13T22:57:25.6267450Z 14.6 The rights granted in the License Agreement may not be assigned or transferred by either you or Google without the prior written approval of the other party. Neither you nor Google shall be permitted to delegate their responsibilities or obligations under the License Agreement without the prior written approval of the other party.
2025-10-13T22:57:25.6269649Z 
2025-10-13T22:57:25.6272489Z 14.7 The License Agreement, and your relationship with Google under the License Agreement, shall be governed by the laws of the State of California without regard to its conflict of laws provisions. You and Google agree to submit to the exclusive jurisdiction of the courts located within the county of Santa Clara, California to resolve any legal matter arising from the License Agreement. Notwithstanding this, you agree that Google shall still be allowed to apply for injunctive remedies (or an equivalent type of urgent legal relief) in any jurisdiction.
2025-10-13T22:57:25.6275530Z 
2025-10-13T22:57:25.6275537Z 
2025-10-13T22:57:25.6275681Z January 16, 2019
2025-10-13T22:57:25.6276033Z ---------------------------------------
2025-10-13T22:57:25.6276471Z Accept? (y/N): 
2025-10-13T22:57:25.6276860Z 4/6: License android-sdk-preview-license:
2025-10-13T22:57:25.6277346Z ---------------------------------------
2025-10-13T22:57:25.6279777Z To get started with the Android SDK Preview, you must agree to the following terms and conditions. As described below, please note that this is a preview version of the Android SDK, subject to change, that you use at your own risk. The Android SDK Preview is not a stable release, and may contain errors and defects that can result in serious damage to your computer systems, devices and data.
2025-10-13T22:57:25.6282094Z 
2025-10-13T22:57:25.6282472Z This is the Android SDK Preview License Agreement (the "License Agreement").
2025-10-13T22:57:25.6282950Z 
2025-10-13T22:57:25.6283096Z 1. Introduction
2025-10-13T22:57:25.6283297Z 
2025-10-13T22:57:25.6286064Z 1.1 The Android SDK Preview (referred to in the License Agreement as the “Preview” and specifically including the Android system files, packaged APIs, and Preview library files, if and when they are made available) is licensed to you subject to the terms of the License Agreement. The License Agreement forms a legally binding contract between you and Google in relation to your use of the Preview.
2025-10-13T22:57:25.6288603Z 
2025-10-13T22:57:25.6289702Z 1.2 "Android" means the Android software stack for devices, as made available under the Android Open Source Project, which is located at the following URL: http://source.android.com/, as updated from time to time.
2025-10-13T22:57:25.6290944Z 
2025-10-13T22:57:25.6292321Z 1.3 "Google" means Google Inc., a Delaware corporation with principal place of business at 1600 Amphitheatre Parkway, Mountain View, CA 94043, United States.
2025-10-13T22:57:25.6293315Z 
2025-10-13T22:57:25.6293486Z 2. Accepting the License Agreement
2025-10-13T22:57:25.6293781Z 
2025-10-13T22:57:25.6294448Z 2.1 In order to use the Preview, you must first agree to the License Agreement. You may not use the Preview if you do not accept the License Agreement.
2025-10-13T22:57:25.6295280Z 
2025-10-13T22:57:25.6295764Z 2.2 By clicking to accept and/or using the Preview, you hereby agree to the terms of the License Agreement.
2025-10-13T22:57:25.6296391Z 
2025-10-13T22:57:25.6297868Z 2.3 You may not use the Preview and may not accept the License Agreement if you are a person barred from receiving the Preview under the laws of the United States or other countries including the country in which you are resident or from which you use the Preview.
2025-10-13T22:57:25.6317779Z 
2025-10-13T22:57:25.6320099Z 2.4 If you will use the Preview internally within your company or organization you agree to be bound by the License Agreement on behalf of your employer or other entity, and you represent and warrant that you have full legal authority to bind your employer or such entity to the License Agreement. If you do not have the requisite authority, you may not accept the License Agreement or use the Preview on behalf of your employer or other entity.
2025-10-13T22:57:25.6322613Z 
2025-10-13T22:57:25.6322787Z 3. Preview License from Google
2025-10-13T22:57:25.6323125Z 
2025-10-13T22:57:25.6324831Z 3.1 Subject to the terms of the License Agreement, Google grants you a royalty-free, non-assignable, non-exclusive, non-sublicensable, limited, revocable license to use the Preview, personally or internally within your company or organization, solely to develop applications to run on the Android platform.
2025-10-13T22:57:25.6326605Z 
2025-10-13T22:57:25.6361254Z 3.2 You agree that Google or third parties owns all legal right, title and interest in and to the Preview, including any Intellectual Property Rights that subsist in the Preview. "Intellectual Property Rights" means any and all rights under patent law, copyright law, trade secret law, trademark law, and any and all other proprietary rights. Google reserves all rights not expressly granted to you.
2025-10-13T22:57:25.6363267Z 
2025-10-13T22:57:25.6366133Z 3.3 You may not use the Preview for any purpose not expressly permitted by the License Agreement. Except to the extent required by applicable third party licenses, you may not: (a) copy (except for backup purposes), modify, adapt, redistribute, decompile, reverse engineer, disassemble, or create derivative works of the Preview or any part of the Preview; or (b) load any part of the Preview onto a mobile handset or any other hardware device except a personal computer, combine any part of the Preview with other software, or distribute any software or device incorporating a part of the Preview.
2025-10-13T22:57:25.6369681Z 
2025-10-13T22:57:25.6371038Z 3.4 You agree that you will not take any actions that may cause or result in the fragmentation of Android, including but not limited to distributing, participating in the creation of, or promoting in any way a software development kit derived from the Preview.
2025-10-13T22:57:25.6372719Z 
2025-10-13T22:57:25.6374974Z 3.5 Use, reproduction and distribution of components of the Preview licensed under an open source software license are governed solely by the terms of that open source software license and not the License Agreement. You agree to remain a licensee in good standing in regard to such open source software licenses under all the rights granted and to refrain from any actions that may terminate, suspend, or breach such rights.
2025-10-13T22:57:25.6377326Z 
2025-10-13T22:57:25.6380853Z 3.6 You agree that the form and nature of the Preview that Google provides may change without prior notice to you and that future versions of the Preview may be incompatible with applications developed on previous versions of the Preview. You agree that Google may stop (permanently or temporarily) providing the Preview (or any features within the Preview) to you or to users generally at Google's sole discretion, without prior notice to you.
2025-10-13T22:57:25.6383303Z 
2025-10-13T22:57:25.6384144Z 3.7 Nothing in the License Agreement gives you a right to use any of Google's trade names, trademarks, service marks, logos, domain names, or other distinctive brand features.
2025-10-13T22:57:25.6385125Z 
2025-10-13T22:57:25.6386284Z 3.8 You agree that you will not remove, obscure, or alter any proprietary rights notices (including copyright and trademark notices) that may be affixed to or contained within the Preview.
2025-10-13T22:57:25.6387388Z 
2025-10-13T22:57:25.6387914Z 4. Use of the Preview by You
2025-10-13T22:57:25.6388207Z 
2025-10-13T22:57:25.6389801Z 4.1 Google agrees that nothing in the License Agreement gives Google any right, title or interest from you (or your licensors) under the License Agreement in or to any software applications that you develop using the Preview, including any intellectual property rights that subsist in those applications.
2025-10-13T22:57:25.6391520Z 
2025-10-13T22:57:25.6393332Z 4.2 You agree to use the Preview and write applications only for purposes that are permitted by (a) the License Agreement, and (b) any applicable law, regulation or generally accepted practices or guidelines in the relevant jurisdictions (including any laws regarding the export of data or software to and from the United States or other relevant countries).
2025-10-13T22:57:25.6395285Z 
2025-10-13T22:57:25.6399327Z 4.3 You agree that if you use the Preview to develop applications, you will protect the privacy and legal rights of users. If users provide you with user names, passwords, or other login information or personal information, you must make the users aware that the information will be available to your application, and you must provide legally adequate privacy notice and protection for those users. If your application stores personal or sensitive information provided by users, it must do so securely. If users provide you with Google Account information, your application may only use that information to access the user's Google Account when, and for the limited purposes for which, each user has given you permission to do so.
2025-10-13T22:57:25.6403316Z 
2025-10-13T22:57:25.6404865Z 4.4 You agree that you will not engage in any activity with the Preview, including the development or distribution of an application, that interferes with, disrupts, damages, or accesses in an unauthorized manner the servers, networks, or other properties or services of Google or any third party.
2025-10-13T22:57:25.6406526Z 
2025-10-13T22:57:25.6408503Z 4.5 You agree that you are solely responsible for (and that Google has no responsibility to you or to any third party for) any data, content, or resources that you create, transmit or display through Android and/or applications for Android, and for the consequences of your actions (including any loss or damage which Google may suffer) by doing so.
2025-10-13T22:57:25.6410636Z 
2025-10-13T22:57:25.6412630Z 4.6 You agree that you are solely responsible for (and that Google has no responsibility to you or to any third party for) any breach of your obligations under the License Agreement, any applicable third party contract or Terms of Service, or any applicable law or regulation, and for the consequences (including any loss or damage which Google or any third party may suffer) of any such breach.
2025-10-13T22:57:25.6414748Z 
2025-10-13T22:57:25.6417227Z 4.7 The Preview is in development, and your testing and feedback are an important part of the development process. By using the Preview, you acknowledge that implementation of some features are still under development and that you should not rely on the Preview having the full functionality of a stable release. You agree not to publicly distribute or ship any application using this Preview as this Preview will no longer be supported after the official Android SDK is released.
2025-10-13T22:57:25.6420067Z 
2025-10-13T22:57:25.6420421Z 5. Your Developer Credentials
2025-10-13T22:57:25.6420704Z 
2025-10-13T22:57:25.6422150Z 5.1 You agree that you are responsible for maintaining the confidentiality of any developer credentials that may be issued to you by Google or which you may choose yourself and that you will be solely responsible for all applications that are developed under your developer credentials.
2025-10-13T22:57:25.6423739Z 
2025-10-13T22:57:25.6423895Z 6. Privacy and Information
2025-10-13T22:57:25.6424206Z 
2025-10-13T22:57:25.6426704Z 6.1 In order to continually innovate and improve the Preview, Google may collect certain usage statistics from the software including but not limited to a unique identifier, associated IP address, version number of the software, and information on which tools and/or services in the Preview are being used and how they are being used. Before any of this information is collected, the Preview will notify you and seek your consent. If you withhold consent, the information will not be collected.
2025-10-13T22:57:25.6429557Z 
2025-10-13T22:57:25.6430506Z 6.2 The data collected is examined in the aggregate to improve the Preview and is maintained in accordance with Google's Privacy Policy located at http://www.google.com/policies/privacy/.
2025-10-13T22:57:25.6431588Z 
2025-10-13T22:57:25.6431749Z 7. Third Party Applications
2025-10-13T22:57:25.6432020Z 
2025-10-13T22:57:25.6435016Z 7.1 If you use the Preview to run applications developed by a third party or that access data, content or resources provided by a third party, you agree that Google is not responsible for those applications, data, content, or resources. You understand that all data, content or resources which you may access through such third party applications are the sole responsibility of the person from which they originated and that Google is not liable for any loss or damage that you may experience as a result of the use or access of any of those third party applications, data, content, or resources.
2025-10-13T22:57:25.6438322Z 
2025-10-13T22:57:25.6440772Z 7.2 You should be aware the data, content, and resources presented to you through such a third party application may be protected by intellectual property rights which are owned by the providers (or by other persons or companies on their behalf). You may not modify, rent, lease, loan, sell, distribute or create derivative works based on these data, content, or resources (either in whole or in part) unless you have been specifically given permission to do so by the relevant owners.
2025-10-13T22:57:25.6443321Z 
2025-10-13T22:57:25.6444144Z 7.3 You acknowledge that your use of such third party applications, data, content, or resources may be subject to separate terms between you and the relevant third party.
2025-10-13T22:57:25.6445166Z 
2025-10-13T22:57:25.6445309Z 8. Using Google APIs
2025-10-13T22:57:25.6445538Z 
2025-10-13T22:57:25.6445668Z 8.1 Google APIs
2025-10-13T22:57:25.6445870Z 
2025-10-13T22:57:25.6448630Z 8.1.1 If you use any API to retrieve data from Google, you acknowledge that the data may be protected by intellectual property rights which are owned by Google or those parties that provide the data (or by other persons or companies on their behalf). Your use of any such API may be subject to additional Terms of Service. You may not modify, rent, lease, loan, sell, distribute or create derivative works based on this data (either in whole or in part) unless allowed by the relevant Terms of Service.
2025-10-13T22:57:25.6451198Z 
2025-10-13T22:57:25.6452401Z 8.1.2 If you use any API to retrieve a user's data from Google, you acknowledge and agree that you shall retrieve data only with the user's explicit consent and only when, and for the limited purposes for which, the user has given you permission to do so.
2025-10-13T22:57:25.6453730Z 
2025-10-13T22:57:25.6453906Z 9. Terminating the License Agreement
2025-10-13T22:57:25.6454200Z 
2025-10-13T22:57:25.6454705Z 9.1 the License Agreement will continue to apply until terminated by either you or Google as set out below.
2025-10-13T22:57:25.6455529Z 
2025-10-13T22:57:25.6456163Z 9.2 If you want to terminate the License Agreement, you may do so by ceasing your use of the Preview and any relevant developer credentials.
2025-10-13T22:57:25.6456929Z 
2025-10-13T22:57:25.6457403Z 9.3 Google may at any time, terminate the License Agreement, with or without cause, upon notice to you.
2025-10-13T22:57:25.6458164Z 
2025-10-13T22:57:25.6459795Z 9.4 The License Agreement will automatically terminate without notice or other action upon the earlier of: (A) when Google ceases to provide the Preview or certain parts of the Preview to users in the country in which you are resident or from which you use the service; and (B) Google issues a final release version of the Android SDK.
2025-10-13T22:57:25.6461565Z 
2025-10-13T22:57:25.6462764Z 9.5 When the License Agreement is terminated, the license granted to you in the License Agreement will terminate, you will immediately cease all use of the Preview, and the provisions of paragraphs 10, 11, 12 and 14 shall survive indefinitely.
2025-10-13T22:57:25.6464105Z 
2025-10-13T22:57:25.6464238Z 10. DISCLAIMERS
2025-10-13T22:57:25.6464440Z 
2025-10-13T22:57:25.6465299Z 10.1 YOU EXPRESSLY UNDERSTAND AND AGREE THAT YOUR USE OF THE PREVIEW IS AT YOUR SOLE RISK AND THAT THE PREVIEW IS PROVIDED "AS IS" AND "AS AVAILABLE" WITHOUT WARRANTY OF ANY KIND FROM GOOGLE.
2025-10-13T22:57:25.6466311Z 
2025-10-13T22:57:25.6469269Z 10.2 YOUR USE OF THE PREVIEW AND ANY MATERIAL DOWNLOADED OR OTHERWISE OBTAINED THROUGH THE USE OF THE PREVIEW IS AT YOUR OWN DISCRETION AND RISK AND YOU ARE SOLELY RESPONSIBLE FOR ANY DAMAGE TO YOUR COMPUTER SYSTEM OR OTHER DEVICE OR LOSS OF DATA THAT RESULTS FROM SUCH USE. WITHOUT LIMITING THE FOREGOING, YOU UNDERSTAND THAT THE PREVIEW IS NOT A STABLE RELEASE AND MAY CONTAIN ERRORS, DEFECTS AND SECURITY VULNERABILITIES THAT CAN RESULT IN SIGNIFICANT DAMAGE, INCLUDING THE COMPLETE, IRRECOVERABLE LOSS OF USE OF YOUR COMPUTER SYSTEM OR OTHER DEVICE.
2025-10-13T22:57:25.6472214Z 
2025-10-13T22:57:25.6473545Z 10.3 GOOGLE FURTHER EXPRESSLY DISCLAIMS ALL WARRANTIES AND CONDITIONS OF ANY KIND, WHETHER EXPRESS OR IMPLIED, INCLUDING, BUT NOT LIMITED TO THE IMPLIED WARRANTIES AND CONDITIONS OF MERCHANTABILITY, FITNESS FOR A PARTICULAR PURPOSE AND NON-INFRINGEMENT.
2025-10-13T22:57:25.6475011Z 
2025-10-13T22:57:25.6475167Z 11. LIMITATION OF LIABILITY
2025-10-13T22:57:25.6475425Z 
2025-10-13T22:57:25.6477734Z 11.1 YOU EXPRESSLY UNDERSTAND AND AGREE THAT GOOGLE, ITS SUBSIDIARIES AND AFFILIATES, AND ITS LICENSORS SHALL NOT BE LIABLE TO YOU UNDER ANY THEORY OF LIABILITY FOR ANY DIRECT, INDIRECT, INCIDENTAL, SPECIAL, CONSEQUENTIAL OR EXEMPLARY DAMAGES THAT MAY BE INCURRED BY YOU, INCLUDING ANY LOSS OF DATA, WHETHER OR NOT GOOGLE OR ITS REPRESENTATIVES HAVE BEEN ADVISED OF OR SHOULD HAVE BEEN AWARE OF THE POSSIBILITY OF ANY SUCH LOSSES ARISING.
2025-10-13T22:57:25.6480080Z 
2025-10-13T22:57:25.6480222Z 12. Indemnification
2025-10-13T22:57:25.6480443Z 
2025-10-13T22:57:25.6484930Z 12.1 To the maximum extent permitted by law, you agree to defend, indemnify and hold harmless Google, its affiliates and their respective directors, officers, employees and agents from and against any and all claims, actions, suits or proceedings, as well as any and all losses, liabilities, damages, costs and expenses (including reasonable attorneys’ fees) arising out of or accruing from (a) your use of the Preview, (b) any application you develop on the Preview that infringes any Intellectual Property Rights of any person or defames any person or violates their rights of publicity or privacy, and (c) any non-compliance by you of the License Agreement.
2025-10-13T22:57:25.6488563Z 
2025-10-13T22:57:25.6488748Z 13. Changes to the License Agreement
2025-10-13T22:57:25.6489048Z 
2025-10-13T22:57:25.6490237Z 13.1 Google may make changes to the License Agreement as it distributes new versions of the Preview. When these changes are made, Google will make a new version of the License Agreement available on the website where the Preview is made available.
2025-10-13T22:57:25.6491804Z 
2025-10-13T22:57:25.6491966Z 14. General Legal Terms
2025-10-13T22:57:25.6492198Z 
2025-10-13T22:57:25.6493823Z 14.1 the License Agreement constitutes the whole legal agreement between you and Google and governs your use of the Preview (excluding any services which Google may provide to you under a separate written agreement), and completely replaces any prior agreements between you and Google in relation to the Preview.
2025-10-13T22:57:25.6495561Z 
2025-10-13T22:57:25.6497083Z 14.2 You agree that if Google does not exercise or enforce any legal right or remedy which is contained in the License Agreement (or which Google has the benefit of under any applicable law), this will not be taken to be a formal waiver of Google's rights and that those rights or remedies will still be available to Google.
2025-10-13T22:57:25.6498946Z 
2025-10-13T22:57:25.6500646Z 14.3 If any court of law, having the jurisdiction to decide on this matter, rules that any provision of the License Agreement is invalid, then that provision will be removed from the License Agreement without affecting the rest of the License Agreement. The remaining provisions of the License Agreement will continue to be valid and enforceable.
2025-10-13T22:57:25.6502261Z 
2025-10-13T22:57:25.6504524Z 14.4 You acknowledge and agree that each member of the group of companies of which Google is the parent shall be third party beneficiaries to the License Agreement and that such other companies shall be entitled to directly enforce, and rely upon, any provision of the License Agreement that confers a benefit on (or rights in favor of) them. Other than this, no other person or company shall be third party beneficiaries to the License Agreement.
2025-10-13T22:57:25.6506808Z 
2025-10-13T22:57:25.6508384Z 14.5 EXPORT RESTRICTIONS. THE PREVIEW IS SUBJECT TO UNITED STATES EXPORT LAWS AND REGULATIONS. YOU MUST COMPLY WITH ALL DOMESTIC AND INTERNATIONAL EXPORT LAWS AND REGULATIONS THAT APPLY TO THE PREVIEW. THESE LAWS INCLUDE RESTRICTIONS ON DESTINATIONS, END USERS AND END USE.
2025-10-13T22:57:25.6510002Z 
2025-10-13T22:57:25.6511597Z 14.6 The License Agreement may not be assigned or transferred by you without the prior written approval of Google, and any attempted assignment without such approval will be void. You shall not delegate your responsibilities or obligations under the License Agreement without the prior written approval of Google.
2025-10-13T22:57:25.6513380Z 
2025-10-13T22:57:25.6516305Z 14.7 The License Agreement, and your relationship with Google under the License Agreement, shall be governed by the laws of the State of California without regard to its conflict of laws provisions. You and Google agree to submit to the exclusive jurisdiction of the courts located within the county of Santa Clara, California to resolve any legal matter arising from the License Agreement. Notwithstanding this, you agree that Google shall still be allowed to apply for injunctive remedies (or an equivalent type of urgent legal relief) in any jurisdiction.
2025-10-13T22:57:25.6519870Z 
2025-10-13T22:57:25.6520020Z June 2014.
2025-10-13T22:57:25.6520353Z ---------------------------------------
2025-10-13T22:57:25.6520792Z Accept? (y/N): 
2025-10-13T22:57:25.6521251Z 5/6: License google-gdk-license:
2025-10-13T22:57:25.6521679Z ---------------------------------------
2025-10-13T22:57:25.6522235Z This is a Developer Preview of the GDK that is subject to change.
2025-10-13T22:57:25.6522661Z 
2025-10-13T22:57:25.6522806Z Terms and Conditions
2025-10-13T22:57:25.6523030Z 
2025-10-13T22:57:25.6523245Z This is the Glass Development Kit License Agreement.
2025-10-13T22:57:25.6523618Z 
2025-10-13T22:57:25.6523747Z 1. Introduction
2025-10-13T22:57:25.6524020Z 
2025-10-13T22:57:25.6526159Z 1.1 The Glass Development Kit (referred to in this License Agreement as the "GDK" and specifically including the Android system files, packaged APIs, and GDK library files, if and when they are made available) is licensed to you subject to the terms of this License Agreement. This License Agreement forms a legally binding contract between you and Google in relation to your use of the GDK.
2025-10-13T22:57:25.6528490Z 
2025-10-13T22:57:25.6528873Z 1.2 "Glass" means Glass devices and the Glass software stack for use on Glass devices.
2025-10-13T22:57:25.6529401Z 
2025-10-13T22:57:25.6529408Z 
2025-10-13T22:57:25.6530433Z 1.3 "Android" means the Android software stack for devices, as made available under the Android Open Source Project, which is located at the following URL: http://source.android.com/, as updated from time to time.
2025-10-13T22:57:25.6531634Z 
2025-10-13T22:57:25.6532406Z 1.4 "Google" means Google Inc., a Delaware corporation with principal place of business at 1600 Amphitheatre Parkway, Mountain View, CA 94043, United States.
2025-10-13T22:57:25.6533322Z 
2025-10-13T22:57:25.6533491Z 2. Accepting this License Agreement
2025-10-13T22:57:25.6533791Z 
2025-10-13T22:57:25.6534426Z 2.1 In order to use the GDK, you must first agree to this License Agreement. You may not use the GDK if you do not accept this License Agreement.
2025-10-13T22:57:25.6535210Z 
2025-10-13T22:57:25.6535582Z 2.2 By clicking to accept, you hereby agree to the terms of this License Agreement.
2025-10-13T22:57:25.6536109Z 
2025-10-13T22:57:25.6537341Z 2.3 You may not use the GDK and may not accept the License Agreement if you are a person barred from receiving the GDK under the laws of the United States or other countries including the country in which you are resident or from which you use the GDK.
2025-10-13T22:57:25.6538913Z 
2025-10-13T22:57:25.6540785Z 2.4 If you are agreeing to be bound by this License Agreement on behalf of your employer or other entity, you represent and warrant that you have full legal authority to bind your employer or such entity to this License Agreement. If you do not have the requisite authority, you may not accept the License Agreement or use the GDK on behalf of your employer or other entity.
2025-10-13T22:57:25.6542760Z 
2025-10-13T22:57:25.6542931Z 3. GDK License from Google
2025-10-13T22:57:25.6543212Z 
2025-10-13T22:57:25.6544459Z 3.1 Subject to the terms of this License Agreement, Google grants you a limited, worldwide, royalty-free, non-assignable and non-exclusive license to use the GDK solely to develop applications to run on the Glass platform for Glass devices.
2025-10-13T22:57:25.6545909Z 
2025-10-13T22:57:25.6549075Z 3.2 You agree that Google or third parties own all legal right, title and interest in and to the GDK, including any Intellectual Property Rights that subsist in the GDK. "Intellectual Property Rights" means any and all rights under patent law, copyright law, trade secret law, trademark law, and any and all other proprietary rights. Google reserves all rights not expressly granted to you.
2025-10-13T22:57:25.6551198Z 
2025-10-13T22:57:25.6554366Z 3.3 You may not use the GDK for any purpose not expressly permitted by this License Agreement. Except to the extent required by applicable third party licenses, you may not: (a) copy (except for backup purposes), modify, adapt, redistribute, decompile, reverse engineer, disassemble, or create derivative works of the GDK or any part of the GDK; or (b) load any part of the GDK onto a mobile handset or wearable computing device or any other hardware device except a Glass device personal computer, combine any part of the GDK with other software, or distribute any software or device incorporating a part of the GDK.
2025-10-13T22:57:25.6558061Z 
2025-10-13T22:57:25.6559341Z 3.4 You agree that you will not take any actions that may cause or result in the fragmentation of Glass, including but not limited to distributing, participating in the creation of, or promoting in any way a software development kit derived from the GDK.
2025-10-13T22:57:25.6560767Z 
2025-10-13T22:57:25.6561822Z 3.5 Use, reproduction and distribution of components of the GDK licensed under an open source software license are governed solely by the terms of that open source software license and not this License Agreement.
2025-10-13T22:57:25.6563011Z 
2025-10-13T22:57:25.6565291Z 3.6 You agree that the form and nature of the GDK that Google provides may change without prior notice to you and that future versions of the GDK may be incompatible with applications developed on previous versions of the GDK. You agree that Google may stop (permanently or temporarily) providing the GDK (or any features within the GDK) to you or to users generally at Google's sole discretion, without prior notice to you.
2025-10-13T22:57:25.6568804Z 
2025-10-13T22:57:25.6569936Z 3.7 Nothing in this License Agreement gives you a right to use any of Google's trade names, trademarks, service marks, logos, domain names, or other distinctive brand features.
2025-10-13T22:57:25.6570939Z 
2025-10-13T22:57:25.6571885Z 3.8 You agree that you will not remove, obscure, or alter any proprietary rights notices (including copyright and trademark notices) that may be affixed to or contained within the GDK.
2025-10-13T22:57:25.6572976Z 
2025-10-13T22:57:25.6572996Z 
2025-10-13T22:57:25.6574902Z 3.9 Your use of any Android system files, packaged APIs, or other components of the GDK which are part of the Android Software Development Kit is subject to the terms of the Android Software Development Kit License Agreement located at http://developer.android.com/sdk/terms.html. These terms are hereby incorporated by reference into this License Agreement.
2025-10-13T22:57:25.6576939Z 
2025-10-13T22:57:25.6577097Z 4. Use of the GDK by You
2025-10-13T22:57:25.6577353Z 
2025-10-13T22:57:25.6578872Z 4.1 Google agrees that it obtains no right, title or interest from you (or your licensors) under this License Agreement in or to any software applications that you develop using the GDK, including any intellectual property rights that subsist in those applications.
2025-10-13T22:57:25.6580329Z 
2025-10-13T22:57:25.6582958Z 4.2 You agree to use the GDK and write applications only for purposes that are permitted by (a) this License Agreement, (b) the Glass Platform Developer Policies (located at https://developers.google.com/glass/policies, and hereby incorporated into this License Agreement by reference), and (c) any applicable law, regulation or generally accepted practices or guidelines in the relevant jurisdictions (including any laws regarding the export of data or software to and from the United States or other relevant countries).
2025-10-13T22:57:25.6585835Z 
2025-10-13T22:57:25.6590271Z 4.3 You agree that if you use the GDK to develop applications for general public users, you will protect the privacy and legal rights of those users. If the users provide you with user names, passwords, or other login information or personal information, you must make the users aware that the information will be available to your application, and you must provide legally adequate privacy notice and protection for those users. If your application stores personal or sensitive information provided by users, it must do so securely. If the user provides your application with Google Account information, your application may only use that information to access the user's Google Account when, and for the limited purposes for which, the user has given you permission to do so.
2025-10-13T22:57:25.6594795Z 
2025-10-13T22:57:25.6596470Z 4.4 You agree that you will not engage in any activity with the GDK, including the development or distribution of an application, that interferes with, disrupts, damages, or accesses in an unauthorized manner the servers, networks, or other properties or services of any third party including, but not limited to, Google.
2025-10-13T22:57:25.6598520Z 
2025-10-13T22:57:25.6600292Z 4.5 You agree that you are solely responsible for (and that Google has no responsibility to you or to any third party for) any data, content, or resources that you create, transmit or display through Glass and/or applications for Glass, and for the consequences of your actions (including any loss or damage which Google may suffer) by doing so.
2025-10-13T22:57:25.6602223Z 
2025-10-13T22:57:25.6604505Z 4.6 You agree that you are solely responsible for (and that Google has no responsibility to you or to any third party for) any breach of your obligations under this License Agreement, any applicable third party contract or Terms of Service, or any applicable law or regulation, and for the consequences (including any loss or damage which Google or any third party may suffer) of any such breach.
2025-10-13T22:57:25.6606724Z 
2025-10-13T22:57:25.6606732Z 
2025-10-13T22:57:25.6611329Z 4.7 The GDK is in development, and your testing and feedback are an important part of the development process. By using the GDK, you acknowledge that implementation of some features are still under development and that you should not rely on the GDK, Glass devices, Glass system software, Google Mirror API, or Glass services having the full functionality of a stable release.
2025-10-13T22:57:25.6613441Z 
2025-10-13T22:57:25.6613629Z 5. Your Developer Credentials
2025-10-13T22:57:25.6613936Z 
2025-10-13T22:57:25.6615392Z 5.1 You agree that you are responsible for maintaining the confidentiality of any developer credentials that may be issued to you by Google or which you may choose yourself and that you will be solely responsible for all applications that are developed under your developer credentials.
2025-10-13T22:57:25.6616983Z 
2025-10-13T22:57:25.6617138Z 6. Privacy and Information
2025-10-13T22:57:25.6617411Z 
2025-10-13T22:57:25.6617419Z 
2025-10-13T22:57:25.6620118Z 6.1 In order to continually innovate and improve the GDK, Google may collect certain usage statistics from the software including but not limited to a unique identifier, associated IP address, version number of the software, and information on which tools and/or services in the GDK are being used and how they are being used. Before any of this information is collected, the GDK will notify you and seek your consent. If you withhold consent, the information will not be collected.
2025-10-13T22:57:25.6622658Z 
2025-10-13T22:57:25.6623299Z 6.2 The data collected is examined in the aggregate to improve the GDK and is maintained in accordance with Google's Privacy Policy.
2025-10-13T22:57:25.6624172Z 
2025-10-13T22:57:25.6624351Z 7. Third Party Applications
2025-10-13T22:57:25.6624625Z 
2025-10-13T22:57:25.6627966Z 7.1 If you use the GDK to run applications developed by a third party or that access data, content or resources provided by a third party, you agree that Google is not responsible for those applications, data, content, or resources. You understand that all data, content or resources which you may access through such third party applications are the sole responsibility of the person from which they originated and that Google is not liable for any loss or damage that you may experience as a result of the use or access of any of those third party applications, data, content, or resources.
2025-10-13T22:57:25.6631096Z 
2025-10-13T22:57:25.6633597Z 7.2 You should be aware the data, content, and resources presented to you through such a third party application may be protected by intellectual property rights which are owned by the providers (or by other persons or companies on their behalf). You may not modify, rent, lease, loan, sell, distribute or create derivative works based on these data, content, or resources (either in whole or in part) unless you have been specifically given permission to do so by the relevant owners.
2025-10-13T22:57:25.6636480Z 
2025-10-13T22:57:25.6638097Z 7.3 You acknowledge that your use of such third party applications, data, content, or resources may be subject to separate terms between you and the relevant third party. In that case, this License Agreement does not affect your legal relationship with these third parties.
2025-10-13T22:57:25.6639622Z 
2025-10-13T22:57:25.6639784Z 8. Using Google APIs
2025-10-13T22:57:25.6640016Z 
2025-10-13T22:57:25.6640163Z 8.1 Google APIs
2025-10-13T22:57:25.6640368Z 
2025-10-13T22:57:25.6643006Z 8.1.1 If you use any API to retrieve data from Google, you acknowledge that the data may be protected by intellectual property rights which are owned by Google or those parties that provide the data (or by other persons or companies on their behalf). Your use of any such API may be subject to additional Terms of Service. You may not modify, rent, lease, loan, sell, distribute or create derivative works based on this data (either in whole or in part) unless allowed by the relevant Terms of Service.
2025-10-13T22:57:25.6645619Z 
2025-10-13T22:57:25.6646824Z 8.1.2 If you use any API to retrieve a user's data from Google, you acknowledge and agree that you shall retrieve data only with the user's explicit consent and only when, and for the limited purposes for which, the user has given you permission to do so.
2025-10-13T22:57:25.6648096Z 
2025-10-13T22:57:25.6648216Z 9. Terminating this License Agreement
2025-10-13T22:57:25.6648411Z 
2025-10-13T22:57:25.6648706Z 9.1 This License Agreement will continue to apply until terminated by either you or Google as set out below.
2025-10-13T22:57:25.6649082Z 
2025-10-13T22:57:25.6649430Z 9.2 If you want to terminate this License Agreement, you may do so by ceasing your use of the GDK and any relevant developer credentials.
2025-10-13T22:57:25.6649857Z 
2025-10-13T22:57:25.6651563Z 9.3 Google may at any time, terminate this License Agreement with you if: (A) you have breached any provision of this License Agreement; or (B) Google is required to do so by law; or (C) the partner with whom Google offered certain parts of GDK (such as APIs) to you has terminated its relationship with Google or ceased to offer certain parts of the GDK to you; or (D) Google decides to no longer provide the GDK or certain parts of the GDK to users in the country in which you are resident or from which you use the service, or the provision of the GDK or certain GDK services to you by Google is, in Google's sole discretion, no longer commercially viable.
2025-10-13T22:57:25.6653331Z 
2025-10-13T22:57:25.6654563Z 9.4 When this License Agreement comes to an end, all of the legal rights, obligations and liabilities that you and Google have benefited from, been subject to (or which have accrued over time whilst this License Agreement has been in force) or which are expressed to continue indefinitely, shall be unaffected by this cessation, and the provisions of paragraph 14.7 shall continue to apply to such rights, obligations and liabilities indefinitely.
2025-10-13T22:57:25.6655857Z 
2025-10-13T22:57:25.6655948Z 10. DISCLAIMER OF WARRANTIES
2025-10-13T22:57:25.6656108Z 
2025-10-13T22:57:25.6656548Z 10.1 YOU EXPRESSLY UNDERSTAND AND AGREE THAT YOUR USE OF THE GDK IS AT YOUR SOLE RISK AND THAT THE GDK IS PROVIDED "AS IS" AND "AS AVAILABLE" WITHOUT WARRANTY OF ANY KIND FROM GOOGLE.
2025-10-13T22:57:25.6657075Z 
2025-10-13T22:57:25.6658063Z 10.2 YOUR USE OF THE GDK AND ANY MATERIAL DOWNLOADED OR OTHERWISE OBTAINED THROUGH THE USE OF THE GDK IS AT YOUR OWN DISCRETION AND RISK AND YOU ARE SOLELY RESPONSIBLE FOR ANY DAMAGE TO YOUR COMPUTER SYSTEM OR OTHER DEVICE OR LOSS OF DATA THAT RESULTS FROM SUCH USE.
2025-10-13T22:57:25.6660311Z 
2025-10-13T22:57:25.6661648Z 10.3 GOOGLE FURTHER EXPRESSLY DISCLAIMS ALL WARRANTIES AND CONDITIONS OF ANY KIND, WHETHER EXPRESS OR IMPLIED, INCLUDING, BUT NOT LIMITED TO THE IMPLIED WARRANTIES AND CONDITIONS OF MERCHANTABILITY, FITNESS FOR A PARTICULAR PURPOSE AND NON-INFRINGEMENT.
2025-10-13T22:57:25.6663074Z 
2025-10-13T22:57:25.6663229Z 11. LIMITATION OF LIABILITY
2025-10-13T22:57:25.6663480Z 
2025-10-13T22:57:25.6665650Z 11.1 YOU EXPRESSLY UNDERSTAND AND AGREE THAT GOOGLE, ITS SUBSIDIARIES AND AFFILIATES, AND ITS LICENSORS SHALL NOT BE LIABLE TO YOU UNDER ANY THEORY OF LIABILITY FOR ANY DIRECT, INDIRECT, INCIDENTAL, SPECIAL, CONSEQUENTIAL OR EXEMPLARY DAMAGES THAT MAY BE INCURRED BY YOU, INCLUDING ANY LOSS OF DATA, WHETHER OR NOT GOOGLE OR ITS REPRESENTATIVES HAVE BEEN ADVISED OF OR SHOULD HAVE BEEN AWARE OF THE POSSIBILITY OF ANY SUCH LOSSES ARISING.
2025-10-13T22:57:25.6668169Z 
2025-10-13T22:57:25.6668310Z 12. Indemnification
2025-10-13T22:57:25.6668510Z 
2025-10-13T22:57:25.6672424Z 12.1 To the maximum extent permitted by law, you agree to defend, indemnify and hold harmless Google, its affiliates and their respective directors, officers, employees and agents from and against any and all claims, actions, suits or proceedings, as well as any and all losses, liabilities, damages, costs and expenses (including reasonable attorneys fees) arising out of or accruing from (a) your use of the GDK, (b) any application you develop on the GDK that infringes any copyright, trademark, trade secret, trade dress, patent or other intellectual property right of any person or defames any person or violates their rights of publicity or privacy, and (c) any non-compliance by you with this License Agreement.
2025-10-13T22:57:25.6676277Z 
2025-10-13T22:57:25.6676441Z 13. Changes to the License Agreement
2025-10-13T22:57:25.6676741Z 
2025-10-13T22:57:25.6678054Z 13.1 Google may make changes to the License Agreement as it distributes new versions of the GDK. When these changes are made, Google will make a new version of the License Agreement available on the website where the GDK is made available.
2025-10-13T22:57:25.6679395Z 
2025-10-13T22:57:25.6679534Z 14. General Legal Terms
2025-10-13T22:57:25.6679765Z 
2025-10-13T22:57:25.6681360Z 14.1 This License Agreement constitutes the whole legal agreement between you and Google and governs your use of the GDK (excluding any services which Google may provide to you under a separate written agreement), and completely replaces any prior agreements between you and Google in relation to the GDK.
2025-10-13T22:57:25.6683087Z 
2025-10-13T22:57:25.6684658Z 14.2 You agree that if Google does not exercise or enforce any legal right or remedy which is contained in this License Agreement (or which Google has the benefit of under any applicable law), this will not be taken to be a formal waiver of Google's rights and that those rights or remedies will still be available to Google.
2025-10-13T22:57:25.6686282Z 
2025-10-13T22:57:25.6689133Z 14.3 If any court of law, having the jurisdiction to decide on this matter, rules that any provision of this License Agreement is invalid, then that provision will be removed from this License Agreement without affecting the rest of this License Agreement. The remaining provisions of this License Agreement will continue to be valid and enforceable.
2025-10-13T22:57:25.6692871Z 
2025-10-13T22:57:25.6695532Z 14.4 You acknowledge and agree that each member of the group of companies of which Google is the parent shall be third party beneficiaries to this License Agreement and that such other companies shall be entitled to directly enforce, and rely upon, any provision of this License Agreement that confers a benefit on (or rights in favor of) them. Other than this, no other person or company shall be third party beneficiaries to this License Agreement.
2025-10-13T22:57:25.6698145Z 
2025-10-13T22:57:25.6699316Z 14.5 EXPORT RESTRICTIONS. THE GDK IS SUBJECT TO UNITED STATES EXPORT LAWS AND REGULATIONS. YOU MUST COMPLY WITH ALL DOMESTIC AND INTERNATIONAL EXPORT LAWS AND REGULATIONS THAT APPLY TO THE GDK. THESE LAWS INCLUDE RESTRICTIONS ON DESTINATIONS, END USERS AND END USE.
2025-10-13T22:57:25.6701074Z 
2025-10-13T22:57:25.6702936Z 14.6 The rights granted in this License Agreement may not be assigned or transferred by either you or Google without the prior written approval of the other party. Neither you nor Google shall be permitted to delegate their responsibilities or obligations under this License Agreement without the prior written approval of the other party.
2025-10-13T22:57:25.6704867Z 
2025-10-13T22:57:25.6708311Z 14.7 This License Agreement, and your relationship with Google under this License Agreement, shall be governed by the laws of the State of California without regard to its conflict of laws provisions. You and Google agree to submit to the exclusive jurisdiction of the courts located within the county of Santa Clara, California to resolve any legal matter arising from this License Agreement. Notwithstanding this, you agree that Google shall still be allowed to apply for injunctive remedies (or an equivalent type of urgent legal relief) in any jurisdiction.
2025-10-13T22:57:25.6711391Z 
2025-10-13T22:57:25.6711543Z November 19, 2013
2025-10-13T22:57:25.6711915Z ---------------------------------------
2025-10-13T22:57:25.6712360Z Accept? (y/N): 
2025-10-13T22:57:25.6712758Z 6/6: License mips-android-sysimage-license:
2025-10-13T22:57:25.6713242Z ---------------------------------------
2025-10-13T22:57:25.6716737Z MIPS Technologies, Inc. (“MIPS”) Internal Evaluation License Agreement for MIPS Android™ System Images for Android Software Development Kit (SDK): This Internal Evaluation License Agreement (this "Agreement") is entered into by and between MIPS and you (as an individual developer or a legal entity -- identified below as “Recipient”). MIPS shall make the Evaluation Software available to Recipient as described in accordance with the terms and conditions set forth below.
2025-10-13T22:57:25.6719656Z 
2025-10-13T22:57:25.6722683Z By clicking on the “Accept” button, downloading, installing, or otherwise using the Evaluation Materials (defined below), you agree to be bound by the terms of this Agreement effective as of the date you click “Accept” (the “Effective Date”), and if doing so on behalf of an entity, you represent that you are authorized to bind the entity to the terms and conditions of this Agreement. If you do not agree to be bound by the terms and conditions of this Agreement, do not download, install, or use the Evaluation Materials.
2025-10-13T22:57:25.6725436Z 
2025-10-13T22:57:25.6725738Z 1. DEFINITIONS. These terms shall have the following meanings:
2025-10-13T22:57:25.6726174Z 
2025-10-13T22:57:25.6727177Z 1.1 “MIPS” shall mean MIPS Technologies, Inc., a Delaware corporation having a principal place of business at: 955 East Arques Ave., Sunnyvale, CA 94085
2025-10-13T22:57:25.6728677Z 
2025-10-13T22:57:25.6729706Z 1.2 “Evaluation Software” shall mean MIPS Android™ emulator system images for Android Software Development Kit (SDK), as made available to Recipient.
2025-10-13T22:57:25.6730643Z 
2025-10-13T22:57:25.6732654Z 1.3 “Evaluation Materials" means, collectively, the Evaluation Software (in source and/or object code form) and documentation (including, without limitation, any design documents, specifications, reference manuals, and other related materials) related to the Evaluation Software as made available to Recipient.
2025-10-13T22:57:25.6734465Z 
2025-10-13T22:57:25.6740964Z 1.4 “Open Source Software” means any software that requires (as a condition of use, modification and/or distribution of such software) that such software or other software incorporated into, derived from or distributed with such software (a) be disclosed or distributed in source code form; or (b) be licensed by the user to third parties for the purpose of making and/or distributing derivative works; or (c) be redistributable at no charge. Open Source Software includes, without limitation, software licensed or distributed under any of the following licenses or distribution models, or licenses or distribution models substantially similar to any of the following: (a) GNU’s General Public License (GPL) or Lesser/Library GPL (LGPL), (b) the Artistic License (e.g., PERL), (c) the Mozilla Public License, (d) the Netscape Public License, (e) the Sun Community Source License (SCSL), (f) the Sun Industry Source License (SISL), (g) the Apache Software license and (h) the Common Public License (CPL).
2025-10-13T22:57:25.6746905Z 
2025-10-13T22:57:25.6749419Z 1.5 “Pre-Release Materials” means “alpha” or “beta” designated pre-release features, which may not be fully functional, which MIPS may substantially modify in producing any production version of the Evaluation Materials, and/or which is still under development by MIPS and/or MIPS’ suppliers.
2025-10-13T22:57:25.6751194Z 
2025-10-13T22:57:25.6754553Z 2. PURPOSE. MIPS desires to make the Evaluation Materials available to Recipient solely for Recipient's internal evaluation of the Evaluation Software to evaluate the desirability of cooperating with MIPS in developing products that are compatible with the Evaluation Software and/or to advise MIPS as to possible modifications to the Evaluation Software. Recipient may not disclose, distribute, modify (except to facilitate the above-mentioned internal evaluation), or make commercial use of the Evaluation Materials or any modifications of the Evaluation Materials.
2025-10-13T22:57:25.6758294Z 
2025-10-13T22:57:25.6760745Z THE EVALUATION MATERIALS ARE PROVIDED FOR EVALUATION PURPOSES ONLY AND MAY NOT BE MODIFIED (EXCEPT TO FACILITATE THE INTERNAL EVALUATION) OR DISTRIBUTED BY RECIPIENT OR INCORPORATED INTO RECIPIENT’S PRODUCTS OR SOFTWARE. PLEASE CONTACT A MIPS SALES REPRESENTATIVE TO LEARN ABOUT THE AVAILABILITY AND COST OF A COMMERCIAL VERSION OF THE EVALUATION SOFTWARE.
2025-10-13T22:57:25.6762845Z 
2025-10-13T22:57:25.6764322Z 3. TITLE. Title to the Evaluation Materials remains with MIPS or its suppliers. Recipient shall not mortgage, pledge or encumber the Evaluation Materials in any way. Recipient shall return all Evaluation Materials, keeping no copies, upon termination or expiration of this Agreement.
2025-10-13T22:57:25.6765942Z 
2025-10-13T22:57:25.6772479Z 4. LICENSE. MIPS grants Recipient a royalty-free, personal, nontransferable, nonexclusive license under its copyrights to use the Evaluation Software only for the purposes described in paragraph 2 above and only for a period beginning on the Effective Date and extending to the first anniversary of the Effective Date (the “Evaluation Period”). Unless otherwise communicated in writing by MIPS to Recipient, to the extent the Evaluation Software is provided in more than one delivery or release (each, a “Release”) the license grant in this Section 4 and the Evaluation Period shall apply to each Release, in which case the Evaluation Period shall begin on the date that the Release is made generally available and continue to the first anniversary of such date. Recipient may not make modifications to the Evaluation Software. Recipient shall not disassemble, reverse-engineer, or decompile any software that is not provided to Recipient in source code form.
2025-10-13T22:57:25.6778101Z 
2025-10-13T22:57:25.6778110Z 
2025-10-13T22:57:25.6779860Z EXCEPT AS PROVIDED HEREIN, NO OTHER LICENSE, EXPRESS OR IMPLIED, BY ESTOPPEL OR OTHERWISE, TO ANY OTHER MIPS INTELLECTUAL PROPERTY RIGHTS IS GRANTED TO THE RECIPIENT. OTHER THAN AS EXPLICITLY SET FORTH IN PARAGRAPH 2 ABOVE, NO RIGHT TO COPY, TO REPRODUCE, TO MODIFY, OR TO CREATE DERIVATIVE WORKS OF, THE EVALUATION MATERIALS IS GRANTED HEREIN.
2025-10-13T22:57:25.6781720Z 
2025-10-13T22:57:25.6783015Z 5. NO OBLIGATION. Recipient shall have no duty to purchase or license any product from MIPS. MIPS and its suppliers shall have no obligation to provide support for, or develop a non-evaluation version of, the Evaluation Software or to license any version of it.
2025-10-13T22:57:25.6784472Z 
2025-10-13T22:57:25.6790895Z 6. MODIFICATIONS. This Agreement does not obligate Recipient to provide MIPS with comments or suggestions regarding Evaluation Materials. However, should Recipient provide MIPS with comments or suggestions for the modification, correction, improvement or enhancement of (a) the Evaluation Materials or (b) MIPS products or processes which may embody the Evaluation Materials, then Recipient agrees to grant and hereby grants to MIPS a non-exclusive, irrevocable, worldwide, fully paid-up, royalty-free license, with the right to sublicense MIPS’ licensees and customers, under Recipient’s Intellectual property rights, to use and disclose such comments and suggestions in any manner MIPS chooses and to display, perform, copy, make, have made, use, sell, offer to sell, import, and otherwise dispose of MIPS’ and its sublicensee’s products embodying such comments and suggestions in any manner and via any media MIPS chooses, without reference to the source.
2025-10-13T22:57:25.6796423Z 
2025-10-13T22:57:25.6799724Z 7. WARRANTY DISCLAIMER. MIPS AND ITS SUPPLIERS MAKE NO WARRANTIES WITH RESPECT TO EVALUATION MATERIALS, EITHER EXPRESS OR IMPLIED, INCLUDING ANY IMPLIED WARRANTIES OF MERCHANTABILITY OR FITNESS FOR A PARTICULAR PURPOSE, OR ANY IMPLIED WARRANTY OF NONINFRINGEMENT WITH RESPECT TO THIRD PARTY INTELLECTUAL PROPERTY. RECIPIENT ACKNOWLEDGES AND AGREES THAT THE EVALUATION MATERIALS ARE PROVIDED “AS IS,” WITHOUT WARRANTY OF ANY KIND.
2025-10-13T22:57:25.6802249Z 
2025-10-13T22:57:25.6805313Z 8. LIMITATION OF LIABILITY. MIPS AND ITS SUPPLIERS SHALL NOT BE LIABLE FOR ANY PROPERTY DAMAGE, PERSONAL INJURY, LOSS OF PROFITS, INTERRUPTION OF BUSINESS OR FOR ANY DIRECT, INDIRECT, SPECIAL, CONSEQUENTIAL OR INCIDENTAL DAMAGES, HOWEVER CAUSED OR ALLEGED, WHETHER FOR BREACH OF WARRANTY, CONTRACT, STRICT LIABILITY OR OTHERWISE, INCLUDING WITHOUT LIMITATION, UNDER TORT OR OTHER LEGAL THEORY. MIPS AND ITS SUPPLIERS DISCLAIM ANY AND ALL LIABILITY, INCLUDING LIABILITY FOR INFRINGEMENT OF ANY INTELLECTUAL PROPERTY RIGHTS OF ANY KIND RELATING TO THE EVALUATION MATERIALS.
2025-10-13T22:57:25.6808689Z 
2025-10-13T22:57:25.6809924Z 9. EXPIRATION. MIPS may terminate this Agreement immediately after a breach by Recipient or otherwise at MIPS’ reasonable discretion and upon five (5) business days’ notice to Recipient.
2025-10-13T22:57:25.6811042Z 
2025-10-13T22:57:25.6811189Z 10. GENERAL.
2025-10-13T22:57:25.6811375Z 
2025-10-13T22:57:25.6816821Z 10.1 Controlling Law. This Agreement shall be governed by California law excluding its choice of law rules. With the exception of MIPS’ rights to enforce its intellectual property rights and any confidentiality obligations under this Agreement or any licenses distributed with the Evaluation Materials, all disputes and any claims arising under or relating to this Agreement shall be subject to the exclusive jurisdiction and venue of the state and federal courts located in Santa Clara County, California. Each party hereby agrees to jurisdiction and venue in the courts set forth in the preceding sentence. The parties agree that the United Nations Convention on Contracts for the International Sale of Goods is specifically excluded from application to this Agreement. The parties consent to the personal jurisdiction of the above courts.
2025-10-13T22:57:25.6821594Z 
2025-10-13T22:57:25.6824238Z 10.2 Remedies. Recipient acknowledges and agrees that any breach of confidentiality obligations under this Agreement or any licenses distributed with the Evaluation Materials, as well as any disclosure, commercialization, or public use of the Evaluation Materials, would cause irreparable injury to MIPS, and therefore Recipient agrees to consent to, and hereby consents to, the grant of an injunction by any court of competent jurisdiction in the event of an actual or threatened breach.
2025-10-13T22:57:25.6826971Z 
2025-10-13T22:57:25.6830456Z 10.3 Assignment. Recipient may not delegate, assign or transfer this Agreement, the license granted or any of Recipient’s rights, obligations, or duties hereunder, expressly, by implication, by operation of law, by way of merger (regardless of whether Recipient is the surviving entity) or acquisition, or otherwise and any attempt to do so, without MIPS’ express prior written consent, shall be ineffective, null and void. MIPS may freely assign this Agreement, and its rights and obligations hereunder, in its sole discretion.
2025-10-13T22:57:25.6833488Z 
2025-10-13T22:57:25.6835950Z 10.4 Entire Agreement. This Agreement constitutes the entire agreement between Recipient and MIPS and supersedes in their entirety any and all oral or written agreements previously existing between Recipient and MIPS with respect to the subject matter hereof. This Agreement may only be amended or supplemented by a writing that refers explicitly to this Agreement and that is signed or otherwise accepted by duly authorized representatives of Recipient and MIPS.
2025-10-13T22:57:25.6838689Z 
2025-10-13T22:57:25.6841274Z 10.5 Severability. In the event that any provision of this Agreement is finally adjudicated to be unenforceable or invalid under any applicable law, such unenforceability or invalidity shall not render this Agreement unenforceable or invalid as a whole, and, in such event, such unenforceable or invalid provision shall be interpreted so as to best accomplish the objectives of such provision within the limits of applicable law or applicable court decisions.
2025-10-13T22:57:25.6843853Z 
2025-10-13T22:57:25.6851662Z 10.6 Export Regulations / Export Control. Recipient shall not export, either directly or indirectly, any product, service or technical data or system incorporating the Evaluation Materials without first obtaining any required license or other necessary approval from the U.S. Department of Commerce or any other governing agency or department of the United States Government. In the event any product is exported from the United States or re-exported from a foreign destination by Recipient, Recipient shall ensure that the distribution and export/re-export or import of the product is in compliance with all applicable laws, regulations, orders, or other restrictions of the U.S. Export Administration Regulations and the appropriate foreign government. Recipient agrees that neither it nor any of its subsidiaries will export/re-export any technical data, process, product, or service, directly or indirectly, to any country for which the United States government or any agency thereof or the foreign government from where it is shipping requires an export license, or other governmental approval, without first obtaining such license or approval. Recipient also agrees to implement measures to ensure that foreign national employees are authorized to receive any information controlled by U.S. export control laws. An export is "deemed" to take place when information is released to a foreign national wherever located.
2025-10-13T22:57:25.6859794Z 
2025-10-13T22:57:25.6865718Z 10.7 Special Terms for Pre-Release Materials. If so indicated in the description of the Evaluation Software, the Evaluation Software may contain Pre-Release Materials. Recipient hereby understands, acknowledges and agrees that: (i) Pre-Release Materials may not be fully tested and may contain bugs or errors; (ii) Pre-Release materials are not suitable for commercial release in their current state; (iii) regulatory approvals for Pre-Release Materials (such as UL or FCC) have not been obtained, and Pre-Release Materials may therefore not be certified for use in certain countries or environments or may not be suitable for certain applications and (iv) MIPS can provide no assurance that it will ever produce or make generally available a production version of the Pre-Release Materials . MIPS is not under any obligation to develop and/or release or offer for sale or license a final product based upon the Pre-Release Materials and may unilaterally elect to abandon the Pre-Release Materials or any such development platform at any time and without any obligation or liability whatsoever to Recipient or any other person.
2025-10-13T22:57:25.6871780Z 
2025-10-13T22:57:25.6872944Z ANY PRE-RELEASE MATERIALS ARE NON-QUALIFIED AND, AS SUCH, ARE PROVIDED “AS IS” AND “AS AVAILABLE”, POSSIBLY WITH FAULTS, AND WITHOUT REPRESENTATION OR WARRANTY OF ANY KIND.
2025-10-13T22:57:25.6874184Z 
2025-10-13T22:57:25.6877435Z 10.8 Open Source Software. In the event Open Source software is included with Evaluation Software, such Open Source software is licensed pursuant to the applicable Open Source software license agreement identified in the Open Source software comments in the applicable source code file(s) and/or file header as indicated in the Evaluation Software. Additional detail may be available (where applicable) in the accompanying on-line documentation. With respect to the Open Source software, nothing in this Agreement limits any rights under, or grants rights that supersede, the terms of any applicable Open Source software license agreement.
2025-10-13T22:57:25.6881356Z ---------------------------------------
2025-10-13T22:57:25.6881856Z Accept? (y/N): All SDK package licenses accepted
2025-10-13T22:57:25.6882216Z 
2025-10-13T22:57:25.6882579Z [command]/usr/local/lib/android/sdk/cmdline-tools/16.0/bin/sdkmanager tools
2025-10-13T22:57:26.6602796Z Loading package information...                                                  
2025-10-13T22:57:26.8103756Z Loading local repository...                                                     
2025-10-13T22:57:26.8111880Z [                                       ] 3% Loading local repository...        
2025-10-13T22:57:26.8240139Z [                                       ] 3% Fetch remote repository...         
2025-10-13T22:57:27.2990218Z [=                                      ] 3% Fetch remote repository...         
2025-10-13T22:57:27.3678498Z [=                                      ] 4% Fetch remote repository...         
2025-10-13T22:57:27.4028450Z [=                                      ] 5% Fetch remote repository...         
2025-10-13T22:57:27.4708161Z [==                                     ] 5% Fetch remote repository...         
2025-10-13T22:57:27.5560618Z [==                                     ] 6% Fetch remote repository...         
2025-10-13T22:57:27.6590759Z [==                                     ] 7% Fetch remote repository...         
2025-10-13T22:57:27.6591404Z [==                                     ] 7% Computing updates...               
2025-10-13T22:57:27.6838266Z [===                                    ] 8% Computing updates...               
2025-10-13T22:57:27.7121630Z [===                                    ] 10% Computing updates...              
2025-10-13T22:57:28.1936926Z [===                                    ] 10% Installing Android Emulator       
2025-10-13T22:57:28.3671697Z [===                                    ] 10% Downloading emulator-linux_x64-142
2025-10-13T22:57:28.6754150Z [====                                   ] 10% Downloading emulator-linux_x64-142
2025-10-13T22:57:28.9568245Z [====                                   ] 11% Downloading emulator-linux_x64-142
2025-10-13T22:57:29.2038579Z [====                                   ] 12% Downloading emulator-linux_x64-142
2025-10-13T22:57:29.4362458Z [=====                                  ] 13% Downloading emulator-linux_x64-142
2025-10-13T22:57:29.6425487Z [=====                                  ] 14% Downloading emulator-linux_x64-142
2025-10-13T22:57:29.7582305Z [=====                                  ] 15% Downloading emulator-linux_x64-142
2025-10-13T22:57:29.8675689Z [======                                 ] 15% Downloading emulator-linux_x64-142
2025-10-13T22:57:30.1050849Z [======                                 ] 16% Downloading emulator-linux_x64-142
2025-10-13T22:57:30.3199929Z [======                                 ] 17% Downloading emulator-linux_x64-142
2025-10-13T22:57:30.5836115Z [=======                                ] 18% Downloading emulator-linux_x64-142
2025-10-13T22:57:30.8741691Z [=======                                ] 19% Downloading emulator-linux_x64-142
2025-10-13T22:57:30.9754048Z [=======                                ] 20% Downloading emulator-linux_x64-142
2025-10-13T22:57:31.3353145Z [========                               ] 20% Downloading emulator-linux_x64-142
2025-10-13T22:57:31.5136397Z [========                               ] 21% Downloading emulator-linux_x64-142
2025-10-13T22:57:31.6461438Z [========                               ] 21% Unzipping...                      
2025-10-13T22:57:31.6478116Z [========                               ] 21% Unzipping... emulator/            
2025-10-13T22:57:31.6479536Z [========                               ] 21% Unzipping... emulator/NOTICE.csv  
2025-10-13T22:57:31.6480513Z [========                               ] 21% Unzipping... emulator/bin64/      
2025-10-13T22:57:31.6481727Z [========                               ] 21% Unzipping... emulator/android-info
2025-10-13T22:57:31.6559020Z [========                               ] 21% Unzipping... emulator/NOTICE.txt  
2025-10-13T22:57:31.6559790Z [========                               ] 21% Unzipping... emulator/qemu/       
2025-10-13T22:57:31.6700009Z [========                               ] 21% Unzipping... emulator/mksdcard    
2025-10-13T22:57:31.6718756Z [========                               ] 21% Unzipping... emulator/lib64/      
2025-10-13T22:57:31.7328063Z [========                               ] 21% Unzipping... emulator/qsn         
2025-10-13T22:57:31.7640654Z [========                               ] 21% Unzipping... emulator/crashreport 
2025-10-13T22:57:31.8060708Z [========                               ] 21% Unzipping... emulator/crashpad_han
2025-10-13T22:57:31.8080157Z [========                               ] 21% Unzipping... emulator/lib/        
2025-10-13T22:57:31.8408847Z [========                               ] 21% Unzipping... emulator/emulator-che
2025-10-13T22:57:31.8545887Z [========                               ] 21% Unzipping... emulator/qemu-img    
2025-10-13T22:57:31.8568906Z [========                               ] 21% Unzipping... emulator/LICENSE     
2025-10-13T22:57:31.8569814Z [========                               ] 21% Unzipping... emulator/source.prope
2025-10-13T22:57:31.8571052Z [========                               ] 21% Unzipping... emulator/resources/  
2025-10-13T22:57:31.8668122Z [========                               ] 21% Unzipping... emulator/nimble_bridg
2025-10-13T22:57:31.9168013Z [========                               ] 22% Unzipping... emulator/nimble_bridg
2025-10-13T22:57:32.0655811Z [========                               ] 22% Unzipping... emulator/netsimd     
2025-10-13T22:57:32.0656670Z [========                               ] 22% Unzipping... emulator/include/    
2025-10-13T22:57:32.0809679Z [========                               ] 22% Unzipping... emulator/emulator    
2025-10-13T22:57:32.0823061Z [========                               ] 22% Unzipping... emulator/bin64/mkfs.e
2025-10-13T22:57:32.0872295Z [========                               ] 22% Unzipping... emulator/bin64/e2fsck
2025-10-13T22:57:32.0891346Z [========                               ] 22% Unzipping... emulator/bin64/resize
2025-10-13T22:57:32.0947852Z [========                               ] 22% Unzipping... emulator/bin64/fsck.e
2025-10-13T22:57:32.0978021Z [========                               ] 22% Unzipping... emulator/bin64/tune2f
2025-10-13T22:57:32.2857488Z [========                               ] 22% Unzipping... emulator/qemu/linux-x
2025-10-13T22:57:32.6484779Z [=========                              ] 23% Unzipping... emulator/qemu/linux-x
2025-10-13T22:57:32.9982888Z [=========                              ] 24% Unzipping... emulator/qemu/linux-x
2025-10-13T22:57:33.1785632Z [=========                              ] 25% Unzipping... emulator/qemu/linux-x
2025-10-13T22:57:33.5107022Z [==========                             ] 25% Unzipping... emulator/qemu/linux-x
2025-10-13T22:57:33.5110006Z [==========                             ] 25% Unzipping... emulator/lib64/libemu
2025-10-13T22:57:33.6612167Z [==========                             ] 25% Unzipping... emulator/lib64/liband
2025-10-13T22:57:33.6614616Z [==========                             ] 25% Unzipping... emulator/lib64/gles_a
2025-10-13T22:57:33.6697887Z [==========                             ] 25% Unzipping... emulator/lib64/libgfx
2025-10-13T22:57:33.7335118Z [==========                             ] 26% Unzipping... emulator/lib64/libgfx
2025-10-13T22:57:33.7473165Z [==========                             ] 26% Unzipping... emulator/lib64/libpro
2025-10-13T22:57:33.7474034Z [==========                             ] 26% Unzipping... emulator/lib64/qt/   
2025-10-13T22:57:33.7480321Z [==========                             ] 26% Unzipping... emulator/lib64/liband
2025-10-13T22:57:33.7612511Z [==========                             ] 26% Unzipping... emulator/lib64/libpro
2025-10-13T22:57:33.7779189Z [==========                             ] 26% Unzipping... emulator/lib64/liband
2025-10-13T22:57:33.7781459Z [==========                             ] 26% Unzipping... emulator/lib64/libima
2025-10-13T22:57:33.7783494Z [==========                             ] 26% Unzipping... emulator/lib64/gles_m
2025-10-13T22:57:33.7796988Z [==========                             ] 26% Unzipping... emulator/lib64/libtcm
2025-10-13T22:57:33.7834831Z [==========                             ] 26% Unzipping... emulator/lib64/liband
2025-10-13T22:57:33.7844129Z [==========                             ] 26% Unzipping... emulator/lib64/libdrm
2025-10-13T22:57:33.8093305Z [==========                             ] 26% Unzipping... emulator/lib64/liband
2025-10-13T22:57:33.8144680Z [==========                             ] 26% Unzipping... emulator/lib64/libc++
2025-10-13T22:57:33.8371462Z [==========                             ] 26% Unzipping... emulator/lib64/liband
2025-10-13T22:57:33.8480478Z [==========                             ] 26% Unzipping... emulator/lib64/libsha
2025-10-13T22:57:33.8481103Z [==========                             ] 26% Unzipping... emulator/lib64/gles_s
2025-10-13T22:57:33.8516108Z [==========                             ] 26% Unzipping... emulator/lib64/libabs
2025-10-13T22:57:33.8524953Z [==========                             ] 26% Unzipping... emulator/lib64/liband
2025-10-13T22:57:33.8608311Z [==========                             ] 26% Unzipping... emulator/lib64/libzst
2025-10-13T22:57:33.8708183Z [==========                             ] 26% Unzipping... emulator/lib64/libgli
2025-10-13T22:57:33.8710420Z [==========                             ] 26% Unzipping... emulator/lib64/vulkan
2025-10-13T22:57:33.8780314Z [==========                             ] 26% Unzipping... emulator/lib64/libc++
2025-10-13T22:57:33.9384617Z [==========                             ] 26% Unzipping... emulator/lib64/gles_a
2025-10-13T22:57:33.9389963Z [==========                             ] 26% Unzipping... emulator/lib64/qt/lib
2025-10-13T22:57:33.9391392Z [==========                             ] 26% Unzipping... emulator/lib64/qt/plu
2025-10-13T22:57:33.9392700Z [==========                             ] 26% Unzipping... emulator/lib64/qt/tra
2025-10-13T22:57:33.9393956Z [==========                             ] 26% Unzipping... emulator/lib64/qt/res
2025-10-13T22:57:33.9676563Z [==========                             ] 26% Unzipping... emulator/lib64/qt/lib
2025-10-13T22:57:34.4118816Z [==========                             ] 27% Unzipping... emulator/lib64/qt/lib
2025-10-13T22:57:34.7914325Z [===========                            ] 28% Unzipping... emulator/lib64/qt/lib
2025-10-13T22:57:35.1705803Z [===========                            ] 29% Unzipping... emulator/lib64/qt/lib
2025-10-13T22:57:35.7589562Z [===========                            ] 30% Unzipping... emulator/lib64/qt/lib
2025-10-13T22:57:35.7716376Z [===========                            ] 30% Unzipping... emulator/lib64/qt/plu
2025-10-13T22:57:36.0467957Z [===========                            ] 30% Unzipping... emulator/lib64/qt/tra
2025-10-13T22:57:36.0515555Z [===========                            ] 30% Unzipping... emulator/lib64/qt/res
2025-10-13T22:57:36.1233522Z [============                           ] 30% Unzipping... emulator/lib64/qt/res
2025-10-13T22:57:36.1294526Z [============                           ] 30% Unzipping... emulator/lib64/gles_m
2025-10-13T22:57:36.3147929Z [============                           ] 31% Unzipping... emulator/lib64/gles_m
2025-10-13T22:57:36.3839647Z [============                           ] 31% Unzipping... emulator/lib64/gles_s
2025-10-13T22:57:36.4943101Z [============                           ] 31% Unzipping... emulator/lib64/vulkan
2025-10-13T22:57:36.7531937Z [============                           ] 32% Unzipping... emulator/lib64/vulkan
2025-10-13T22:57:36.7533004Z [============                           ] 32% Unzipping... emulator/lib/ice_conf
2025-10-13T22:57:36.7533934Z [============                           ] 32% Unzipping... emulator/lib/emulator
2025-10-13T22:57:36.7534762Z [============                           ] 32% Unzipping... emulator/lib/rtc_serv
2025-10-13T22:57:36.7535328Z [============                           ] 32% Unzipping... emulator/lib/pc-bios/
2025-10-13T22:57:36.7536144Z [============                           ] 32% Unzipping... emulator/lib/cmake/  
2025-10-13T22:57:36.7536682Z [============                           ] 32% Unzipping... emulator/lib/snapshot
2025-10-13T22:57:36.7537217Z [============                           ] 32% Unzipping... emulator/lib/pkgconfi
2025-10-13T22:57:36.7537906Z [============                           ] 32% Unzipping... emulator/lib/emulator
2025-10-13T22:57:36.7856759Z [============                           ] 32% Unzipping... emulator/lib/libflatb
2025-10-13T22:57:36.7861527Z [============                           ] 32% Unzipping... emulator/lib/snapshot
2025-10-13T22:57:36.7863244Z [============                           ] 32% Unzipping... emulator/lib/control_
2025-10-13T22:57:36.7868655Z [============                           ] 32% Unzipping... emulator/lib/emulated
2025-10-13T22:57:36.7871328Z [============                           ] 32% Unzipping... emulator/lib/grpc_end
2025-10-13T22:57:36.7874473Z [============                           ] 32% Unzipping... emulator/lib/emu-orig
2025-10-13T22:57:36.7893036Z [============                           ] 32% Unzipping... emulator/lib/ca-bundl
2025-10-13T22:57:36.7900141Z [============                           ] 32% Unzipping... emulator/lib/hostapd.
2025-10-13T22:57:36.7910169Z [============                           ] 32% Unzipping... emulator/lib/rtc_serv
2025-10-13T22:57:36.7910925Z [============                           ] 32% Unzipping... emulator/lib/hardware
2025-10-13T22:57:36.7924402Z [============                           ] 32% Unzipping... emulator/lib/advanced
2025-10-13T22:57:36.7929338Z [============                           ] 32% Unzipping... emulator/lib/ui_contr
2025-10-13T22:57:36.7929921Z [============                           ] 32% Unzipping... emulator/lib/waterfal
2025-10-13T22:57:36.7932509Z [============                           ] 32% Unzipping... emulator/lib/adb_serv
2025-10-13T22:57:36.7937326Z [============                           ] 32% Unzipping... emulator/lib/emulator
2025-10-13T22:57:36.9545449Z [============                           ] 32% Unzipping... emulator/lib/pc-bios/
2025-10-13T22:57:36.9555866Z [============                           ] 32% Unzipping... emulator/lib/cmake/fl
2025-10-13T22:57:36.9559523Z [============                           ] 32% Unzipping... emulator/lib/pkgconfi
2025-10-13T22:57:36.9881545Z [============                           ] 32% Unzipping... emulator/resources/To
2025-10-13T22:57:36.9883826Z [============                           ] 32% Unzipping... emulator/resources/ma
2025-10-13T22:57:36.9888283Z [============                           ] 32% Unzipping... emulator/resources/po
2025-10-13T22:57:36.9960257Z [============                           ] 32% Unzipping... emulator/resources/ma
2025-10-13T22:57:37.0130780Z [============                           ] 32% Unzipping... emulator/include/flat
2025-10-13T22:57:37.1069199Z [=============                          ] 33% Unzipping... emulator/include/flat
2025-10-13T22:57:38.0790619Z [=====================                  ] 55% Unzipping... emulator/include/flat
2025-10-13T22:57:38.1379280Z [=====================                  ] 55% Installing Android SDK Tools emula
2025-10-13T22:57:38.1663150Z [=====================                  ] 55% Downloading sdk-tools-linux-433379
2025-10-13T22:57:38.2057239Z [======================                 ] 55% Downloading sdk-tools-linux-433379
2025-10-13T22:57:38.3201577Z [======================                 ] 56% Downloading sdk-tools-linux-433379
2025-10-13T22:57:38.4498736Z [======================                 ] 57% Downloading sdk-tools-linux-433379
2025-10-13T22:57:38.5539285Z [=======================                ] 58% Downloading sdk-tools-linux-433379
2025-10-13T22:57:38.6525307Z [=======================                ] 59% Downloading sdk-tools-linux-433379
2025-10-13T22:57:38.7236426Z [=======================                ] 60% Downloading sdk-tools-linux-433379
2025-10-13T22:57:38.7713407Z [========================               ] 60% Downloading sdk-tools-linux-433379
2025-10-13T22:57:38.9139417Z [========================               ] 61% Downloading sdk-tools-linux-433379
2025-10-13T22:57:39.0152912Z [========================               ] 62% Downloading sdk-tools-linux-433379
2025-10-13T22:57:39.1198375Z [=========================              ] 63% Downloading sdk-tools-linux-433379
2025-10-13T22:57:39.2635456Z [=========================              ] 64% Downloading sdk-tools-linux-433379
2025-10-13T22:57:39.3172818Z [=========================              ] 65% Downloading sdk-tools-linux-433379
2025-10-13T22:57:39.3717882Z [==========================             ] 65% Downloading sdk-tools-linux-433379
2025-10-13T22:57:39.5159619Z [==========================             ] 66% Downloading sdk-tools-linux-433379
2025-10-13T22:57:39.5985163Z [==========================             ] 66% Unzipping... emulator/include/flat
2025-10-13T22:57:39.6006490Z [==========================             ] 66% Unzipping... tools/               
2025-10-13T22:57:39.6007167Z [==========================             ] 66% Unzipping... tools/proguard/      
2025-10-13T22:57:39.6007923Z [==========================             ] 66% Unzipping... tools/proguard/licens
2025-10-13T22:57:39.6008520Z [==========================             ] 66% Unzipping... tools/proguard/lib/  
2025-10-13T22:57:39.6137190Z [==========================             ] 66% Unzipping... tools/proguard/lib/pr
2025-10-13T22:57:39.6146145Z [==========================             ] 66% Unzipping... tools/proguard/lib/re
2025-10-13T22:57:39.6155871Z [==========================             ] 66% Unzipping... tools/proguard/lib/pr
2025-10-13T22:57:39.6158432Z [==========================             ] 66% Unzipping... tools/proguard/ant/  
2025-10-13T22:57:39.6168854Z [==========================             ] 66% Unzipping... tools/proguard/ant/ta
2025-10-13T22:57:39.6175417Z [==========================             ] 66% Unzipping... tools/proguard/docs/ 
2025-10-13T22:57:39.6180486Z [==========================             ] 66% Unzipping... tools/proguard/docs/f
2025-10-13T22:57:39.6181134Z [==========================             ] 66% Unzipping... tools/proguard/docs/s
2025-10-13T22:57:39.6192181Z [==========================             ] 66% Unzipping... tools/proguard/docs/d
2025-10-13T22:57:39.6204102Z [==========================             ] 66% Unzipping... tools/proguard/docs/s
2025-10-13T22:57:39.6205103Z [==========================             ] 66% Unzipping... tools/proguard/docs/F
2025-10-13T22:57:39.6210272Z [==========================             ] 66% Unzipping... tools/proguard/docs/s
2025-10-13T22:57:39.6212766Z [==========================             ] 66% Unzipping... tools/proguard/docs/l
2025-10-13T22:57:39.6217149Z [==========================             ] 66% Unzipping... tools/proguard/docs/s
2025-10-13T22:57:39.6242980Z [==========================             ] 66% Unzipping... tools/proguard/docs/d
2025-10-13T22:57:39.6243659Z [==========================             ] 66% Unzipping... tools/proguard/docs/s
2025-10-13T22:57:39.6255526Z [==========================             ] 66% Unzipping... tools/proguard/docs/r
2025-10-13T22:57:39.6256168Z [==========================             ] 66% Unzipping... tools/proguard/docs/d
2025-10-13T22:57:39.6256781Z [==========================             ] 66% Unzipping... tools/proguard/docs/t
2025-10-13T22:57:39.6257391Z [==========================             ] 66% Unzipping... tools/proguard/docs/f
2025-10-13T22:57:39.6268342Z [==========================             ] 66% Unzipping... tools/proguard/docs/s
2025-10-13T22:57:39.6279046Z [==========================             ] 66% Unzipping... tools/proguard/docs/t
2025-10-13T22:57:39.6291672Z [==========================             ] 66% Unzipping... tools/proguard/docs/i
2025-10-13T22:57:39.6296635Z [==========================             ] 66% Unzipping... tools/proguard/docs/s
2025-10-13T22:57:39.6304008Z [==========================             ] 66% Unzipping... tools/proguard/docs/m
2025-10-13T22:57:39.6304856Z [==========================             ] 66% Unzipping... tools/proguard/docs/s
2025-10-13T22:57:39.6305442Z [==========================             ] 66% Unzipping... tools/proguard/docs/q
2025-10-13T22:57:39.6306002Z [==========================             ] 66% Unzipping... tools/proguard/docs/G
2025-10-13T22:57:39.6306572Z [==========================             ] 66% Unzipping... tools/proguard/docs/t
2025-10-13T22:57:39.6317028Z [==========================             ] 66% Unzipping... tools/proguard/docs/s
2025-10-13T22:57:39.6372531Z [==========================             ] 66% Unzipping... tools/proguard/docs/m
2025-10-13T22:57:39.6384940Z [==========================             ] 66% Unzipping... tools/proguard/docs/s
2025-10-13T22:57:39.6385754Z [==========================             ] 66% Unzipping... tools/proguard/docs/G
2025-10-13T22:57:39.6391432Z [==========================             ] 66% Unzipping... tools/proguard/docs/c
2025-10-13T22:57:39.6400604Z [==========================             ] 66% Unzipping... tools/proguard/docs/a
2025-10-13T22:57:39.6405247Z [==========================             ] 66% Unzipping... tools/proguard/docs/s
2025-10-13T22:57:39.6405892Z [==========================             ] 66% Unzipping... tools/proguard/docs/d
2025-10-13T22:57:39.6504416Z [==========================             ] 66% Unzipping... tools/proguard/exampl
2025-10-13T22:57:39.6505059Z [==========================             ] 66% Unzipping... tools/proguard/bin/  
2025-10-13T22:57:39.6505678Z [==========================             ] 66% Unzipping... tools/proguard/bin/pr
2025-10-13T22:57:39.6542263Z [==========================             ] 66% Unzipping... tools/proguard/bin/re
2025-10-13T22:57:39.6547381Z [==========================             ] 66% Unzipping... tools/proguard/README
2025-10-13T22:57:39.6552990Z [==========================             ] 66% Unzipping... tools/proguard/progua
2025-10-13T22:57:39.6562508Z [==========================             ] 66% Unzipping... tools/lib/           
2025-10-13T22:57:39.6580920Z [==========================             ] 66% Unzipping... tools/lib/bcpkix-jdk1
2025-10-13T22:57:39.6585790Z [==========================             ] 66% Unzipping... tools/lib/org-eclipse
2025-10-13T22:57:39.6593294Z [==========================             ] 66% Unzipping... tools/lib/manifest-me
2025-10-13T22:57:39.6599956Z [==========================             ] 66% Unzipping... tools/lib/jcommander-
2025-10-13T22:57:39.6625612Z [==========================             ] 66% Unzipping... tools/lib/gson-2.3.ja
2025-10-13T22:57:39.6631512Z [==========================             ] 66% Unzipping... tools/lib/ddms-26.0.0
2025-10-13T22:57:39.6632111Z [==========================             ] 66% Unzipping... tools/lib/asm-tree-5.
2025-10-13T22:57:39.6705137Z [==========================             ] 66% Unzipping... tools/lib/uast-26.0.0
2025-10-13T22:57:39.6720926Z [==========================             ] 66% Unzipping... tools/lib/dexlib2-2.2
2025-10-13T22:57:39.6762720Z [==========================             ] 67% Unzipping... tools/lib/dexlib2-2.2
2025-10-13T22:57:39.6770592Z [==========================             ] 67% Unzipping... tools/lib/android.el 
2025-10-13T22:57:39.6776279Z [==========================             ] 67% Unzipping... tools/lib/apkanalyzer
2025-10-13T22:57:39.6941881Z [==========================             ] 67% Unzipping... tools/lib/guava-22.0.
2025-10-13T22:57:39.6972621Z [==========================             ] 67% Unzipping... tools/lib/lint-api-26
2025-10-13T22:57:39.6984372Z [==========================             ] 67% Unzipping... tools/lib/baksmali-2.
2025-10-13T22:57:39.6992892Z [==========================             ] 67% Unzipping... tools/lib/shared.jar 
2025-10-13T22:57:39.6999371Z [==========================             ] 67% Unzipping... tools/lib/jsr305-1.3.
2025-10-13T22:57:39.7033779Z [==========================             ] 67% Unzipping... tools/lib/httpclient-
2025-10-13T22:57:39.7171887Z [==========================             ] 67% Unzipping... tools/lib/ecj-4.6.1.j
2025-10-13T22:57:39.7180454Z [==========================             ] 67% Unzipping... tools/lib/jobb-26.0.0
2025-10-13T22:57:39.7194038Z [==========================             ] 67% Unzipping... tools/lib/jcommon-1.0
2025-10-13T22:57:39.7199835Z [==========================             ] 67% Unzipping... tools/lib/kxml2-2.3.0
2025-10-13T22:57:39.7270508Z [==========================             ] 67% Unzipping... tools/lib/jfreechart-
2025-10-13T22:57:39.7285594Z [==========================             ] 67% Unzipping... tools/lib/common-26.0
2025-10-13T22:57:39.7338934Z [==========================             ] 67% Unzipping... tools/lib/lint-checks
2025-10-13T22:57:39.7490553Z [==========================             ] 67% Unzipping... tools/lib/kotlin-refl
2025-10-13T22:57:39.7491192Z [==========================             ] 67% Unzipping... tools/lib/builder-mod
2025-10-13T22:57:39.7519054Z [==========================             ] 67% Unzipping... tools/lib/sdklib-26.0
2025-10-13T22:57:39.7528487Z [==========================             ] 67% Unzipping... tools/lib/layoutlib-a
2025-10-13T22:57:39.7532431Z [==========================             ] 67% Unzipping... tools/lib/annotations
2025-10-13T22:57:39.7545665Z [==========================             ] 67% Unzipping... tools/lib/fat32lib.ja
2025-10-13T22:57:39.7547974Z [==========================             ] 67% Unzipping... tools/lib/jsr305-3.0.
2025-10-13T22:57:39.7617988Z [==========================             ] 67% Unzipping... tools/lib/org-eclipse
2025-10-13T22:57:39.7624968Z [==========================             ] 67% Unzipping... tools/lib/error_prone
2025-10-13T22:57:39.7631862Z [==========================             ] 67% Unzipping... tools/lib/org-eclipse
2025-10-13T22:57:39.7642817Z [==========================             ] 67% Unzipping... tools/lib/animal-snif
2025-10-13T22:57:39.7682887Z [==========================             ] 67% Unzipping... tools/lib/asset-studi
2025-10-13T22:57:39.7762186Z [===========================            ] 68% Unzipping... tools/lib/asset-studi
2025-10-13T22:57:39.7762808Z [===========================            ] 68% Unzipping... tools/lib/repository-
2025-10-13T22:57:39.7763378Z [===========================            ] 68% Unzipping... tools/lib/dvlib-26.0.
2025-10-13T22:57:39.7784584Z [===========================            ] 68% Unzipping... tools/lib/jsilver-1.0
2025-10-13T22:57:39.7791183Z [===========================            ] 68% Unzipping... tools/lib/asm-5.1.jar
2025-10-13T22:57:39.7795360Z [===========================            ] 68% Unzipping... tools/lib/devices.xml
2025-10-13T22:57:39.7799313Z [===========================            ] 68% Unzipping... tools/lib/asm-analysi
2025-10-13T22:57:39.7840354Z [===========================            ] 68% Unzipping... tools/lib/hierarchyvi
2025-10-13T22:57:39.7841253Z [===========================            ] 68% Unzipping... tools/lib/monkeyrunne
2025-10-13T22:57:39.7845587Z [===========================            ] 68% Unzipping... tools/lib/uiautomator
2025-10-13T22:57:39.7847793Z [===========================            ] 68% Unzipping... tools/lib/archquery-2
2025-10-13T22:57:39.7853457Z [===========================            ] 68% Unzipping... tools/lib/chimpchat-2
2025-10-13T22:57:39.7857527Z [===========================            ] 68% Unzipping... tools/lib/explainer.j
2025-10-13T22:57:39.7887500Z [===========================            ] 68% Unzipping... tools/lib/ddmlib-26.0
2025-10-13T22:57:39.7888489Z [===========================            ] 68% Unzipping... tools/lib/swtmenubar-
2025-10-13T22:57:39.7985612Z [===========================            ] 68% Unzipping... tools/lib/osgi-4.0.0.
2025-10-13T22:57:39.8006550Z [===========================            ] 68% Unzipping... tools/lib/x86_64/    
2025-10-13T22:57:39.8081774Z [===========================            ] 68% Unzipping... tools/lib/x86_64/swt.
2025-10-13T22:57:39.8591927Z [===========================            ] 68% Unzipping... tools/lib/monitor-x86
2025-10-13T22:57:39.9453529Z [===========================            ] 69% Unzipping... tools/lib/monitor-x86
2025-10-13T22:57:40.0039913Z [===========================            ] 70% Unzipping... tools/lib/monitor-x86
2025-10-13T22:57:40.0590894Z [============================           ] 70% Unzipping... tools/lib/monitor-x86
2025-10-13T22:57:40.2524360Z [============================           ] 71% Unzipping... tools/lib/monitor-x86
2025-10-13T22:57:40.2525724Z [============================           ] 71% Unzipping... tools/lib/httpmime-4.
2025-10-13T22:57:40.2526513Z [============================           ] 71% Unzipping... tools/lib/annotations
2025-10-13T22:57:40.2548300Z [============================           ] 71% Unzipping... tools/lib/lint-26.0.0
2025-10-13T22:57:40.2552708Z [============================           ] 71% Unzipping... tools/lib/apkanalyzer
2025-10-13T22:57:40.2560658Z [============================           ] 71% Unzipping... tools/lib/binary-reso
2025-10-13T22:57:40.2568569Z [============================           ] 71% Unzipping... tools/lib/jopt-simple
2025-10-13T22:57:40.2583261Z [============================           ] 71% Unzipping... tools/lib/util-2.2.1.
2025-10-13T22:57:40.2597906Z [============================           ] 71% Unzipping... tools/lib/ddmuilib-26
2025-10-13T22:57:40.2615618Z [============================           ] 72% Unzipping... tools/lib/ddmuilib-26
2025-10-13T22:57:40.2692164Z [============================           ] 72% Unzipping... tools/lib/sdk-common-
2025-10-13T22:57:40.2694010Z [============================           ] 72% Unzipping... tools/lib/traceview-2
2025-10-13T22:57:40.2713011Z [============================           ] 72% Unzipping... tools/lib/httpcore-4.
2025-10-13T22:57:40.2713623Z [============================           ] 72% Unzipping... tools/lib/screenshot2
2025-10-13T22:57:40.2729568Z [============================           ] 72% Unzipping... tools/lib/commons-cod
2025-10-13T22:57:40.2730289Z [============================           ] 72% Unzipping... tools/lib/proguard-pr
2025-10-13T22:57:40.3490200Z [============================           ] 72% Unzipping... tools/lib/jython-stan
2025-10-13T22:57:40.3571444Z [=============================          ] 73% Unzipping... tools/lib/jython-stan
2025-10-13T22:57:40.3599071Z [=============================          ] 73% Unzipping... tools/lib/annotations
2025-10-13T22:57:40.3599971Z [=============================          ] 73% Unzipping... tools/lib/commons-log
2025-10-13T22:57:40.3669198Z [=============================          ] 73% Unzipping... tools/lib/protobuf-ja
2025-10-13T22:57:40.3690117Z [=============================          ] 73% Unzipping... tools/lib/fakeadbserv
2025-10-13T22:57:40.3890547Z [=============================          ] 73% Unzipping... tools/lib/bcprov-jdk1
2025-10-13T22:57:40.3891465Z [=============================          ] 73% Unzipping... tools/lib/x86/       
2025-10-13T22:57:40.3970326Z [=============================          ] 73% Unzipping... tools/lib/x86/swt.jar
2025-10-13T22:57:40.4031630Z [=============================          ] 73% Unzipping... tools/lib/kotlin-stdl
2025-10-13T22:57:40.4063452Z [=============================          ] 73% Unzipping... tools/lib/commons-com
2025-10-13T22:57:40.4129982Z [=============================          ] 73% Unzipping... tools/lib/lombok-ast-
2025-10-13T22:57:40.4154071Z [=============================          ] 73% Unzipping... tools/lib/trove4j-201
2025-10-13T22:57:40.4466440Z [=============================          ] 73% Unzipping... tools/lib/intellij-co
2025-10-13T22:57:40.4670241Z [=============================          ] 74% Unzipping... tools/lib/intellij-co
2025-10-13T22:57:40.4686395Z [=============================          ] 74% Unzipping... tools/lib/jimfs-1.1.j
2025-10-13T22:57:40.4690920Z [=============================          ] 74% Unzipping... tools/lib/j2objc-anno
2025-10-13T22:57:40.4700004Z [=============================          ] 74% Unzipping... tools/lib/jfreechart-
2025-10-13T22:57:40.5344034Z [=============================          ] 74% Unzipping... tools/lib/monitor-x86
2025-10-13T22:57:40.5813025Z [=============================          ] 75% Unzipping... tools/lib/monitor-x86
2025-10-13T22:57:40.6184383Z [==============================         ] 75% Unzipping... tools/lib/monitor-x86
2025-10-13T22:57:40.7120853Z [==============================         ] 76% Unzipping... tools/lib/monitor-x86
2025-10-13T22:57:40.8855171Z [==============================         ] 77% Unzipping... tools/lib/monitor-x86
2025-10-13T22:57:40.8866335Z [==============================         ] 77% Unzipping... tools/lib/generator.j
2025-10-13T22:57:40.8867224Z [==============================         ] 77% Unzipping... tools/source.properti
2025-10-13T22:57:40.8868021Z [==============================         ] 77% Unzipping... tools/bin/           
2025-10-13T22:57:40.8871252Z [==============================         ] 77% Unzipping... tools/bin/avdmanager 
2025-10-13T22:57:40.8872496Z [==============================         ] 77% Unzipping... tools/bin/jobb       
2025-10-13T22:57:40.8873891Z [==============================         ] 77% Unzipping... tools/bin/uiautomator
2025-10-13T22:57:40.8878149Z [==============================         ] 77% Unzipping... tools/bin/apkanalyzer
2025-10-13T22:57:40.8879105Z [==============================         ] 77% Unzipping... tools/bin/monkeyrunne
2025-10-13T22:57:40.8885081Z [==============================         ] 77% Unzipping... tools/bin/archquery  
2025-10-13T22:57:40.8887494Z [==============================         ] 77% Unzipping... tools/bin/sdkmanager 
2025-10-13T22:57:40.8889284Z [==============================         ] 77% Unzipping... tools/bin/lint       
2025-10-13T22:57:40.8928834Z [==============================         ] 77% Unzipping... tools/bin/screenshot2
2025-10-13T22:57:40.8929599Z [==============================         ] 77% Unzipping... tools/NOTICE.txt     
2025-10-13T22:57:40.8977743Z [==============================         ] 77% Unzipping... tools/emulator       
2025-10-13T22:57:40.9005811Z [==============================         ] 77% Unzipping... tools/emulator-check 
2025-10-13T22:57:40.9009652Z [==============================         ] 77% Unzipping... tools/monitor        
2025-10-13T22:57:40.9010251Z [==============================         ] 77% Unzipping... tools/android        
2025-10-13T22:57:40.9014091Z [==============================         ] 77% Unzipping... tools/mksdcard       
2025-10-13T22:57:40.9014685Z [==============================         ] 77% Unzipping... tools/support/       
2025-10-13T22:57:40.9021779Z [==============================         ] 77% Unzipping... tools/support/typos-d
2025-10-13T22:57:40.9024894Z [==============================         ] 77% Unzipping... tools/support/typos-e
2025-10-13T22:57:40.9027843Z [==============================         ] 77% Unzipping... tools/support/annotat
2025-10-13T22:57:40.9035708Z [==============================         ] 77% Unzipping... tools/support/typos-e
2025-10-13T22:57:40.9040168Z [==============================         ] 77% Unzipping... tools/support/typos-t
2025-10-13T22:57:40.9045113Z [==============================         ] 77% Unzipping... tools/support/typos-p
2025-10-13T22:57:40.9049289Z [==============================         ] 77% Unzipping... tools/support/typos-i
2025-10-13T22:57:40.9053019Z [==============================         ] 77% Unzipping... tools/support/typos-n
2025-10-13T22:57:40.9056510Z [==============================         ] 77% Unzipping... tools/support/typos-h
2025-10-13T22:57:40.9389249Z [==============================         ] 78% Unzipping... tools/support/typos-h
2025-10-13T22:57:40.9390378Z [=======================================] 100% Unzipping... tools/support/typos-
2025-10-13T22:57:40.9428008Z 
2025-10-13T22:57:40.9669857Z [command]/usr/local/lib/android/sdk/cmdline-tools/16.0/bin/sdkmanager platform-tools
2025-10-13T22:57:41.9983943Z Loading package information...                                                  
2025-10-13T22:57:42.1480089Z Loading local repository...                                                     
2025-10-13T22:57:42.1480923Z [                                       ] 3% Loading local repository...        
2025-10-13T22:57:42.1613024Z [                                       ] 3% Fetch remote repository...         
2025-10-13T22:57:42.7108379Z [=                                      ] 3% Fetch remote repository...         
2025-10-13T22:57:42.7827156Z [=                                      ] 4% Fetch remote repository...         
2025-10-13T22:57:42.8166971Z [=                                      ] 5% Fetch remote repository...         
2025-10-13T22:57:42.8839384Z [==                                     ] 5% Fetch remote repository...         
2025-10-13T22:57:42.9893893Z [==                                     ] 6% Fetch remote repository...         
2025-10-13T22:57:43.0621826Z [==                                     ] 7% Fetch remote repository...         
2025-10-13T22:57:43.0622837Z [==                                     ] 7% Computing updates...               
2025-10-13T22:57:43.0870252Z [===                                    ] 8% Computing updates...               
2025-10-13T22:57:43.0972072Z [===                                    ] 10% Computing updates...              
2025-10-13T22:57:43.0973007Z [=======================================] 100% Computing updates...             
2025-10-13T22:57:43.0978227Z 
2025-10-13T22:57:43.1383677Z ##[group]Run gradle/actions/setup-gradle@v4
2025-10-13T22:57:43.1383993Z with:
2025-10-13T22:57:43.1384188Z   gradle-version: wrapper
2025-10-13T22:57:43.1384420Z   cache-disabled: false
2025-10-13T22:57:43.1384646Z   cache-read-only: false
2025-10-13T22:57:43.1384879Z   cache-write-only: false
2025-10-13T22:57:43.1385111Z   cache-overwrite-existing: false
2025-10-13T22:57:43.1385367Z   cache-cleanup: on-success
2025-10-13T22:57:43.1385643Z   gradle-home-cache-includes: caches
notifications

2025-10-13T22:57:43.1385958Z   add-job-summary: always
2025-10-13T22:57:43.1386200Z   add-job-summary-as-pr-comment: never
2025-10-13T22:57:43.1386477Z   dependency-graph: disabled
2025-10-13T22:57:43.1386778Z   dependency-graph-report-dir: dependency-graph-reports
2025-10-13T22:57:43.1387126Z   dependency-graph-continue-on-failure: true
2025-10-13T22:57:43.1387415Z   build-scan-publish: false
2025-10-13T22:57:43.1387991Z   validate-wrappers: true
2025-10-13T22:57:43.1388295Z   allow-snapshot-wrappers: false
2025-10-13T22:57:43.1388563Z   gradle-home-cache-strict-match: false
2025-10-13T22:57:43.1388831Z   workflow-job-context: null
2025-10-13T22:57:43.1389186Z   github-token: ***
2025-10-13T22:57:43.1389375Z env:
2025-10-13T22:57:43.1389655Z   JAVA_HOME: /opt/hostedtoolcache/Java_Temurin-Hotspot_jdk/17.0.16-8/x64
2025-10-13T22:57:43.1390107Z   JAVA_HOME_17_X64: /opt/hostedtoolcache/Java_Temurin-Hotspot_jdk/17.0.16-8/x64
2025-10-13T22:57:43.1390478Z   ANDROID_HOME: /usr/local/lib/android/sdk
2025-10-13T22:57:43.1390946Z   ANDROID_SDK_ROOT: /usr/local/lib/android/sdk
2025-10-13T22:57:43.1391214Z ##[endgroup]
2025-10-13T22:57:43.6010598Z Merged default JDK locations into /home/runner/.m2/toolchains.xml
2025-10-13T22:57:43.6012863Z Preparing cache for cleanup.
2025-10-13T22:57:43.6013656Z ##[group]Restore Gradle state from cache
2025-10-13T22:57:43.7447481Z Cache hit for restore-key: gradle-home-v1|Linux-X64|build[e080f0fdc288b6f0c5023fd4b86f7a10]-e125351d0d65b16fc779d76da4740b0e1373e8d8
2025-10-13T22:57:44.4449206Z Received 44136699 of 44136699 (100.0%), 72.4 MBs/sec
2025-10-13T22:57:44.4456764Z Cache Size: ~42 MB (44136699 B)
2025-10-13T22:57:44.4492931Z [command]/usr/bin/tar -xf /home/runner/work/_temp/029f5d0e-4f5b-4976-9135-3a6d81b8cf58/cache.tzst -P -C /home/runner/work/NexMDM/NexMDM --use-compress-program unzstd
2025-10-13T22:57:45.1086789Z Cache restored successfully
2025-10-13T22:57:45.1173613Z Restored cache entry with key gradle-home-v1|Linux-X64|build[e080f0fdc288b6f0c5023fd4b86f7a10]-70a43f5c4b843361b6602f50300302e15781af52 to /home/runner/.gradle/caches,/home/runner/.gradle/notifications,/home/runner/.gradle/.setup-gradle in 1517ms
2025-10-13T22:57:45.2119846Z Cache hit for: gradle-groovy-dsl-v1-791b50fd80fb8c0da886d55a74ade405
2025-10-13T22:57:45.2130602Z Cache hit for: gradle-instrumented-jars-v1-d6e58e7268f8af45517b81465be9f45b
2025-10-13T22:57:45.2140622Z Cache hit for: gradle-wrapper-zips-v1-f82d94dd741812d9afc7aad8d4ab116c
2025-10-13T22:57:45.2225432Z Cache hit for: gradle-dependencies-v1-3d679af216a7253b486f8e34d05f9713
2025-10-13T22:57:45.5125536Z Received 88175 of 88175 (100.0%), 0.4 MBs/sec
2025-10-13T22:57:45.5128325Z Cache Size: ~0 MB (88175 B)
2025-10-13T22:57:45.5158702Z [command]/usr/bin/tar -xf /home/runner/work/_temp/c939309c-a109-464f-bb70-da831b2c466a/cache.tzst -P -C /home/runner/work/NexMDM/NexMDM --use-compress-program unzstd
2025-10-13T22:57:45.5371400Z Cache restored successfully
2025-10-13T22:57:45.5378019Z Restored cache entry with key gradle-groovy-dsl-v1-791b50fd80fb8c0da886d55a74ade405 to /home/runner/.gradle/caches/*/groovy-dsl/*/ in 418ms
2025-10-13T22:57:46.3402526Z Received 67108864 of 130433116 (51.5%), 61.5 MBs/sec
2025-10-13T22:57:46.3404282Z Received 67108864 of 87958479 (76.3%), 63.4 MBs/sec
2025-10-13T22:57:46.3888900Z Received 67108864 of 174306910 (38.5%), 62.3 MBs/sec
2025-10-13T22:57:46.4938892Z Received 87958479 of 87958479 (100.0%), 72.2 MBs/sec
2025-10-13T22:57:46.4942824Z Cache Size: ~84 MB (87958479 B)
2025-10-13T22:57:46.6581114Z [command]/usr/bin/tar -xf /home/runner/work/_temp/bf85a0b3-67e6-4576-bba7-bfb7d06035e1/cache.tzst -P -C /home/runner/work/NexMDM/NexMDM --use-compress-program unzstd
2025-10-13T22:57:46.8227383Z Received 130433116 of 130433116 (100.0%), 81.7 MBs/sec
2025-10-13T22:57:46.8344216Z Cache Size: ~124 MB (130433116 B)
2025-10-13T22:57:47.0422475Z [command]/usr/bin/tar -xf /home/runner/work/_temp/b40d9bce-e27d-49ff-8274-c755aed671d8/cache.tzst -P -C /home/runner/work/NexMDM/NexMDM --use-compress-program unzstd
2025-10-13T22:57:47.3878070Z Received 170112606 of 174306910 (97.6%), 80.0 MBs/sec
2025-10-13T22:57:47.4506805Z Received 174306910 of 174306910 (100.0%), 79.5 MBs/sec
2025-10-13T22:57:47.4511336Z Cache Size: ~166 MB (174306910 B)
2025-10-13T22:57:47.5064139Z [command]/usr/bin/tar -xf /home/runner/work/_temp/2fbaef55-4820-4a29-9d24-7954578331b6/cache.tzst -P -C /home/runner/work/NexMDM/NexMDM --use-compress-program unzstd
2025-10-13T22:57:47.8191413Z Cache restored successfully
2025-10-13T22:57:47.8854139Z Restored cache entry with key gradle-wrapper-zips-v1-f82d94dd741812d9afc7aad8d4ab116c to /home/runner/.gradle/wrapper/dists/gradle-8.4-bin/1w5dpkrfk8irigvoxmyhowfim in 2767ms
2025-10-13T22:57:48.3789867Z Cache restored successfully
2025-10-13T22:57:48.3940388Z Restored cache entry with key gradle-instrumented-jars-v1-d6e58e7268f8af45517b81465be9f45b to /home/runner/.gradle/caches/jars-*/*/ in 3274ms
2025-10-13T22:57:48.6564526Z Cache restored successfully
2025-10-13T22:57:48.7202960Z Restored cache entry with key gradle-dependencies-v1-3d679af216a7253b486f8e34d05f9713 to /home/runner/.gradle/caches/modules-*/files-*/*/*/*/* in 3601ms
2025-10-13T22:57:48.8854997Z ##[endgroup]
2025-10-13T22:57:48.8981972Z ##[group]All Gradle Wrapper jars are valid
2025-10-13T22:57:48.8984259Z ✓ Found known Gradle Wrapper JAR files:
2025-10-13T22:57:48.8985626Z   0336f591bc0ec9aa0c9988929b93ecc916b3c1d52aed202c7381db144aa0ef15 android/gradle/wrapper/gradle-wrapper.jar
2025-10-13T22:57:48.8986648Z ##[endgroup]
2025-10-13T22:57:48.9734377Z ##[group]Run chmod +x android/gradlew
2025-10-13T22:57:48.9734795Z [36;1mchmod +x android/gradlew[0m
2025-10-13T22:57:48.9770004Z shell: /usr/bin/bash -e {0}
2025-10-13T22:57:48.9770289Z env:
2025-10-13T22:57:48.9770634Z   JAVA_HOME: /opt/hostedtoolcache/Java_Temurin-Hotspot_jdk/17.0.16-8/x64
2025-10-13T22:57:48.9771157Z   JAVA_HOME_17_X64: /opt/hostedtoolcache/Java_Temurin-Hotspot_jdk/17.0.16-8/x64
2025-10-13T22:57:48.9771585Z   ANDROID_HOME: /usr/local/lib/android/sdk
2025-10-13T22:57:48.9771910Z   ANDROID_SDK_ROOT: /usr/local/lib/android/sdk
2025-10-13T22:57:48.9772269Z   GRADLE_ACTION_ID: gradle/actions/setup-gradle
2025-10-13T22:57:48.9772613Z   GRADLE_USER_HOME: /home/runner/.gradle
2025-10-13T22:57:48.9772920Z   GRADLE_BUILD_ACTION_SETUP_COMPLETED: true
2025-10-13T22:57:48.9773235Z   GRADLE_BUILD_ACTION_CACHE_RESTORED: true
2025-10-13T22:57:48.9773694Z   DEVELOCITY_INJECTION_INIT_SCRIPT_NAME: gradle-actions.inject-develocity.init.gradle
2025-10-13T22:57:48.9774227Z   DEVELOCITY_INJECTION_CUSTOM_VALUE: gradle-actions
2025-10-13T22:57:48.9774562Z   GITHUB_DEPENDENCY_GRAPH_ENABLED: false
2025-10-13T22:57:48.9774925Z ##[endgroup]
2025-10-13T22:57:49.0710321Z ##[group]Run cd android && ./gradlew clean
2025-10-13T22:57:49.0710975Z [36;1mcd android && ./gradlew clean[0m
2025-10-13T22:57:49.0742674Z shell: /usr/bin/bash -e {0}
2025-10-13T22:57:49.0742956Z env:
2025-10-13T22:57:49.0743290Z   JAVA_HOME: /opt/hostedtoolcache/Java_Temurin-Hotspot_jdk/17.0.16-8/x64
2025-10-13T22:57:49.0743824Z   JAVA_HOME_17_X64: /opt/hostedtoolcache/Java_Temurin-Hotspot_jdk/17.0.16-8/x64
2025-10-13T22:57:49.0744269Z   ANDROID_HOME: /usr/local/lib/android/sdk
2025-10-13T22:57:49.0744599Z   ANDROID_SDK_ROOT: /usr/local/lib/android/sdk
2025-10-13T22:57:49.0744933Z   GRADLE_ACTION_ID: gradle/actions/setup-gradle
2025-10-13T22:57:49.0745254Z   GRADLE_USER_HOME: /home/runner/.gradle
2025-10-13T22:57:49.0745567Z   GRADLE_BUILD_ACTION_SETUP_COMPLETED: true
2025-10-13T22:57:49.0745874Z   GRADLE_BUILD_ACTION_CACHE_RESTORED: true
2025-10-13T22:57:49.0746327Z   DEVELOCITY_INJECTION_INIT_SCRIPT_NAME: gradle-actions.inject-develocity.init.gradle
2025-10-13T22:57:49.0746834Z   DEVELOCITY_INJECTION_CUSTOM_VALUE: gradle-actions
2025-10-13T22:57:49.0747173Z   GITHUB_DEPENDENCY_GRAPH_ENABLED: false
2025-10-13T22:57:49.0747470Z ##[endgroup]
2025-10-13T22:57:50.3449517Z Starting a Gradle Daemon (subsequent builds will be faster)
2025-10-13T22:58:02.7428527Z 
2025-10-13T22:58:02.7429210Z > Configure project :app
2025-10-13T22:58:02.7452804Z 🔍 APK Versioning: Starting version code calculation...
2025-10-13T22:58:02.7465035Z 🔍 GITHUB_RUN_NUMBER env var: '73'
2025-10-13T22:58:02.7466240Z ✅ SUCCESS: Using GitHub run number: 173
2025-10-13T22:58:02.9409609Z gradle/actions: Writing build results to /home/runner/work/_temp/.gradle-actions/build-results/__run_2-1760396275710.json
2025-10-13T22:58:03.0448741Z 
2025-10-13T22:58:03.0449832Z FAILURE: Build completed with 2 failures.
2025-10-13T22:58:03.0450597Z 
2025-10-13T22:58:03.0451370Z 1: Task failed with an exception.
2025-10-13T22:58:03.0451999Z -----------
2025-10-13T22:58:03.0452547Z * Where:
2025-10-13T22:58:03.0477240Z Build file '/home/runner/work/NexMDM/NexMDM/android/app/build.gradle' line: 87
2025-10-13T22:58:03.0478416Z 
2025-10-13T22:58:03.0509341Z * What went wrong:
2025-10-13T22:58:03.0510256Z A problem occurred evaluating project ':app'.
2025-10-13T22:58:03.0514730Z > ❌ FATAL: Release keystore not found in CI! All APKs MUST be signed for consistent upgrades.
2025-10-13T22:58:03.0518151Z 
2025-10-13T22:58:03.0519639Z * Try:
2025-10-13T22:58:03.0520304Z > Run with --stacktrace option to get the stack trace.
2025-10-13T22:58:03.0528193Z > Run with --info or --debug option to get more log output.
2025-10-13T22:58:03.0535548Z > Run with --scan to get full insights.
2025-10-13T22:58:03.0541208Z > Get more help at https://help.gradle.org.
2025-10-13T22:58:03.0551075Z ==============================================================================
2025-10-13T22:58:03.0551806Z 
2025-10-13T22:58:03.0552346Z 2: Task failed with an exception.
2025-10-13T22:58:03.0553129Z -----------
2025-10-13T22:58:03.0553683Z * Where:
2025-10-13T22:58:03.0554683Z Build file '/home/runner/work/NexMDM/NexMDM/android/app/build.gradle' line: 87
2025-10-13T22:58:03.0555474Z 
2025-10-13T22:58:03.0555877Z * What went wrong:
2025-10-13T22:58:03.0556659Z A problem occurred evaluating project ':app'.
2025-10-13T22:58:03.0566342Z > ❌ FATAL: Release keystore not found in CI! All APKs MUST be signed for consistent upgrades.
2025-10-13T22:58:03.0567345Z 
2025-10-13T22:58:03.0567891Z * Try:
2025-10-13T22:58:03.0580084Z > Run with --stacktrace option to get the stack trace.
2025-10-13T22:58:03.0587526Z > Run with --info or --debug option to get more log output.
2025-10-13T22:58:03.0591273Z > Run with --scan to get full insights.
2025-10-13T22:58:03.0592311Z > Get more help at https://help.gradle.org.
2025-10-13T22:58:03.0601313Z ==============================================================================
2025-10-13T22:58:03.0607397Z 
2025-10-13T22:58:03.0614069Z BUILD FAILED in 13s
2025-10-13T22:58:03.4719812Z ##[error]Process completed with exit code 1.
2025-10-13T22:58:03.4874814Z Post job cleanup.
2025-10-13T22:58:03.8473816Z In post-action step
2025-10-13T22:58:03.8499631Z ##[group]Stopping Gradle daemons
2025-10-13T22:58:03.8500897Z Stopping Gradle daemons for /home/runner/.gradle/wrapper/dists/gradle-8.4-bin/1w5dpkrfk8irigvoxmyhowfim/gradle-8.4
2025-10-13T22:58:03.8516398Z [command]/home/runner/.gradle/wrapper/dists/gradle-8.4-bin/1w5dpkrfk8irigvoxmyhowfim/gradle-8.4/bin/gradle --stop
2025-10-13T22:58:05.0443598Z Stopping Daemon(s)
2025-10-13T22:58:05.0459830Z 1 Daemon stopped
2025-10-13T22:58:05.0848656Z ##[endgroup]
2025-10-13T22:58:05.0888727Z Not performing cache-cleanup due to build failure
2025-10-13T22:58:05.0889943Z ##[group]Caching Gradle state
2025-10-13T22:58:05.6824992Z [command]/usr/bin/tar --posix -cf cache.tzst --exclude cache.tzst -P -C /home/runner/work/NexMDM/NexMDM --files-from manifest.txt --use-compress-program zstdmt
2025-10-13T22:58:08.2635366Z Sent 79953920 of 87968222 (90.9%), 76.3 MBs/sec
2025-10-13T22:58:08.6134480Z Sent 87968222 of 87968222 (100.0%), 62.1 MBs/sec
2025-10-13T22:58:08.7221036Z Saved cache entry with key gradle-instrumented-jars-v1-975a64a9a1442fc341235d37bfe6d133 from /home/runner/.gradle/caches/jars-*/*/ in 3163ms
2025-10-13T22:58:08.8427839Z [command]/usr/bin/tar --posix -cf cache.tzst --exclude cache.tzst -P -C /home/runner/work/NexMDM/NexMDM --files-from manifest.txt --use-compress-program zstdmt
2025-10-13T22:58:10.5715874Z Sent 44126398 of 44126398 (100.0%), 44.2 MBs/sec
2025-10-13T22:58:10.6632781Z Saved cache entry with key gradle-home-v1|Linux-X64|build[e080f0fdc288b6f0c5023fd4b86f7a10]-70a43f5c4b843361b6602f50300302e15781af52 from /home/runner/.gradle/caches,/home/runner/.gradle/notifications,/home/runner/.gradle/.setup-gradle in 1831ms
2025-10-13T22:58:10.6636030Z ##[endgroup]
2025-10-13T22:58:10.6642332Z Generating Job Summary
2025-10-13T22:58:10.6657242Z Completed post-action step
2025-10-13T22:58:10.6841173Z Post job cleanup.
2025-10-13T22:58:10.8581529Z Post job cleanup.
2025-10-13T22:58:10.9758762Z [command]/usr/bin/git version
2025-10-13T22:58:10.9799004Z git version 2.51.0
2025-10-13T22:58:10.9850737Z Temporarily overriding HOME='/home/runner/work/_temp/73ea4dfa-51f0-4643-987d-8ee7d2ff11be' before making global git config changes
2025-10-13T22:58:10.9852390Z Adding repository directory to the temporary git global config as a safe directory
2025-10-13T22:58:10.9856464Z [command]/usr/bin/git config --global --add safe.directory /home/runner/work/NexMDM/NexMDM
2025-10-13T22:58:10.9901062Z [command]/usr/bin/git config --local --name-only --get-regexp core\.sshCommand
2025-10-13T22:58:10.9938514Z [command]/usr/bin/git submodule foreach --recursive sh -c "git config --local --name-only --get-regexp 'core\.sshCommand' && git config --local --unset-all 'core.sshCommand' || :"
2025-10-13T22:58:11.0186940Z [command]/usr/bin/git config --local --name-only --get-regexp http\.https\:\/\/github\.com\/\.extraheader
2025-10-13T22:58:11.0213903Z http.https://github.com/.extraheader
2025-10-13T22:58:11.0227471Z [command]/usr/bin/git config --local --unset-all http.https://github.com/.extraheader
2025-10-13T22:58:11.0263804Z [command]/usr/bin/git submodule foreach --recursive sh -c "git config --local --name-only --get-regexp 'http\.https\:\/\/github\.com\/\.extraheader' && git config --local --unset-all 'http.https://github.com/.extraheader' || :"
2025-10-13T22:58:11.0613424Z Cleaning up orphan processes