2025-10-19T14:36:00.0993300Z Current runner version: '2.328.0'
2025-10-19T14:36:00.1016765Z ##[group]Runner Image Provisioner
2025-10-19T14:36:00.1017860Z Hosted Compute Agent
2025-10-19T14:36:00.1018446Z Version: 20251013.424
2025-10-19T14:36:00.1019050Z Commit: cfdd8bfed34d71a55b72df4d2e82343c3fc2bab3
2025-10-19T14:36:00.1019794Z Build Date: 2025-10-13T20:22:23Z
2025-10-19T14:36:00.1020445Z ##[endgroup]
2025-10-19T14:36:00.1021039Z ##[group]Operating System
2025-10-19T14:36:00.1021616Z Ubuntu
2025-10-19T14:36:00.1022100Z 24.04.3
2025-10-19T14:36:00.1022665Z LTS
2025-10-19T14:36:00.1023194Z ##[endgroup]
2025-10-19T14:36:00.1023765Z ##[group]Runner Image
2025-10-19T14:36:00.1024350Z Image: ubuntu-24.04
2025-10-19T14:36:00.1024909Z Version: 20251014.76.1
2025-10-19T14:36:00.1026058Z Included Software: https://github.com/actions/runner-images/blob/ubuntu24/20251014.76/images/ubuntu/Ubuntu2404-Readme.md
2025-10-19T14:36:00.1028103Z Image Release: https://github.com/actions/runner-images/releases/tag/ubuntu24%2F20251014.76
2025-10-19T14:36:00.1029249Z ##[endgroup]
2025-10-19T14:36:00.1030366Z ##[group]GITHUB_TOKEN Permissions
2025-10-19T14:36:00.1032288Z Contents: read
2025-10-19T14:36:00.1032974Z Metadata: read
2025-10-19T14:36:00.1033644Z Packages: read
2025-10-19T14:36:00.1034199Z ##[endgroup]
2025-10-19T14:36:00.1036807Z Secret source: Actions
2025-10-19T14:36:00.1037867Z Prepare workflow directory
2025-10-19T14:36:00.1409720Z Prepare all required actions
2025-10-19T14:36:00.1449074Z Getting action download info
2025-10-19T14:36:00.4755707Z Download action repository 'actions/checkout@v4' (SHA:08eba0b27e820071cde6df949e0beb9ba4906955)
2025-10-19T14:36:00.6612515Z Download action repository 'actions/setup-java@v4' (SHA:c5195efecf7bdfc987ee8bae7a71cb8b11521c00)
2025-10-19T14:36:00.9117632Z Download action repository 'actions/upload-artifact@v4' (SHA:ea165f8d65b6e75b540449e92b4886f43607fa02)
2025-10-19T14:36:01.1373770Z Complete job name: Build & Sign Android Agent
2025-10-19T14:36:01.2241990Z ##[group]Run actions/checkout@v4
2025-10-19T14:36:01.2243354Z with:
2025-10-19T14:36:01.2244098Z   fetch-depth: 0
2025-10-19T14:36:01.2245058Z   repository: sergio***/unitymdm-prod
2025-10-19T14:36:01.2246267Z   token: ***
2025-10-19T14:36:01.2247256Z   ssh-strict: true
2025-10-19T14:36:01.2248045Z   ssh-user: git
2025-10-19T14:36:01.2248843Z   persist-credentials: true
2025-10-19T14:36:01.2249728Z   clean: true
2025-10-19T14:36:01.2250528Z   sparse-checkout-cone-mode: true
2025-10-19T14:36:01.2251484Z   fetch-tags: false
2025-10-19T14:36:01.2252279Z   show-progress: true
2025-10-19T14:36:01.2253079Z   lfs: false
2025-10-19T14:36:01.2253833Z   submodules: false
2025-10-19T14:36:01.2254665Z   set-safe-directory: true
2025-10-19T14:36:01.2255804Z env:
2025-10-19T14:36:01.2256520Z   JAVA_VERSION: 17
2025-10-19T14:36:01.2257538Z   GRADLE_VERSION: wrapper
2025-10-19T14:36:01.2258378Z ##[endgroup]
2025-10-19T14:36:01.3338753Z Syncing repository: sergio***/unitymdm-prod
2025-10-19T14:36:01.3341360Z ##[group]Getting Git version info
2025-10-19T14:36:01.3342924Z Working directory is '/home/runner/work/unitymdm-prod/unitymdm-prod'
2025-10-19T14:36:01.3344875Z [command]/usr/bin/git version
2025-10-19T14:36:01.3404509Z git version 2.51.0
2025-10-19T14:36:01.3433031Z ##[endgroup]
2025-10-19T14:36:01.3448200Z Temporarily overriding HOME='/home/runner/work/_temp/fd04263a-7cb2-40ce-a24d-e0c987f9f55a' before making global git config changes
2025-10-19T14:36:01.3450818Z Adding repository directory to the temporary git global config as a safe directory
2025-10-19T14:36:01.3462004Z [command]/usr/bin/git config --global --add safe.directory /home/runner/work/unitymdm-prod/unitymdm-prod
2025-10-19T14:36:01.3499570Z Deleting the contents of '/home/runner/work/unitymdm-prod/unitymdm-prod'
2025-10-19T14:36:01.3503787Z ##[group]Initializing the repository
2025-10-19T14:36:01.3509535Z [command]/usr/bin/git init /home/runner/work/unitymdm-prod/unitymdm-prod
2025-10-19T14:36:01.3594141Z hint: Using 'master' as the name for the initial branch. This default branch name
2025-10-19T14:36:01.3596789Z hint: is subject to change. To configure the initial branch name to use in all
2025-10-19T14:36:01.3599561Z hint: of your new repositories, which will suppress this warning, call:
2025-10-19T14:36:01.3601877Z hint:
2025-10-19T14:36:01.3603497Z hint: 	git config --global init.defaultBranch <name>
2025-10-19T14:36:01.3605510Z hint:
2025-10-19T14:36:01.3607536Z hint: Names commonly chosen instead of 'master' are 'main', 'trunk' and
2025-10-19T14:36:01.3610618Z hint: 'development'. The just-created branch can be renamed via this command:
2025-10-19T14:36:01.3613060Z hint:
2025-10-19T14:36:01.3614303Z hint: 	git branch -m <name>
2025-10-19T14:36:01.3615691Z hint:
2025-10-19T14:36:01.3618007Z hint: Disable this message with "git config set advice.defaultBranchName false"
2025-10-19T14:36:01.3620086Z Initialized empty Git repository in /home/runner/work/unitymdm-prod/unitymdm-prod/.git/
2025-10-19T14:36:01.3623849Z [command]/usr/bin/git remote add origin https://github.com/sergio***/unitymdm-prod
2025-10-19T14:36:01.3651591Z ##[endgroup]
2025-10-19T14:36:01.3653975Z ##[group]Disabling automatic garbage collection
2025-10-19T14:36:01.3656141Z [command]/usr/bin/git config --local gc.auto 0
2025-10-19T14:36:01.3685926Z ##[endgroup]
2025-10-19T14:36:01.3688451Z ##[group]Setting up auth
2025-10-19T14:36:01.3693694Z [command]/usr/bin/git config --local --name-only --get-regexp core\.sshCommand
2025-10-19T14:36:01.3726423Z [command]/usr/bin/git submodule foreach --recursive sh -c "git config --local --name-only --get-regexp 'core\.sshCommand' && git config --local --unset-all 'core.sshCommand' || :"
2025-10-19T14:36:01.4050518Z [command]/usr/bin/git config --local --name-only --get-regexp http\.https\:\/\/github\.com\/\.extraheader
2025-10-19T14:36:01.4084238Z [command]/usr/bin/git submodule foreach --recursive sh -c "git config --local --name-only --get-regexp 'http\.https\:\/\/github\.com\/\.extraheader' && git config --local --unset-all 'http.https://github.com/.extraheader' || :"
2025-10-19T14:36:01.4308762Z [command]/usr/bin/git config --local http.https://github.com/.extraheader AUTHORIZATION: basic ***
2025-10-19T14:36:01.4353808Z ##[endgroup]
2025-10-19T14:36:01.4356179Z ##[group]Fetching the repository
2025-10-19T14:36:01.4365458Z [command]/usr/bin/git -c protocol.version=2 fetch --prune --no-recurse-submodules origin +refs/heads/*:refs/remotes/origin/* +refs/tags/*:refs/tags/*
2025-10-19T14:36:02.6345412Z From https://github.com/sergio***/unitymdm-prod
2025-10-19T14:36:02.6346266Z  * [new branch]      main       -> origin/main
2025-10-19T14:36:02.6384113Z [command]/usr/bin/git branch --list --remote origin/main
2025-10-19T14:36:02.6407541Z   origin/main
2025-10-19T14:36:02.6416835Z [command]/usr/bin/git rev-parse refs/remotes/origin/main
2025-10-19T14:36:02.6436557Z ae64fac0471c00a61d260e6670a16bb87d327809
2025-10-19T14:36:02.6442295Z ##[endgroup]
2025-10-19T14:36:02.6442838Z ##[group]Determining the checkout info
2025-10-19T14:36:02.6443739Z ##[endgroup]
2025-10-19T14:36:02.6447792Z [command]/usr/bin/git sparse-checkout disable
2025-10-19T14:36:02.6485916Z [command]/usr/bin/git config --local --unset-all extensions.worktreeConfig
2025-10-19T14:36:02.6510658Z ##[group]Checking out the ref
2025-10-19T14:36:02.6514417Z [command]/usr/bin/git checkout --progress --force -B main refs/remotes/origin/main
2025-10-19T14:36:02.6963091Z Switched to a new branch 'main'
2025-10-19T14:36:02.6964746Z branch 'main' set up to track 'origin/main'.
2025-10-19T14:36:02.6974301Z ##[endgroup]
2025-10-19T14:36:02.7010543Z [command]/usr/bin/git log -1 --format=%H
2025-10-19T14:36:02.7032552Z ae64fac0471c00a61d260e6670a16bb87d327809
2025-10-19T14:36:02.7300654Z ##[group]Run actions/setup-java@v4
2025-10-19T14:36:02.7301013Z with:
2025-10-19T14:36:02.7301274Z   java-version: 17
2025-10-19T14:36:02.7301535Z   distribution: temurin
2025-10-19T14:36:02.7301799Z   cache: gradle
2025-10-19T14:36:02.7302051Z   java-package: jdk
2025-10-19T14:36:02.7302309Z   check-latest: false
2025-10-19T14:36:02.7302584Z   server-id: github
2025-10-19T14:36:02.7303041Z   server-username: GITHUB_ACTOR
2025-10-19T14:36:02.7303340Z   server-password: GITHUB_TOKEN
2025-10-19T14:36:02.7303628Z   overwrite-settings: true
2025-10-19T14:36:02.7303914Z   job-status: success
2025-10-19T14:36:02.7304360Z   token: ***
2025-10-19T14:36:02.7304599Z env:
2025-10-19T14:36:02.7304825Z   JAVA_VERSION: 17
2025-10-19T14:36:02.7305084Z   GRADLE_VERSION: wrapper
2025-10-19T14:36:02.7305353Z ##[endgroup]
2025-10-19T14:36:02.9441457Z ##[group]Installed distributions
2025-10-19T14:36:02.9782665Z Resolved Java 17.0.16+8 from tool-cache
2025-10-19T14:36:02.9783599Z Setting Java 17.0.16+8 as the default
2025-10-19T14:36:02.9796316Z Creating toolchains.xml for JDK version 17 from temurin
2025-10-19T14:36:02.9874561Z Writing to /home/runner/.m2/toolchains.xml
2025-10-19T14:36:02.9876188Z 
2025-10-19T14:36:02.9876657Z Java configuration:
2025-10-19T14:36:02.9877551Z   Distribution: temurin
2025-10-19T14:36:02.9878152Z   Version: 17.0.16+8
2025-10-19T14:36:02.9881563Z   Path: /opt/hostedtoolcache/Java_Temurin-Hotspot_jdk/17.0.16-8/x64
2025-10-19T14:36:02.9882194Z 
2025-10-19T14:36:02.9882768Z ##[endgroup]
2025-10-19T14:36:02.9901961Z Creating settings.xml with server-id: github
2025-10-19T14:36:02.9904963Z Writing to /home/runner/.m2/settings.xml
2025-10-19T14:36:03.2009301Z gradle cache is not found
2025-10-19T14:36:03.2135888Z ##[group]Run chmod +x android/gradlew
2025-10-19T14:36:03.2136335Z [36;1mchmod +x android/gradlew[0m
2025-10-19T14:36:03.2172518Z shell: /usr/bin/bash -e {0}
2025-10-19T14:36:03.2172842Z env:
2025-10-19T14:36:03.2173078Z   JAVA_VERSION: 17
2025-10-19T14:36:03.2173341Z   GRADLE_VERSION: wrapper
2025-10-19T14:36:03.2173729Z   JAVA_HOME: /opt/hostedtoolcache/Java_Temurin-Hotspot_jdk/17.0.16-8/x64
2025-10-19T14:36:03.2174254Z   JAVA_HOME_17_X64: /opt/hostedtoolcache/Java_Temurin-Hotspot_jdk/17.0.16-8/x64
2025-10-19T14:36:03.2174671Z ##[endgroup]
2025-10-19T14:36:03.2309760Z ##[group]Run echo "Decoding keystore from GitHub Secrets..."
2025-10-19T14:36:03.2310282Z [36;1mecho "Decoding keystore from GitHub Secrets..."[0m
2025-10-19T14:36:03.2310934Z [36;1mecho "$ANDROID_KEYSTORE_BASE64" | base64 --decode > /home/runner/work/unitymdm-prod/unitymdm-prod/release.keystore[0m
2025-10-19T14:36:03.2311619Z [36;1mls -lh /home/runner/work/unitymdm-prod/unitymdm-prod/release.keystore[0m
2025-10-19T14:36:03.2312089Z [36;1mecho "Keystore prepared successfully"[0m
2025-10-19T14:36:03.2341135Z shell: /usr/bin/bash -e {0}
2025-10-19T14:36:03.2341436Z env:
2025-10-19T14:36:03.2341677Z   JAVA_VERSION: 17
2025-10-19T14:36:03.2341951Z   GRADLE_VERSION: wrapper
2025-10-19T14:36:03.2342357Z   JAVA_HOME: /opt/hostedtoolcache/Java_Temurin-Hotspot_jdk/17.0.16-8/x64
2025-10-19T14:36:03.2342878Z   JAVA_HOME_17_X64: /opt/hostedtoolcache/Java_Temurin-Hotspot_jdk/17.0.16-8/x64
2025-10-19T14:36:03.2362286Z   ANDROID_KEYSTORE_BASE64: ***
2025-10-19T14:36:03.2362633Z ##[endgroup]
2025-10-19T14:36:03.2413838Z Decoding keystore from GitHub Secrets...
2025-10-19T14:36:03.2465122Z -rw-r--r-- 1 runner runner 2.7K Oct 19 14:36 /home/runner/work/unitymdm-prod/unitymdm-prod/release.keystore
2025-10-19T14:36:03.2466733Z Keystore prepared successfully
2025-10-19T14:36:03.2496566Z ##[group]Run # Calculate version code from GitHub run number
2025-10-19T14:36:03.2497360Z [36;1m# Calculate version code from GitHub run number[0m
2025-10-19T14:36:03.2497760Z [36;1mVERSION_CODE=$((GITHUB_RUN_NUMBER + 100))[0m
2025-10-19T14:36:03.2498103Z [36;1m[0m
2025-10-19T14:36:03.2498393Z [36;1m# Determine version name based on tag or commit[0m
2025-10-19T14:36:03.2498772Z [36;1mif [[ "$GITHUB_REF" == refs/tags/v* ]]; then[0m
2025-10-19T14:36:03.2499140Z [36;1m  VERSION_NAME="${GITHUB_REF#refs/tags/}"[0m
2025-10-19T14:36:03.2499463Z [36;1melse[0m
2025-10-19T14:36:03.2499733Z [36;1m  COMMIT_SHORT="${GITHUB_SHA:0:7}"[0m
2025-10-19T14:36:03.2500107Z [36;1m  VERSION_NAME="1.0.${VERSION_CODE}-${COMMIT_SHORT}"[0m
2025-10-19T14:36:03.2500455Z [36;1mfi[0m
2025-10-19T14:36:03.2500692Z [36;1m[0m
2025-10-19T14:36:03.2500999Z [36;1mecho "version_code=${VERSION_CODE}" >> $GITHUB_OUTPUT[0m
2025-10-19T14:36:03.2501640Z [36;1mecho "version_name=${VERSION_NAME}" >> $GITHUB_OUTPUT[0m
2025-10-19T14:36:03.2502070Z [36;1mecho "commit_short=${GITHUB_SHA:0:7}" >> $GITHUB_OUTPUT[0m
2025-10-19T14:36:03.2502536Z [36;1mecho "build_time=$(date -u +"%Y-%m-%dT%H:%M:%SZ")" >> $GITHUB_OUTPUT[0m
2025-10-19T14:36:03.2502935Z [36;1m[0m
2025-10-19T14:36:03.2503199Z [36;1mecho "📦 Version Code: ${VERSION_CODE}"[0m
2025-10-19T14:36:03.2503562Z [36;1mecho "📦 Version Name: ${VERSION_NAME}"[0m
2025-10-19T14:36:03.2503909Z [36;1mecho "📦 Commit: ${GITHUB_SHA:0:7}"[0m
2025-10-19T14:36:03.2533206Z shell: /usr/bin/bash -e {0}
2025-10-19T14:36:03.2533513Z env:
2025-10-19T14:36:03.2533754Z   JAVA_VERSION: 17
2025-10-19T14:36:03.2534018Z   GRADLE_VERSION: wrapper
2025-10-19T14:36:03.2534412Z   JAVA_HOME: /opt/hostedtoolcache/Java_Temurin-Hotspot_jdk/17.0.16-8/x64
2025-10-19T14:36:03.2534919Z   JAVA_HOME_17_X64: /opt/hostedtoolcache/Java_Temurin-Hotspot_jdk/17.0.16-8/x64
2025-10-19T14:36:03.2535344Z ##[endgroup]
2025-10-19T14:36:03.2599897Z 📦 Version Code: 110
2025-10-19T14:36:03.2600501Z 📦 Version Name: 1.0.110-ae64fac
2025-10-19T14:36:03.2601039Z 📦 Commit: ae64fac
2025-10-19T14:36:03.2648920Z ##[group]Run echo "Building debug APK with release signing..."
2025-10-19T14:36:03.2649406Z [36;1mecho "Building debug APK with release signing..."[0m
2025-10-19T14:36:03.2649832Z [36;1m./gradlew assembleDebug --no-daemon --stacktrace[0m
2025-10-19T14:36:03.2650190Z [36;1m[0m
2025-10-19T14:36:03.2650437Z [36;1m# Find the built APK[0m
2025-10-19T14:36:03.2650833Z [36;1mDEBUG_APK=$(find app/build/outputs/apk/debug -name "*.apk" | head -1)[0m
2025-10-19T14:36:03.2651296Z [36;1mecho "DEBUG_APK_PATH=${DEBUG_APK}" >> $GITHUB_ENV[0m
2025-10-19T14:36:03.2651637Z [36;1m[0m
2025-10-19T14:36:03.2651875Z [36;1mif [ -f "$DEBUG_APK" ]; then[0m
2025-10-19T14:36:03.2652210Z [36;1m  ls -lh "$DEBUG_APK"[0m
2025-10-19T14:36:03.2652614Z [36;1m  echo "✅ Debug APK built successfully: $DEBUG_APK"[0m
2025-10-19T14:36:03.2652982Z [36;1melse[0m
2025-10-19T14:36:03.2653248Z [36;1m  echo "❌ Debug APK not found!"[0m
2025-10-19T14:36:03.2653555Z [36;1m  exit 1[0m
2025-10-19T14:36:03.2653836Z [36;1mfi[0m
2025-10-19T14:36:03.2685055Z shell: /usr/bin/bash -e {0}
2025-10-19T14:36:03.2685359Z env:
2025-10-19T14:36:03.2685592Z   JAVA_VERSION: 17
2025-10-19T14:36:03.2685854Z   GRADLE_VERSION: wrapper
2025-10-19T14:36:03.2686250Z   JAVA_HOME: /opt/hostedtoolcache/Java_Temurin-Hotspot_jdk/17.0.16-8/x64
2025-10-19T14:36:03.2686772Z   JAVA_HOME_17_X64: /opt/hostedtoolcache/Java_Temurin-Hotspot_jdk/17.0.16-8/x64
2025-10-19T14:36:03.2687567Z   GITHUB_RUN_NUMBER: 10
2025-10-19T14:36:03.2687887Z   GITHUB_SHA: ae64fac0471c00a61d260e6670a16bb87d327809
2025-10-19T14:36:03.2688371Z   KEYSTORE_FILE: /home/runner/work/unitymdm-prod/unitymdm-prod/release.keystore
2025-10-19T14:36:03.2688921Z   KEYSTORE_PASSWORD: ***
2025-10-19T14:36:03.2689217Z   KEY_ALIAS: ***
2025-10-19T14:36:03.2689476Z   KEY_PASSWORD: ***
2025-10-19T14:36:03.2689752Z ##[endgroup]
2025-10-19T14:36:03.2739487Z Building debug APK with release signing...
2025-10-19T14:36:05.1558854Z Downloading https://services.gradle.org/distributions/gradle-8.9-bin.zip
2025-10-19T14:36:08.4819364Z ............10%.............20%.............30%.............40%.............50%.............60%.............70%.............80%.............90%.............100%
2025-10-19T14:36:10.2129103Z 
2025-10-19T14:36:10.2129963Z Welcome to Gradle 8.9!
2025-10-19T14:36:10.2130261Z 
2025-10-19T14:36:10.2132300Z Here are the highlights of this release:
2025-10-19T14:36:10.2133742Z  - Enhanced Error and Warning Messages
2025-10-19T14:36:10.2141584Z  - IDE Integration Improvements
2025-10-19T14:36:10.2142167Z  - Daemon JVM Information
2025-10-19T14:36:10.2142448Z 
2025-10-19T14:36:10.2142806Z For more details see https://docs.gradle.org/8.9/release-notes.html
2025-10-19T14:36:10.2143258Z 
2025-10-19T14:36:10.5079819Z To honour the JVM settings for this build a single-use Daemon process will be forked. For more on this, please refer to https://docs.gradle.org/8.9/userguide/gradle_daemon.html#sec:disabling_the_daemon in the Gradle documentation.
2025-10-19T14:36:12.1076562Z Daemon will be stopped at the end of the build 
2025-10-19T14:37:31.0115578Z 
2025-10-19T14:37:31.0116612Z > Configure project :app
2025-10-19T14:37:31.0117947Z 🔍 APK Versioning: Starting version code calculation...
2025-10-19T14:37:31.0118932Z 🔍 GITHUB_RUN_NUMBER env var: '10'
2025-10-19T14:37:31.0119747Z ✅ SUCCESS: Using GitHub run number: 110
2025-10-19T14:37:31.2095758Z ✅ Release signing configured with keystore: /home/runner/work/unitymdm-prod/unitymdm-prod/release.keystore
2025-10-19T14:37:31.3074506Z ✅ Debug build configured with release signing
2025-10-19T14:37:36.3078625Z Checking the license for package Android SDK Build-Tools 33.0.1 in /usr/local/lib/android/sdk/licenses
2025-10-19T14:37:36.3080727Z License for package Android SDK Build-Tools 33.0.1 accepted.
2025-10-19T14:37:36.3081440Z Preparing "Install Android SDK Build-Tools 33.0.1 v.33.0.1".
2025-10-19T14:37:37.4074342Z "Install Android SDK Build-Tools 33.0.1 v.33.0.1" ready.
2025-10-19T14:37:37.4075870Z Installing Android SDK Build-Tools 33.0.1 in /usr/local/lib/android/sdk/build-tools/33.0.1
2025-10-19T14:37:37.4077631Z "Install Android SDK Build-Tools 33.0.1 v.33.0.1" complete.
2025-10-19T14:37:38.0078838Z "Install Android SDK Build-Tools 33.0.1 v.33.0.1" finished.
2025-10-19T14:37:38.4090881Z 
2025-10-19T14:37:38.4091451Z > Task :app:preBuild UP-TO-DATE
2025-10-19T14:37:38.4091956Z > Task :app:preDebugBuild UP-TO-DATE
2025-10-19T14:37:38.5075161Z > Task :app:mergeDebugNativeDebugMetadata NO-SOURCE
2025-10-19T14:38:08.5073926Z > Task :app:dataBindingMergeDependencyArtifactsDebug
2025-10-19T14:38:48.0098127Z > Task :app:generateDebugResValues
2025-10-19T14:38:48.0098668Z > Task :app:generateDebugResources
2025-10-19T14:38:48.0099140Z > Task :app:processDebugGoogleServices
2025-10-19T14:38:50.0074423Z > Task :app:packageDebugResources
2025-10-19T14:38:52.1088770Z > Task :app:mergeDebugResources
2025-10-19T14:38:52.2081543Z > Task :app:generateDebugBuildConfig
2025-10-19T14:38:52.3074927Z > Task :app:parseDebugLocalResources
2025-10-19T14:38:52.6074754Z > Task :app:checkDebugAarMetadata
2025-10-19T14:38:52.8080270Z > Task :app:dataBindingGenBaseClassesDebug
2025-10-19T14:38:52.9078186Z > Task :app:mapDebugSourceSetPaths
2025-10-19T14:38:52.9085739Z > Task :app:createDebugCompatibleScreenManifests
2025-10-19T14:38:52.9102957Z > Task :app:extractDeepLinksDebug
2025-10-19T14:38:53.2076687Z 
2025-10-19T14:38:53.2086715Z > Task :app:processDebugMainManifest
2025-10-19T14:38:53.2095091Z package="com.***" found in source AndroidManifest.xml: /home/runner/work/unitymdm-prod/unitymdm-prod/android/app/src/main/AndroidManifest.xml.
2025-10-19T14:38:53.2098613Z Setting the namespace via the package attribute in the source AndroidManifest.xml is no longer supported, and the value is ignored.
2025-10-19T14:38:53.2116043Z Recommendation: remove package="com.***" from the source AndroidManifest.xml: /home/runner/work/unitymdm-prod/unitymdm-prod/android/app/src/main/AndroidManifest.xml.
2025-10-19T14:38:53.3074005Z 
2025-10-19T14:38:53.3076045Z > Task :app:processDebugManifest
2025-10-19T14:39:00.0088712Z > Task :app:javaPreCompileDebug
2025-10-19T14:39:00.0091505Z > Task :app:mergeDebugShaders
2025-10-19T14:39:00.0091989Z > Task :app:compileDebugShaders NO-SOURCE
2025-10-19T14:39:00.0092491Z > Task :app:generateDebugAssets UP-TO-DATE
2025-10-19T14:39:00.1080403Z > Task :app:mergeDebugAssets FROM-CACHE
2025-10-19T14:39:00.1082333Z > Task :app:compressDebugAssets
2025-10-19T14:39:00.1083046Z > Task :app:desugarDebugFileDependencies
2025-10-19T14:39:03.4075577Z > Task :app:mergeDebugJniLibFolders FROM-CACHE
2025-10-19T14:39:03.4076194Z > Task :app:checkDebugDuplicateClasses
2025-10-19T14:39:03.5099075Z > Task :app:mergeDebugNativeLibs NO-SOURCE
2025-10-19T14:39:23.3101445Z > Task :app:processDebugManifestForPackage
2025-10-19T14:39:33.4076173Z > Task :app:stripDebugDebugSymbols NO-SOURCE
2025-10-19T14:39:33.4077715Z > Task :app:validateSigningDebug
2025-10-19T14:39:33.4078384Z > Task :app:writeDebugAppMetadata
2025-10-19T14:39:33.4078978Z > Task :app:mergeLibDexDebug
2025-10-19T14:39:33.5074700Z > Task :app:mergeExtDexDebug
2025-10-19T14:39:36.7075033Z > Task :app:writeDebugSigningConfigVersions
2025-10-19T14:39:37.5074399Z > Task :app:processDebugResources
2025-10-19T14:39:54.2138300Z > Task :app:kaptGenerateStubsDebugKotlin
2025-10-19T14:39:58.0077639Z 
2025-10-19T14:39:58.0082376Z > Task :app:kaptDebugKotlin
2025-10-19T14:39:58.0091907Z /home/runner/work/unitymdm-prod/unitymdm-prod/android/app/build/tmp/kapt3/stubs/debug/com/***/QueueDao.java:52: error: There is a problem with the query: [SQLITE_ERROR] SQL error or missing database (near "ORDER": syntax error)
2025-10-19T14:39:58.0116637Z     public abstract java.lang.Object deleteOldestByType(@org.jetbrains.annotations.NotNull
2025-10-19T14:39:58.0127452Z                                      ^
2025-10-19T14:39:58.1073877Z 
2025-10-19T14:39:58.1078784Z > Task :app:kaptDebugKotlin FAILED
2025-10-19T14:39:58.2078019Z 
2025-10-19T14:39:58.2092497Z FAILURE: Build failed with an exception.
2025-10-19T14:39:58.2097607Z 
2025-10-19T14:39:58.2101728Z * What went wrong:
2025-10-19T14:39:58.2106507Z Execution failed for task ':app:kaptDebugKotlin'.
2025-10-19T14:39:58.2114340Z > A failure occurred while executing org.jetbrains.kotlin.gradle.internal.KaptWithoutKotlincTask$KaptExecutionWorkAction
2025-10-19T14:39:58.2117690Z 
2025-10-19T14:39:58.2120712Z * Try:
2025-10-19T14:39:58.2122327Z > Run with --info or --debug option to get more log output.
2025-10-19T14:39:58.2125888Z > Run with --scan to get full insights.
2025-10-19T14:39:58.2133307Z > Get more help at https://help.gradle.org.
2025-10-19T14:39:58.2136161Z 
2025-10-19T14:39:58.2136328Z * Exception is:
2025-10-19T14:39:58.2140150Z org.gradle.api.tasks.TaskExecutionException: Execution failed for task ':app:kaptDebugKotlin'.
2025-10-19T14:39:58.2142745Z 	at org.gradle.api.internal.tasks.execution.ExecuteActionsTaskExecuter.lambda$executeIfValid$1(ExecuteActionsTaskExecuter.java:130)
2025-10-19T14:39:58.2144156Z 	at org.gradle.internal.Try$Failure.ifSuccessfulOrElse(Try.java:293)
2025-10-19T14:39:58.2148692Z 	at org.gradle.api.internal.tasks.execution.ExecuteActionsTaskExecuter.executeIfValid(ExecuteActionsTaskExecuter.java:128)
2025-10-19T14:39:58.2150293Z 	at org.gradle.api.internal.tasks.execution.ExecuteActionsTaskExecuter.execute(ExecuteActionsTaskExecuter.java:116)
2025-10-19T14:39:58.2207440Z 
2025-10-19T14:39:58.2212637Z Deprecated Gradle features were used in this build, making it incompatible with Gradle 9.0.
2025-10-19T14:39:58.2213697Z 
2025-10-19T14:39:58.2214757Z You can use '--warning-mode all' to show the individual deprecation warnings and determine if they come from your own scripts or plugins.
2025-10-19T14:39:58.2216505Z 
2025-10-19T14:39:58.2217475Z For more on this, please refer to https://docs.gradle.org/8.9/userguide/command_line_interface.html#sec:command_line_warnings in the Gradle documentation.
2025-10-19T14:39:58.2221798Z 30 actionable tasks: 28 executed, 2 from cache
2025-10-19T14:39:58.2222926Z 	at org.gradle.api.internal.tasks.execution.FinalizePropertiesTaskExecuter.execute(FinalizePropertiesTaskExecuter.java:46)
2025-10-19T14:39:58.2224562Z 	at org.gradle.api.internal.tasks.execution.ResolveTaskExecutionModeExecuter.execute(ResolveTaskExecutionModeExecuter.java:51)
2025-10-19T14:39:58.2226278Z 	at org.gradle.api.internal.tasks.execution.SkipTaskWithNoActionsExecuter.execute(SkipTaskWithNoActionsExecuter.java:57)
2025-10-19T14:39:58.2227879Z 	at org.gradle.api.internal.tasks.execution.SkipOnlyIfTaskExecuter.execute(SkipOnlyIfTaskExecuter.java:74)
2025-10-19T14:39:58.2229254Z 	at org.gradle.api.internal.tasks.execution.CatchExceptionTaskExecuter.execute(CatchExceptionTaskExecuter.java:36)
2025-10-19T14:39:58.2230667Z 	at org.gradle.api.internal.tasks.execution.EventFiringTaskExecuter$1.executeTask(EventFiringTaskExecuter.java:77)
2025-10-19T14:39:58.2232325Z 	at org.gradle.api.internal.tasks.execution.EventFiringTaskExecuter$1.call(EventFiringTaskExecuter.java:55)
2025-10-19T14:39:58.2233675Z 	at org.gradle.api.internal.tasks.execution.EventFiringTaskExecuter$1.call(EventFiringTaskExecuter.java:52)
2025-10-19T14:39:58.2235188Z 	at org.gradle.internal.operations.DefaultBuildOperationRunner$CallableBuildOperationWorker.execute(DefaultBuildOperationRunner.java:209)
2025-10-19T14:39:58.2238036Z 	at org.gradle.internal.operations.DefaultBuildOperationRunner$CallableBuildOperationWorker.execute(DefaultBuildOperationRunner.java:204)
2025-10-19T14:39:58.2239641Z 	at org.gradle.internal.operations.DefaultBuildOperationRunner$2.execute(DefaultBuildOperationRunner.java:66)
2025-10-19T14:39:58.2241023Z 	at org.gradle.internal.operations.DefaultBuildOperationRunner$2.execute(DefaultBuildOperationRunner.java:59)
2025-10-19T14:39:58.2242416Z 	at org.gradle.internal.operations.DefaultBuildOperationRunner.execute(DefaultBuildOperationRunner.java:166)
2025-10-19T14:39:58.2243811Z 	at org.gradle.internal.operations.DefaultBuildOperationRunner.execute(DefaultBuildOperationRunner.java:59)
2025-10-19T14:39:58.2245373Z 	at org.gradle.internal.operations.DefaultBuildOperationRunner.call(DefaultBuildOperationRunner.java:53)
2025-10-19T14:39:58.2246746Z 	at org.gradle.api.internal.tasks.execution.EventFiringTaskExecuter.execute(EventFiringTaskExecuter.java:52)
2025-10-19T14:39:58.2248266Z 	at org.gradle.execution.plan.LocalTaskNodeExecutor.execute(LocalTaskNodeExecutor.java:42)
2025-10-19T14:39:58.2249639Z 	at org.gradle.execution.taskgraph.DefaultTaskExecutionGraph$InvokeNodeExecutorsAction.execute(DefaultTaskExecutionGraph.java:331)
2025-10-19T14:39:58.2251278Z 	at org.gradle.execution.taskgraph.DefaultTaskExecutionGraph$InvokeNodeExecutorsAction.execute(DefaultTaskExecutionGraph.java:318)
2025-10-19T14:39:58.2253055Z 	at org.gradle.execution.taskgraph.DefaultTaskExecutionGraph$BuildOperationAwareExecutionAction.lambda$execute$0(DefaultTaskExecutionGraph.java:314)
2025-10-19T14:39:58.2254640Z 	at org.gradle.internal.operations.CurrentBuildOperationRef.with(CurrentBuildOperationRef.java:85)
2025-10-19T14:39:58.2256153Z 	at org.gradle.execution.taskgraph.DefaultTaskExecutionGraph$BuildOperationAwareExecutionAction.execute(DefaultTaskExecutionGraph.java:314)
2025-10-19T14:39:58.2258130Z 	at org.gradle.execution.taskgraph.DefaultTaskExecutionGraph$BuildOperationAwareExecutionAction.execute(DefaultTaskExecutionGraph.java:303)
2025-10-19T14:39:58.2259648Z 	at org.gradle.execution.plan.DefaultPlanExecutor$ExecutorWorker.execute(DefaultPlanExecutor.java:459)
2025-10-19T14:39:58.2260843Z 	at org.gradle.execution.plan.DefaultPlanExecutor$ExecutorWorker.run(DefaultPlanExecutor.java:376)
2025-10-19T14:39:58.2262056Z 	at org.gradle.internal.concurrent.ExecutorPolicy$CatchAndRecordFailures.onExecute(ExecutorPolicy.java:64)
2025-10-19T14:39:58.2263276Z 	at org.gradle.internal.concurrent.AbstractManagedExecutor$1.run(AbstractManagedExecutor.java:48)
2025-10-19T14:39:58.2265125Z Caused by: org.gradle.workers.internal.DefaultWorkerExecutor$WorkExecutionException: A failure occurred while executing org.jetbrains.kotlin.gradle.internal.KaptWithoutKotlincTask$KaptExecutionWorkAction
2025-10-19T14:39:58.2267333Z 	at org.gradle.workers.internal.DefaultWorkerExecutor$WorkItemExecution.waitForCompletion(DefaultWorkerExecutor.java:287)
2025-10-19T14:39:58.2268860Z 	at org.gradle.internal.work.DefaultAsyncWorkTracker.lambda$waitForItemsAndGatherFailures$2(DefaultAsyncWorkTracker.java:130)
2025-10-19T14:39:58.2269956Z 	at org.gradle.internal.Factories$1.create(Factories.java:31)
2025-10-19T14:39:58.2270922Z 	at org.gradle.internal.work.DefaultWorkerLeaseService.withoutLocks(DefaultWorkerLeaseService.java:339)
2025-10-19T14:39:58.2272191Z 	at org.gradle.internal.work.DefaultWorkerLeaseService.withoutLocks(DefaultWorkerLeaseService.java:322)
2025-10-19T14:39:58.2273447Z 	at org.gradle.internal.work.DefaultWorkerLeaseService.withoutLock(DefaultWorkerLeaseService.java:327)
2025-10-19T14:39:58.2274819Z 	at org.gradle.internal.work.DefaultAsyncWorkTracker.waitForItemsAndGatherFailures(DefaultAsyncWorkTracker.java:126)
2025-10-19T14:39:58.2276524Z 	at org.gradle.internal.work.DefaultAsyncWorkTracker.waitForItemsAndGatherFailures(DefaultAsyncWorkTracker.java:92)
2025-10-19T14:39:58.2278122Z 	at org.gradle.internal.work.DefaultAsyncWorkTracker.waitForAll(DefaultAsyncWorkTracker.java:78)
2025-10-19T14:39:58.2279337Z 	at org.gradle.internal.work.DefaultAsyncWorkTracker.waitForCompletion(DefaultAsyncWorkTracker.java:66)
2025-10-19T14:39:58.2280464Z 	at org.gradle.api.internal.tasks.execution.TaskExecution$3.run(TaskExecution.java:252)
2025-10-19T14:39:58.2281620Z 	at org.gradle.internal.operations.DefaultBuildOperationRunner$1.execute(DefaultBuildOperationRunner.java:29)
2025-10-19T14:39:58.2282985Z 	at org.gradle.internal.operations.DefaultBuildOperationRunner$1.execute(DefaultBuildOperationRunner.java:26)
2025-10-19T14:39:58.2284342Z 	at org.gradle.internal.operations.DefaultBuildOperationRunner$2.execute(DefaultBuildOperationRunner.java:66)
2025-10-19T14:39:58.2285741Z 	at org.gradle.internal.operations.DefaultBuildOperationRunner$2.execute(DefaultBuildOperationRunner.java:59)
2025-10-19T14:39:58.2287423Z 	at org.gradle.internal.operations.DefaultBuildOperationRunner.execute(DefaultBuildOperationRunner.java:166)
2025-10-19T14:39:58.2288815Z 	at org.gradle.internal.operations.DefaultBuildOperationRunner.execute(DefaultBuildOperationRunner.java:59)
2025-10-19T14:39:58.2290234Z 	at org.gradle.internal.operations.DefaultBuildOperationRunner.run(DefaultBuildOperationRunner.java:47)
2025-10-19T14:39:58.2291486Z 	at org.gradle.api.internal.tasks.execution.TaskExecution.executeAction(TaskExecution.java:229)
2025-10-19T14:39:58.2292661Z 	at org.gradle.api.internal.tasks.execution.TaskExecution.executeActions(TaskExecution.java:212)
2025-10-19T14:39:58.2293996Z 	at org.gradle.api.internal.tasks.execution.TaskExecution.executeWithPreviousOutputFiles(TaskExecution.java:195)
2025-10-19T14:39:58.2295265Z 	at org.gradle.api.internal.tasks.execution.TaskExecution.execute(TaskExecution.java:162)
2025-10-19T14:39:58.2296345Z 	at org.gradle.internal.execution.steps.ExecuteStep.executeInternal(ExecuteStep.java:105)
2025-10-19T14:39:58.2297550Z 	at org.gradle.internal.execution.steps.ExecuteStep.access$000(ExecuteStep.java:44)
2025-10-19T14:39:58.2298494Z 	at org.gradle.internal.execution.steps.ExecuteStep$1.call(ExecuteStep.java:59)
2025-10-19T14:39:58.2299396Z 	at org.gradle.internal.execution.steps.ExecuteStep$1.call(ExecuteStep.java:56)
2025-10-19T14:39:58.2300725Z 	at org.gradle.internal.operations.DefaultBuildOperationRunner$CallableBuildOperationWorker.execute(DefaultBuildOperationRunner.java:209)
2025-10-19T14:39:58.2302504Z 	at org.gradle.internal.operations.DefaultBuildOperationRunner$CallableBuildOperationWorker.execute(DefaultBuildOperationRunner.java:204)
2025-10-19T14:39:58.2304067Z 	at org.gradle.internal.operations.DefaultBuildOperationRunner$2.execute(DefaultBuildOperationRunner.java:66)
2025-10-19T14:39:58.2305414Z 	at org.gradle.internal.operations.DefaultBuildOperationRunner$2.execute(DefaultBuildOperationRunner.java:59)
2025-10-19T14:39:58.2306779Z 	at org.gradle.internal.operations.DefaultBuildOperationRunner.execute(DefaultBuildOperationRunner.java:166)
2025-10-19T14:39:58.2308305Z 	at org.gradle.internal.operations.DefaultBuildOperationRunner.execute(DefaultBuildOperationRunner.java:59)
2025-10-19T14:39:58.2309671Z 	at org.gradle.internal.operations.DefaultBuildOperationRunner.call(DefaultBuildOperationRunner.java:53)
2025-10-19T14:39:58.2310829Z 	at org.gradle.internal.execution.steps.ExecuteStep.execute(ExecuteStep.java:56)
2025-10-19T14:39:58.2311836Z 	at org.gradle.internal.execution.steps.ExecuteStep.execute(ExecuteStep.java:44)
2025-10-19T14:39:58.2312912Z 	at org.gradle.internal.execution.steps.CancelExecutionStep.execute(CancelExecutionStep.java:42)
2025-10-19T14:39:58.2314107Z 	at org.gradle.internal.execution.steps.TimeoutStep.executeWithoutTimeout(TimeoutStep.java:75)
2025-10-19T14:39:58.2315170Z 	at org.gradle.internal.execution.steps.TimeoutStep.execute(TimeoutStep.java:55)
2025-10-19T14:39:58.2316552Z 	at org.gradle.internal.execution.steps.PreCreateOutputParentsStep.execute(PreCreateOutputParentsStep.java:50)
2025-10-19T14:39:58.2318281Z 	at org.gradle.internal.execution.steps.PreCreateOutputParentsStep.execute(PreCreateOutputParentsStep.java:28)
2025-10-19T14:39:58.2319684Z 	at org.gradle.internal.execution.steps.RemovePreviousOutputsStep.execute(RemovePreviousOutputsStep.java:67)
2025-10-19T14:39:58.2321061Z 	at org.gradle.internal.execution.steps.RemovePreviousOutputsStep.execute(RemovePreviousOutputsStep.java:37)
2025-10-19T14:39:58.2322478Z 	at org.gradle.internal.execution.steps.BroadcastChangingOutputsStep.execute(BroadcastChangingOutputsStep.java:61)
2025-10-19T14:39:58.2323963Z 	at org.gradle.internal.execution.steps.BroadcastChangingOutputsStep.execute(BroadcastChangingOutputsStep.java:26)
2025-10-19T14:39:58.2325499Z 	at org.gradle.internal.execution.steps.CaptureOutputsAfterExecutionStep.execute(CaptureOutputsAfterExecutionStep.java:69)
2025-10-19T14:39:58.2327376Z 	at org.gradle.internal.execution.steps.CaptureOutputsAfterExecutionStep.execute(CaptureOutputsAfterExecutionStep.java:46)
2025-10-19T14:39:58.2329122Z 	at org.gradle.internal.execution.steps.ResolveInputChangesStep.execute(ResolveInputChangesStep.java:40)
2025-10-19T14:39:58.2330465Z 	at org.gradle.internal.execution.steps.ResolveInputChangesStep.execute(ResolveInputChangesStep.java:29)
2025-10-19T14:39:58.2331767Z 	at org.gradle.internal.execution.steps.BuildCacheStep.executeWithoutCache(BuildCacheStep.java:189)
2025-10-19T14:39:58.2333040Z 	at org.gradle.internal.execution.steps.BuildCacheStep.executeAndStoreInCache(BuildCacheStep.java:145)
2025-10-19T14:39:58.2334355Z 	at org.gradle.internal.execution.steps.BuildCacheStep.lambda$executeWithCache$4(BuildCacheStep.java:101)
2025-10-19T14:39:58.2335606Z 	at org.gradle.internal.execution.steps.BuildCacheStep.lambda$executeWithCache$5(BuildCacheStep.java:101)
2025-10-19T14:39:58.2336509Z 	at org.gradle.internal.Try$Success.map(Try.java:175)
2025-10-19T14:39:58.2337545Z 	at org.gradle.internal.execution.steps.BuildCacheStep.executeWithCache(BuildCacheStep.java:85)
2025-10-19T14:39:58.2338720Z 	at org.gradle.internal.execution.steps.BuildCacheStep.lambda$execute$0(BuildCacheStep.java:74)
2025-10-19T14:39:58.2339575Z 	at org.gradle.internal.Either$Left.fold(Either.java:115)
2025-10-19T14:39:58.2340352Z 	at org.gradle.internal.execution.caching.CachingState.fold(CachingState.java:62)
2025-10-19T14:39:58.2341359Z 	at org.gradle.internal.execution.steps.BuildCacheStep.execute(BuildCacheStep.java:73)
2025-10-19T14:39:58.2342374Z 	at org.gradle.internal.execution.steps.BuildCacheStep.execute(BuildCacheStep.java:48)
2025-10-19T14:39:58.2343553Z 	at org.gradle.internal.execution.steps.StoreExecutionStateStep.execute(StoreExecutionStateStep.java:46)
2025-10-19T14:39:58.2344849Z 	at org.gradle.internal.execution.steps.StoreExecutionStateStep.execute(StoreExecutionStateStep.java:35)
2025-10-19T14:39:58.2346085Z 	at org.gradle.internal.execution.steps.SkipUpToDateStep.executeBecause(SkipUpToDateStep.java:75)
2025-10-19T14:39:58.2347492Z 	at org.gradle.internal.execution.steps.SkipUpToDateStep.lambda$execute$2(SkipUpToDateStep.java:53)
2025-10-19T14:39:58.2348685Z 	at org.gradle.internal.execution.steps.SkipUpToDateStep.execute(SkipUpToDateStep.java:53)
2025-10-19T14:39:58.2349813Z 	at org.gradle.internal.execution.steps.SkipUpToDateStep.execute(SkipUpToDateStep.java:35)
2025-10-19T14:39:58.2351287Z 	at org.gradle.internal.execution.steps.legacy.MarkSnapshottingInputsFinishedStep.execute(MarkSnapshottingInputsFinishedStep.java:37)
2025-10-19T14:39:58.2353106Z 	at org.gradle.internal.execution.steps.legacy.MarkSnapshottingInputsFinishedStep.execute(MarkSnapshottingInputsFinishedStep.java:27)
2025-10-19T14:39:58.2354946Z 	at org.gradle.internal.execution.steps.ResolveIncrementalCachingStateStep.executeDelegate(ResolveIncrementalCachingStateStep.java:49)
2025-10-19T14:39:58.2356802Z 	at org.gradle.internal.execution.steps.ResolveIncrementalCachingStateStep.executeDelegate(ResolveIncrementalCachingStateStep.java:27)
2025-10-19T14:39:58.2359004Z 	at org.gradle.internal.execution.steps.AbstractResolveCachingStateStep.execute(AbstractResolveCachingStateStep.java:71)
2025-10-19T14:39:58.2360621Z 	at org.gradle.internal.execution.steps.AbstractResolveCachingStateStep.execute(AbstractResolveCachingStateStep.java:39)
2025-10-19T14:39:58.2362121Z 	at org.gradle.internal.execution.steps.ResolveChangesStep.execute(ResolveChangesStep.java:65)
2025-10-19T14:39:58.2363280Z 	at org.gradle.internal.execution.steps.ResolveChangesStep.execute(ResolveChangesStep.java:36)
2025-10-19T14:39:58.2364377Z 	at org.gradle.internal.execution.steps.ValidateStep.execute(ValidateStep.java:105)
2025-10-19T14:39:58.2365352Z 	at org.gradle.internal.execution.steps.ValidateStep.execute(ValidateStep.java:54)
2025-10-19T14:39:58.2366815Z 	at org.gradle.internal.execution.steps.AbstractCaptureStateBeforeExecutionStep.execute(AbstractCaptureStateBeforeExecutionStep.java:64)
2025-10-19T14:39:58.2369103Z 	at org.gradle.internal.execution.steps.AbstractCaptureStateBeforeExecutionStep.execute(AbstractCaptureStateBeforeExecutionStep.java:43)
2025-10-19T14:39:58.2371322Z 	at org.gradle.internal.execution.steps.AbstractSkipEmptyWorkStep.executeWithNonEmptySources(AbstractSkipEmptyWorkStep.java:125)
2025-10-19T14:39:58.2373074Z 	at org.gradle.internal.execution.steps.AbstractSkipEmptyWorkStep.execute(AbstractSkipEmptyWorkStep.java:56)
2025-10-19T14:39:58.2374509Z 	at org.gradle.internal.execution.steps.AbstractSkipEmptyWorkStep.execute(AbstractSkipEmptyWorkStep.java:36)
2025-10-19T14:39:58.2376137Z 	at org.gradle.internal.execution.steps.legacy.MarkSnapshottingInputsStartedStep.execute(MarkSnapshottingInputsStartedStep.java:38)
2025-10-19T14:39:58.2378743Z 	at org.gradle.internal.execution.steps.LoadPreviousExecutionStateStep.execute(LoadPreviousExecutionStateStep.java:36)
2025-10-19T14:39:58.2380337Z 	at org.gradle.internal.execution.steps.LoadPreviousExecutionStateStep.execute(LoadPreviousExecutionStateStep.java:23)
2025-10-19T14:39:58.2381810Z 	at org.gradle.internal.execution.steps.HandleStaleOutputsStep.execute(HandleStaleOutputsStep.java:75)
2025-10-19T14:39:58.2383142Z 	at org.gradle.internal.execution.steps.HandleStaleOutputsStep.execute(HandleStaleOutputsStep.java:41)
2025-10-19T14:39:58.2384548Z 	at org.gradle.internal.execution.steps.AssignMutableWorkspaceStep.lambda$execute$0(AssignMutableWorkspaceStep.java:35)
2025-10-19T14:39:58.2385903Z 	at org.gradle.api.internal.tasks.execution.TaskExecution$4.withWorkspace(TaskExecution.java:289)
2025-10-19T14:39:58.2387402Z 	at org.gradle.internal.execution.steps.AssignMutableWorkspaceStep.execute(AssignMutableWorkspaceStep.java:31)
2025-10-19T14:39:58.2388871Z 	at org.gradle.internal.execution.steps.AssignMutableWorkspaceStep.execute(AssignMutableWorkspaceStep.java:22)
2025-10-19T14:39:58.2390201Z 	at org.gradle.internal.execution.steps.ChoosePipelineStep.execute(ChoosePipelineStep.java:40)
2025-10-19T14:39:58.2391408Z 	at org.gradle.internal.execution.steps.ChoosePipelineStep.execute(ChoosePipelineStep.java:23)
2025-10-19T14:39:58.2392983Z 	at org.gradle.internal.execution.steps.ExecuteWorkBuildOperationFiringStep.lambda$execute$2(ExecuteWorkBuildOperationFiringStep.java:67)
2025-10-19T14:39:58.2394808Z 	at org.gradle.internal.execution.steps.ExecuteWorkBuildOperationFiringStep.execute(ExecuteWorkBuildOperationFiringStep.java:67)
2025-10-19T14:39:58.2396596Z 	at org.gradle.internal.execution.steps.ExecuteWorkBuildOperationFiringStep.execute(ExecuteWorkBuildOperationFiringStep.java:39)
2025-10-19T14:39:58.2398279Z 	at org.gradle.internal.execution.steps.IdentityCacheStep.execute(IdentityCacheStep.java:46)
2025-10-19T14:39:58.2399478Z 	at org.gradle.internal.execution.steps.IdentityCacheStep.execute(IdentityCacheStep.java:34)
2025-10-19T14:39:58.2400577Z 	at org.gradle.internal.execution.steps.IdentifyStep.execute(IdentifyStep.java:48)
2025-10-19T14:39:58.2401593Z 	at org.gradle.internal.execution.steps.IdentifyStep.execute(IdentifyStep.java:35)
2025-10-19T14:39:58.2403007Z 	at org.gradle.internal.execution.impl.DefaultExecutionEngine$1.execute(DefaultExecutionEngine.java:61)
2025-10-19T14:39:58.2404456Z 	at org.gradle.api.internal.tasks.execution.ExecuteActionsTaskExecuter.executeIfValid(ExecuteActionsTaskExecuter.java:127)
2025-10-19T14:39:58.2405968Z 	at org.gradle.api.internal.tasks.execution.ExecuteActionsTaskExecuter.execute(ExecuteActionsTaskExecuter.java:116)
2025-10-19T14:39:58.2407765Z 	at org.gradle.api.internal.tasks.execution.FinalizePropertiesTaskExecuter.execute(FinalizePropertiesTaskExecuter.java:46)
2025-10-19T14:39:58.2409363Z 	at org.gradle.api.internal.tasks.execution.ResolveTaskExecutionModeExecuter.execute(ResolveTaskExecutionModeExecuter.java:51)
2025-10-19T14:39:58.2410942Z 	at org.gradle.api.internal.tasks.execution.SkipTaskWithNoActionsExecuter.execute(SkipTaskWithNoActionsExecuter.java:57)
2025-10-19T14:39:58.2412403Z 	at org.gradle.api.internal.tasks.execution.SkipOnlyIfTaskExecuter.execute(SkipOnlyIfTaskExecuter.java:74)
2025-10-19T14:39:58.2413815Z 	at org.gradle.api.internal.tasks.execution.CatchExceptionTaskExecuter.execute(CatchExceptionTaskExecuter.java:36)
2025-10-19T14:39:58.2415513Z 	at org.gradle.api.internal.tasks.execution.EventFiringTaskExecuter$1.executeTask(EventFiringTaskExecuter.java:77)
2025-10-19T14:39:58.2417046Z 	at org.gradle.api.internal.tasks.execution.EventFiringTaskExecuter$1.call(EventFiringTaskExecuter.java:55)
2025-10-19T14:39:58.2418471Z 	at org.gradle.api.internal.tasks.execution.EventFiringTaskExecuter$1.call(EventFiringTaskExecuter.java:52)
2025-10-19T14:39:58.2420015Z 	at org.gradle.internal.operations.DefaultBuildOperationRunner$CallableBuildOperationWorker.execute(DefaultBuildOperationRunner.java:209)
2025-10-19T14:39:58.2421786Z 	at org.gradle.internal.operations.DefaultBuildOperationRunner$CallableBuildOperationWorker.execute(DefaultBuildOperationRunner.java:204)
2025-10-19T14:39:58.2423346Z 	at org.gradle.internal.operations.DefaultBuildOperationRunner$2.execute(DefaultBuildOperationRunner.java:66)
2025-10-19T14:39:58.2424695Z 	at org.gradle.internal.operations.DefaultBuildOperationRunner$2.execute(DefaultBuildOperationRunner.java:59)
2025-10-19T14:39:58.2426066Z 	at org.gradle.internal.operations.DefaultBuildOperationRunner.execute(DefaultBuildOperationRunner.java:166)
2025-10-19T14:39:58.2427573Z 	at org.gradle.internal.operations.DefaultBuildOperationRunner.execute(DefaultBuildOperationRunner.java:59)
2025-10-19T14:39:58.2428907Z 	at org.gradle.internal.operations.DefaultBuildOperationRunner.call(DefaultBuildOperationRunner.java:53)
2025-10-19T14:39:58.2430241Z 	at org.gradle.api.internal.tasks.execution.EventFiringTaskExecuter.execute(EventFiringTaskExecuter.java:52)
2025-10-19T14:39:58.2431449Z 	at org.gradle.execution.plan.LocalTaskNodeExecutor.execute(LocalTaskNodeExecutor.java:42)
2025-10-19T14:39:58.2432807Z 	at org.gradle.execution.taskgraph.DefaultTaskExecutionGraph$InvokeNodeExecutorsAction.execute(DefaultTaskExecutionGraph.java:331)
2025-10-19T14:39:58.2434480Z 	at org.gradle.execution.taskgraph.DefaultTaskExecutionGraph$InvokeNodeExecutorsAction.execute(DefaultTaskExecutionGraph.java:318)
2025-10-19T14:39:58.2436229Z 	at org.gradle.execution.taskgraph.DefaultTaskExecutionGraph$BuildOperationAwareExecutionAction.lambda$execute$0(DefaultTaskExecutionGraph.java:314)
2025-10-19T14:39:58.2438308Z 	at org.gradle.internal.operations.CurrentBuildOperationRef.with(CurrentBuildOperationRef.java:85)
2025-10-19T14:39:58.2439778Z 	at org.gradle.execution.taskgraph.DefaultTaskExecutionGraph$BuildOperationAwareExecutionAction.execute(DefaultTaskExecutionGraph.java:314)
2025-10-19T14:39:58.2441561Z 	at org.gradle.execution.taskgraph.DefaultTaskExecutionGraph$BuildOperationAwareExecutionAction.execute(DefaultTaskExecutionGraph.java:303)
2025-10-19T14:39:58.2443068Z 	at org.gradle.execution.plan.DefaultPlanExecutor$ExecutorWorker.execute(DefaultPlanExecutor.java:459)
2025-10-19T14:39:58.2444263Z 	at org.gradle.execution.plan.DefaultPlanExecutor$ExecutorWorker.run(DefaultPlanExecutor.java:376)
2025-10-19T14:39:58.2446086Z 	at org.gradle.internal.concurrent.ExecutorPolicy$CatchAndRecordFailures.onExecute(ExecutorPolicy.java:64)
2025-10-19T14:39:58.2447530Z 	at org.gradle.internal.concurrent.AbstractManagedExecutor$1.run(AbstractManagedExecutor.java:48)
2025-10-19T14:39:58.2448574Z Caused by: java.lang.reflect.InvocationTargetException
2025-10-19T14:39:58.2449395Z 	at java.base/jdk.internal.reflect.NativeMethodAccessorImpl.invoke0(Native Method)
2025-10-19T14:39:58.2450504Z 	at java.base/jdk.internal.reflect.NativeMethodAccessorImpl.invoke(NativeMethodAccessorImpl.java:77)
2025-10-19T14:39:58.2451805Z 	at java.base/jdk.internal.reflect.DelegatingMethodAccessorImpl.invoke(DelegatingMethodAccessorImpl.java:43)
2025-10-19T14:39:58.2453022Z 	at org.jetbrains.kotlin.gradle.internal.KaptExecution.run(KaptWithoutKotlincTask.kt:311)
2025-10-19T14:39:58.2454368Z 	at org.jetbrains.kotlin.gradle.internal.KaptWithoutKotlincTask$KaptExecutionWorkAction.execute(KaptWithoutKotlincTask.kt:257)
2025-10-19T14:39:58.2455681Z 	at org.gradle.workers.internal.DefaultWorkerServer.execute(DefaultWorkerServer.java:63)
2025-10-19T14:39:58.2457202Z 	at org.gradle.workers.internal.NoIsolationWorkerFactory$1$1.create(NoIsolationWorkerFactory.java:66)
2025-10-19T14:39:58.2484065Z 	at org.gradle.workers.internal.NoIsolationWorkerFactory$1$1.create(NoIsolationWorkerFactory.java:62)
2025-10-19T14:39:58.2485323Z 	at org.gradle.internal.classloader.ClassLoaderUtils.executeInClassloader(ClassLoaderUtils.java:100)
2025-10-19T14:39:58.2486597Z 	at org.gradle.workers.internal.NoIsolationWorkerFactory$1.lambda$execute$0(NoIsolationWorkerFactory.java:62)
2025-10-19T14:39:58.2487892Z 	at org.gradle.workers.internal.AbstractWorker$1.call(AbstractWorker.java:44)
2025-10-19T14:39:58.2488737Z 	at org.gradle.workers.internal.AbstractWorker$1.call(AbstractWorker.java:41)
2025-10-19T14:39:58.2490034Z 	at org.gradle.internal.operations.DefaultBuildOperationRunner$CallableBuildOperationWorker.execute(DefaultBuildOperationRunner.java:209)
2025-10-19T14:39:58.2491777Z 	at org.gradle.internal.operations.DefaultBuildOperationRunner$CallableBuildOperationWorker.execute(DefaultBuildOperationRunner.java:204)
2025-10-19T14:39:58.2493316Z 	at org.gradle.internal.operations.DefaultBuildOperationRunner$2.execute(DefaultBuildOperationRunner.java:66)
2025-10-19T14:39:58.2494628Z 	at org.gradle.internal.operations.DefaultBuildOperationRunner$2.execute(DefaultBuildOperationRunner.java:59)
2025-10-19T14:39:58.2495971Z 	at org.gradle.internal.operations.DefaultBuildOperationRunner.execute(DefaultBuildOperationRunner.java:166)
2025-10-19T14:39:58.2497459Z 	at org.gradle.internal.operations.DefaultBuildOperationRunner.execute(DefaultBuildOperationRunner.java:59)
2025-10-19T14:39:58.2498736Z 	at org.gradle.internal.operations.DefaultBuildOperationRunner.call(DefaultBuildOperationRunner.java:53)
2025-10-19T14:39:58.2499994Z 	at org.gradle.workers.internal.AbstractWorker.executeWrappedInBuildOperation(AbstractWorker.java:41)
2025-10-19T14:39:58.2501189Z 	at org.gradle.workers.internal.NoIsolationWorkerFactory$1.execute(NoIsolationWorkerFactory.java:59)
2025-10-19T14:39:58.2502369Z 	at org.gradle.workers.internal.DefaultWorkerExecutor.lambda$submitWork$0(DefaultWorkerExecutor.java:174)
2025-10-19T14:39:58.2503755Z 	at org.gradle.internal.work.DefaultConditionalExecutionQueue$ExecutionRunner.runExecution(DefaultConditionalExecutionQueue.java:195)
2025-10-19T14:39:58.2505283Z 	at org.gradle.internal.work.DefaultConditionalExecutionQueue$ExecutionRunner.access$700(DefaultConditionalExecutionQueue.java:128)
2025-10-19T14:39:58.2506779Z 	at org.gradle.internal.work.DefaultConditionalExecutionQueue$ExecutionRunner$1.run(DefaultConditionalExecutionQueue.java:170)
2025-10-19T14:39:58.2508026Z 	at org.gradle.internal.Factories$1.create(Factories.java:31)
2025-10-19T14:39:58.2508920Z 	at org.gradle.internal.work.DefaultWorkerLeaseService.withLocks(DefaultWorkerLeaseService.java:267)
2025-10-19T14:39:58.2510150Z 	at org.gradle.internal.work.DefaultWorkerLeaseService.runAsWorkerThread(DefaultWorkerLeaseService.java:131)
2025-10-19T14:39:58.2511745Z 	at org.gradle.internal.work.DefaultWorkerLeaseService.runAsWorkerThread(DefaultWorkerLeaseService.java:136)
2025-10-19T14:39:58.2513120Z 	at org.gradle.internal.work.DefaultConditionalExecutionQueue$ExecutionRunner.runBatch(DefaultConditionalExecutionQueue.java:165)
2025-10-19T14:39:58.2514546Z 	at org.gradle.internal.work.DefaultConditionalExecutionQueue$ExecutionRunner.run(DefaultConditionalExecutionQueue.java:134)
2025-10-19T14:39:58.2515420Z 	... 2 more
2025-10-19T14:39:58.2516036Z Caused by: org.jetbrains.kotlin.kapt3.base.util.KaptBaseError: Error while annotation processing
2025-10-19T14:39:58.2517367Z 	at org.jetbrains.kotlin.kapt3.base.AnnotationProcessingKt.doAnnotationProcessing(annotationProcessing.kt:132)
2025-10-19T14:39:58.2518702Z 	at org.jetbrains.kotlin.kapt3.base.AnnotationProcessingKt.doAnnotationProcessing$default(annotationProcessing.kt:31)
2025-10-19T14:39:58.2519689Z 	at org.jetbrains.kotlin.kapt3.base.Kapt.kapt(Kapt.kt:47)
2025-10-19T14:39:58.2520166Z 	... 33 more
2025-10-19T14:39:58.2520329Z 
2025-10-19T14:39:58.2520335Z 
2025-10-19T14:39:58.2520460Z BUILD FAILED in 3m 53s
2025-10-19T14:39:58.6293613Z ##[error]Process completed with exit code 1.
2025-10-19T14:39:58.6367956Z ##[group]Run if [ -f "/home/runner/work/unitymdm-prod/unitymdm-prod/release.keystore" ]; then
2025-10-19T14:39:58.6368605Z [36;1mif [ -f "/home/runner/work/unitymdm-prod/unitymdm-prod/release.keystore" ]; then[0m
2025-10-19T14:39:58.6369125Z [36;1m  rm -f "/home/runner/work/unitymdm-prod/unitymdm-prod/release.keystore"[0m
2025-10-19T14:39:58.6369520Z [36;1m  echo "🧹 Keystore cleaned up"[0m
2025-10-19T14:39:58.6369772Z [36;1mfi[0m
2025-10-19T14:39:58.6398504Z shell: /usr/bin/bash -e {0}
2025-10-19T14:39:58.6398744Z env:
2025-10-19T14:39:58.6398919Z   JAVA_VERSION: 17
2025-10-19T14:39:58.6399118Z   GRADLE_VERSION: wrapper
2025-10-19T14:39:58.6399458Z   JAVA_HOME: /opt/hostedtoolcache/Java_Temurin-Hotspot_jdk/17.0.16-8/x64
2025-10-19T14:39:58.6399919Z   JAVA_HOME_17_X64: /opt/hostedtoolcache/Java_Temurin-Hotspot_jdk/17.0.16-8/x64
2025-10-19T14:39:58.6400284Z ##[endgroup]
2025-10-19T14:39:58.6459701Z 🧹 Keystore cleaned up
2025-10-19T14:39:58.6530131Z Post job cleanup.
2025-10-19T14:39:58.8342855Z Post job cleanup.
2025-10-19T14:39:58.9305300Z [command]/usr/bin/git version
2025-10-19T14:39:58.9347207Z git version 2.51.0
2025-10-19T14:39:58.9393279Z Temporarily overriding HOME='/home/runner/work/_temp/6e968e43-5d4f-4778-a6ef-4d23157784d9' before making global git config changes
2025-10-19T14:39:58.9394539Z Adding repository directory to the temporary git global config as a safe directory
2025-10-19T14:39:58.9400254Z [command]/usr/bin/git config --global --add safe.directory /home/runner/work/unitymdm-prod/unitymdm-prod
2025-10-19T14:39:58.9440646Z [command]/usr/bin/git config --local --name-only --get-regexp core\.sshCommand
2025-10-19T14:39:58.9475981Z [command]/usr/bin/git submodule foreach --recursive sh -c "git config --local --name-only --get-regexp 'core\.sshCommand' && git config --local --unset-all 'core.sshCommand' || :"
2025-10-19T14:39:58.9726511Z [command]/usr/bin/git config --local --name-only --get-regexp http\.https\:\/\/github\.com\/\.extraheader
2025-10-19T14:39:58.9750780Z http.https://github.com/.extraheader
2025-10-19T14:39:58.9764901Z [command]/usr/bin/git config --local --unset-all http.https://github.com/.extraheader
2025-10-19T14:39:58.9798771Z [command]/usr/bin/git submodule foreach --recursive sh -c "git config --local --name-only --get-regexp 'http\.https\:\/\/github\.com\/\.extraheader' && git config --local --unset-all 'http.https://github.com/.extraheader' || :"
2025-10-19T14:39:59.0152077Z Cleaning up orphan processes
2025-10-19T14:39:59.0450180Z Terminate orphan process: pid (2450) (java)